
Scratch directory: C:\Users\HUIWEI\AppData\Local\Temp\phase29_psi4__82ycx_t/
   => Libint2 <=

    Primary   basis highest AM E, G, H:  7, 6, -
    Auxiliary basis highest AM E, G, H:  7, 7, -
    Onebody   basis highest AM E, G, H:  -, -, -
    Solid Harmonics ordering:            Gaussian

*** tstart() called on LAPTOP-257FNSVV
*** at Sun Sep 20 20:52:25 2026

   => Loading Basis Set <=

    Name: DEF2-SVP
    Role: ORBITAL
    Keyword: BASIS
    atoms 1, 3-6, 8 entry C          line    90 file C:\Users\HUIWEI\miniconda3\envs\phase7\Library\share\psi4\basis\def2-svp.gbs 
    atoms 2         entry O          line   130 file C:\Users\HUIWEI\miniconda3\envs\phase7\Library\share\psi4\basis\def2-svp.gbs 
    atoms 7         entry N          line   110 file C:\Users\HUIWEI\miniconda3\envs\phase7\Library\share\psi4\basis\def2-svp.gbs 
    atoms 9-16      entry H          line    15 file C:\Users\HUIWEI\miniconda3\envs\phase7\Library\share\psi4\basis\def2-svp.gbs 


         ---------------------------------------------------------
                                   SCF
               by Justin Turney, Rob Parrish, Andy Simmonett
                          and Daniel G. A. Smith
                              RKS Reference
                        2 Threads,    858 MiB Core
         ---------------------------------------------------------

  ==> Geometry <==

    Molecular point group: c1
    Full point group: C1

    Geometry (in Angstrom), charge = 1, multiplicity = 1:

       Center              X                  Y                   Z               Mass       
    ------------   -----------------  -----------------  -----------------  -----------------
         C            2.691361000000    -0.029395000000    -0.234219000000    12.000000000000
         O            1.617538000000    -0.918581000000     0.066894000000    15.994914619570
         C            0.354592000000    -0.407139000000     0.037047000000    12.000000000000
         C           -0.000077000000     0.905616000000    -0.259580000000    12.000000000000
         C           -1.344968000000     1.278422000000    -0.249008000000    12.000000000000
         C           -2.311901000000     0.329892000000     0.058542000000    12.000000000000
         N           -1.942128000000    -0.928736000000     0.340679000000    14.003074004430
         C           -0.656614000000    -1.316071000000     0.338207000000    12.000000000000
         H            2.606659000000     0.355636000000    -1.255662000000     1.007825032230
         H            2.739995000000     0.787022000000     0.493701000000     1.007825032230
         H            3.624218000000    -0.596955000000    -0.165363000000     1.007825032230
         H            0.743807000000     1.661179000000    -0.502545000000     1.007825032230
         H           -1.631195000000     2.302813000000    -0.479760000000     1.007825032230
         H           -3.374001000000     0.550020000000     0.085200000000     1.007825032230
         H           -2.660342000000    -1.618663000000     0.565510000000     1.007825032230
         H           -0.456943000000    -2.355061000000     0.579151000000     1.007825032230

  Running in c1 symmetry.

  Rotational constants: A =      0.16408  B =      0.05138  C =      0.03945 [cm^-1]
  Rotational constants: A =   4919.09221  B =   1540.28931  C =   1182.74707 [MHz]
  Nuclear repulsion =  360.485083144636405

  Charge       = 1
  Multiplicity = 1
  Electrons    = 58
  Nalpha       = 29
  Nbeta        = 29

  ==> Algorithm <==

  SCF Algorithm Type is DF.
  DIIS enabled.
  MOM disabled.
  Fractional occupation disabled.
  Guess Type is SAD.
  Energy threshold   = 1.00e-09
  Density threshold  = 1.00e-07
  Integral threshold = 1.00e-12

  ==> Primary Basis <==

  Basis Set: DEF2-SVP
    Blend: DEF2-SVP
    Number of shells: 72
    Number of basis functions: 152
    Number of Cartesian functions: 160
    Spherical Harmonics?: true
    Max angular momentum: 2

  ==> DFT Potential <==

   => LibXC <=

    Version 7.1.2
    S. Lehtola, C. Steigemann, M. J. T. Oliveira, and M. A. L. Marques,  SoftwareX 7, 1–5 (2018) (10.1016/j.softx.2017.11.002)

   => Composite Functional: PBE0 <= 

    PBE0 Hyb-GGA Exchange-Correlation Functional

    C. Adamo and V. Barone,  J. Chem. Phys. 110, 6158 (1999) (10.1063/1.478522)
    M. Ernzerhof and G. E. Scuseria,  J. Chem. Phys. 110, 5029 (1999) (10.1063/1.478401)

    Deriv               =              1
    GGA                 =           TRUE
    Meta                =          FALSE

    Exchange Hybrid     =           TRUE
    MP2 Hybrid          =          FALSE

   => Exchange Functionals <=

    0.7500   Perdew, Burke & Ernzerhof

   => Exact (HF) Exchange <=

    0.2500               HF 

   => Correlation Functionals <=

    1.0000   Perdew, Burke & Ernzerhof

   => LibXC Density Thresholds  <==

    XC_HYB_GGA_XC_PBEH:  1.00E-15 

   => Molecular Quadrature <=

    Radial Scheme          =       TREUTLER
    Pruning Scheme         =           NONE
    Nuclear Scheme         =       TREUTLER

    Blocking Scheme        =         OCTREE
    BS radius alpha        =              1
    Pruning alpha          =              1
    Radial Points          =             75
    Spherical Points       =            302
    Total Points           =         336991
    Total Blocks           =           2499
    Max Points             =            256
    Max Functions          =            147
    Weights Tolerance      =       1.00E-15

   => Loading Basis Set <=

    Name: (DEF2-SVP AUX)
    Role: JKFIT
    Keyword: DF_BASIS_SCF
    atoms 1, 3-6, 8 entry C          line   198 file C:\Users\HUIWEI\miniconda3\envs\phase7\Library\share\psi4\basis\def2-universal-jkfit.gbs 
    atoms 2         entry O          line   318 file C:\Users\HUIWEI\miniconda3\envs\phase7\Library\share\psi4\basis\def2-universal-jkfit.gbs 
    atoms 7         entry N          line   258 file C:\Users\HUIWEI\miniconda3\envs\phase7\Library\share\psi4\basis\def2-universal-jkfit.gbs 
    atoms 9-16      entry H          line    18 file C:\Users\HUIWEI\miniconda3\envs\phase7\Library\share\psi4\basis\def2-universal-jkfit.gbs 

  ==> Integral Setup <==

  DFHelper Memory: AOs need 0.129 GiB; user supplied 0.129 GiB. 
  SCF_SUBTYPE=INCORE selected. In-core MEM_DF algorithm will be used.
  Using in-core AOs.

  ==> MemDFJK: Density-Fitted J/K Matrices <==

    J tasked:                   Yes
    K tasked:                   Yes
    wK tasked:                   No
    OpenMP threads:               2
    Memory [MiB]:               132
    Algorithm:                 Core
    Schwarz Cutoff:           1E-12
    Mask sparsity (%):       6.8386
    Fitting Condition:        1E-10

   => Auxiliary Basis Set <=

  Basis Set: (DEF2-SVP AUX)
    Blend: DEF2-UNIVERSAL-JKFIT
    Number of shells: 248
    Number of basis functions: 748
    Number of Cartesian functions: 880
    Spherical Harmonics?: true
    Max angular momentum: 4

  Cached 33.3% of DFT collocation blocks in 0.343 [GiB].

  Minimum eigenvalue in the overlap matrix is 6.1267652241E-04.
  Reciprocal condition number of the overlap matrix is 9.7093506557E-05.
    Using symmetric orthogonalization.

  ==> Pre-Iterations <==

  SCF Guess: Superposition of Atomic Densities via on-the-fly atomic UHF (no occupation information).

   -------------------------
    Irrep   Nso     Nmo    
   -------------------------
     A        152     152 
   -------------------------
    Total     152     152
   -------------------------

  ==> Iterations <==

                           Total Energy        Delta E     RMS |[F,P]|

   @DF-RKS iter SAD:  -362.46835577832064   -3.62468e+02   0.00000e+00 
   @DF-RKS iter   1:  -362.27479613228502    1.93560e-01   4.20668e-03 DIIS/ADIIS
   @DF-RKS iter   2:  -362.28930276027643   -1.45066e-02   4.06199e-03 DIIS/ADIIS
   @DF-RKS iter   3:  -362.48717130330243   -1.97869e-01   9.62409e-04 DIIS/ADIIS
   @DF-RKS iter   4:  -362.49804967530650   -1.08784e-02   3.18255e-04 DIIS/ADIIS
   @DF-RKS iter   5:  -362.49929450796793   -1.24483e-03   7.09944e-05 DIIS
   @DF-RKS iter   6:  -362.49933296856915   -3.84606e-05   3.80141e-05 DIIS
   @DF-RKS iter   7:  -362.49934674113496   -1.37726e-05   7.06140e-06 DIIS
   @DF-RKS iter   8:  -362.49934721550369   -4.74369e-07   2.17747e-06 DIIS
   @DF-RKS iter   9:  -362.49934726860783   -5.31041e-08   5.39205e-07 DIIS
   @DF-RKS iter  10:  -362.49934727158990   -2.98206e-09   2.82435e-07 DIIS
   @DF-RKS iter  11:  -362.49934727255356   -9.63666e-10   4.73148e-08 DIIS
  Energy and wave function converged.


  ==> Post-Iterations <==

   Electrons on quadrature grid:
      Ntotal   =   57.9999770399 ; deviation = -2.296e-05 

    Orbital Energies [Eh]
    ---------------------

    Doubly Occupied:                                                      

       1A    -19.419655     2A    -14.690938     3A    -10.503773  
       4A    -10.489895     5A    -10.486299     6A    -10.450610  
       7A    -10.448459     8A    -10.431437     9A     -1.261495  
      10A     -1.228897    11A     -1.036568    12A     -1.000483  
      13A     -0.902285    14A     -0.875119    15A     -0.844115  
      16A     -0.784015    17A     -0.732878    18A     -0.708148  
      19A     -0.698902    20A     -0.666555    21A     -0.658117  
      22A     -0.632474    23A     -0.619245    24A     -0.595656  
      25A     -0.580024    26A     -0.540172    27A     -0.513237  
      28A     -0.503455    29A     -0.437457  

    Virtual:                                                              

      30A     -0.247907    31A     -0.202019    32A     -0.126049  
      33A     -0.067536    34A     -0.050765    35A     -0.050326  
      36A     -0.044527    37A     -0.029138    38A     -0.009634  
      39A      0.011221    40A      0.015066    41A      0.019201  
      42A      0.051459    43A      0.067666    44A      0.095173  
      45A      0.104751    46A      0.140048    47A      0.146425  
      48A      0.182878    49A      0.223394    50A      0.229924  
      51A      0.281746    52A      0.284310    53A      0.297383  
      54A      0.327584    55A      0.333996    56A      0.336643  
      57A      0.351197    58A      0.358777    59A      0.379908  
      60A      0.426701    61A      0.441414    62A      0.467321  
      63A      0.467407    64A      0.475309    65A      0.492024  
      66A      0.515149    67A      0.525347    68A      0.539926  
      69A      0.549419    70A      0.550418    71A      0.562294  
      72A      0.583772    73A      0.585418    74A      0.608679  
      75A      0.647793    76A      0.666081    77A      0.756003  
      78A      0.761483    79A      0.857799    80A      0.858451  
      81A      0.874929    82A      0.889620    83A      0.969451  
      84A      0.993111    85A      1.034025    86A      1.041917  
      87A      1.062935    88A      1.065361    89A      1.113959  
      90A      1.116866    91A      1.134773    92A      1.151570  
      93A      1.219224    94A      1.294962    95A      1.350514  
      96A      1.385279    97A      1.441139    98A      1.481933  
      99A      1.515394   100A      1.524718   101A      1.539569  
     102A      1.571583   103A      1.582054   104A      1.599374  
     105A      1.611035   106A      1.613307   107A      1.632007  
     108A      1.636997   109A      1.666182   110A      1.695241  
     111A      1.732092   112A      1.745432   113A      1.754332  
     114A      1.773569   115A      1.799711   116A      1.832023  
     117A      1.842808   118A      1.887870   119A      1.945039  
     120A      1.965336   121A      2.002793   122A      2.043157  
     123A      2.054099   124A      2.059273   125A      2.094959  
     126A      2.120985   127A      2.182465   128A      2.211666  
     129A      2.223768   130A      2.240106   131A      2.257653  
     132A      2.416980   133A      2.455676   134A      2.487732  
     135A      2.527125   136A      2.549669   137A      2.562294  
     138A      2.565507   139A      2.635224   140A      2.674415  
     141A      2.726341   142A      2.736829   143A      2.777209  
     144A      2.779871   145A      2.867992   146A      2.914349  
     147A      2.932793   148A      3.005838   149A      3.083960  
     150A      3.305350   151A      3.325770   152A      3.594651  

    Final Occupation by Irrep:
              A 
    DOCC [    29 ]
    NA   [    29 ]
    NB   [    29 ]

  @DF-RKS Final Energy:  -362.49934727255356

   => Energetics <=

    Nuclear Repulsion Energy =            360.4850831446364055
    One-Electron Energy =               -1193.2269328140569087
    Two-Electron Energy =                 508.4110996859608917
    DFT Exchange-Correlation Energy =     -38.1685972890939240
    Empirical Dispersion Energy =           0.0000000000000000
    VV10 Nonlocal Energy =                  0.0000000000000000
    Total Energy =                       -362.4993472725535639

Computation Completed


Properties will be evaluated at   0.000000,   0.000000,   0.000000 [a0]

Properties computed using the SCF density matrix


 Multipole Moments:

 ------------------------------------------------------------------------------------
     Multipole            Electronic (a.u.)      Nuclear  (a.u.)        Total (a.u.)
 ------------------------------------------------------------------------------------

 L = 1.  Multiply by 2.5417464519 to convert [e a0] to [Debye]
 Dipole X            :         10.9807501          -12.6007618           -1.6200117
 Dipole Y            :         15.2881574          -15.4879289           -0.1997715
 Dipole Z            :         -0.6255053            0.7295685            0.1040631
 Magnitude           :                                                    1.6355964

 ------------------------------------------------------------------------------------

*** tstop() called on LAPTOP-257FNSVV at Sun Sep 20 20:53:00 2026
Module time:
	user time   =        nan seconds =        nan minutes
	system time =        nan seconds =        nan minutes
	total time  =         35 seconds =       0.58 minutes
Total time:
	user time   =        nan seconds =        nan minutes
	system time =        nan seconds =        nan minutes
	total time  =         35 seconds =       0.58 minutes
