Molecule has no symmetry elements
It seems to be the C1 point group
      -----------------------------------------------------------
     |                   =====================                   |
     |                        T H E R M O                        |
     |                   =====================                   |
     |                         S. Ehlert                         |
     |          Mulliken Center for Theoretical Chemistry        |
     |                    University of Bonn                     |
      -----------------------------------------------------------

   * xtb-thermo version 6.7.1 (edcfbbe) compiled by 'VssAdministrator@runnervm171ch' on 2026-06-10

 * started run on 2026/09/10 at 23:26:52.411     
eigval :       -0.02    -0.02    -0.00     0.01     0.01     0.02
eigval :       23.33    29.36    41.57    46.60    62.03   107.52
eigval :      156.00   202.70   239.65   253.70   271.62   336.06
eigval :      368.39   369.77   390.38   423.55   463.32   493.51
eigval :      506.83   548.31   588.29   598.89   609.84   657.86
eigval :      673.49   715.84   768.46   803.79   815.99   852.41
eigval :      867.26   870.00   879.41   917.81   921.59   923.92
eigval :      931.06   971.39   992.03  1002.41  1009.52  1013.52
eigval :     1029.14  1079.10  1096.09  1113.80  1144.59  1177.88
eigval :     1187.78  1201.33  1236.15  1250.46  1276.76  1279.26
eigval :     1304.84  1316.20  1330.40  1377.24  1402.60  1408.08
eigval :     1432.60  1464.47  1475.90  1477.16  1478.58  1479.85
eigval :     1493.03  1566.99  1570.49  1592.47  1599.74  1699.86
eigval :     2991.68  3007.53  3020.82  3032.43  3033.04  3036.29
eigval :     3059.81  3063.49  3067.55  3070.67  3071.46  3078.91
eigval :     3086.06  3094.54  3100.71

c1  symmetry found (for desy threshold:  0.10E+00) used in thermo

          ...................................................
          :                      SETUP                      :
          :.................................................:
          :  # frequencies                          87      :
          :  # imaginary freq.                       0      :
          :  linear?                             false      :
          :  only rotor calc.                    false      :
          :  symmetry                               c1      :
          :  rotational number                       1      :
          :  scaling factor                  1.0000000      :
          :  rotor cutoff                   50.0000000 cm⁻¹ :
          :  imag. cutoff                  -20.0000000 cm⁻¹ :
          :.................................................:

    mode    ω/cm⁻¹     T·S(HO)/kcal·mol⁻¹    T·S(FR)/kcal·mol⁻¹   T·S(vib)
   ------------------------------------------------------------------------
       1     23.33    -1.88690 (  4.52%)    -1.28228 ( 95.48%)    -1.30963
       2     29.36    -1.75085 ( 10.62%)    -1.21420 ( 89.38%)    -1.27120
       3     41.57    -1.54532 ( 32.32%)    -1.11121 ( 67.68%)    -1.25152
       4     46.60    -1.47778 ( 43.01%)    -1.07732 ( 56.99%)    -1.24957
       5     62.03    -1.30937 ( 70.31%)    -0.99265 ( 29.69%)    -1.21534
       6    107.52    -0.98786 ( 95.53%)    -0.82972 (  4.47%)    -0.98079
       7    156.00    -0.77452 ( 98.96%)    -0.71946 (  1.04%)    -0.77394
       8    202.70    -0.62862 ( 99.63%)    -0.64188 (  0.37%)    -0.62867
       9    239.65    -0.53830 ( 99.81%)    -0.59228 (  0.19%)    -0.53840
      10    253.70    -0.50827 ( 99.85%)    -0.57541 (  0.15%)    -0.50837
      11    271.62    -0.47282 ( 99.89%)    -0.55518 (  0.11%)    -0.47292
   ------------------------------------------------------------------------

   temp. (K)  partition function   enthalpy   heat capacity  entropy
                                   cal/mol     cal/K/mol   cal/K/mol   J/K/mol
 298.15  VIB  0.990E+06             7677.468     47.952     47.552
         ROT  0.304E+07              888.752      2.981     32.644
         INT  0.301E+13             8566.220     50.932     80.196
         TR   0.293E+28             1481.254      4.968     41.900
normal termination of xtb
         TOT                       10047.4743    55.9006   122.0961   510.8499

       T/K    H(0)-H(T)+PV         H(T)/Eh          T*S/Eh         G(T)/Eh
   ------------------------------------------------------------------------
    298.15    0.160117E-01    0.266785E+00    0.580118E-01    0.208773E+00
   ------------------------------------------------------------------------

         :::::::::::::::::::::::::::::::::::::::::::::::::::::
         ::                  THERMODYNAMIC                  ::
         :::::::::::::::::::::::::::::::::::::::::::::::::::::
         :: total free energy           0.208773348013 Eh   ::
         ::.................................................::
         :: total energy                0.000000000000 Eh   ::
         :: zero point energy           0.250773452787 Eh   ::
         :: G(RRHO) w/o ZPVE           -0.042000104775 Eh   ::
         :: G(RRHO) contrib.            0.208773348013 Eh   ::
         :::::::::::::::::::::::::::::::::::::::::::::::::::::

------------------------------------------------------------------------
 * finished run on 2026/09/10 at 23:26:52.458     
------------------------------------------------------------------------
 total:
 * wall-time:     0 d,  0 h,  0 min,  0.047 sec
 *  cpu-time:     0 d,  0 h,  0 min,  0.000 sec
 * ratio c/w:     0.000 speedup

