Molecule has no symmetry elements
It seems to be the C1 point group
      -----------------------------------------------------------
     |                   =====================                   |
     |                        T H E R M O                        |
     |                   =====================                   |
     |                         S. Ehlert                         |
     |          Mulliken Center for Theoretical Chemistry        |
     |                    University of Bonn                     |
      -----------------------------------------------------------

   * xtb-thermo version 6.7.1 (edcfbbe) compiled by 'VssAdministrator@runnervm171ch' on 2026-06-10

 * started run on 2026/09/10 at 23:26:52.478     
eigval :       -0.02    -0.02    -0.00     0.01     0.01     0.02
eigval :       23.33    29.36    41.57    46.60    62.03   107.52
eigval :      156.00   202.70   239.65   253.70   271.62   336.06
eigval :      368.39   369.77   390.38   423.55   463.32   493.51
eigval :      506.83   548.31   588.29   598.89   609.84   657.86
eigval :      673.49   715.84   768.46   803.79   815.99   852.41
eigval :      867.26   870.00   879.41   917.81   921.59   923.92
eigval :      931.06   971.39   992.03  1002.41  1009.52  1013.52
eigval :     1029.14  1079.10  1096.09  1113.80  1144.59  1177.88
eigval :     1187.78  1201.33  1236.15  1250.46  1276.76  1279.26
eigval :     1304.84  1316.20  1330.40  1377.24  1402.60  1408.08
eigval :     1432.60  1464.47  1475.90  1477.16  1478.58  1479.85
eigval :     1493.03  1566.99  1570.49  1592.47  1599.74  1699.86
eigval :     2991.68  3007.53  3020.82  3032.43  3033.04  3036.29
eigval :     3059.81  3063.49  3067.55  3070.67  3071.46  3078.91
eigval :     3086.06  3094.54  3100.71

c1  symmetry found (for desy threshold:  0.10E+00) used in thermo

          ...................................................
          :                      SETUP                      :
          :.................................................:
          :  # frequencies                          87      :
          :  # imaginary freq.                       0      :
          :  linear?                             false      :
          :  only rotor calc.                    false      :
          :  symmetry                               c1      :
          :  rotational number                       1      :
          :  scaling factor                  1.0000000      :
          :  rotor cutoff                  100.0000000 cm⁻¹ :
          :  imag. cutoff                  -20.0000000 cm⁻¹ :
          :.................................................:

    mode    ω/cm⁻¹     T·S(HO)/kcal·mol⁻¹    T·S(FR)/kcal·mol⁻¹   T·S(vib)
   ------------------------------------------------------------------------
       1     23.33    -1.88690 (  0.30%)    -1.28228 ( 99.70%)    -1.28407
       2     29.36    -1.75085 (  0.74%)    -1.21420 ( 99.26%)    -1.21815
       3     41.57    -1.54532 (  2.90%)    -1.11121 ( 97.10%)    -1.12379
       4     46.60    -1.47778 (  4.51%)    -1.07732 ( 95.49%)    -1.09536
       5     62.03    -1.30937 ( 12.89%)    -0.99265 ( 87.11%)    -1.03349
       6    107.52    -0.98786 ( 57.20%)    -0.82972 ( 42.80%)    -0.92017
       7    156.00    -0.77452 ( 85.55%)    -0.71946 ( 14.45%)    -0.76656
       8    202.70    -0.62862 ( 94.41%)    -0.64188 (  5.59%)    -0.62936
       9    239.65    -0.53830 ( 97.06%)    -0.59228 (  2.94%)    -0.53988
      10    253.70    -0.50827 ( 97.64%)    -0.57541 (  2.36%)    -0.50985
      11    271.62    -0.47282 ( 98.20%)    -0.55518 (  1.80%)    -0.47431
   ------------------------------------------------------------------------

   temp. (K)  partition function   enthalpy   heat capacity  entropy
                                   cal/mol     cal/K/mol   cal/K/mol   J/K/mol
 298.15  VIB  0.990E+06             7677.468     45.987     45.540
         ROT  0.304E+07              888.752      2.981     32.644
         INT  0.301E+13             8566.220     48.968     78.184
         TR   0.293E+28             1481.254      4.968     41.900
normal termination of xtb
         TOT                       10047.4743    53.9363   120.0844   502.4330

       T/K    H(0)-H(T)+PV         H(T)/Eh          T*S/Eh         G(T)/Eh
   ------------------------------------------------------------------------
    298.15    0.160117E-01    0.266785E+00    0.570560E-01    0.209729E+00
   ------------------------------------------------------------------------

         :::::::::::::::::::::::::::::::::::::::::::::::::::::
         ::                  THERMODYNAMIC                  ::
         :::::::::::::::::::::::::::::::::::::::::::::::::::::
         :: total free energy           0.209729167800 Eh   ::
         ::.................................................::
         :: total energy                0.000000000000 Eh   ::
         :: zero point energy           0.250773452787 Eh   ::
         :: G(RRHO) w/o ZPVE           -0.041044284987 Eh   ::
         :: G(RRHO) contrib.            0.209729167800 Eh   ::
         :::::::::::::::::::::::::::::::::::::::::::::::::::::

------------------------------------------------------------------------
 * finished run on 2026/09/10 at 23:26:52.508     
------------------------------------------------------------------------
 total:
 * wall-time:     0 d,  0 h,  0 min,  0.030 sec
 *  cpu-time:     0 d,  0 h,  0 min,  0.000 sec
 * ratio c/w:     0.000 speedup

