[phase19 18:10:40] 19B  building the theozyme-anchored fold distribution ...
[phase19 18:10:51]     fold proposals=25, accepted=25/70, elapsed=11.3s
[phase19 18:11:01]     fold proposals=50, accepted=50/70, elapsed=21.0s
[phase19 18:11:08]     fold dataset: 70 theozyme-anchored 8-helix bundles (70 proposals)
[phase19 18:11:08] 19B  training SE(3)-equivariant vector field (216616 params, 1400 steps)
[phase19 18:11:12]     cfm step     0  loss=3.3068 (u=1.6787, w=6.5123, max_target_angle=3.139973)
[phase19 18:12:32]     cfm step   175  loss=1.8252 (u=1.2654, w=2.2392, max_target_angle=3.141184)
[phase19 18:14:07]     cfm step   350  loss=1.6735 (u=1.1786, w=1.9795, max_target_angle=3.141416)
[phase19 18:15:58]     cfm step   525  loss=1.9363 (u=1.4780, w=1.8331, max_target_angle=3.140091)
[phase19 18:17:50]     cfm step   700  loss=1.7920 (u=1.3333, w=1.8349, max_target_angle=3.141002)
[phase19 18:19:45]     cfm step   875  loss=1.8712 (u=1.4318, w=1.7578, max_target_angle=3.141389)
[phase19 18:21:19]     cfm step  1050  loss=1.6004 (u=1.1494, w=1.8039, max_target_angle=3.141371)
[phase19 18:23:02]     cfm step  1225  loss=1.9386 (u=1.5156, w=1.6922, max_target_angle=3.138527)
[phase19 18:24:39]     cfm step  1399  loss=1.8746 (u=1.4314, w=1.7729, max_target_angle=3.141518)
[phase19 18:24:40] 19B  SE(3) equivariance audit: |du|=7.6e-06, |dw|=1.1e-06 (tol 0.005)
[phase19 18:24:40] GEN 1  sampled 6 designs from q(s); mu=[0.55, 0.38, 0.45, 0.4, 0.5, 0.3]
[phase19 18:24:42]     [realize] junction omega strain 76 deg -> OpenMM restrained regularization
[phase19 18:25:03]   cand 0: clash=250 Rg=17.1 constRMSD=3.10 ram=0.87 E_design=-643.0 REJ
[phase19 18:25:05]     [realize] junction omega strain 146 deg -> OpenMM restrained regularization
[phase19 18:25:23]   cand 1: clash=285 Rg=18.4 constRMSD=3.10 ram=0.88 E_design=-609.9 REJ
[phase19 18:25:26]     [realize] junction omega strain 138 deg -> OpenMM restrained regularization
[phase19 18:25:45]   cand 2: clash=764 Rg=18.2 constRMSD=3.10 ram=0.83 E_design=-716.1 REJ
[phase19 18:25:48]     [realize] junction omega strain 45 deg -> OpenMM restrained regularization
[phase19 18:26:07]   cand 3: clash=188 Rg=17.8 constRMSD=3.10 ram=0.83 E_design=-603.9 REJ
[phase19 18:26:09]     [realize] junction omega strain 114 deg -> OpenMM restrained regularization
[phase19 18:26:28]   cand 4: clash=407 Rg=17.1 constRMSD=3.10 ram=0.89 E_design=-623.6 REJ
[phase19 18:26:31]     [realize] junction omega strain 129 deg -> OpenMM restrained regularization
$CAMPAIGN\phase19\20260910T181030\run_phase19_active_inference_denovo_enzyme.py:769: RuntimeWarning: invalid value encountered in divide
  n = n / np.linalg.norm(n)
[phase19 18:26:50]   cand 5: clash=449 Rg=17.4 constRMSD=3.10 ram=0.88 E_design=-698.5 REJ
[phase19 18:26:50]   EFE routing -> candidates [4, 0] for multi-fidelity verification
[phase19 18:26:51] GEN 1  F_active = 26.723 (KL 0.000 + accuracy 26.723)  |  wall 16.2 min
[phase19 18:26:51] GEN 2  sampled 6 designs from q(s); mu=[0.329, 0.324, 0.306, 0.407, 0.382, 0.318]
[phase19 18:26:54]     [realize] junction omega strain 170 deg -> OpenMM restrained regularization
[phase19 18:27:13]   cand 0: clash=362 Rg=17.8 constRMSD=3.10 ram=0.83 E_design=-619.1 REJ
[phase19 18:27:16]     [realize] junction omega strain 57 deg -> OpenMM restrained regularization
[phase19 18:27:37]   cand 1: clash=347 Rg=17.9 constRMSD=3.10 ram=0.82 E_design=-680.1 REJ
[phase19 18:27:40]     [realize] junction omega strain 51 deg -> OpenMM restrained regularization
[phase19 18:27:58]   cand 2: clash=438 Rg=17.7 constRMSD=3.10 ram=0.85 E_design=-671.6 REJ
[phase19 18:28:00]     [realize] junction omega strain 115 deg -> OpenMM restrained regularization
[phase19 18:28:19]   cand 3: clash=277 Rg=18.2 constRMSD=3.10 ram=0.85 E_design=-611.2 REJ
[phase19 18:28:21]     [realize] junction omega strain 158 deg -> OpenMM restrained regularization
[phase19 18:28:38]   cand 4: clash=396 Rg=17.2 constRMSD=3.10 ram=0.84 E_design=-620.9 REJ
[phase19 18:28:41]     [realize] junction omega strain 110 deg -> OpenMM restrained regularization
[phase19 18:29:00]   cand 5: clash=586 Rg=17.0 constRMSD=3.10 ram=0.84 E_design=-634.8 REJ
[phase19 18:29:00]   EFE routing -> candidates [4, 0] for multi-fidelity verification
[phase19 18:29:00] GEN 2  F_active = 25.940 (KL 2.099 + accuracy 23.840)  |  wall 18.4 min
[phase19 18:29:00] GEN 3  sampled 6 designs from q(s); mu=[0.189, 0.261, 0.272, 0.418, 0.379, 0.412]
[phase19 18:29:03]     [realize] junction omega strain 161 deg -> OpenMM restrained regularization
[phase19 18:29:24]   cand 0: clash=622 Rg=17.7 constRMSD=3.10 ram=0.83 E_design=-680.5 REJ
[phase19 18:29:27]     [realize] junction omega strain 97 deg -> OpenMM restrained regularization
[phase19 18:29:46]   cand 1: clash=318 Rg=16.9 constRMSD=3.10 ram=0.85 E_design=-637.4 REJ
[phase19 18:29:49]     [realize] junction omega strain 173 deg -> OpenMM restrained regularization
[phase19 18:30:06]   cand 2: clash=391 Rg=17.4 constRMSD=3.10 ram=0.85 E_design=-661.3 REJ
[phase19 18:30:09]     [realize] junction omega strain 89 deg -> OpenMM restrained regularization
[phase19 18:30:29]   cand 3: clash=682 Rg=17.1 constRMSD=3.10 ram=0.88 E_design=-696.7 REJ
[phase19 18:30:32]     [realize] junction omega strain 162 deg -> OpenMM restrained regularization
[phase19 18:30:48]   cand 4: clash=257 Rg=18.0 constRMSD=3.10 ram=0.88 E_design=-543.8 REJ
[phase19 18:30:51]     [realize] junction omega strain 53 deg -> OpenMM restrained regularization
[phase19 18:31:10]   cand 5: clash=345 Rg=17.2 constRMSD=3.10 ram=0.86 E_design=-584.0 REJ
[phase19 18:31:10]   EFE routing -> candidates [1, 0] for multi-fidelity verification
[phase19 18:31:11] GEN 3  F_active = 33.372 (KL 5.310 + accuracy 28.062)  |  wall 20.6 min
[phase19 18:31:11] GEN 4  sampled 6 designs from q(s); mu=[0.135, 0.26, 0.239, 0.355, 0.305, 0.475]
[phase19 18:31:13]     [realize] junction omega strain 153 deg -> OpenMM restrained regularization
[phase19 18:31:31]   cand 0: clash=523 Rg=17.1 constRMSD=3.09 ram=0.85 E_design=-649.9 REJ
[phase19 18:31:33]     [realize] junction omega strain 154 deg -> OpenMM restrained regularization
[phase19 18:31:50]   cand 1: clash=359 Rg=17.9 constRMSD=3.10 ram=0.82 E_design=-611.2 REJ
[phase19 18:31:53]     [realize] junction omega strain 179 deg -> OpenMM restrained regularization
[phase19 18:32:11]   cand 2: clash=339 Rg=18.2 constRMSD=3.10 ram=0.87 E_design=-603.1 REJ
[phase19 18:32:14]     [realize] junction omega strain 117 deg -> OpenMM restrained regularization
[phase19 18:32:32]   cand 3: clash=168 Rg=17.9 constRMSD=3.10 ram=0.84 E_design=-585.2 REJ
[phase19 18:32:34]     [realize] junction omega strain 159 deg -> OpenMM restrained regularization
$USER_PROFILE\miniconda3\envs\phase2ff\Lib\site-packages\numpy\linalg\_linalg.py:2407: RuntimeWarning: invalid value encountered in det
  r = _umath_linalg.det(a, signature=signature)
[phase19 18:32:53]   cand 4: REJECTED in construction ([tensor assertion] L-stereochemistry violated at 1 residues)
[phase19 18:32:56]     [realize] junction omega strain 120 deg -> OpenMM restrained regularization
[phase19 18:33:17]   cand 5: clash=383 Rg=18.5 constRMSD=3.10 ram=0.83 E_design=-673.6 REJ
[phase19 18:33:17]   EFE routing -> candidates [0] for multi-fidelity verification
[phase19 18:33:18] GEN 4  F_active = 31.052 (KL 8.653 + accuracy 22.399)  |  wall 22.7 min
[phase19 18:33:18] GEN 5  sampled 6 designs from q(s); mu=[0.08, 0.317, 0.23, 0.367, 0.318, 0.444]
[phase19 18:33:20]     [realize] junction omega strain 175 deg -> OpenMM restrained regularization
[phase19 18:33:37]   cand 0: clash=338 Rg=18.5 constRMSD=3.09 ram=0.87 E_design=-626.9 REJ
[phase19 18:33:40]     [realize] junction omega strain 155 deg -> OpenMM restrained regularization
[phase19 18:33:59]   cand 1: clash=287 Rg=17.8 constRMSD=3.10 ram=0.87 E_design=-586.1 REJ
[phase19 18:34:02]     [realize] junction omega strain 160 deg -> OpenMM restrained regularization
[phase19 18:34:21]   cand 2: clash=332 Rg=18.1 constRMSD=3.10 ram=0.83 E_design=-588.5 REJ
[phase19 18:34:24]     [realize] junction omega strain 118 deg -> OpenMM restrained regularization
[phase19 18:34:42]   cand 3: clash=321 Rg=18.5 constRMSD=3.10 ram=0.87 E_design=-592.7 REJ
[phase19 18:34:45]     [realize] junction omega strain 170 deg -> OpenMM restrained regularization
[phase19 18:35:04]   cand 4: clash=275 Rg=17.6 constRMSD=3.10 ram=0.80 E_design=-610.2 REJ
[phase19 18:35:06]     [realize] junction omega strain 155 deg -> OpenMM restrained regularization
[phase19 18:35:25]   cand 5: clash=349 Rg=16.9 constRMSD=3.10 ram=0.86 E_design=-656.9 REJ
[phase19 18:35:25]   EFE routing -> candidates [0, 3] for multi-fidelity verification
[phase19 18:35:25] GEN 5  F_active = 37.527 (KL 10.870 + accuracy 26.658)  |  wall 24.8 min
[phase19 18:35:25] QM/MM uncatalyzed reference: substrate + H2O, ALPB water ...
[phase19 18:36:24]   uncatalyzed barrier (raw GFN2-xTB/ALPB) = 23.16 kcal/mol (experimental anchor 32.2)
[phase19 18:36:24] master record -> $CAMPAIGN\phase19\20260910T181030\results_phase19\phase19_results.json
[phase19 18:36:26] figure -> $CAMPAIGN\phase19\20260910T181030\figures_phase19\fig1_active_inference_convergence.png
[phase19 18:36:26] fig2: no accepted design; no champion structure to plot
[phase19 18:36:26] figure -> None
[phase19 18:36:27] figure -> $CAMPAIGN\phase19\20260910T181030\figures_phase19\fig3_free_energy_profile_uncat_vs_denovo.png
[phase19 18:36:27] ========================================================================
[phase19 18:36:27] PHASE 19 ACCEPTANCE SUMMARY
[phase19 18:36:27]   design acceptance        no_accepted_design
[phase19 18:36:27]   extra champion MD        not performed
[phase19 18:36:27]   enzyme performance       not validated by model gates or potential scans
[phase19 18:36:27]   SE(3) equivariance       |du|=7.6e-06  |dw|=1.1e-06  (tol 0.005)
[phase19 18:36:27]   total wall clock         25.8 min
[phase19 18:36:27] ========================================================================
