31
 energy: -42.687371685965 gnorm: 0.019472080624 xtb: 6.7.1 (edcfbbe)
C           -0.55890378778500       -1.36477224694200       -1.63369019502300
C           -0.20072142400800       -0.37361381796700       -0.55822578406100
N           -1.05369121131700        0.18444625458700        0.19702066255500
C           -2.40804415263700       -0.04048701379500        0.25006521631600
C           -2.92882697612700       -1.20162938417700        0.82921768949400
C           -4.29271678102300       -1.34949746800500        0.98976660319400
C           -5.16206395575500       -0.35506582859200        0.57215357972100
C           -4.65272560032200        0.80028262155200       -0.00015422590400
C           -3.29086366337500        0.96558490262800       -0.15307039125400
C            1.21010202291400       -0.00236742997100       -0.38449801588200
C            2.23745325877400       -0.61764847386000       -1.09729127269300
C            3.55451814582100       -0.23845415011400       -0.90609173837800
C            3.89068514867800        0.76129985745400       -0.00426471192200
C            5.30850136679200        1.19452433461900        0.20724819336400
C            2.86344471458200        1.37536935584100        0.71180703094900
C            1.55094120447400        1.00202419880800        0.52785987245100
H           -0.16220999551300       -1.04731863285600       -2.59007227537000
H           -1.63843432289400       -1.46831870533400       -1.70295081295900
H           -0.13346800816200       -2.34574678378400       -1.38937334633600
H           -2.24864314705200       -1.97495442035200        1.15691278734900
H           -4.68026954854000       -2.25355024345100        1.43810719344400
H           -6.22852021472100       -0.47795746647200        0.69442478974100
H           -5.32489422383900        1.58232842214000       -0.32683022972100
H           -2.89076590336500        1.86572556002500       -0.59830484362900
H            2.02617775854800       -1.41743655764300       -1.78750286635100
H            4.33592390846300       -0.73976055517900       -1.45624014571300
H            5.40785945271700        2.27651958489500        0.10281428209400
H            5.97604216154700        0.69640978402600       -0.51539804197500
H            5.63338771472200        0.91483836313800        1.22398470223400
H            3.09974093839200        2.17704158512700        1.40147582228100
H            0.75468770061300        1.49485925538900        1.06765835636400
31
 energy: -42.687792855029 gnorm: 0.005779011322 xtb: 6.7.1 (edcfbbe)
C           -0.55789873161848       -1.36783529057337       -1.63097257973052
C           -0.20065532494007       -0.37445960042407       -0.55734058801212
N           -1.05400139219761        0.18454357239603        0.19675461647238
C           -2.40830990238253       -0.04051302949860        0.24965201101532
C           -2.92908604194879       -1.20170184198557        0.82875217112009
C           -4.29297585084689       -1.34965515972255        0.98919967088021
C           -5.16226016728768       -0.35501198478357        0.57198342551344
C           -4.65288555690568        0.80040108460022       -0.00014437234320
C           -3.29105504399176        0.96561846109670       -0.15332164769241
C            1.20994703326676       -0.00305507079064       -0.38288833673163
C            2.23887103673507       -0.62388735389086       -1.08902360616330
C            3.55496334632820       -0.24141179723772       -0.90027482349226
C            3.88912548671927        0.76744208506669       -0.00718533490322
C            5.30992064375841        1.18784339866586        0.20673298937680
C            2.86099211345178        1.38565682791808        0.70293858065665
C            1.54877698707232        1.00906089483133        0.52113231027189
H           -0.16175989177915       -1.04733495895644       -2.59079062372301
H           -1.63892255926467       -1.46763966835732       -1.70334135955863
H           -0.13454565102000       -2.34485030564666       -1.38949502986591
H           -2.24877500789445       -1.97469915173959        1.15840104934714
H           -4.68060709018123       -2.25326436165466        1.43892141033464
H           -6.22855041918019       -0.47781567510971        0.69415771622927
H           -5.32458327814478        1.58193338022237       -0.32760343988704
H           -2.89054803670072        1.86518652593021       -0.59878748190995
H            2.02570221846236       -1.41275305343819       -1.79330178677127
H            4.33581996388899       -0.73480403223452       -1.46161833140417
H            5.41112558469922        2.26628287560874        0.10113392789747
H            5.97728786334863        0.70016613341694       -0.50535979153097
H            5.63374356495641        0.92029961107386        1.21618919130072
H            3.10020453082338        2.16985759598371        1.40890612901599
H            0.75464215337588        1.48907479096829        1.07315181866759
31
 energy: -42.687821642709 gnorm: 0.001122942694 xtb: 6.7.1 (edcfbbe)
C           -0.55737499776468       -1.36907734771577       -1.62972629357681
C           -0.20036610374394       -0.37471223505624       -0.55695656744824
N           -1.05384792584613        0.18422506863463        0.19704799041689
C           -2.40818537127589       -0.04083201159487        0.24986604855844
C           -2.92912836231775       -1.20190961656770        0.82900306862777
C           -4.29304086508857       -1.34970403591492        0.98942277895341
C           -5.16224500330373       -0.35516591620330        0.57177310534983
C           -4.65274798342763        0.80011563081659       -0.00050250232569
C           -3.29085964911986        0.96531831156056       -0.15332472831096
C            1.21011271058781       -0.00198168776324       -0.38348606307506
C            2.23926055259861       -0.62202947866131       -1.09024397303859
C            3.55502276878776       -0.23996502293587       -0.90041162409695
C            3.88900265361552        0.76844804335822       -0.00619816949031
C            5.31085420399802        1.18553061338679        0.20676823963846
C            2.86114056449658        1.38533534143514        0.70452864170758
C            1.54876733676809        1.00868374789253        0.52180721436367
H           -0.16263050627976       -1.04616305687415       -2.59106370883549
H           -1.63903939409098       -1.46697435451332       -1.70351684128870
H           -0.13436934119952       -2.34440163054392       -1.39050108136911
H           -2.24896156171525       -1.97502095221811        1.15915581738457
H           -4.68086900422269       -2.25329013667539        1.43919960916338
H           -6.22850759318255       -0.47783277167878        0.69380224070903
H           -5.32412067599044        1.58171239038224       -0.32801108013316
H           -2.88997169250153        1.86463904151846       -0.59875470065821
H            2.02610918281129       -1.41303034451273       -1.79254820788344
H            4.33598853975362       -0.73563251353052       -1.46038536707964
H            5.41124198825429        2.26433782977332        0.10164827750220
H            5.97447021435289        0.70059509739394       -0.50487170989495
H            5.63286888462711        0.92010010483610        1.21391998286488
H            3.10017138004179        2.17141842621842        1.40706233848656
H            0.75495763097953        1.48993836748820        1.07205514915862
31
 energy: -42.687823292598 gnorm: 0.000391976021 xtb: 6.7.1 (edcfbbe)
C           -0.55716618836902       -1.36941493331605       -1.62927789517447
C           -0.20026755884491       -0.37471347170370       -0.55677559735664
N           -1.05380338850112        0.18429902045014        0.19707892996654
C           -2.40807776667328       -0.04107324662171        0.25015408309059
C           -2.92910120788481       -1.20195036528919        0.82960015218571
C           -4.29305353578927       -1.34973305416480        0.98975034620375
C           -5.16219984727417       -0.35535411435717        0.57159158930799
C           -4.65261605756693        0.79979168150278       -0.00088460556735
C           -3.29070784420439        0.96494225904177       -0.15350001516289
C            1.21016910697835       -0.00170224808616       -0.38344165514254
C            2.23942182539409       -0.62156874291051       -1.09054322933260
C            3.55494629406721       -0.23968911639509       -0.90021225572088
C            3.88893429080736        0.76861210178272       -0.00545429581334
C            5.31146925754746        1.18486378965234        0.20692908145485
C            2.86119674798569        1.38585247574315        0.70458553160959
C            1.54868651864273        1.00904323301134        0.52153399394510
H           -0.16356655384770       -1.04499556611978       -2.59104551439414
H           -1.63898675421652       -1.46682991862968       -1.70335090184414
H           -0.13377113344141       -2.34432636909041       -1.39145164522050
H           -2.24910551426525       -1.97512206013453        1.16000083891510
H           -4.68102715013655       -2.25321622653740        1.43962334147352
H           -6.22849256786277       -0.47797761657918        0.69337080376184
H           -5.32381711800934        1.58136668997423       -0.32875718992752
H           -2.88953119396184        1.86408645645449       -0.59901179238013
H            2.02595809386239       -1.41258439562834       -1.79279046017014
H            4.33579896499116       -0.73575825959704       -1.46001712831620
H            5.41158328717031        2.26441349868805        0.10118707660979
H            5.97297968861575        0.69904137210572       -0.50585289081253
H            5.63244636221510        0.91996145093815        1.21450018600341
H            3.10031318227018        2.17194491943136        1.40709871044367
H            0.75509034090351        1.49046565811950        1.07192029174458
31
 energy: -42.687823619698 gnorm: 0.000134830250 xtb: 6.7.1 (edcfbbe)
C           -0.55720924021145       -1.36918101461439       -1.62934182342701
C           -0.20030471541146       -0.37469210107267       -0.55663366539511
N           -1.05385851205325        0.18429564788683        0.19720473888385
C           -2.40809277398533       -0.04122390506959        0.25032518326249
C           -2.92912775999096       -1.20198974982038        0.82992880646547
C           -4.29310208343255       -1.34974545343424        0.98994373705258
C           -5.16222521180495       -0.35548414070018        0.57146029037072
C           -4.65261775837160        0.79957073951780       -0.00117942007948
C           -3.29069933573931        0.96471984684606       -0.15360617624163
C            1.21008670119700       -0.00155710925678       -0.38334531748189
C            2.23935142734719       -0.62148734260825       -1.09051478259773
C            3.55480899249509       -0.23963470493237       -0.90018591586962
C            3.88880544401205        0.76867423838014       -0.00538418371889
C            5.31153932100275        1.18471797510627        0.20691969060274
C            2.86116767129168        1.38590090333091        0.70467268793653
C            1.54860797791318        1.00908434884847        0.52161076215013
H           -0.16419333784117       -1.04418987128424       -2.59108959296794
H           -1.63898241984203       -1.46719981089559       -1.70289404910585
H           -0.13318077841605       -2.34406259932097       -1.39210730384203
H           -2.24919163712990       -1.97506047418849        1.16065692080097
H           -4.68112022881601       -2.25310134568422        1.44001802778894
H           -6.22853622952341       -0.47812322141333        0.69308716546985
H           -5.32377976782679        1.58106125180365       -0.32937116539567
H           -2.88940674216480        1.86373391774914       -0.59928722537297
H            2.02569702589935       -1.41224209978279       -1.79293012049718
H            4.33566455626761       -0.73563830084651       -1.45997671370377
H            5.41226933338383        2.26410946280249        0.10082270797459
H            5.97317374247582        0.69837039942124       -0.50564396563277
H            5.63287975750075        0.91992594745232        1.21454110154536
H            3.10019904013828        2.17225083651133        1.40701061663923
H            0.75508012223845        1.49087263100334        1.07184686876605
31
 energy: -42.687823905916 gnorm: 0.000173533419 xtb: 6.7.1 (edcfbbe)
C           -0.55725873059835       -1.36872358350917       -1.62938413058804
C           -0.20034718789195       -0.37452917627302       -0.55639207641689
N           -1.05394348311919        0.18427842063961        0.19753505005966
C           -2.40813401946854       -0.04146435987331        0.25065570611789
C           -2.92918847173994       -1.20198464225633        0.83066730700764
C           -4.29321370391735       -1.34972627867546        0.99039886105800
C           -5.16231330647818       -0.35576961578203        0.57116909259421
C           -4.65266669320778        0.79908056771481       -0.00186284554164
C           -3.29072885733775        0.96425912451320       -0.15393835180812
C            1.21000402433328       -0.00117821498567       -0.38320948594956
C            2.23924888328364       -0.62117016124397       -1.09054237299324
C            3.55468156227998       -0.23950707767178       -0.90017325779682
C            3.88879708606561        0.76874966942685       -0.00526895833814
C            5.31170263964971        1.18426799928135        0.20689969983357
C            2.86129079947539        1.38621167183914        0.70462113502378
C            1.54860988973724        1.00946024174085        0.52157377936559
H           -0.16560258207956       -1.04253228017972       -2.59123669868937
H           -1.63897336189477       -1.46804161167160       -1.70176630432937
H           -0.13182310611923       -2.34335972221264       -1.39338083300943
H           -2.24933288116228       -1.97488750894829        1.16194997259586
H           -4.68130344433070       -2.25288869601560        1.44079353621110
H           -6.22865266572813       -0.47846825662690        0.69250888722932
H           -5.32377876664589        1.58038122304462       -0.33061541883511
H           -2.88926813136862        1.86307508499843       -0.59986943087870
H            2.02528201617938       -1.41169398580086       -1.79308065599300
H            4.33554003448311       -0.73543536094518       -1.45999996776385
H            5.41322823021737        2.26338259916171        0.10002168209800
H            5.97327614867659        0.69700039500719       -0.50517296454245
H            5.63305854715577        0.91990421485392        1.21465395799020
H            3.10024804924750        2.17256234847640        1.40701848668369
H            0.75526406290562        1.49142187370848        1.07198448398522
31
 energy: -42.687824161577 gnorm: 0.000265059697 xtb: 6.7.1 (edcfbbe)
C           -0.55731690315027       -1.36809246035825       -1.62938769495941
C           -0.20039871154730       -0.37419634274769       -0.55612003255305
N           -1.05399780483559        0.18421833910242        0.19809153163761
C           -2.40817763671464       -0.04169614282748        0.25109732936046
C           -2.92926127869169       -1.20188874441022        0.83169298271268
C           -4.29334567994590       -1.34969538873307        0.99099893397323
C           -5.16243305558317       -0.35615707779578        0.57079248829661
C           -4.65274207277694        0.79841889051544       -0.00277348330277
C           -3.29078059445800        0.96366329570679       -0.15444959598452
C            1.20993768915368       -0.00071585238251       -0.38307490416536
C            2.23906406108428       -0.62074083174393       -1.09063674764184
C            3.55451998196226       -0.23930978301961       -0.90033030789810
C            3.88889275636614        0.76879441841572       -0.00528937487061
C            5.31195236181702        1.18364708580904        0.20693750312370
C            2.86154645697898        1.38641272015589        0.70462373424542
C            1.54874557579142        1.00982723026416        0.52166531595534
H           -0.16768353087496       -1.04027513156569       -2.59150532607371
H           -1.63897012899700       -1.46916657367736       -1.70015223330416
H           -0.12986953152057       -2.34226404593554       -1.39503178492027
H           -2.24946011982943       -1.97451814254120        1.16373058131357
H           -4.68148403171434       -2.25258897644662        1.44189568426002
H           -6.22880279541360       -0.47896050867298        0.69176826842273
H           -5.32384012893766        1.57938135343982       -0.33235127527297
H           -2.88920699475330        1.86221144427054       -0.60081568650060
H            2.02480625229744       -1.41106577679946       -1.79330467651086
H            4.33534362692640       -0.73529828201215       -1.46015068663927
H            5.41423792288172        2.26254804676575        0.09901499682481
H            5.97344015021507        0.69524066181060       -0.50446070126446
H            5.63289448888740        0.92005792253182        1.21503308339940
H            3.10050005971933        2.17281279337280        1.40694762885209
H            0.75559219626521        1.49207076124374        1.07210233386429
31
 energy: -42.687824434665 gnorm: 0.000236918270 xtb: 6.7.1 (edcfbbe)
C           -0.55746995088892       -1.36720990262738       -1.62938040961814
C           -0.20046921626262       -0.37375287374330       -0.55573704031843
N           -1.05400248021326        0.18410991124425        0.19894631963002
C           -2.40821443813362       -0.04189723613346        0.25168569001546
C           -2.92931989145432       -1.20158957516264        0.83324252430496
C           -4.29346133297858       -1.34956203073743        0.99198161906591
C           -5.16257029408762       -0.35667359519271        0.57031129172885
C           -4.65284776938833        0.79744855765183       -0.00415152416929
C           -3.29085256845384        0.96283750649017       -0.15533649116525
C            1.20987611786374       -0.00015668751268       -0.38300829285311
C            2.23878017244895       -0.62014714675227       -1.09090084141872
C            3.55435090164479       -0.23913588695743       -0.90060143425237
C            3.88910013180438        0.76862842268243       -0.00531983155639
C            5.31227148849478        1.18288564275937        0.20705107343629
C            2.86190894414049        1.38654749157331        0.70459191770108
C            1.54898844202681        1.01032473665507        0.52170838722201
H           -0.17063360347669       -1.03722880593542       -2.59191526521906
H           -1.63904717436138       -1.47060020590289       -1.69799237423007
H           -0.12730398260893       -2.34068433458405       -1.39722517460130
H           -2.24952386340839       -1.97379801835326        1.16627612391073
H           -4.68161441683241       -2.25215144799195        1.44347957329826
H           -6.22897438777451       -0.47963712856033        0.69081887106839
H           -5.32397118295571        1.57793700103802       -0.33479068981506
H           -2.88926024854806        1.86104949572857       -0.60236255551674
H            2.02429699639625       -1.41026982701224       -1.79373515252156
H            4.33504141588474       -0.73515189017361       -1.46060345592033
H            5.41532820065058        2.26157884240137        0.09756185492159
H            5.97381786839009        0.69300606691031       -0.50324499034101
H            5.63238727389857        0.92063644016750        1.21573608329065
H            3.10106076192714        2.17275304914846        1.40705850658272
H            0.75603066685786        1.49257833061738        1.07241357171994
31
 energy: -42.687824615082 gnorm: 0.000108495296 xtb: 6.7.1 (edcfbbe)
C           -0.55769051773884       -1.36648245746172       -1.62942018969404
C           -0.20053750663909       -0.37333169205343       -0.55554603773092
N           -1.05393952366862        0.18407369037172        0.19961193443516
C           -2.40820352959363       -0.04193710178466        0.25211299387029
C           -2.92927933298449       -1.20118874949511        0.83459715123728
C           -4.29344339422077       -1.34939554382849        0.99287444306757
C           -5.16261796546917       -0.35707752939838        0.56998348733163
C           -4.65291943763349        0.79663777204671       -0.00529661638055
C           -3.29090037023547        0.96218358534156       -0.15620868049621
C            1.20987478834353        0.00008907019029       -0.38295764801308
C            2.23857379669900       -0.61974398178753       -1.09118156529851
C            3.55426989145851       -0.23895609574131       -0.90096182442511
C            3.88927413739208        0.76842949688975       -0.00541243389489
C            5.31247747117082        1.18237839618775        0.20722377871498
C            2.86219321580998        1.38634807801721        0.70475752010230
C            1.54923758478781        1.01037263326351        0.52197327415054
H           -0.17291260128971       -1.03493428300696       -2.59228000152791
H           -1.63921843056512       -1.47143629776661       -1.69649979365656
H           -0.12562927498138       -2.33943572845895       -1.39889925008213
H           -2.24939910317324       -1.97292040175979        1.16857510703067
H           -4.68153887486246       -2.25166518789858        1.44506402813645
H           -6.22904098935788       -0.48018587569663        0.69016144011873
H           -5.32411252369032        1.57662210354846       -0.33697851850842
H           -2.88943012085262        1.86006929897093       -0.60400206030081
H            2.02402981413820       -1.40960128135831       -1.79431916131089
H            4.33478719445109       -0.73503867713271       -1.46116604828670
H            5.41585281704757        2.26094126471604        0.09628756888017
H            5.97418036763319        0.69137341416445       -0.50206876900581
H            5.63179443628739        0.92150611685003        1.21648040484083
H            3.10163545694505        2.17236225521200        1.40732073812000
H            0.75633510539408        1.49261861059378        1.07273261295597
31
 energy: -42.687824629288 gnorm: 0.000128389776 xtb: 6.7.1 (edcfbbe)
C           -0.55791108458876       -1.36575501229606       -1.62945996976995
C           -0.20060579701555       -0.37291051036356       -0.55535503514340
N           -1.05387656712398        0.18403746949919        0.20027754924030
C           -2.40819262105364       -0.04197696743587        0.25254029772512
C           -2.92923877451466       -1.20078792382758        0.83595177816960
C           -4.29342545546297       -1.34922905691955        0.99376726706923
C           -5.16266563685073       -0.35748146360405        0.56965568293440
C           -4.65299110587865        0.79582698644158       -0.00644170859182
C           -3.29094817201710        0.96152966419295       -0.15708086982718
C            1.20987345882332        0.00033482789327       -0.38290700317305
C            2.23836742094905       -0.61934081682279       -1.09146228917829
C            3.55418888127223       -0.23877630452519       -0.90132221459785
C            3.88944814297977        0.76823057109707       -0.00550503623339
C            5.31268345384686        1.18187114961614        0.20739648399367
C            2.86247748747947        1.38614866446110        0.70492312250353
C            1.54948672754882        1.01042052987195        0.52223816107907
H           -0.17519159910273       -1.03263976007849       -2.59264473783676
H           -1.63938968676887       -1.47227238963032       -1.69500721308305
H           -0.12395456735382       -2.33818712233386       -1.40057332556296
H           -2.24927434293808       -1.97204278516632        1.17087409015061
H           -4.68146333289251       -2.25117892780522        1.44664848297463
H           -6.22910759094125       -0.48073462283294        0.68950400916906
H           -5.32425386442492        1.57530720605889       -0.33916634720178
H           -2.88959999315718        1.85908910221329       -0.60564156508487
H            2.02376263188015       -1.40893273570439       -1.79490317010023
H            4.33453297301743       -0.73492546409181       -1.46172864065307
H            5.41637743344457        2.26030368703070        0.09501328283875
H            5.97454286687630        0.68974076141859       -0.50089254767061
H            5.63120159867620        0.92237579353256        1.21722472639101
H            3.10221015196295        2.17197146127554        1.40758296965727
H            0.75663954393030        1.49265889057017        1.07305165419200
31
 energy: -42.687824754720 gnorm: 0.000076572857 xtb: 6.7.1 (edcfbbe)
C           -0.55795005800778       -1.36590279096184       -1.62956056289402
C           -0.20057877487135       -0.37310391778486       -0.55543876903490
N           -1.05383192370490        0.18406428023654        0.20005071275159
C           -2.40815015374971       -0.04188683049517        0.25236222152078
C           -2.92913960612084       -1.20067973033826        0.83586406512202
C           -4.29329316327336       -1.34909034801564        0.99389181465305
C           -5.16257717288760       -0.35735731559647        0.56981723118472
C           -4.65296850892602        0.79590337243600       -0.00641449574499
C           -3.29093052921229        0.96161641188927       -0.15718312520907
C            1.20989081773844        0.00019637704876       -0.38304252761415
C            2.23843143393938       -0.61937334734963       -1.09160618075876
C            3.55424398873906       -0.23881944884530       -0.90129329293707
C            3.88938785283836        0.76810635230985       -0.00536100931359
C            5.31255612823947        1.18214631707774        0.20739576805812
C            2.86236495041368        1.38588998193474        0.70511911352678
C            1.54941534336158        1.01016090761699        0.52227577333378
H           -0.17438223356557       -1.03338310620935       -2.59258583565800
H           -1.63945502257474       -1.47163583209046       -1.69574173735630
H           -0.12487014747559       -2.33859633970770       -1.40010128032133
H           -2.24912698117461       -1.97194791824779        1.17064137141223
H           -4.68129524048260       -2.25108822297102        1.44669722484288
H           -6.22900558923940       -0.48059474426293        0.68980096171603
H           -5.32424314216653        1.57546465819101       -0.33892155972024
H           -2.88964351713726        1.85921666839080       -0.60571236608441
H            2.02391554551967       -1.40898779325910       -1.79503358080600
H            4.33458282937350       -0.73481233287105       -1.46183144107895
H            5.41599848174201        2.26061367988047        0.09506063307167
H            5.97450902921737        0.69017762323799       -0.50096880568003
H            5.63124282910712        0.92266097795879        1.21718929749388
H            3.10209825354715        2.17160635078513        1.40791247936714
H            0.75650686139538        1.49211096174753        1.07327578653717
31
 energy: -42.687824937192 gnorm: 0.000086596327 xtb: 6.7.1 (edcfbbe)
C           -0.55807092563698       -1.36604995068736       -1.62985207849813
C           -0.20056169911161       -0.37325394384230       -0.55577681225525
N           -1.05376031513697        0.18421354431882        0.19955386723977
C           -2.40806879580799       -0.04168238699445        0.25201730648174
C           -2.92887657732002       -1.20036288482442        0.83592108245595
C           -4.29296742670148       -1.34879579099300        0.99429779154269
C           -5.16238402172189       -0.35719494895495        0.57014236229927
C           -4.65296006154093        0.79592476850216       -0.00649586031769
C           -3.29094550090956        0.96168264252753       -0.15758653238423
C            1.20993801026399       -0.00017750495849       -0.38315594672290
C            2.23855341143227       -0.61944369683902       -1.09186515951021
C            3.55432877846060       -0.23876424702800       -0.90138126240533
C            3.88926534346347        0.76794530891332       -0.00515349626614
C            5.31232390042273        1.18261211957042        0.20740909434946
C            2.86218383559637        1.38525813852854        0.70565932646376
C            1.54931841835206        1.00940166982981        0.52264707106059
H           -0.17276461346648       -1.03470440424613       -2.59256420113929
H           -1.63965485409916       -1.47016530154324       -1.69731394565598
H           -0.12679303220875       -2.33930462654257       -1.39925446965001
H           -2.24871195149129       -1.97147374613700        1.17074006972348
H           -4.68084139458734       -2.25068412881065        1.44742112693610
H           -6.22878056486948       -0.48044081142953        0.69039776130142
H           -5.32430959954962        1.57540375480381       -0.33904926871124
H           -2.88982340223456        1.85920466229767       -0.60641656246389
H            2.02413765875616       -1.40885281399399       -1.79554235608977
H            4.33466726180698       -0.73446134250875       -1.46216011237398
H            5.41532876158656        2.26107208581341        0.09463571965127
H            5.97447767785150        0.69064488996295       -0.50080483519188
H            5.63122656552484        0.92363930099128        1.21727726567985
H            3.10192511593293        2.17060699530516        1.40888210671915
H            0.75630257754564        1.49087755070401        1.07392883211142
31
 energy: -42.687825161048 gnorm: 0.000136509600 xtb: 6.7.1 (edcfbbe)
C           -0.55833589725617       -1.36554243322950       -1.63029016603358
C           -0.20058396311019       -0.37312208717042       -0.55595569468359
N           -1.05367684985593        0.18429883779416        0.19952113510789
C           -2.40800045539748       -0.04156692690806        0.25195660050685
C           -2.92856533750357       -1.19966566460440        0.83724176310100
C           -4.29260960962357       -1.34824383469253        0.99571248263023
C           -5.16223508570603       -0.35735465804785        0.57027632940382
C           -4.65305390465071        0.79516778837510       -0.00773525934157
C           -3.29105117292556        0.96108812141833       -0.15894147664609
C            1.20996234431175       -0.00025806173138       -0.38325880533521
C            2.23850699564248       -0.61901832727672       -1.09248379675199
C            3.55431417827625       -0.23844856855472       -0.90181345158417
C            3.88926644101791        0.76762597480392       -0.00491263319949
C            5.31225770018189        1.18266374729434        0.20751366097721
C            2.86225339803200        1.38428938066639        0.70659197684425
C            1.54940782643963        1.00855084260523        0.52339640938546
H           -0.17253464013952       -1.03433578178798       -2.59285217941766
H           -1.63996660626820       -1.46898658018805       -1.69809752761910
H           -0.12772851977487       -2.33909068865460       -1.39966174953174
H           -2.24818514118959       -1.97020123287725        1.17294221032522
H           -4.68030154162687       -2.24971300465807        1.44981642449331
H           -6.22860994721197       -0.48072530653571        0.69058956147253
H           -5.32454353352902        1.57413353843281       -0.34121311455585
H           -2.89015472821369        1.85821108464172       -0.60877447510369
H            2.02405548690917       -1.40796060166421       -1.79666950634260
H            4.33456252672408       -0.73372820506871       -1.46308169439433
H            5.41523493369749        2.26091797314414        0.09262438082371
H            5.97475224907104        0.68938616823545       -0.49948155948192
H            5.63074259282654        0.92575090864452        1.21803490448176
H            3.10212674589901        2.16908957489987        1.41038043759406
H            0.75639609555571        1.48946292442920        1.07518269725532
31
 energy: -42.687825659814 gnorm: 0.000181006366 xtb: 6.7.1 (edcfbbe)
C           -0.55894516093734       -1.36392816170955       -1.63146857254932
C           -0.20067293954356       -0.37246529326137       -0.55643937434099
N           -1.05354291945942        0.18441390951406        0.19966269737378
C           -2.40789530236084       -0.04146854082844        0.25198576099094
C           -2.92788959823766       -1.19784733849340        0.84119276709109
C           -4.29185825853309       -1.34678802922875        0.99970795741381
C           -5.16197909276943       -0.35791859795188        0.57052392175793
C           -4.65335746056897        0.79287956359555       -0.01135490373011
C           -3.29138887840563        0.95915651312903       -0.16277960669343
C            1.20999733804063       -0.00025125449404       -0.38337494789846
C            2.23827989178166       -0.61755431730445       -1.09421949394938
C            3.55416748398157       -0.23733148871523       -0.90320090626090
C            3.88936513878942        0.76688064889738       -0.00434285785677
C            5.31225703377853        1.18244565670445        0.20781396671386
C            2.86261486287594        1.38185836043427        0.70904394454440
C            1.54975120842123        1.00646392382838        0.52551513826757
H           -0.17262117987597       -1.03250675000362       -2.59373944294269
H           -1.64065775904592       -1.46636698943334       -1.69960794124373
H           -0.12927103512276       -2.33801223575987       -1.40131069387702
H           -2.24701491509283       -1.96673804873837        1.17965775221314
H           -4.67910732302782       -2.24689499105489        1.45688518467550
H           -6.22830915198501       -0.48157439756754        0.69092490842266
H           -5.32521724299759        1.57023220748529       -0.34786790638053
H           -2.89099784347784        1.85497963157058       -0.61566833318110
H            2.02357297900319       -1.40501824680194       -1.79998455317625
H            4.33419461648556       -0.73143173597428       -1.46581509423506
H            5.41570475972152        2.25999411866377        0.08629869068646
H            5.97561758988567        0.68471887490019       -0.49527375476642
H            5.62918650082701        0.93183017160677        1.22040130996303
H            3.10281797186433        2.16496859702738        1.41460955303862
H            0.75690126658743        1.48594914169890        1.07878271430940
31
 energy: -42.687826169677 gnorm: 0.000222497461 xtb: 6.7.1 (edcfbbe)
C           -0.55975401966440       -1.36104801257786       -1.63319082852820
C           -0.20082471468544       -0.37125081826753       -0.55685730677033
N           -1.05342644973682        0.18426111518407        0.20049743187240
C           -2.40783128623042       -0.04171984422917        0.25246291771850
C           -2.92715953026779       -1.19510962527268        0.84811449270898
C           -4.29108360023708       -1.34449489245779        1.00636299492887
C           -5.16182886161972       -0.35897813256025        0.57066681074212
C           -4.65385997301626        0.78883426103972       -0.01763346097666
C           -3.29190978302655        0.95554309276966       -0.16905505272175
C            1.20997659468815        0.00033613004861       -0.38355572438696
C            2.23773521967542       -0.61467845079373       -1.09712746143616
C            3.55378748521601       -0.23523041315911       -0.90565062736970
C            3.88966235126828        0.76583480580135       -0.00355393187972
C            5.31256765956752        1.18143478234050        0.20841655459645
C            2.86344032448264        1.37833158898707        0.71276658148766
C            1.55042686938718        1.00376550004942        0.52872687327096
H           -0.17464150117703       -1.02780284105406       -2.59533899104128
H           -1.64151203162048       -1.46377434345835       -1.70034345803154
H           -0.12943635009966       -2.33533620636517       -1.40516663232963
H           -2.24571635285502       -1.96141712440450        1.19130432360134
H           -4.67779631619590       -2.24236786684478        1.46838574605645
H           -6.22813307434996       -0.48300023010954        0.69090469737933
H           -5.32620049929414        1.56355313853685       -0.35928974470989
H           -2.89210508476778        1.84913234916546       -0.62690595149739
H            2.02248784643607       -1.39971389815091       -1.80543939913434
H            4.33342550923918       -0.72752831331161       -1.47039834751071
H            5.41756802196916        2.25765359002748        0.07572582669879
H            5.97718813075200        0.67582394452426       -0.48788323285462
H            5.62648361210498        0.94131052275326        1.22448897958227
H            3.10417403620435        2.15896253240077        1.42088777061636
H            0.75799834845549        1.48134856112366        1.08423603429847
31
 energy: -42.687826482948 gnorm: 0.000109195568 xtb: 6.7.1 (edcfbbe)
C           -0.55990560400840       -1.35967798892226       -1.63396565745689
C           -0.20089511256586       -0.37053417013191       -0.55705504493968
N           -1.05348335127078        0.18393769014937        0.20103659278735
C           -2.40788721682434       -0.04216493599266        0.25284280479757
C           -2.92709149165823       -1.19395442541244        0.85159400614849
C           -4.29104940362931       -1.34338380161415        1.00958534084337
C           -5.16193906539653       -0.35945510373529        0.57072297382425
C           -4.65408870369403        0.78677756878625       -0.02069327069609
C           -3.29213918127861        0.95347069728129       -0.17207910733968
C            1.20991480961969        0.00094766166089       -0.38364810147173
C            2.23739253385154       -0.61282828862337       -1.09872714219230
C            3.55350189151441       -0.23382412373640       -0.90707838854746
C            3.88985015281971        0.76550909125255       -0.00320827871905
C            5.31286979013344        1.18062288027880        0.20880257708202
C            2.86393548945000        1.37683061822014        0.71449449680324
C            1.55078062811376        1.00273595287078        0.53022445609930
H           -0.17598525105318       -1.02518203656405       -2.59616356255470
H           -1.64164043742787       -1.46327307310699       -1.70023242679238
H           -0.12852406564385       -2.33380251368884       -1.40725511963639
H           -2.24556664720254       -1.95905521836240        1.19724781067517
H           -4.67763274929726       -2.23996981369997        1.47418110953831
H           -6.22824974177045       -0.48347133015995        0.69090463168725
H           -5.32656648048543        1.56014487045419       -0.36508146390447
H           -2.89242484982990        1.84576840525966       -0.63249267585221
H            2.02179052291030       -1.39654982697381       -1.80836795261742
H            4.33296903777634       -0.72515461170386       -1.47289779050965
H            5.41921638579912        2.25595010815737        0.07032946425277
H            5.97796628915463        0.67070746165197       -0.48380261844073
H            5.62505532543213        0.94583971259956        1.22654046267288
H            3.10485769396195        2.15617601073937        1.42395738773651
H            0.75867138310158        1.47953743480124        1.08684237110244
31
 energy: -42.687826732523 gnorm: 0.000078784241 xtb: 6.7.1 (edcfbbe)
C           -0.55989472601419       -1.35831023150122       -1.63472289519367
C           -0.20094651731294       -0.36978790560240       -0.55720142151094
N           -1.05359387384199        0.18327203169810        0.20179645134401
C           -2.40799858519881       -0.04295995629509        0.25340408038656
C           -2.92728760297500       -1.19293403169828        0.85549406171880
C           -4.29133181096633       -1.34217050222446        1.01319038722772
C           -5.16222166485723       -0.35984456876899        0.57081646666863
C           -4.65428142466881        0.78457688032132       -0.02405031405215
C           -3.29230381564991        0.95103311521902       -0.17529707789183
C            1.20982918615444        0.00186948388584       -0.38384096788663
C            2.23698634748878       -0.61048335897800       -1.10066143432669
C            3.55318186932416       -0.23201022684179       -0.90885451282659
C            3.89011238705992        0.76534367456651       -0.00297654734539
C            5.31331009722746        1.17949613842111        0.20939387065404
C            2.86452079112339        1.37552596486142        0.71612736934703
C            1.55117826802639        1.00199541580907        0.53163324832560
H           -0.17801001615976       -1.02206815902759       -2.59710726797279
H           -1.64154755526013       -1.46372955175815       -1.69941738699991
H           -0.12646651748223       -2.33195024974500       -1.40974035976319
H           -2.24587088984349       -1.95695701430527        1.20370168363020
H           -4.67794134922066       -2.23745723754354        1.48023404981696
H           -6.22857309375209       -0.48369871161603        0.69083138739577
H           -5.32676427421281        1.55666273040073       -0.37124779441893
H           -2.89251363830457        1.84193165217383       -0.63833593018476
H            2.02099585263364       -1.39261073551544       -1.81193638129752
H            4.33245151210921       -0.72221965925639       -1.47592075178853
H            5.42149395423424        2.25374415049613        0.06430056187593
H            5.97892381064349        0.66437937768583       -0.47886205820436
H            5.62316566024908        0.95067629634758        1.22916270580124
H            3.10565224461568        2.15338972032078        1.42714201246731
H            0.75944795543310        1.47797037020548        1.08950264938417
31
 energy: -42.687826820498 gnorm: 0.000072736832 xtb: 6.7.1 (edcfbbe)
C           -0.55976418279223       -1.35818412334844       -1.63487724032428
C           -0.20092958082654       -0.36972191237186       -0.55725482168564
N           -1.05361147716653        0.18278921063920        0.20208172422215
C           -2.40802769818174       -0.04339981888590        0.25362887285108
C           -2.92752563110510       -1.19285210037345        0.85648588089666
C           -4.29162343168768       -1.34186674032826        1.01401841275306
C           -5.16235542659741       -0.35978044738043        0.57087253624266
C           -4.65420905078128        0.78414176082778       -0.02475756558893
C           -3.29220477676801        0.95030776834377       -0.17600364442654
C            1.20979264849338        0.00223866285358       -0.38408469274241
C            2.23686137396979       -0.60950754728998       -1.10154413978573
C            3.55308117888917       -0.23123682266926       -0.90957128209711
C            3.89015715547806        0.76536041150750       -0.00291618132481
C            5.31343201613341        1.17910789860946        0.20973676680151
C            2.86461847765695        1.37523146115264        0.71652028295589
C            1.55123699442761        1.00187960672823        0.53188003333789
H           -0.17883136331475       -1.02128076625794       -2.59741131576066
H           -1.64136872870047       -1.46447308818264       -1.69889602760228
H           -0.12534828748137       -2.33150435877308       -1.41051786366175
H           -2.24627381664743       -1.95668292970853        1.20544494673379
H           -4.67837095538040       -2.23668147329485        1.48186695935292
H           -6.22873016029878       -0.48338796376877        0.69092043077049
H           -5.32657612021175        1.55595927634460       -0.37276777466055
H           -2.89226694202850        1.84074774009667       -0.63979387336394
H            2.02082596180399       -1.39115878803557       -1.81331679308042
H            4.33228672570097       -0.72106034533416       -1.47706319491640
H            5.42243583705638        2.25296566256186        0.06245214740689
H            5.97926177937051        0.66219731722733       -0.47686624960060
H            5.62231959393389        0.95232031075145        1.23018983555842
H            3.10581306112272        2.15268023572116        1.42795069652841
H            0.75959740653516        1.47752680437298        1.09015101859032
31
 energy: -42.687826820587 gnorm: 0.000136206966 xtb: 6.7.1 (edcfbbe)
C           -0.55963826732671       -1.35805856336098       -1.63501887646406
C           -0.20091466575782       -0.36965196150991       -0.55730095376856
N           -1.05363199121426        0.18233838492689        0.20235437415827
C           -2.40805870208288       -0.04381309520293        0.25384221238571
C           -2.92775169828113       -1.19277537812368        0.85741803430879
C           -4.29190040071486       -1.34158725682868        1.01478855906977
C           -5.16248515234359       -0.35972827503393        0.57091945381043
C           -4.65414638534027        0.78372686754606       -0.02542315025500
C           -3.29211768819996        0.94962228306349       -0.17666866205325
C            1.20975664115725        0.00259683569451       -0.38431220465259
C            2.23673992172253       -0.60858360381152       -1.10237216003328
C            3.55298366890159       -0.23051071245793       -0.91024244082063
C            3.89020217784278        0.76537409110682       -0.00285709621078
C            5.31355209619176        1.17873528456417        0.21005448053714
C            2.86471583661761        1.37495874102149        0.71688929875179
C            1.55129503225685        1.00178195433664        0.53211116830428
H           -0.17959784444418       -1.02053450772861       -2.59769305717789
H           -1.64119711310319       -1.46516506388245       -1.69840562810661
H           -0.12429444820074       -2.33107737188117       -1.41124309289778
H           -2.24665405018446       -1.95642096238072        1.20709249911968
H           -4.67877500703406       -2.23595061156426        1.48341186617557
H           -6.22888123928610       -0.48310384662974        0.69100229928639
H           -5.32640753934854        1.55528373127319       -0.37421009200394
H           -2.89204247621527        1.83962710843991       -0.64117410398658
H            2.02065984614883       -1.38979454320031       -1.81460327074205
H            4.33212815782720       -0.71997562367825       -1.47813225416563
H            5.42333269425626        2.25222576735563        0.06072885671201
H            5.97957699438534        0.66015032912954       -0.47500530049205
H            5.62153886071114        0.95383983955118        1.23113973825252
H            3.10597078468062        2.15201998382221        1.42870611720905
H            0.75974453698025        1.47712507717844        1.09076127012940
31
 energy: -42.687826900741 gnorm: 0.000064516786 xtb: 6.7.1 (edcfbbe)
C           -0.55968001398122       -1.35822639192140       -1.63507089335644
C           -0.20089564018106       -0.36978975329953       -0.55740225541196
N           -1.05355616883514        0.18225349542236        0.20227772151627
C           -2.40799217587860       -0.04383683561833        0.25382079527610
C           -2.92772917394002       -1.19277033047926        0.85745490006022
C           -4.29187361037077       -1.34147335448053        1.01492487942584
C           -5.16241710989571       -0.35956758840759        0.57101228216487
C           -4.65403265058885        0.78383674215473       -0.02540478009988
C           -3.29199113053171        0.94966342351557       -0.17666621944288
C            1.20978920757174        0.00239825747505       -0.38436851379631
C            2.23680262383662       -0.60863354867703       -1.10248805996346
C            3.55303075722240       -0.23041422676094       -0.91037491595100
C            3.89014855972469        0.76541176505060       -0.00290889367083
C            5.31344774447223        1.17886394107333        0.21017793742168
C            2.86461071618093        1.37485639454529        0.71691538323190
C            1.55124563937300        1.00155723750719        0.53213822389761
H           -0.17968721442196       -1.02070813487987       -2.59776568973192
H           -1.64124370785612       -1.46532652964014       -1.69840773439585
H           -0.12432310971697       -2.33124675947340       -1.41131305433879
H           -2.24665778717656       -1.95650310506577        1.20698885915925
H           -4.67881224464575       -2.23592270649602        1.48331941442848
H           -6.22882203742484       -0.48290437697478        0.69106677890977
H           -5.32622777020932        1.55553854648913       -0.37400609259751
H           -2.89188261790478        1.83972253464834       -0.64104263936123
H            2.02078368356121       -1.38971071245975       -1.81489728797646
H            4.33218134182643       -0.71979837273174       -1.47832244582446
H            5.42315288245997        2.25235554503391        0.06052983489481
H            5.97962587367916        0.66008297052402       -0.47464931168367
H            5.62122538806766        0.95430263841432        1.23144958443754
H            3.10586642173231        2.15185164070552        1.42882059177507
H            0.75961590445302        1.47681249654184        1.09074948538331
31
 energy: -42.687827001743 gnorm: 0.000067973783 xtb: 6.7.1 (edcfbbe)
C           -0.55974569214812       -1.35869120003709       -1.63517564507194
C           -0.20083777253293       -0.37022484856818       -0.55758886765990
N           -1.05339117054101        0.18203298552950        0.20205462302793
C           -2.40784666845528       -0.04387032272880        0.25373501671593
C           -2.92769075321391       -1.19282379656533        0.85728555296864
C           -4.29183234365579       -1.34129264065886        1.01492754193169
C           -5.16226354560950       -0.35915471961304        0.57120432179818
C           -4.65376241908807        0.78425985875336       -0.02510905632179
C           -3.29169560587423        0.94989199696183       -0.17646102749441
C            1.20984985383696        0.00198724179459       -0.38457517486482
C            2.23695695123322       -0.60871347417999       -1.10280302702776
C            3.55314265540227       -0.23023355926956       -0.91062096999696
C            3.89002267302855        0.76544855148845       -0.00294600585832
C            5.31318323370512        1.17923222788307        0.21040603119494
C            2.86435657990992        1.37454264169509        0.71704945683101
C            1.55110338311119        1.00103592401332        0.53216783766595
H           -0.17976396478809       -1.02127038836295       -2.59791190828508
H           -1.64132366408346       -1.46573253131429       -1.69844830297129
H           -0.12443547140620       -2.33173391760670       -1.41136722653246
H           -2.24667496511136       -1.95672680382453        1.20656554298218
H           -4.67890199571319       -2.23582633382964        1.48304748909234
H           -6.22868283091268       -0.48237453886451        0.69127190790815
H           -5.32582615894449        1.55622510005233       -0.37341028132587
H           -2.89148814796866        1.84002194751608       -0.64062975666525
H            2.02108322548503       -1.38959007848014       -1.81548866872319
H            4.33233638010759       -0.71933343169252       -1.47875152474234
H            5.42267294725426        2.25268434914463        0.06004236498925
H            5.97973326629104        0.66009153033036       -0.47388450873567
H            5.62057032413034        0.95542391190602        1.23202013776034
H            3.10554947553096        2.15141019114969        1.42913431498833
H            0.75930480162250        1.47597902911292        1.09081769680231
31
 energy: -42.687827006175 gnorm: 0.000042237628 xtb: 6.7.1 (edcfbbe)
C           -0.55974449614772       -1.35869124756689       -1.63517587451936
C           -0.20083371415908       -0.37023339103477       -0.55758522146305
N           -1.05339944271306        0.18203692943002        0.20204653571648
C           -2.40784474787073       -0.04387262326867        0.25373958480929
C           -2.92768889864358       -1.19282077041143        0.85727872790416
C           -4.29183702592785       -1.34128830294054        1.01491547808656
C           -5.16225861091648       -0.35915652998270        0.57120369209963
C           -4.65375991401548        0.78426196859528       -0.02510235988363
C           -3.29169941896383        0.94989383387369       -0.17645531015157
C            1.20984893029937        0.00199164548886       -0.38457246090163
C            2.23696477802679       -0.60870844492674       -1.10281131247162
C            3.55313238649645       -0.23023833273236       -0.91062389782801
C            3.89001692305699        0.76544506557668       -0.00293538648785
C            5.31319241903118        1.17923914131659        0.21040779332164
C            2.86436534163992        1.37453963855583        0.71704963868385
C            1.55109784090485        1.00103164611055        0.53216422515121
H           -0.17976582276376       -1.02127188085483       -2.59791108976143
H           -1.64132159655151       -1.46573469034386       -1.69844733927717
H           -0.12443391962427       -2.33173419851452       -1.41136889962200
H           -2.24667556950982       -1.95672640765941        1.20656373673567
H           -4.67890231011667       -2.23582428568006        1.48304963552406
H           -6.22868162487744       -0.48237251166198        0.69127421453924
H           -5.32582559436164        1.55622369834934       -0.37340805886048
H           -2.89148612477341        1.84002015674909       -0.64062837142726
H            2.02108296039186       -1.38959037270079       -1.81548484368404
H            4.33233810223044       -0.71933097500661       -1.47874962502665
H            5.42267621114363        2.25266956965333        0.06003969420339
H            5.97972709048536        0.66010018071699       -0.47386759518172
H            5.62056663070070        0.95543421817557        1.23199936683579
H            3.10554523844223        2.15140663778039        1.42913330035742
H            0.75930655968858        1.47597553664906        1.09081990695919
