Molecule has no symmetry elements
It seems to be the C1 point group
      -----------------------------------------------------------
     |                   =====================                   |
     |                        T H E R M O                        |
     |                   =====================                   |
     |                         S. Ehlert                         |
     |          Mulliken Center for Theoretical Chemistry        |
     |                    University of Bonn                     |
      -----------------------------------------------------------

   * xtb-thermo version 6.7.1 (edcfbbe) compiled by 'VssAdministrator@runnervm171ch' on 2026-06-10

 * started run on 2026/09/10 at 23:26:53.195     
eigval :       -0.02    -0.02    -0.01     0.01     0.02     0.03
eigval :       23.40    29.90    48.83    82.47    98.36   127.63
eigval :      151.56   164.43   182.59   233.26   278.20   342.68
eigval :      353.67   370.53   378.40   404.39   447.21   459.47
eigval :      478.43   498.61   513.36   560.91   577.00   590.56
eigval :      600.56   652.16   656.62   666.56   724.04   753.50
eigval :      756.31   799.87   820.73   831.73   860.08   866.54
eigval :      870.79   880.48   882.48   910.41   917.80   922.13
eigval :      925.34   928.11   928.57   977.82  1000.11  1027.72
eigval :     1076.35  1080.51  1103.38  1117.35  1145.56  1176.41
eigval :     1178.66  1180.50  1191.44  1205.85  1228.04  1252.96
eigval :     1261.58  1269.70  1280.45  1316.82  1329.70  1364.73
eigval :     1380.06  1398.63  1424.70  1433.72  1448.08  1454.76
eigval :     1463.48  1466.72  1500.07  1559.05  1568.71  1593.33
eigval :     1597.40  1608.11  1703.68  3006.59  3027.64  3057.00
eigval :     3059.36  3063.65  3065.62  3066.39  3068.79  3070.19
eigval :     3075.97  3077.10  3078.63  3086.23  3086.42  3090.50

c1  symmetry found (for desy threshold:  0.10E+00) used in thermo

          ...................................................
          :                      SETUP                      :
          :.................................................:
          :  # frequencies                          96      :
          :  # imaginary freq.                       0      :
          :  linear?                             false      :
          :  only rotor calc.                    false      :
          :  symmetry                               c1      :
          :  rotational number                       1      :
          :  scaling factor                  1.0000000      :
          :  rotor cutoff                  100.0000000 cm⁻¹ :
          :  imag. cutoff                  -20.0000000 cm⁻¹ :
          :.................................................:

    mode    ω/cm⁻¹     T·S(HO)/kcal·mol⁻¹    T·S(FR)/kcal·mol⁻¹   T·S(vib)
   ------------------------------------------------------------------------
       1     23.40    -1.88516 (  0.30%)    -1.28141 ( 99.70%)    -1.28321
       2     29.90    -1.73994 (  0.79%)    -1.20873 ( 99.21%)    -1.21295
       3     48.83    -1.45022 (  5.38%)    -1.06348 ( 94.62%)    -1.08429
       4     82.47    -1.14230 ( 31.62%)    -0.90828 ( 68.38%)    -0.98229
       5     98.36    -1.03954 ( 48.34%)    -0.85609 ( 51.66%)    -0.94478
       6    127.63    -0.88892 ( 72.63%)    -0.77892 ( 27.37%)    -0.85881
       7    151.56    -0.79086 ( 84.07%)    -0.72801 ( 15.93%)    -0.78085
       8    164.43    -0.74486 ( 87.97%)    -0.70388 ( 12.03%)    -0.73992
       9    182.59    -0.68626 ( 91.75%)    -0.67283 (  8.25%)    -0.68515
      10    233.26    -0.55270 ( 96.73%)    -0.60029 (  3.27%)    -0.55425
      11    278.20    -0.46055 ( 98.36%)    -0.54809 (  1.64%)    -0.46199
   ------------------------------------------------------------------------

   temp. (K)  partition function   enthalpy   heat capacity  entropy
                                   cal/mol     cal/K/mol   cal/K/mol   J/K/mol
 298.15  VIB  0.637E+06             8270.666     53.008     48.309
         ROT  0.459E+07              888.752      2.981     33.466
normal termination of xtb
         INT  0.293E+13             9159.419     55.988     81.775
         TR   0.372E+28             1481.254      4.968     42.374
         TOT                       10640.6727    60.9566   124.1490   519.4394

       T/K    H(0)-H(T)+PV         H(T)/Eh          T*S/Eh         G(T)/Eh
   ------------------------------------------------------------------------
    298.15    0.169570E-01    0.285546E+00    0.589872E-01    0.226559E+00
   ------------------------------------------------------------------------

         :::::::::::::::::::::::::::::::::::::::::::::::::::::
         ::                  THERMODYNAMIC                  ::
         :::::::::::::::::::::::::::::::::::::::::::::::::::::
         :: total free energy           0.226558624459 Eh   ::
         ::.................................................::
         :: total energy                0.000000000000 Eh   ::
         :: zero point energy           0.268588824372 Eh   ::
         :: G(RRHO) w/o ZPVE           -0.042030199913 Eh   ::
         :: G(RRHO) contrib.            0.226558624459 Eh   ::
         :::::::::::::::::::::::::::::::::::::::::::::::::::::

------------------------------------------------------------------------
 * finished run on 2026/09/10 at 23:26:53.228     
------------------------------------------------------------------------
 total:
 * wall-time:     0 d,  0 h,  0 min,  0.033 sec
 *  cpu-time:     0 d,  0 h,  0 min,  0.016 sec
 * ratio c/w:     0.469 speedup

