Molecule has no symmetry elements
It seems to be the C1 point group
      -----------------------------------------------------------
     |                   =====================                   |
     |                        T H E R M O                        |
     |                   =====================                   |
     |                         S. Ehlert                         |
     |          Mulliken Center for Theoretical Chemistry        |
     |                    University of Bonn                     |
      -----------------------------------------------------------

   * xtb-thermo version 6.7.1 (edcfbbe) compiled by 'VssAdministrator@runnervm171ch' on 2026-06-10

 * started run on 2026/09/10 at 23:26:53.721     
eigval :       -0.02    -0.01    -0.01     0.01     0.01     0.03
eigval :       21.87    34.21    45.18    97.25    99.31   119.95
eigval :      147.13   154.52   179.63   217.78   267.42   333.46
eigval :      361.19   371.67   390.60   420.72   434.19   455.96
eigval :      485.37   489.31   530.62   540.07   579.37   590.57
eigval :      605.81   645.12   667.96   686.26   725.38   756.60
eigval :      760.04   778.52   814.27   828.15   851.31   868.47
eigval :      880.08   884.49   894.05   918.08   922.02   924.45
eigval :      924.84   932.69   969.15   982.44  1009.81  1023.85
eigval :     1080.36  1080.88  1111.56  1117.71  1136.12  1170.72
eigval :     1179.80  1179.93  1191.19  1199.41  1222.01  1243.44
eigval :     1258.56  1264.02  1280.98  1317.79  1337.19  1366.22
eigval :     1382.12  1390.95  1417.09  1434.36  1450.07  1454.06
eigval :     1461.79  1468.45  1505.97  1563.52  1572.78  1594.39
eigval :     1595.82  1608.32  1722.89  2999.78  3029.23  3053.54
eigval :     3062.75  3065.27  3065.91  3067.28  3068.93  3070.79
eigval :     3076.77  3077.68  3081.06  3084.42  3087.45  3087.66

c1  symmetry found (for desy threshold:  0.10E+00) used in thermo

          ...................................................
          :                      SETUP                      :
          :.................................................:
          :  # frequencies                          96      :
          :  # imaginary freq.                       0      :
          :  linear?                             false      :
          :  only rotor calc.                    false      :
          :  symmetry                               c1      :
          :  rotational number                       1      :
          :  scaling factor                  1.0000000      :
          :  rotor cutoff                  100.0000000 cm⁻¹ :
          :  imag. cutoff                  -20.0000000 cm⁻¹ :
          :.................................................:

    mode    ω/cm⁻¹     T·S(HO)/kcal·mol⁻¹    T·S(FR)/kcal·mol⁻¹   T·S(vib)
   ------------------------------------------------------------------------
       1     21.87    -1.92507 (  0.23%)    -1.30137 ( 99.77%)    -1.30279
       2     34.21    -1.66043 (  1.35%)    -1.16890 ( 98.65%)    -1.17554
       3     45.18    -1.49612 (  4.00%)    -1.08652 ( 96.00%)    -1.10290
       4     97.25    -1.04613 ( 47.21%)    -0.85944 ( 52.79%)    -0.94758
       5     99.31    -1.03393 ( 49.31%)    -0.85323 ( 50.69%)    -0.94233
       6    119.95    -0.92464 ( 67.42%)    -0.79731 ( 32.58%)    -0.88316
       7    147.13    -0.80769 ( 82.41%)    -0.73679 ( 17.59%)    -0.79522
       8    154.52    -0.77990 ( 85.08%)    -0.72228 ( 14.92%)    -0.77130
       9    179.63    -0.69536 ( 91.24%)    -0.67767 (  8.76%)    -0.69381
      10    217.78    -0.58959 ( 95.74%)    -0.62063 (  4.26%)    -0.59092
      11    267.42    -0.48086 ( 98.08%)    -0.55980 (  1.92%)    -0.48237
   ------------------------------------------------------------------------

   temp. (K)  partition function   enthalpy   heat capacity  entropy
                                   cal/mol     cal/K/mol   cal/K/mol   J/K/mol
 298.15  VIB  0.653E+06             8283.003     52.977     48.537
         ROT  0.405E+07              888.752      2.981     33.216
normal termination of xtb
         INT  0.265E+13             9171.755     55.958     81.753
         TR   0.372E+28             1481.254      4.968     42.374
         TOT                       10653.0092    60.9263   124.1271   519.3479

       T/K    H(0)-H(T)+PV         H(T)/Eh          T*S/Eh         G(T)/Eh
   ------------------------------------------------------------------------
    298.15    0.169767E-01    0.285710E+00    0.589768E-01    0.226733E+00
   ------------------------------------------------------------------------

         :::::::::::::::::::::::::::::::::::::::::::::::::::::
         ::                  THERMODYNAMIC                  ::
         :::::::::::::::::::::::::::::::::::::::::::::::::::::
         :: total free energy           0.226732937041 Eh   ::
         ::.................................................::
         :: total energy                0.000000000000 Eh   ::
         :: zero point energy           0.268733090713 Eh   ::
         :: G(RRHO) w/o ZPVE           -0.042000153672 Eh   ::
         :: G(RRHO) contrib.            0.226732937041 Eh   ::
         :::::::::::::::::::::::::::::::::::::::::::::::::::::

------------------------------------------------------------------------
 * finished run on 2026/09/10 at 23:26:53.754     
------------------------------------------------------------------------
 total:
 * wall-time:     0 d,  0 h,  0 min,  0.033 sec
 *  cpu-time:     0 d,  0 h,  0 min,  0.000 sec
 * ratio c/w:     0.000 speedup

