
========================================================================
PHASE 2 HEAVY DYNAMICS BENCHMARK — 2026-09-10T13:58:06
========================================================================
[13:58:06] [main] python 3.12.14 | out_dir=results_phase2 | fig_dir=figures_phase2

========================================================================
STAGE 1 — medicinal chemistry & structural triage
========================================================================
[13:58:07] [stage1] T01: MW=470.89 cLogP=2.21 TPSA=90.03 Fsp3=0.304 RotB=3 SAS=3.1 QED=0.692 PAINS=0
[13:58:07] [stage1] T02: MW=604.66 cLogP=1.68 TPSA=218.49 Fsp3=0.5 RotB=14 SAS=3.59 QED=0.134 PAINS=0
[13:58:07] [stage1] T03: MW=465.6 cLogP=-1.81 TPSA=145.5 Fsp3=0.643 RotB=0 SAS=6.57 QED=0.206 PAINS=0
[13:58:07] [stage1] T04: MW=514.99 cLogP=4.99 TPSA=66.29 Fsp3=0.179 RotB=5 SAS=2.94 QED=0.3 PAINS=0
[13:58:07] [stage1] T05: MW=545.67 cLogP=3.1 TPSA=135.42 Fsp3=0.345 RotB=7 SAS=3.6 QED=0.418 PAINS=0

========================================================================
STAGE 2 — 36-point relaxed torsional PES scans (MMFF94)
========================================================================
[13:58:10] [stage2] T01: barrier=7.80 kcal/mol (min@50°, max@200°, hinge (rotatable, max-split))
[13:58:20] [stage2] T02: barrier=21.35 kcal/mol (min@220°, max@80°, hinge (rotatable, max-split))
[13:58:23] [stage2] T03: barrier=72.82 kcal/mol (min@260°, max@220°, disulfide S-S strain probe)
[13:58:27] [stage2] T04: barrier=10.53 kcal/mol (min@260°, max@40°, hinge (rotatable, max-split))
[13:58:33] [stage2] T05: barrier=17.30 kcal/mol (min@110°, max@10°, hinge (rotatable, max-split))

========================================================================
STAGE 3 — OpenMM MD: OpenFF Sage 2.1.0 + GBSA/OBC2, 300 K
========================================================================
[13:58:34] [stage3] MD target = T02 (ADC cathepsin-B linker (Val-Cit-PAB mimic); RotB=14)
[13:58:34] [stage3] parameterizing via $USER_PROFILE\miniconda3\envs\phase2ff\python.exe ...
[13:58:53] [stage3] system exported: 83 particles, 40 constraints, charges=mmff94 (RDKit; Sage valence+vdW; 1-4 coulomb 1/1.2)
[13:58:53] [stage3] GBSA/OBC2 added (solvent eps 78.5, solute eps 1.0, 83 particles)
[13:58:54] [stage3] energy minimized in 1.4 s
[13:58:54] [stage3] equilibration: 5000 steps ...
[13:59:01] [stage3] production: 100000 steps (200 ps), recording every 500
#"Step","Time (ps)","Potential Energy (kJ/mole)","Temperature (K)","Speed (ns/day)","Time Remaining"
10000,19.999999999999794,-6263.481766216365,303.84920681903145,--,--
15000,29.99999999999425,-6235.88816450319,288.62054022271224,134,1:49
20000,40.00000000000292,-6261.519794025119,280.92000313128335,135,1:42
25000,50.00000000001514,-6246.720723666567,271.17200563919306,135,1:35
30000,60.00000000002736,-6275.016738071411,278.34767810377605,135,1:29
35000,70.00000000001826,-6263.631956505539,314.5380814688184,135,1:23
40000,79.99999999999496,-6304.8172065833505,272.8634565222546,135,1:16
45000,89.99999999997165,-6278.1917000982885,312.15190179461683,135,1:10
50000,99.99999999994834,-6271.468908269606,291.99633980627607,135,1:03
55000,109.99999999992504,-6266.4691088367645,314.4896884684981,135,0:57
60000,119.99999999990173,-6280.756608901686,288.81012221895287,135,0:51
65000,129.99999999989262,-6259.351936842275,310.13297676622693,135,0:44
70000,139.99999999994037,-6250.654451525384,234.0731234601494,135,0:38
75000,149.99999999998812,-6303.857951461397,276.4908175114953,135,0:32
80000,160.00000000003587,-6273.0026995914395,292.6224553021001,135,0:25
85000,170.00000000008362,-6263.652644745192,321.7398187109919,135,0:19
90000,180.00000000013137,-6284.72621683638,298.3115326385941,135,0:12
95000,190.0000000001791,-6294.4776879027495,284.92080510506025,134,0:06
100000,200.00000000022686,-6295.360153589221,278.17322713882766,134,0:00
105000,210.0000000002746,-6297.684903304689,323.481144155354,135,23:59:54
[14:01:09] [stage3] production finished in 128.5 s (778 steps/s)
[14:01:09] [stage3] MD metrics: <RMSD>=3.206 A (tail), <Rg>=6.598 +/- 0.69 A, T=295.3 K, IMHB/frame=0.09
[14:01:12] [stage4] wrote figures_phase2\fig1_torsion_scans.png
[14:01:14] [stage4] wrote figures_phase2\fig2_md_trajectories.png
[14:01:15] [stage4] wrote figures_phase2\fig3_medchem_radar.png

========================================================================
STAGE 5 — serializing results
========================================================================
[14:01:15] [stage5] results serialized to results_phase2\phase2_results.json
