
         ----------------------------------------------------------
                                   FINDIF
                     R. A. King and Jonathon Misiewicz
         ----------------------------------------------------------

  Using finite-differences of gradients to determine vibrational frequencies and 
  normal modes. Resulting frequencies are only valid at stationary points.
    Generating geometries for use with 3-point formula.
    Displacement size will be 5.00e-03.
    Number of atoms is 28.
    Number of irreps is 1.
    Number of SALCs is 81.
    Translations projected? 1. Rotations projected? 0.
    Index of SALCs per irrep:
      1 :  0  1  2  3  4  5  6  7  8  9  10  11  12  13  14  15  16  17  18  19  20  21  22  23  24  25  26  27  28  29  30  31  32  33  34  35  36  37  38  39  40  41  42  43  44  45  46  47  48  49  50  51  52  53  54  55  56  57  58  59  60  61  62  63  64  65  66  67  68  69  70  71  72  73  74  75  76  77  78  79  80 
    Number of SALCs per irrep:
      Irrep 1: 81
    Number of geometries (including reference) is 163.
    Number of displacements per irrep:
      Irrep 1: 162
 163 displacements needed ...

  //>>>>>>>>>>>>>>>>>>>>>>>>>>>>>>>>>>>//
  //    FiniteDifference Computations  //
  //<<<<<<<<<<<<<<<<<<<<<<<<<<<<<<<<<<<//

