Molecule has no symmetry elements
It seems to be the C1 point group
      -----------------------------------------------------------
     |                   =====================                   |
     |                        T H E R M O                        |
     |                   =====================                   |
     |                         S. Ehlert                         |
     |          Mulliken Center for Theoretical Chemistry        |
     |                    University of Bonn                     |
      -----------------------------------------------------------

   * xtb-thermo version 6.7.1 (edcfbbe) compiled by 'VssAdministrator@runnervm171ch' on 2026-06-10

 * started run on 2026/09/10 at 23:26:51.960     
eigval :       -0.02    -0.01    -0.01     0.00     0.02     0.02
eigval :       20.97    22.03    33.68    40.33    48.83    53.37
eigval :       63.75    70.58    76.50    81.30    98.41   133.88
eigval :      136.54   150.75   158.89   182.71   189.93   207.58
eigval :      221.68   237.84   246.31   269.02   286.25   297.59
eigval :      304.66   321.58   327.97   340.27   357.42   371.99
eigval :      372.33   387.13   398.64   418.29   433.58   440.73
eigval :      459.13   469.65   487.05   496.75   510.59   521.36
eigval :      526.45   539.91   546.37   572.46   585.55   586.71
eigval :      590.14   618.82   631.15   632.90   647.45   661.53
eigval :      665.23   674.41   680.22   693.67   721.21   729.85
eigval :      749.72   759.99   762.47   770.37   773.10   786.17
eigval :      804.58   831.81   849.87   852.26   861.30   867.44
eigval :      868.25   877.04   878.82   880.01   881.40   890.07
eigval :      905.49   906.52   914.67   916.59   919.11   927.53
eigval :      928.06   928.68   929.81   932.57   935.86   960.19
eigval :      967.93  1000.26  1021.39  1081.20  1083.30  1083.66
eigval :     1084.38  1090.67  1121.20  1121.66  1150.12  1167.59
eigval :     1174.23  1178.55  1180.24  1180.28  1183.33  1196.82
eigval :     1199.74  1202.14  1203.89  1206.13  1247.07  1248.33
eigval :     1260.03  1265.20  1281.25  1281.81  1287.93  1310.28
eigval :     1314.84  1318.30  1333.03  1367.04  1381.12  1383.67
eigval :     1393.30  1412.58  1413.61  1427.51  1428.13  1435.17
eigval :     1445.27  1479.99  1481.43  1488.17  1492.02  1549.37
eigval :     1556.15  1575.57  1578.70  1582.96  1585.31  1597.30
eigval :     1597.72  1605.61  1606.18  3067.18  3070.23  3072.03
eigval :     3073.52  3074.33  3074.46  3078.32  3079.24  3079.85
eigval :     3080.62  3080.76  3081.96  3086.46  3087.37  3088.59
eigval :     3090.51  3092.33  3095.94  3099.75  3118.38  3608.77

c1  symmetry found (for desy threshold:  0.10E+00) used in thermo

          ...................................................
          :                      SETUP                      :
          :.................................................:
          :  # frequencies                         168      :
          :  # imaginary freq.                       0      :
          :  linear?                             false      :
          :  only rotor calc.                    false      :
          :  symmetry                               c1      :
          :  rotational number                       1      :
          :  scaling factor                  1.0000000      :
          :  rotor cutoff                   50.0000000 cm⁻¹ :
          :  imag. cutoff                  -20.0000000 cm⁻¹ :
          :.................................................:

    mode    ω/cm⁻¹     T·S(HO)/kcal·mol⁻¹    T·S(FR)/kcal·mol⁻¹   T·S(vib)
   ------------------------------------------------------------------------
       1     20.97    -1.94989 (  3.00%)    -1.31389 ( 97.00%)    -1.33299
       2     22.03    -1.92071 (  3.63%)    -1.29930 ( 96.37%)    -1.32187
       3     33.68    -1.66970 ( 17.07%)    -1.17362 ( 82.93%)    -1.25827
       4     40.33    -1.56310 ( 29.75%)    -1.12018 ( 70.25%)    -1.25193
       5     48.83    -1.45026 ( 47.64%)    -1.06354 ( 52.36%)    -1.24776
       6     53.37    -1.39790 ( 56.48%)    -1.03723 ( 43.52%)    -1.24093
normal termination of xtb
       7     63.75    -1.29326 ( 72.55%)    -0.98457 ( 27.45%)    -1.20852
       8     70.58    -1.23351 ( 79.88%)    -0.95443 ( 20.12%)    -1.17735
       9     76.50    -1.18623 ( 84.57%)    -0.93054 ( 15.43%)    -1.14678
      10     81.30    -1.15066 ( 87.48%)    -0.91254 ( 12.52%)    -1.12085
      11     98.41    -1.03924 ( 93.75%)    -0.85596 (  6.25%)    -1.02779
      12    133.88    -0.86153 ( 98.09%)    -0.76478 (  1.91%)    -0.85968
      13    136.54    -0.85025 ( 98.23%)    -0.75893 (  1.77%)    -0.84864
      14    150.75    -0.79388 ( 98.80%)    -0.72960 (  1.20%)    -0.79311
      15    158.89    -0.76415 ( 99.03%)    -0.71403 (  0.97%)    -0.76366
      16    182.71    -0.68591 ( 99.44%)    -0.67265 (  0.56%)    -0.68584
      17    189.93    -0.66444 ( 99.52%)    -0.66118 (  0.48%)    -0.66442
      18    207.58    -0.61563 ( 99.66%)    -0.63484 (  0.34%)    -0.61569
      19    221.68    -0.58001 ( 99.74%)    -0.61538 (  0.26%)    -0.58010
      20    237.84    -0.54232 ( 99.81%)    -0.59453 (  0.19%)    -0.54242
      21    246.31    -0.52380 ( 99.83%)    -0.58417 (  0.17%)    -0.52390
      22    269.02    -0.47778 ( 99.88%)    -0.55804 (  0.12%)    -0.47788
      23    286.25    -0.44603 ( 99.91%)    -0.53965 (  0.09%)    -0.44612
      24    297.59    -0.42648 ( 99.92%)    -0.52814 (  0.08%)    -0.42656
   ------------------------------------------------------------------------

   temp. (K)  partition function   enthalpy   heat capacity  entropy
                                   cal/mol     cal/K/mol   cal/K/mol   J/K/mol
 298.15  VIB  0.122E+13            16939.438    109.447    103.666
         ROT  0.308E+08              888.752      2.981     37.245
         INT  0.377E+20            17828.191    112.428    140.911
         TR   0.108E+29             1481.254      4.968     44.498
         TOT                       19309.4446   117.3962   185.4087   775.7501

       T/K    H(0)-H(T)+PV         H(T)/Eh          T*S/Eh         G(T)/Eh
   ------------------------------------------------------------------------
    298.15    0.307716E-01    0.459689E+00    0.880937E-01    0.371595E+00
   ------------------------------------------------------------------------

         :::::::::::::::::::::::::::::::::::::::::::::::::::::
         ::                  THERMODYNAMIC                  ::
         :::::::::::::::::::::::::::::::::::::::::::::::::::::
         :: total free energy           0.371594957820 Eh   ::
         ::.................................................::
         :: total energy                0.000000000000 Eh   ::
         :: zero point energy           0.428917070183 Eh   ::
         :: G(RRHO) w/o ZPVE           -0.057322112362 Eh   ::
         :: G(RRHO) contrib.            0.371594957820 Eh   ::
         :::::::::::::::::::::::::::::::::::::::::::::::::::::

------------------------------------------------------------------------
 * finished run on 2026/09/10 at 23:26:52.055     
------------------------------------------------------------------------
 total:
 * wall-time:     0 d,  0 h,  0 min,  0.095 sec
 *  cpu-time:     0 d,  0 h,  0 min,  0.031 sec
 * ratio c/w:     0.329 speedup

