Molecule has no symmetry elements
It seems to be the C1 point group
      -----------------------------------------------------------
     |                   =====================                   |
     |                        T H E R M O                        |
     |                   =====================                   |
     |                         S. Ehlert                         |
     |          Mulliken Center for Theoretical Chemistry        |
     |                    University of Bonn                     |
      -----------------------------------------------------------

   * xtb-thermo version 6.7.1 (edcfbbe) compiled by 'VssAdministrator@runnervm171ch' on 2026-06-10

 * started run on 2026/09/10 at 23:26:52.072     
eigval :       -0.02    -0.01    -0.01     0.00     0.02     0.02
eigval :       20.97    22.03    33.68    40.33    48.83    53.37
eigval :       63.75    70.58    76.50    81.30    98.41   133.88
eigval :      136.54   150.75   158.89   182.71   189.93   207.58
eigval :      221.68   237.84   246.31   269.02   286.25   297.59
eigval :      304.66   321.58   327.97   340.27   357.42   371.99
eigval :      372.33   387.13   398.64   418.29   433.58   440.73
eigval :      459.13   469.65   487.05   496.75   510.59   521.36
eigval :      526.45   539.91   546.37   572.46   585.55   586.71
eigval :      590.14   618.82   631.15   632.90   647.45   661.53
eigval :      665.23   674.41   680.22   693.67   721.21   729.85
eigval :      749.72   759.99   762.47   770.37   773.10   786.17
eigval :      804.58   831.81   849.87   852.26   861.30   867.44
eigval :      868.25   877.04   878.82   880.01   881.40   890.07
eigval :      905.49   906.52   914.67   916.59   919.11   927.53
eigval :      928.06   928.68   929.81   932.57   935.86   960.19
eigval :      967.93  1000.26  1021.39  1081.20  1083.30  1083.66
eigval :     1084.38  1090.67  1121.20  1121.66  1150.12  1167.59
eigval :     1174.23  1178.55  1180.24  1180.28  1183.33  1196.82
eigval :     1199.74  1202.14  1203.89  1206.13  1247.07  1248.33
eigval :     1260.03  1265.20  1281.25  1281.81  1287.93  1310.28
eigval :     1314.84  1318.30  1333.03  1367.04  1381.12  1383.67
eigval :     1393.30  1412.58  1413.61  1427.51  1428.13  1435.17
eigval :     1445.27  1479.99  1481.43  1488.17  1492.02  1549.37
eigval :     1556.15  1575.57  1578.70  1582.96  1585.31  1597.30
eigval :     1597.72  1605.61  1606.18  3067.18  3070.23  3072.03
eigval :     3073.52  3074.33  3074.46  3078.32  3079.24  3079.85
eigval :     3080.62  3080.76  3081.96  3086.46  3087.37  3088.59
eigval :     3090.51  3092.33  3095.94  3099.75  3118.38  3608.77

c1  symmetry found (for desy threshold:  0.10E+00) used in thermo

          ...................................................
          :                      SETUP                      :
          :.................................................:
          :  # frequencies                         168      :
          :  # imaginary freq.                       0      :
          :  linear?                             false      :
          :  only rotor calc.                    false      :
          :  symmetry                               c1      :
          :  rotational number                       1      :
          :  scaling factor                  1.0000000      :
          :  rotor cutoff                  100.0000000 cm⁻¹ :
          :  imag. cutoff                  -20.0000000 cm⁻¹ :
          :.................................................:

    mode    ω/cm⁻¹     T·S(HO)/kcal·mol⁻¹    T·S(FR)/kcal·mol⁻¹   T·S(vib)
   ------------------------------------------------------------------------
       1     20.97    -1.94989 (  0.19%)    -1.31389 ( 99.81%)    -1.31512
       2     22.03    -1.92071 (  0.24%)    -1.29930 ( 99.76%)    -1.30076
       3     33.68    -1.66970 (  1.27%)    -1.17362 ( 98.73%)    -1.17991
       4     40.33    -1.56310 (  2.58%)    -1.12018 ( 97.42%)    -1.13160
       5     48.83    -1.45026 (  5.38%)    -1.06354 ( 94.62%)    -1.08435
       6     53.37    -1.39790 (  7.50%)    -1.03723 ( 92.50%)    -1.06429
normal termination of xtb
       7     63.75    -1.29326 ( 14.17%)    -0.98457 ( 85.83%)    -1.02833
       8     70.58    -1.23351 ( 19.88%)    -0.95443 ( 80.12%)    -1.00991
       9     76.50    -1.18623 ( 25.51%)    -0.93054 ( 74.49%)    -0.99578
      10     81.30    -1.15066 ( 30.40%)    -0.91254 ( 69.60%)    -0.98493
      11     98.41    -1.03924 ( 48.39%)    -0.85596 ( 51.61%)    -0.94466
      12    133.88    -0.86153 ( 76.26%)    -0.76478 ( 23.74%)    -0.83856
      13    136.54    -0.85025 ( 77.66%)    -0.75893 ( 22.34%)    -0.82985
      14    150.75    -0.79388 ( 83.78%)    -0.72960 ( 16.22%)    -0.78346
      15    158.89    -0.76415 ( 86.44%)    -0.71403 ( 13.56%)    -0.75735
      16    182.71    -0.68591 ( 91.77%)    -0.67265 (  8.23%)    -0.68482
      17    189.93    -0.66444 ( 92.86%)    -0.66118 (  7.14%)    -0.66421
      18    207.58    -0.61563 ( 94.89%)    -0.63484 (  5.11%)    -0.61661
      19    221.68    -0.58001 ( 96.02%)    -0.61538 (  3.98%)    -0.58141
      20    237.84    -0.54232 ( 96.97%)    -0.59453 (  3.03%)    -0.54390
      21    246.31    -0.52380 ( 97.35%)    -0.58417 (  2.65%)    -0.52540
      22    269.02    -0.47778 ( 98.13%)    -0.55804 (  1.87%)    -0.47928
      23    286.25    -0.44603 ( 98.53%)    -0.53965 (  1.47%)    -0.44741
      24    297.59    -0.42648 ( 98.74%)    -0.52814 (  1.26%)    -0.42776
      25    304.66    -0.41477 ( 98.85%)    -0.52118 (  1.15%)    -0.41599
   ------------------------------------------------------------------------

   temp. (K)  partition function   enthalpy   heat capacity  entropy
                                   cal/mol     cal/K/mol   cal/K/mol   J/K/mol
 298.15  VIB  0.122E+13            16939.438    104.403     99.206
         ROT  0.308E+08              888.752      2.981     37.245
         INT  0.377E+20            17828.191    107.384    136.451
         TR   0.108E+29             1481.254      4.968     44.498
         TOT                       19309.4446   112.3519   180.9487   757.0894

       T/K    H(0)-H(T)+PV         H(T)/Eh          T*S/Eh         G(T)/Eh
   ------------------------------------------------------------------------
    298.15    0.307716E-01    0.459689E+00    0.859746E-01    0.373714E+00
   ------------------------------------------------------------------------

         :::::::::::::::::::::::::::::::::::::::::::::::::::::
         ::                  THERMODYNAMIC                  ::
         :::::::::::::::::::::::::::::::::::::::::::::::::::::
         :: total free energy           0.373714054483 Eh   ::
         ::.................................................::
         :: total energy                0.000000000000 Eh   ::
         :: zero point energy           0.428917070183 Eh   ::
         :: G(RRHO) w/o ZPVE           -0.055203015699 Eh   ::
         :: G(RRHO) contrib.            0.373714054483 Eh   ::
         :::::::::::::::::::::::::::::::::::::::::::::::::::::

------------------------------------------------------------------------
 * finished run on 2026/09/10 at 23:26:52.160     
------------------------------------------------------------------------
 total:
 * wall-time:     0 d,  0 h,  0 min,  0.088 sec
 *  cpu-time:     0 d,  0 h,  0 min,  0.016 sec
 * ratio c/w:     0.178 speedup

