31
 energy: -42.685808854690 gnorm: 0.021614427509 xtb: 6.7.1 (edcfbbe)
C           -0.55624203038200       -1.37822243686500       -1.63180292754100
C           -0.20350733577900       -0.36773602960500       -0.57133955855000
N           -1.05816897116100        0.20846887555900        0.16787028186900
C           -2.40960713601600       -0.02389258316700        0.23345462631900
C           -2.91873215936000       -1.21929783507300        0.75055812206100
C           -4.27903457687600       -1.37829037812300        0.92931596488400
C           -5.15626787944700       -0.36204301112500        0.58738195647800
C           -4.65861463181100        0.82626809586400        0.07479325748700
C           -3.30002756297300        1.00348223732300       -0.09183475897100
C            1.20734625791700        0.00393328779100       -0.39586939687500
C            2.24291752054500       -0.66030532113200       -1.05040529101400
C            3.55919915714400       -0.28076902213200       -0.85479908416900
C            3.88586156850800        0.76879363940600       -0.00792896601300
C            5.30568825886600        1.18858591349900        0.21905811458100
C            2.85068021166900        1.43185187978700        0.65019646342200
C            1.53885336577600        1.05755247343400        0.46253164928700
H           -0.12515116485300       -1.09979837286500       -2.58359234498200
H           -1.63461711731000       -1.46384320946200       -1.72708960927700
H           -0.15917195389600       -2.36391510064000       -1.34761144157400
H           -2.22958591349700       -2.00433424691300        1.02711112998600
H           -4.65618517333600       -2.30426043374700        1.33941130789000
H           -6.21984270256300       -0.49376984079300        0.72409731639000
H           -5.33926571457500        1.62173805085600       -0.19816948368300
H           -2.90979771067600        1.92621338058200       -0.49802728747800
H            2.03908738917000       -1.49079330072400       -1.70577645801300
H            4.34770570523100       -0.81380727915700       -1.36290149036900
H            5.40427933998900        2.27387305040800        0.20376889431800
H            5.96393259734000        0.74808409300500       -0.54804329941600
H            5.64444503978800        0.82319695000400        1.20599194591300
H            3.08040599460400        2.26374601152000        1.30566028596800
H            0.73622996022600        1.58231053096300        0.96140783731600
31
 energy: -42.686241464041 gnorm: 0.006837724444 xtb: 6.7.1 (edcfbbe)
C           -0.55508424255301       -1.38225774985322       -1.62829386679870
C           -0.20345635340861       -0.36863679581137       -0.57071845774760
N           -1.05857980701388        0.20902229104819        0.16676368348504
C           -2.40988362783288       -0.02378171440950        0.23283459380354
C           -2.91860932465722       -1.21803712010638        0.75317459242570
C           -4.27881368124036       -1.37691123363425        0.93283774983333
C           -5.15634862477572       -0.36189369473452        0.58810952285926
C           -4.65910829614994        0.82502170768732        0.07192759480742
C           -3.30061271500238        1.00232161325721       -0.09521588257340
C            1.20708546443444        0.00416208370290       -0.39551816707872
C            2.24383464637464       -0.66259312871886       -1.04624390999517
C            3.55929458902064       -0.28151425402439       -0.85115444956065
C            3.88468885527105        0.77220827361697       -0.00801987213298
C            5.30698433576759        1.18173239218274        0.21836391992133
C            2.84889464373146        1.43796986262904        0.64501509005981
C            1.53708722165214        1.06206793169868        0.45768963037014
H           -0.12421729406765       -1.09906772562907       -2.58430314986048
H           -1.63532561675719       -1.46215977595415       -1.72779037005002
H           -0.16081062379897       -2.36252120337577       -1.34811787729526
H           -2.22996348803811       -2.00543025514233        1.02640793649367
H           -4.65704889386288       -2.30549005816697        1.33725805916869
H           -6.21995566328093       -0.49378215379899        0.72341441706232
H           -5.33860494857613        1.62211610538782       -0.19679226180801
H           -2.90923289124487        1.92651610815204       -0.49577351724961
H            2.03901126354276       -1.48957081109876       -1.70812236704304
H            4.34774798613251       -0.81198242492955       -1.36602855451259
H            5.40591654570504        2.26447331450452        0.20277832203119
H            5.96574169665608        0.75344473823710       -0.53876121915865
H            5.64519999531011        0.82910269375506        1.19758586727942
H            3.08077839978313        2.25979977426337        1.30921132939409
H            0.73620308114113        1.57869127774310        0.96489937011394
31
 energy: -42.686279078435 gnorm: 0.001086235688 xtb: 6.7.1 (edcfbbe)
C           -0.55447270414482       -1.38424791531227       -1.62643876309965
C           -0.20317759570937       -0.36893492010185       -0.57037217843579
N           -1.05846169012560        0.20888108936338        0.16678205148120
C           -2.40980717778743       -0.02395336061320        0.23297288142306
C           -2.91856263421878       -1.21825258706679        0.75309714456938
C           -4.27879926864206       -1.37731551496818        0.93222922456955
C           -5.15631327671105       -0.36218344230311        0.58780800956972
C           -4.65902935271681        0.82502756575698        0.07238932136631
C           -3.30051508175552        1.00223346185880       -0.09494783581083
C            1.20731134802289        0.00481636369623       -0.39586161101567
C            2.24444723210739       -0.66143117882541       -1.04701235823918
C            3.55945690640878       -0.28045460276061       -0.85102885637655
C            3.88465162545913        0.77316374532623       -0.00680023870124
C            5.30805083646821        1.17919794798604        0.21860952801814
C            2.84903688959347        1.43800006519982        0.64622547434327
C            1.53704852104046        1.06179399096595        0.45814369717001
H           -0.12489269130582       -1.09753866338014       -2.58445117558577
H           -1.63553547144115       -1.46071609498597       -1.72849404313714
H           -0.16119982496019       -2.36213836623262       -1.34936524209264
H           -2.23026265116017       -2.00584067888938        1.02740041988710
H           -4.65738590611432       -2.30536557610702        1.33793391431891
H           -6.21992978581493       -0.49371155998388        0.72305140017929
H           -5.33804295357021        1.62181119237357       -0.19754594818978
H           -2.90851237096787        1.92580656917782       -0.49580298936830
H            2.03918873196208       -1.48999614714739       -1.70757927700416
H            4.34781819103868       -0.81298528937822       -1.36517851510073
H            5.40548581976326        2.26271851762961        0.20313335998430
H            5.96281337423795        0.75470235967130       -0.53832435311898
H            5.64428058489065        0.82962360187777        1.19526508612949
H            3.08143001055220        2.26082618508771        1.30772206152806
H            0.73669299786295        1.57948331056281        0.96385756698263
31
 energy: -42.686280708917 gnorm: 0.000364298135 xtb: 6.7.1 (edcfbbe)
C           -0.55435365175685       -1.38458609263942       -1.62607813605775
C           -0.20307429352625       -0.36920523720214       -0.56998076616656
N           -1.05844181310967        0.20906708407191        0.16667747015208
C           -2.40972272022657       -0.02408888504881        0.23317394074817
C           -2.91845502002825       -1.21827747775497        0.75351124068029
C           -4.27870287614556       -1.37728301259225        0.93263368124925
C           -5.15625199673392       -0.36235846828635        0.58765513865822
C           -4.65899406577211        0.82471693563164        0.07189681381516
C           -3.30044538201080        1.00201456424783       -0.09505977085607
C            1.20736626839214        0.00472976420393       -0.39555183796392
C            2.24467281313402       -0.66164324030802       -1.04673103790731
C            3.55942431773104       -0.28069117540463       -0.85050766949762
C            3.88457164809836        0.77324244299882       -0.00624487961650
C            5.30853936035290        1.17897354533935        0.21873163679227
C            2.84905750073870        1.43842428743734        0.64601810963930
C            1.53695174779499        1.06203818534012        0.45777330778290
H           -0.12550244832284       -1.09640172335877       -2.58436484273731
H           -1.63550989679279       -1.46012817342910       -1.72879722791919
H           -0.16113533568295       -2.36240752346895       -1.35036494993725
H           -2.23042755420158       -2.00601910724999        1.02804055058707
H           -4.65754417220455       -2.30533945698760        1.33809512599832
H           -6.21991846235081       -0.49378146279380        0.72263375638505
H           -5.33777710485189        1.62174204209180       -0.19794142117395
H           -2.90804495867830        1.92542888793843       -0.49589300778087
H            2.03892785705218       -1.48967818459551       -1.70778712594017
H            4.34755740733084       -0.81321768600152       -1.36494469910323
H            5.40546594351710        2.26329962062155        0.20285290452114
H            5.96169509222159        0.75405956773207       -0.53966101682093
H            5.64427149683649        0.82958168423482        1.19584658999634
H            3.08175328284492        2.26096542637331        1.30790505898837
H            0.73685964861242        1.57984293733690        0.96388081972871
31
 energy: -42.686280948045 gnorm: 0.000129200123 xtb: 6.7.1 (edcfbbe)
C           -0.55441599703452       -1.38436590120474       -1.62618398385110
C           -0.20309657386700       -0.36922565416628       -0.56983998480188
N           -1.05850048073021        0.20911863234803        0.16671255747827
C           -2.40973601451585       -0.02419901680609        0.23326628545152
C           -2.91844761318081       -1.21836371242948        0.75360464548482
C           -4.27872271714402       -1.37736719733581        0.93257968351879
C           -5.15626163103639       -0.36246002520222        0.58753068824004
C           -4.65899863598451        0.82465439275778        0.07186691459162
C           -3.30044874653420        1.00192766182690       -0.09499706119397
C            1.20730970749170        0.00476024153748       -0.39537462133615
C            2.24464931146769       -0.66162249567902       -1.04666288973955
C            3.55933776803834       -0.28070649515659       -0.85044204210517
C            3.88445923236788        0.77323875715104       -0.00612807120463
C            5.30856003525582        1.17901420372010        0.21858484977757
C            2.84904076329200        1.43830096445470        0.64625271677877
C            1.53688819257566        1.06187246390375        0.45804034294893
H           -0.12588464119567       -1.09567097643449       -2.58439853959084
H           -1.63555196262194       -1.46022822995545       -1.72856861776020
H           -0.16085137576503       -2.36230444761541       -1.35101785781573
H           -2.23049712268282       -2.00604900351175        1.02844556773915
H           -4.65760859778157       -2.30525184018937        1.33836081448096
H           -6.21994704354832       -0.49388691650493        0.72235756971991
H           -5.33774966585773        1.62157426470474       -0.19840508608680
H           -2.90790409120947        1.92522272650590       -0.49598211036801
H            2.03870932826233       -1.48972168588026       -1.70749686053337
H            4.34748143339020       -0.81340997966216       -1.36460648873721
H            5.40581100431790        2.26323002928055        0.20276261695789
H            5.96177317379736        0.75400078165438       -0.53982635114926
H            5.64485090630397        0.82944858144805        1.19552536645762
H            3.08167859965153        2.26130240976465        1.30764048282276
H            0.73688608673968        1.58018753515402        0.96381722006920
31
 energy: -42.686281046295 gnorm: 0.000072393764 xtb: 6.7.1 (edcfbbe)
C           -0.55444493871154       -1.38408854714478       -1.62625435553242
C           -0.20310673087431       -0.36919059793866       -0.56967469019769
N           -1.05856084319195        0.20916987825410        0.16682274587495
C           -2.40976457380641       -0.02427696424463        0.23338307930031
C           -2.91845670021395       -1.21839042640012        0.75381018301384
C           -4.27876029772975       -1.37738153495923        0.93267637342501
C           -5.15630883605160       -0.36258949692826        0.58733973302645
C           -4.65904997359592        0.82449439733740        0.07158381932469
C           -3.30049241528079        1.00180125734801       -0.09507481990095
C            1.20728742351202        0.00482438993149       -0.39515915586968
C            2.24464047372468       -0.66170746577140       -1.04639902813937
C            3.55931958419815       -0.28084316383589       -0.85023256011903
C            3.88447591222461        0.77325118134374       -0.00606287460379
C            5.30860299515464        1.17895742599658        0.21838981107763
C            2.84912159678892        1.43844208624579        0.64621247763338
C            1.53690196223745        1.06198614508106        0.45810108060889
H           -0.12638609525990       -1.09479849628253       -2.58446660905637
H           -1.63558207761979       -1.46044396626167       -1.72811976989948
H           -0.16034410253689       -2.36202603150892       -1.35170138260169
H           -2.23055837249909       -2.00607481806378        1.02879112710937
H           -4.65768909030133       -2.30522624642177        1.33850779673787
H           -6.22000749443915       -0.49404812918925        0.72203813891609
H           -5.33777680508234        1.62139036811540       -0.19881256552213
H           -2.90783107437113        1.92506587492923       -0.49601798728484
H            2.03849400210698       -1.48979842976819       -1.70717539338035
H            4.34747169055488       -0.81354587247503       -1.36438109338673
H            5.40599304735374        2.26305533891370        0.20258921805048
H            5.96169945341293        0.75390980179504       -0.54008488154878
H            5.64516933245839        0.82926688756719        1.19517183957248
H            3.08172775312271        2.26146022018251        1.30758623014809
H            0.73702782697775        1.58037500263087        0.96403126946780
31
 energy: -42.686281052179 gnorm: 0.000217334400 xtb: 6.7.1 (edcfbbe)
C           -0.55447388038856       -1.38381119308482       -1.62632472721375
C           -0.20311688788162       -0.36915554171104       -0.56950939559351
N           -1.05862120565369        0.20922112416017        0.16693293427162
C           -2.40979313309697       -0.02435491168317        0.23349987314909
C           -2.91846578724710       -1.21841714037077        0.75401572054286
C           -4.27879787831549       -1.37739587258264        0.93277306333123
C           -5.15635604106681       -0.36271896865431        0.58714877781285
C           -4.65910131120734        0.82433440191701        0.07130072405777
C           -3.30053608402738        1.00167485286913       -0.09515257860793
C            1.20726513953234        0.00488853832551       -0.39494369040321
C            2.24463163598167       -0.66179243586378       -1.04613516653920
C            3.55930140035796       -0.28097983251518       -0.85002307813289
C            3.88449259208135        0.77326360553644       -0.00599767800296
C            5.30864595505345        1.17890064827306        0.21819477237768
C            2.84920243028584        1.43858320803688        0.64617223848798
C            1.53691573189924        1.06209982625838        0.45816181826885
H           -0.12688754932413       -1.09392601613056       -2.58453467852190
H           -1.63561219261764       -1.46065970256790       -1.72767092203877
H           -0.15983682930874       -2.36174761540243       -1.35238490738766
H           -2.23061962231537       -2.00610063261581        1.02913668647960
H           -4.65776958282109       -2.30520065265417        1.33865477899477
H           -6.22006794532998       -0.49420934187357        0.72171870811227
H           -5.33780394430695        1.62120647152606       -0.19922004495746
H           -2.90775805753278        1.92490902335255       -0.49605386420167
H            2.03827867595164       -1.48987517365612       -1.70685392622733
H            4.34746194771956       -0.81368176528791       -1.36415569803625
H            5.40617509038958        2.26288064854685        0.20241581914306
H            5.96162573302851        0.75381882193570       -0.54034341194830
H            5.64548775861281        0.82908519368632        1.19481831268734
H            3.08177690659388        2.26161803060037        1.30753197747342
H            0.73716956721583        1.58056247010773        0.96424531886640
31
 energy: -42.686281122799 gnorm: 0.000126968250 xtb: 6.7.1 (edcfbbe)
C           -0.55445749320831       -1.38369667091429       -1.62626979103487
C           -0.20311604072898       -0.36908707222713       -0.56941431198779
N           -1.05860793774253        0.20918017270028        0.16711991170288
C           -2.40980038996211       -0.02435544565007        0.23358742757554
C           -2.91849977740500       -1.21841819335280        0.75408691661461
C           -4.27884182371028       -1.37743897818720        0.93272757152912
C           -5.15638940576566       -0.36277524227603        0.58705682150408
C           -4.65911551179493        0.82428658154675        0.07123808112362
C           -3.30054241096403        1.00164649159669       -0.09514689691342
C            1.20727799016085        0.00490594545760       -0.39485335731194
C            2.24458688455790       -0.66180580025086       -1.04604898933467
C            3.55926616484020       -0.28101604944466       -0.85000915891901
C            3.88453892075013        0.77324528292426       -0.00604172960167
C            5.30871760170828        1.17882933838249        0.21812369752715
C            2.84928477292619        1.43856521529438        0.64619730599760
C            1.53699502172561        1.06211707499361        0.45824687603595
H           -0.12725665872981       -1.09347311799482       -2.58458165860354
H           -1.63560926991901       -1.46076392018269       -1.72740748327861
H           -0.15946291377062       -2.36153124652288       -1.35263414309617
H           -2.23064339619728       -2.00605546478043        1.02931227010902
H           -4.65780157687474       -2.30522455100240        1.33867382055531
H           -6.22010737424390       -0.49430577275376        0.72153409089734
H           -5.33784094136948        1.62107944118914       -0.19945454841968
H           -2.90778407290776        1.92485010866485       -0.49612801495023
H            2.03823451858481       -1.48994990559813       -1.70669449485682
H            4.34740819132509       -0.81383929642095       -1.36405226454423
H            5.40616390541446        2.26290702790692        0.20248133750018
H            5.96154955178694        0.75385040680142       -0.54062600116370
H            5.64551727859467        0.82892243455363        1.19475124664790
H            3.08188436574424        2.26168681341815        1.30743012704987
H            0.73726445943707        1.58068446060694        0.96421309789020
31
 energy: -42.686281195740 gnorm: 0.000060961810 xtb: 6.7.1 (edcfbbe)
C           -0.55448500493401       -1.38333439033804       -1.62617935946904
C           -0.20313925852711       -0.36896321342897       -0.56910846325453
N           -1.05858604144668        0.20907595485158        0.16763950660025
C           -2.40982856783694       -0.02435823478273        0.23384800488064
C           -2.91858822123697       -1.21838507577954        0.75439858902386
C           -4.27895386743072       -1.37750770772762        0.93273852974874
C           -5.15648607228441       -0.36293554253831        0.58677206030040
C           -4.65915942143755        0.82408901619891        0.07091140599839
C           -3.30056262106341        1.00152055745565       -0.09524084053879
C            1.20728645007730        0.00493425332923       -0.39462161603395
C            2.24447066012689       -0.66189158908878       -1.04580281200379
C            3.55920131961047       -0.28117048368670       -0.84990881537326
C            3.88464547275479        0.77316208554725       -0.00612487201836
C            5.30886758428253        1.17870070909261        0.21792595579320
C            2.84945383436437        1.43860946723566        0.64614453581597
C            1.53714853267514        1.06225207000881        0.45835206836581
H           -0.12816927884827       -1.09229935921358       -2.58467704583633
H           -1.63565601060482       -1.46105283602463       -1.72671892905502
H           -0.15860153208248       -2.36097276111044       -1.35329860090280
H           -2.23070131776279       -2.00593220611044        1.02980585034183
H           -4.65789813022054       -2.30530788625181        1.33867285318341
H           -6.22022109580845       -0.49453982804479        0.72103936160532
H           -5.33792048837199        1.62077136542901       -0.20001516372261
H           -2.90785690627417        1.92471126656688       -0.49630378562321
H            2.03813924432393       -1.49014382427637       -1.70632861443944
H            4.34728168205485       -0.81413786896014       -1.36390975265715
H            5.40624458089384        2.26287534593861        0.20265371158485
H            5.96153600294396        0.75401556899653       -0.54113302225155
H            5.64576012201373        0.82850401098922        1.19442346820575
H            3.08215174595335        2.26182678050019        1.30722188486592
H            0.73743923635816        1.58090442370076        0.96424166310950
31
 energy: -42.686281196479 gnorm: 0.000160577115 xtb: 6.7.1 (edcfbbe)
C           -0.55451251665970       -1.38297210976179       -1.62608892790322
C           -0.20316247632524       -0.36883935463081       -0.56880261452128
N           -1.05856414515083        0.20897173700287        0.16815910149761
C           -2.40985674571177       -0.02436102391540        0.23410858218573
C           -2.91867666506894       -1.21835195820627        0.75471026143312
C           -4.27906591115115       -1.37757643726804        0.93274948796835
C           -5.15658273880315       -0.36309584280060        0.58648729909672
C           -4.65920333108016        0.82389145085107        0.07058473087317
C           -3.30058283116280        1.00139462331461       -0.09533478416416
C            1.20729490999375        0.00496256120086       -0.39438987475595
C            2.24435443569588       -0.66197737792669       -1.04555663467290
C            3.55913647438073       -0.28132491792874       -0.84980847182752
C            3.88475202475944        0.77307888817023       -0.00620801443505
C            5.30901756685678        1.17857207980273        0.21772821405924
C            2.84962289580256        1.43865371917694        0.64609176563434
C            1.53730204362466        1.06238706502400        0.45845726069567
H           -0.12908189896673       -1.09112560043234       -2.58477243306912
H           -1.63570275129063       -1.46134175186657       -1.72603037483144
H           -0.15774015039434       -2.36041427569800       -1.35396305870942
H           -2.23075923932830       -2.00580894744046        1.03029943057464
H           -4.65799468356634       -2.30539122150122        1.33867188581152
H           -6.22033481737299       -0.49477388333582        0.72054463231330
H           -5.33800003537450        1.62046328966889       -0.20057577902554
H           -2.90792973964057        1.92457242446892       -0.49647955629619
H            2.03804397006305       -1.49033774295461       -1.70596273402206
H            4.34715517278461       -0.81443644149932       -1.36376724077006
H            5.40632525637321        2.26284366397031        0.20282608566951
H            5.96152245410098        0.75418073119163       -0.54164004333940
H            5.64600296543279        0.82808558742481        1.19409568976360
H            3.08241912616245        2.26196674758223        1.30701364268197
H            0.73761401327926        1.58112438679457        0.96427022832880
31
 energy: -42.686281229612 gnorm: 0.000055634251 xtb: 6.7.1 (edcfbbe)
C           -0.55456914378820       -1.38292494836786       -1.62613695780954
C           -0.20316731917344       -0.36883436217605       -0.56881462766577
N           -1.05856808672961        0.20900394677315        0.16813944470276
C           -2.40984680211500       -0.02439608154883        0.23413648492242
C           -2.91865632248915       -1.21836278277598        0.75478835964782
C           -4.27905208933803       -1.37757389902223        0.93280130316620
C           -5.15656995376945       -0.36311445976327        0.58645582578186
C           -4.65918954488065        0.82385620729986        0.07053583523493
C           -3.30056219016778        1.00135573750136       -0.09534600096261
C            1.20729798976080        0.00495136314029       -0.39435943808156
C            2.24439763775801       -0.66200025688657       -1.04552392146455
C            3.55917652983255       -0.28131723858686       -0.84977804067417
C            3.88473464888896        0.77311263551654       -0.00617510336630
C            5.30898552782120        1.17858175691365        0.21772778932653
C            2.84961177174844        1.43870912121221        0.64607312838002
C            1.53727907130645        1.06238273357981        0.45844873480223
H           -0.12908259749697       -1.09104472230371       -2.58475759829444
H           -1.63575518762347       -1.46132188969549       -1.72600480044513
H           -0.15783167855803       -2.36043020532074       -1.35407842732329
H           -2.23075679401416       -2.00579850641104        1.03048796628267
H           -4.65801453737811       -2.30534928572928        1.33877392197489
H           -6.22033189636416       -0.49478345345905        0.72044576203787
H           -5.33795148658835        1.62042559566494       -0.20071933776403
H           -2.90786868513758        1.92450982136565       -0.49650674446326
H            2.03802639679286       -1.49028607009055       -1.70600006421652
H            4.34718476833097       -0.81440016145850       -1.36377668828707
H            5.40630582972161        2.26275800370323        0.20284270955055
H            5.96147222417461        0.75421784973757       -0.54165359916998
H            5.64608789742695        0.82801378103471        1.19401344946742
H            3.08241982012135        2.26197128677578        1.30705613993915
H            0.73760683418938        1.58110855185525        0.96432225101492
31
 energy: -42.686281227266 gnorm: 0.000078070281 xtb: 6.7.1 (edcfbbe)
C           -0.55462577091670       -1.38287778697393       -1.62618498771586
C           -0.20317216202164       -0.36882936972130       -0.56882664081027
N           -1.05857202830839        0.20903615654342        0.16811978790791
C           -2.40983685851823       -0.02443113918226        0.23416438765912
C           -2.91863597990935       -1.21837360734569        0.75486645786252
C           -4.27903826752491       -1.37757136077643        0.93285311836404
C           -5.15655716873575       -0.36313307672593        0.58642435246699
C           -4.65917575868115        0.82382096374865        0.07048693959670
C           -3.30054154917276        1.00131685168811       -0.09535721776106
C            1.20730106952785        0.00494016507973       -0.39432900140716
C            2.24444083982014       -0.66202313584645       -1.04549120825621
C            3.55921658528437       -0.28130955924497       -0.84974760952082
C            3.88471727301847        0.77314638286285       -0.00614219229755
C            5.30895348878562        1.17859143402457        0.21772736459381
C            2.84960064769431        1.43876452324749        0.64605449112569
C            1.53725609898824        1.06237840213561        0.45844020890878
H           -0.12908329602721       -1.09096384417507       -2.58474276351976
H           -1.63580762395632       -1.46130202752440       -1.72597922605883
H           -0.15792320672172       -2.36044613494349       -1.35419379593717
H           -2.23075434870003       -2.00578806538162        1.03067650199069
H           -4.65803439118989       -2.30530734995735        1.33887595813827
H           -6.22032897535532       -0.49479302358227        0.72034689176244
H           -5.33790293780219        1.62038790166099       -0.20086289650252
H           -2.90780763063459        1.92444721826238       -0.49653393263032
H            2.03800882352268       -1.49023439722650       -1.70603739441098
H            4.34721436387732       -0.81436388141768       -1.36378613580407
H            5.40628640307000        2.26267234343616        0.20285933343158
H            5.96142199424825        0.75425496828350       -0.54166715500055
H            5.64617282942112        0.82794197464462        1.19393120917123
H            3.08242051408026        2.26197582596933        1.30709863719632
H            0.73759965509950        1.58109271691593        0.96437427370103
31
 energy: -42.686281243336 gnorm: 0.000028057526 xtb: 6.7.1 (edcfbbe)
C           -0.55464123079507       -1.38282415397828       -1.62615457866239
C           -0.20317141560936       -0.36885770955782       -0.56873047530815
N           -1.05854369330000        0.20898404797056        0.16825782920215
C           -2.40982491431416       -0.02443310831399        0.23424430409438
C           -2.91864498009187       -1.21834480295821        0.75500449867892
C           -4.27905077954335       -1.37755751254749        0.93291689456717
C           -5.15656511883429       -0.36316543880635        0.58633969819917
C           -4.65916820680015        0.82375451039696        0.07033814446682
C           -3.30052238467580        1.00127030584063       -0.09542144427538
C            1.20729533916721        0.00496517787230       -0.39434741054625
C            2.24439876150248       -0.66198170739036       -1.04554351430432
C            3.55918293541071       -0.28132032820581       -0.84976838633389
C            3.88472217943472        0.77309880597526       -0.00614216921027
C            5.30898176603885        1.17858848329046        0.21770156625561
C            2.84961070612065        1.43871773368855        0.64608522159014
C            1.53727081136241        1.06238982651062        0.45844931483599
H           -0.12918560451124       -1.09083808183731       -2.58474168674167
H           -1.63582791437081       -1.46123841319126       -1.72593171893423
H           -0.15789012279745       -2.36037892473862       -1.35423188994334
H           -2.23076320578151       -2.00575992924583        1.03081015062223
H           -4.65805587545218       -2.30530918811154        1.33889757720915
H           -6.22033915732167       -0.49482509624321        0.72024480970831
H           -5.33788872917513        1.62034027614888       -0.20097605496781
H           -2.90779625651430        1.92441127499896       -0.49658332711456
H            2.03799409453280       -1.49025650887573       -1.70601827044479
H            4.34716120109445       -0.81438213149517       -1.36382659718699
H            5.40631988212867        2.26271867693213        0.20302515218492
H            5.96145916630772        0.75437080442266       -0.54175847458933
H            5.64623498409977        0.82780665801048        1.19384429917379
H            3.08245257538276        2.26198170657449        1.30705625742108
H            0.73760781956712        1.58109481534204        0.96437803659757
