      -----------------------------------------------------------
     |                   =====================                   |
     |                        T H E R M O                        |
     |                   =====================                   |
     |                         S. Ehlert                         |
     |          Mulliken Center for Theoretical Chemistry        |
     |                    University of Bonn                     |
      -----------------------------------------------------------

   * xtb-thermo version 6.7.1 (edcfbbe) compiled by 'VssAdministrator@runnervm171ch' on 2026-06-10

 * started run on 2026/09/10 at 23:59:37.965     
eigval :       -0.02    -0.02    -0.01    -0.01     0.01     0.02
eigval :        8.78    12.15    13.59    21.55    23.28    26.89
eigval :       30.98    34.57    37.92    41.17    46.14    48.02
eigval :       50.07    53.24    54.57    55.73    60.62    61.57
eigval :       63.78    65.99    68.98    71.10    72.15    79.26
eigval :       79.78    83.98    84.75    86.60    88.20    95.46
eigval :      101.15   113.55   126.79   132.28   137.52   144.49
eigval :      148.26   154.36   156.63   162.76   163.22   186.73
eigval :      191.61   193.03   196.03   199.29   203.56   206.49
eigval :      229.81   241.96   245.09   251.08   254.53   271.86
eigval :      277.70   294.78   296.58   299.78   300.24   301.96
eigval :      302.99   307.65   319.14   323.53   332.79   340.58
eigval :      347.75   348.97   349.61   369.45   370.30   373.24
eigval :      377.18   379.36   387.88   396.23   396.72   421.50
eigval :      430.91   446.32   447.67   451.51   462.19   472.93
eigval :      482.67   487.57   492.21   498.46   506.14   515.81
eigval :      526.60   529.90   533.99   535.81   540.07   544.57
eigval :      546.58   566.15   572.54   575.50   584.87   587.36
eigval :      588.92   590.55   593.75   600.30   612.25   623.47
eigval :      629.84   632.56   637.12   637.33   660.63   662.62
eigval :      668.28   671.66   675.44   676.94   683.74   695.93
eigval :      703.72   707.07   719.44   725.99   733.25   740.50
eigval :      752.67   762.08   764.08   765.11   770.98   771.54
eigval :      772.63   774.65   788.64   820.85   836.47   851.05
eigval :      854.33   857.20   861.54   865.11   874.56   876.12
eigval :      879.02   880.61   880.66   883.31   906.07   907.34
eigval :      912.04   912.99   913.84   914.44   916.86   925.17
eigval :      926.16   927.72   930.22   931.68   933.71   935.04
eigval :      935.29   936.56   937.23   938.44   958.51   966.10
eigval :      967.33   972.42   973.38   977.08   988.53   990.43
eigval :      999.03  1016.59  1017.97  1027.81  1030.51  1032.84
eigval :     1039.52  1049.42  1069.68  1080.19  1081.62  1083.01
eigval :     1083.70  1084.19  1085.14  1095.02  1098.10  1111.84
eigval :     1118.15  1120.20  1122.77  1124.01  1126.43  1128.42
eigval :     1133.88  1145.36  1151.07  1154.94  1161.50  1168.55
eigval :     1170.69  1177.87  1178.49  1179.05  1180.50  1181.94
eigval :     1182.39  1190.36  1196.24  1198.62  1199.45  1199.65
eigval :     1203.18  1204.98  1209.26  1214.84  1223.29  1240.63
eigval :     1247.82  1250.03  1250.97  1258.90  1260.64  1270.63
eigval :     1278.89  1283.44  1284.33  1287.05  1287.32  1289.81
eigval :     1311.81  1312.01  1316.63  1318.96  1319.83  1334.38
eigval :     1337.20  1362.89  1366.76  1377.56  1382.38  1384.29
eigval :     1384.79  1389.01  1393.42  1394.24  1395.36  1402.63
eigval :     1413.63  1416.10  1420.94  1424.35  1428.90  1429.98
eigval :     1434.14  1437.04  1444.30  1445.07  1447.70  1448.06
eigval :     1448.16  1456.41  1459.61  1461.90  1463.04  1464.23
eigval :     1465.17  1465.54  1481.16  1482.20  1483.32  1487.91
eigval :     1492.94  1546.82  1554.71  1571.15  1575.74  1579.95
eigval :     1580.20  1581.86  1583.03  1586.18  1586.83  1597.66
eigval :     1598.95  1606.09  1606.50  1614.61  1642.01  1650.99
eigval :     1671.77  1694.00  2232.43  2879.33  2949.84  2963.88
Refinement of some symmetry elements was terminated before convergence was reached.
Some symmetry elements may remain unidentified.
Molecule has no symmetry elements
It seems to be the C1 point group
eigval :     2977.54  2981.40  2982.13  2998.58  2998.96  2999.38
eigval :     3012.53  3014.07  3031.24  3033.71  3045.74  3056.84
eigval :     3060.46  3064.65  3065.76  3065.77  3067.39  3068.20
eigval :     3069.43  3071.04  3072.12  3073.11  3075.50  3080.41
eigval :     3080.44  3082.10  3082.39  3083.34  3084.17  3086.06
eigval :     3088.34  3089.36  3089.82  3090.51  3091.87  3092.36
eigval :     3092.42  3097.19  3099.46  3103.11  3103.69  3113.50
eigval :     3119.50  3130.01  3417.56

c1  symmetry found (for desy threshold:  0.10E+00) used in thermo

          ...................................................
          :                      SETUP                      :
          :.................................................:
          :  # frequencies                         345      :
          :  # imaginary freq.                       0      :
          :  linear?                             false      :
          :  only rotor calc.                    false      :
          :  symmetry                               c1      :
          :  rotational number                       1      :
          :  scaling factor                  1.0000000      :
          :  rotor cutoff                   50.0000000 cm⁻¹ :
          :  imag. cutoff                  -20.0000000 cm⁻¹ :
          :.................................................:

    mode    ω/cm⁻¹     T·S(HO)/kcal·mol⁻¹    T·S(FR)/kcal·mol⁻¹   T·S(vib)
   ------------------------------------------------------------------------
       1      8.78    -2.46546 (  0.10%)    -1.57179 ( 99.90%)    -1.57264
       2     12.15    -2.27291 (  0.35%)    -1.47551 ( 99.65%)    -1.47828
       3     13.59    -2.20695 (  0.54%)    -1.44252 ( 99.46%)    -1.44667
       4     21.55    -1.93380 (  3.34%)    -1.30587 ( 96.66%)    -1.32682
       5     23.28    -1.88811 (  4.49%)    -1.28301 ( 95.51%)    -1.31016
       6     26.89    -1.80285 (  7.72%)    -1.24032 ( 92.28%)    -1.28373
       7     30.98    -1.71898 ( 12.85%)    -1.19832 ( 87.15%)    -1.26522
       8     34.57    -1.65413 ( 18.61%)    -1.16583 ( 81.39%)    -1.25670
       9     37.92    -1.59960 ( 24.85%)    -1.13850 ( 75.15%)    -1.25309
      10     41.17    -1.55093 ( 31.50%)    -1.11409 ( 68.50%)    -1.25168
      11     46.14    -1.48367 ( 42.04%)    -1.08034 ( 57.96%)    -1.24989
      12     48.02    -1.46011 ( 45.97%)    -1.06851 ( 54.03%)    -1.24853
      13     50.07    -1.43550 ( 50.14%)    -1.05614 ( 49.86%)    -1.24634
      14     53.24    -1.39930 ( 56.25%)    -1.03795 ( 43.75%)    -1.24119
      15     54.57    -1.38472 ( 58.66%)    -1.03062 ( 41.34%)    -1.23835
      16     55.73    -1.37237 ( 60.68%)    -1.02441 ( 39.32%)    -1.23556
      17     60.62    -1.32290 ( 68.36%)    -0.99951 ( 31.64%)    -1.22056
      18     61.57    -1.31374 ( 69.69%)    -0.99490 ( 30.31%)    -1.21709
      19     63.78    -1.29293 ( 72.59%)    -0.98441 ( 27.41%)    -1.20837
      20     65.99    -1.27294 ( 75.21%)    -0.97434 ( 24.79%)    -1.19893
      21     68.98    -1.24696 ( 78.36%)    -0.96123 ( 21.64%)    -1.18514
      22     71.10    -1.22914 ( 80.35%)    -0.95223 ( 19.65%)    -1.17473
      23     72.15    -1.22060 ( 81.26%)    -0.94792 ( 18.74%)    -1.16949
      24     79.26    -1.16553 ( 86.33%)    -0.92008 ( 13.67%)    -1.13197
      25     79.78    -1.16167 ( 86.63%)    -0.91812 ( 13.37%)    -1.12912
      26     83.98    -1.13166 ( 88.84%)    -0.90293 ( 11.16%)    -1.10613
      27     84.75    -1.12633 ( 89.19%)    -0.90022 ( 10.81%)    -1.10189
      28     86.60    -1.11373 ( 90.00%)    -0.89383 ( 10.00%)    -1.09174
      29     88.20    -1.10304 ( 90.64%)    -0.88841 (  9.36%)    -1.08294
      30     95.46    -1.05696 ( 93.00%)    -0.86499 (  7.00%)    -1.04352
      31    101.15    -1.02324 ( 94.37%)    -0.84781 (  5.63%)    -1.01336
      32    113.55    -0.95625 ( 96.38%)    -0.81356 (  3.62%)    -0.95108
      33    126.79    -0.89271 ( 97.64%)    -0.78089 (  2.36%)    -0.89007
      34    132.28    -0.86841 ( 98.00%)    -0.76834 (  2.00%)    -0.86641
normal termination of xtb
      35    137.52    -0.84619 ( 98.28%)    -0.75683 (  1.72%)    -0.84466
      36    144.49    -0.81800 ( 98.59%)    -0.74219 (  1.41%)    -0.81693
      37    148.26    -0.80333 ( 98.72%)    -0.73454 (  1.28%)    -0.80246
      38    154.36    -0.78048 ( 98.91%)    -0.72260 (  1.09%)    -0.77985
      39    156.63    -0.77224 ( 98.97%)    -0.71828 (  1.03%)    -0.77168
      40    162.76    -0.75058 ( 99.12%)    -0.70690 (  0.88%)    -0.75019
      41    163.22    -0.74898 ( 99.13%)    -0.70606 (  0.87%)    -0.74861
      42    186.73    -0.67383 ( 99.49%)    -0.66621 (  0.51%)    -0.67379
      43    191.61    -0.65957 ( 99.54%)    -0.65857 (  0.46%)    -0.65956
      44    193.03    -0.65550 ( 99.55%)    -0.65638 (  0.45%)    -0.65550
      45    196.03    -0.64699 ( 99.58%)    -0.65180 (  0.42%)    -0.64701
      46    199.29    -0.63794 ( 99.61%)    -0.64693 (  0.39%)    -0.63797
      47    203.56    -0.62632 ( 99.64%)    -0.64064 (  0.36%)    -0.62637
      48    206.49    -0.61850 ( 99.66%)    -0.63640 (  0.34%)    -0.61856
      49    229.81    -0.56065 ( 99.78%)    -0.60471 (  0.22%)    -0.56075
      50    241.96    -0.53322 ( 99.82%)    -0.58945 (  0.18%)    -0.53333
      51    245.09    -0.52642 ( 99.83%)    -0.58564 (  0.17%)    -0.52652
      52    251.08    -0.51371 ( 99.84%)    -0.57849 (  0.16%)    -0.51381
      53    254.53    -0.50655 ( 99.85%)    -0.57444 (  0.15%)    -0.50665
      54    271.86    -0.47238 ( 99.89%)    -0.55493 (  0.11%)    -0.47247
      55    277.70    -0.46147 ( 99.90%)    -0.54863 (  0.10%)    -0.46156
      56    294.78    -0.43123 ( 99.92%)    -0.53095 (  0.08%)    -0.43131
      57    296.58    -0.42817 ( 99.92%)    -0.52915 (  0.08%)    -0.42826
      58    299.78    -0.42282 ( 99.92%)    -0.52598 (  0.08%)    -0.42290
   ------------------------------------------------------------------------

   temp. (K)  partition function   enthalpy   heat capacity  entropy
                                   cal/mol     cal/K/mol   cal/K/mol   J/K/mol
 298.15  VIB  0.120E+32            38072.171    223.544    244.946
         ROT  0.157E+09              888.752      2.981     40.488
         INT  0.189E+40            38960.923    226.525    285.434
         TR   0.270E+29             1481.254      4.968     46.315
         TOT                       40442.1772   231.4934   331.7493  1388.0390

       T/K    H(0)-H(T)+PV         H(T)/Eh          T*S/Eh         G(T)/Eh
   ------------------------------------------------------------------------
    298.15    0.644487E-01    0.964513E+00    0.157625E+00    0.806889E+00
   ------------------------------------------------------------------------

         :::::::::::::::::::::::::::::::::::::::::::::::::::::
         ::                  THERMODYNAMIC                  ::
         :::::::::::::::::::::::::::::::::::::::::::::::::::::
         :: total free energy           0.806888539462 Eh   ::
         ::.................................................::
         :: total energy                0.000000000000 Eh   ::
         :: zero point energy           0.900064620691 Eh   ::
         :: G(RRHO) w/o ZPVE           -0.093176081229 Eh   ::
         :: G(RRHO) contrib.            0.806888539462 Eh   ::
         :::::::::::::::::::::::::::::::::::::::::::::::::::::

------------------------------------------------------------------------
 * finished run on 2026/09/10 at 23:59:38.392     
------------------------------------------------------------------------
 total:
 * wall-time:     0 d,  0 h,  0 min,  0.427 sec
 *  cpu-time:     0 d,  0 h,  0 min,  0.141 sec
 * ratio c/w:     0.329 speedup

