      -----------------------------------------------------------
     |                   =====================                   |
     |                        T H E R M O                        |
     |                   =====================                   |
     |                         S. Ehlert                         |
     |          Mulliken Center for Theoretical Chemistry        |
     |                    University of Bonn                     |
      -----------------------------------------------------------

   * xtb-thermo version 6.7.1 (edcfbbe) compiled by 'VssAdministrator@runnervm171ch' on 2026-06-10

 * started run on 2026/09/10 at 23:35:15.331     
eigval :       -0.02    -0.01     0.01     0.02     0.02     0.02
eigval :        5.41     9.93    16.82    21.55    23.32    25.53
eigval :       29.70    38.13    41.62    42.84    43.60    47.64
eigval :       50.50    52.57    54.37    58.66    61.60    66.32
eigval :       66.92    67.84    71.00    72.89    77.78    79.71
eigval :       82.12    84.31    91.87    93.54    95.92   100.96
eigval :      109.08   122.69   129.54   134.95   138.12   141.10
eigval :      149.31   151.34   154.73   163.57   172.04   177.38
eigval :      180.64   188.15   196.62   203.40   204.25   211.55
eigval :      228.26   236.47   243.21   255.70   270.24   273.61
eigval :      280.19   282.06   286.97   289.74   299.24   304.65
eigval :      308.23   310.45   318.57   320.80   327.14   332.88
eigval :      342.86   344.22   351.52   369.54   372.62   376.15
eigval :      376.50   379.87   383.31   397.91   414.09   423.72
eigval :      435.06   448.64   448.89   450.56   462.36   468.22
eigval :      480.55   489.52   499.26   503.65   512.79   517.25
eigval :      525.37   527.56   534.39   540.55   542.85   546.20
eigval :      546.53   551.28   561.42   574.48   585.26   587.37
eigval :      588.10   588.51   590.43   608.23   611.50   624.00
eigval :      630.36   632.48   637.19   639.76   661.74   664.53
eigval :      668.89   669.57   672.19   683.09   684.41   695.68
eigval :      703.60   707.52   721.80   725.88   734.25   747.28
eigval :      753.80   761.86   764.93   765.69   771.27   771.64
eigval :      773.69   787.89   789.27   817.80   834.76   838.99
eigval :      851.92   858.86   861.15   864.47   873.98   875.55
eigval :      877.44   879.35   881.21   882.93   904.10   904.64
eigval :      909.79   913.11   913.83   914.86   917.27   924.73
eigval :      925.81   926.71   927.87   928.11   928.66   933.58
eigval :      935.63   936.45   937.12   938.99   958.09   962.22
eigval :      962.93   971.22   972.60   973.24   983.27   992.36
eigval :      995.58  1005.03  1018.80  1029.21  1030.62  1031.06
eigval :     1033.24  1054.34  1067.33  1081.12  1081.79  1083.49
eigval :     1084.44  1084.97  1085.27  1095.04  1096.78  1102.37
eigval :     1118.57  1119.74  1122.02  1122.48  1125.17  1128.05
eigval :     1131.23  1141.74  1151.69  1152.58  1160.76  1161.86
eigval :     1168.98  1178.58  1179.19  1179.55  1181.26  1182.51
eigval :     1183.33  1190.39  1193.79  1198.65  1200.00  1202.21
eigval :     1202.63  1205.40  1208.10  1221.81  1225.94  1228.54
eigval :     1247.35  1250.92  1261.21  1264.40  1270.21  1276.78
eigval :     1278.80  1282.91  1283.35  1284.87  1289.39  1295.55
eigval :     1311.36  1315.55  1316.75  1319.15  1319.84  1323.08
eigval :     1338.42  1345.27  1364.99  1366.97  1381.44  1384.23
eigval :     1387.47  1388.48  1391.53  1393.34  1394.60  1396.87
eigval :     1413.30  1415.93  1422.57  1428.90  1430.43  1432.52
eigval :     1437.18  1440.20  1442.51  1445.53  1447.44  1452.04
eigval :     1452.53  1458.61  1459.54  1459.96  1463.16  1464.87
eigval :     1465.37  1470.50  1473.09  1480.68  1483.86  1488.52
eigval :     1493.43  1546.29  1554.63  1568.78  1576.49  1579.36
eigval :     1580.59  1581.20  1583.01  1586.67  1586.98  1596.35
eigval :     1599.28  1606.53  1607.06  1614.77  1645.91  1649.92
eigval :     1675.67  1690.87  2262.25  2879.28  2964.90  2980.21
Refinement of some symmetry elements was terminated before convergence was reached.
Some symmetry elements may remain unidentified.
Molecule has no symmetry elements
It seems to be the C1 point group
eigval :     2982.95  2991.67  2993.61  2997.56  2998.44  3005.00
eigval :     3011.72  3030.62  3032.85  3036.64  3037.92  3047.72
eigval :     3060.16  3062.31  3064.32  3064.93  3066.96  3067.21
eigval :     3068.08  3069.03  3071.16  3072.77  3073.70  3077.40
eigval :     3079.99  3080.01  3083.17  3083.32  3084.25  3087.09
eigval :     3088.30  3089.70  3089.90  3091.20  3092.76  3097.96
eigval :     3100.90  3105.42  3110.20  3111.36  3111.47  3116.21
eigval :     3126.35  3129.88  3414.81

c1  symmetry found (for desy threshold:  0.10E+00) used in thermo

          ...................................................
          :                      SETUP                      :
          :.................................................:
          :  # frequencies                         345      :
          :  # imaginary freq.                       0      :
          :  linear?                             false      :
          :  only rotor calc.                    false      :
          :  symmetry                               c1      :
          :  rotational number                       1      :
          :  scaling factor                  1.0000000      :
          :  rotor cutoff                  100.0000000 cm⁻¹ :
          :  imag. cutoff                  -20.0000000 cm⁻¹ :
          :.................................................:

    mode    ω/cm⁻¹     T·S(HO)/kcal·mol⁻¹    T·S(FR)/kcal·mol⁻¹   T·S(vib)
   ------------------------------------------------------------------------
       1      5.41    -2.75198 (  0.00%)    -1.71504 (100.00%)    -1.71505
       2      9.93    -2.39249 (  0.01%)    -1.53530 ( 99.99%)    -1.53539
       3     16.82    -2.08043 (  0.08%)    -1.37923 ( 99.92%)    -1.37979
       4     21.55    -1.93373 (  0.22%)    -1.30583 ( 99.78%)    -1.30718
       5     23.32    -1.88717 (  0.29%)    -1.28253 ( 99.71%)    -1.28431
       6     25.53    -1.83356 (  0.42%)    -1.25570 ( 99.58%)    -1.25814
       7     29.70    -1.74407 (  0.77%)    -1.21089 ( 99.23%)    -1.21500
       8     38.13    -1.59626 (  2.07%)    -1.13682 ( 97.93%)    -1.14633
       9     41.62    -1.54460 (  2.91%)    -1.11091 ( 97.09%)    -1.12354
      10     42.84    -1.52746 (  3.26%)    -1.10231 ( 96.74%)    -1.11617
      11     43.60    -1.51709 (  3.49%)    -1.09711 ( 96.51%)    -1.11176
      12     47.64    -1.46484 (  4.90%)    -1.07088 ( 95.10%)    -1.09017
      13     50.50    -1.43039 (  6.11%)    -1.05357 ( 93.89%)    -1.07659
      14     52.57    -1.40677 (  7.10%)    -1.04170 ( 92.90%)    -1.06760
      15     54.37    -1.38691 (  8.04%)    -1.03172 ( 91.96%)    -1.06027
      16     58.66    -1.34223 ( 10.59%)    -1.00924 ( 89.41%)    -1.04449
      17     61.60    -1.31346 ( 12.58%)    -0.99475 ( 87.42%)    -1.03486
      18     66.32    -1.27000 ( 16.21%)    -0.97285 ( 83.79%)    -1.02103
      19     66.92    -1.26473 ( 16.71%)    -0.97019 ( 83.29%)    -1.01940
      20     67.84    -1.25672 ( 17.48%)    -0.96615 ( 82.52%)    -1.01694
      21     71.00    -1.23003 ( 20.26%)    -0.95268 ( 79.74%)    -1.00887
      22     72.89    -1.21456 ( 22.02%)    -0.94487 ( 77.98%)    -1.00425
      23     77.78    -1.17657 ( 26.79%)    -0.92567 ( 73.21%)    -0.99288
      24     79.71    -1.16217 ( 28.76%)    -0.91838 ( 71.24%)    -0.98850
      25     82.12    -1.14477 ( 31.26%)    -0.90957 ( 68.74%)    -0.98309
      26     84.31    -1.12938 ( 33.57%)    -0.90177 ( 66.43%)    -0.97817
      27     91.87    -1.07924 ( 41.60%)    -0.87632 ( 58.40%)    -0.96074
      28     93.54    -1.06873 ( 43.37%)    -0.87098 ( 56.63%)    -0.95674
      29     95.92    -1.05412 ( 45.85%)    -0.86354 ( 54.15%)    -0.95092
      30    100.96    -1.02438 ( 50.95%)    -0.84839 ( 49.05%)    -0.93806
      31    109.08    -0.97950 ( 58.60%)    -0.82547 ( 41.40%)    -0.91573
      32    122.69    -0.91160 ( 69.38%)    -0.79063 ( 30.62%)    -0.87456
      33    129.54    -0.88041 ( 73.79%)    -0.77454 ( 26.21%)    -0.85267
      34    134.95    -0.85697 ( 76.83%)    -0.76242 ( 23.17%)    -0.83506
normal termination of xtb
      35    138.12    -0.84370 ( 78.44%)    -0.75554 ( 21.56%)    -0.82470
      36    141.10    -0.83150 ( 79.86%)    -0.74921 ( 20.14%)    -0.81492
      37    149.31    -0.79934 ( 83.25%)    -0.73246 ( 16.75%)    -0.78814
      38    151.34    -0.79167 ( 83.99%)    -0.72846 ( 16.01%)    -0.78155
      39    154.73    -0.77915 ( 85.14%)    -0.72190 ( 14.86%)    -0.77065
      40    163.57    -0.74780 ( 87.74%)    -0.70544 ( 12.26%)    -0.74261
      41    172.04    -0.71944 ( 89.76%)    -0.69047 ( 10.24%)    -0.71648
      42    177.38    -0.70238 ( 90.83%)    -0.68142 (  9.17%)    -0.70045
      43    180.64    -0.69223 ( 91.41%)    -0.67603 (  8.59%)    -0.69084
      44    188.15    -0.66963 ( 92.61%)    -0.66396 (  7.39%)    -0.66921
      45    196.62    -0.64535 ( 93.73%)    -0.65092 (  6.27%)    -0.64570
      46    203.40    -0.62673 ( 94.48%)    -0.64087 (  5.52%)    -0.62752
      47    204.25    -0.62446 ( 94.57%)    -0.63964 (  5.43%)    -0.62528
      48    211.55    -0.60532 ( 95.24%)    -0.62924 (  4.76%)    -0.60646
      49    228.26    -0.56427 ( 96.45%)    -0.60672 (  3.55%)    -0.56578
      50    236.47    -0.54540 ( 96.90%)    -0.59625 (  3.10%)    -0.54698
      51    243.21    -0.53050 ( 97.22%)    -0.58793 (  2.78%)    -0.53209
      52    255.70    -0.50415 ( 97.71%)    -0.57308 (  2.29%)    -0.50572
      53    270.24    -0.47545 ( 98.16%)    -0.55670 (  1.84%)    -0.47694
      54    273.61    -0.46907 ( 98.25%)    -0.55303 (  1.75%)    -0.47054
      55    280.19    -0.45691 ( 98.40%)    -0.54599 (  1.60%)    -0.45833
      56    282.06    -0.45353 ( 98.44%)    -0.54402 (  1.56%)    -0.45493
      57    286.97    -0.44476 ( 98.55%)    -0.53890 (  1.45%)    -0.44613
      58    289.74    -0.43992 ( 98.60%)    -0.53607 (  1.40%)    -0.44126
      59    299.24    -0.42371 ( 98.77%)    -0.52650 (  1.23%)    -0.42497
      60    304.65    -0.41480 ( 98.85%)    -0.52120 (  1.15%)    -0.41602
      61    308.23    -0.40901 ( 98.90%)    -0.51774 (  1.10%)    -0.41020
      62    310.45    -0.40546 ( 98.93%)    -0.51561 (  1.07%)    -0.40664
   ------------------------------------------------------------------------

   temp. (K)  partition function   enthalpy   heat capacity  entropy
                                   cal/mol     cal/K/mol   cal/K/mol   J/K/mol
 298.15  VIB  0.950E+31            37999.784    210.179    232.225
         ROT  0.146E+09              888.752      2.981     40.341
         INT  0.139E+40            38888.536    213.160    272.566
         TR   0.270E+29             1481.254      4.968     46.315
         TOT                       40369.7901   218.1280   318.8813  1334.1992

       T/K    H(0)-H(T)+PV         H(T)/Eh          T*S/Eh         G(T)/Eh
   ------------------------------------------------------------------------
    298.15    0.643334E-01    0.964715E+00    0.151511E+00    0.813204E+00
   ------------------------------------------------------------------------

         :::::::::::::::::::::::::::::::::::::::::::::::::::::
         ::                  THERMODYNAMIC                  ::
         :::::::::::::::::::::::::::::::::::::::::::::::::::::
         :: total free energy           0.813204160092 Eh   ::
         ::.................................................::
         :: total energy                0.000000000000 Eh   ::
         :: zero point energy           0.900381582638 Eh   ::
         :: G(RRHO) w/o ZPVE           -0.087177422546 Eh   ::
         :: G(RRHO) contrib.            0.813204160092 Eh   ::
         :::::::::::::::::::::::::::::::::::::::::::::::::::::

------------------------------------------------------------------------
 * finished run on 2026/09/10 at 23:35:15.672     
------------------------------------------------------------------------
 total:
 * wall-time:     0 d,  0 h,  0 min,  0.341 sec
 *  cpu-time:     0 d,  0 h,  0 min,  0.125 sec
 * ratio c/w:     0.367 speedup

