      -----------------------------------------------------------
     |                   =====================                   |
     |                        T H E R M O                        |
     |                   =====================                   |
     |                         S. Ehlert                         |
     |          Mulliken Center for Theoretical Chemistry        |
     |                    University of Bonn                     |
      -----------------------------------------------------------

   * xtb-thermo version 6.7.1 (edcfbbe) compiled by 'VssAdministrator@runnervm171ch' on 2026-06-10

 * started run on 2026/09/10 at 23:35:14.952     
eigval :       -0.02    -0.01     0.01     0.02     0.02     0.02
eigval :        5.41     9.93    16.82    21.55    23.32    25.53
eigval :       29.70    38.13    41.62    42.84    43.60    47.64
eigval :       50.50    52.57    54.37    58.66    61.60    66.32
eigval :       66.92    67.84    71.00    72.89    77.78    79.71
eigval :       82.12    84.31    91.87    93.54    95.92   100.96
eigval :      109.08   122.69   129.54   134.95   138.12   141.10
eigval :      149.31   151.34   154.73   163.57   172.04   177.38
eigval :      180.64   188.15   196.62   203.40   204.25   211.55
eigval :      228.26   236.47   243.21   255.70   270.24   273.61
eigval :      280.19   282.06   286.97   289.74   299.24   304.65
eigval :      308.23   310.45   318.57   320.80   327.14   332.88
eigval :      342.86   344.22   351.52   369.54   372.62   376.15
eigval :      376.50   379.87   383.31   397.91   414.09   423.72
eigval :      435.06   448.64   448.89   450.56   462.36   468.22
eigval :      480.55   489.52   499.26   503.65   512.79   517.25
eigval :      525.37   527.56   534.39   540.55   542.85   546.20
eigval :      546.53   551.28   561.42   574.48   585.26   587.37
eigval :      588.10   588.51   590.43   608.23   611.50   624.00
eigval :      630.36   632.48   637.19   639.76   661.74   664.53
eigval :      668.89   669.57   672.19   683.09   684.41   695.68
eigval :      703.60   707.52   721.80   725.88   734.25   747.28
eigval :      753.80   761.86   764.93   765.69   771.27   771.64
eigval :      773.69   787.89   789.27   817.80   834.76   838.99
eigval :      851.92   858.86   861.15   864.47   873.98   875.55
eigval :      877.44   879.35   881.21   882.93   904.10   904.64
eigval :      909.79   913.11   913.83   914.86   917.27   924.73
eigval :      925.81   926.71   927.87   928.11   928.66   933.58
eigval :      935.63   936.45   937.12   938.99   958.09   962.22
eigval :      962.93   971.22   972.60   973.24   983.27   992.36
eigval :      995.58  1005.03  1018.80  1029.21  1030.62  1031.06
eigval :     1033.24  1054.34  1067.33  1081.12  1081.79  1083.49
eigval :     1084.44  1084.97  1085.27  1095.04  1096.78  1102.37
eigval :     1118.57  1119.74  1122.02  1122.48  1125.17  1128.05
eigval :     1131.23  1141.74  1151.69  1152.58  1160.76  1161.86
eigval :     1168.98  1178.58  1179.19  1179.55  1181.26  1182.51
eigval :     1183.33  1190.39  1193.79  1198.65  1200.00  1202.21
eigval :     1202.63  1205.40  1208.10  1221.81  1225.94  1228.54
eigval :     1247.35  1250.92  1261.21  1264.40  1270.21  1276.78
eigval :     1278.80  1282.91  1283.35  1284.87  1289.39  1295.55
eigval :     1311.36  1315.55  1316.75  1319.15  1319.84  1323.08
eigval :     1338.42  1345.27  1364.99  1366.97  1381.44  1384.23
eigval :     1387.47  1388.48  1391.53  1393.34  1394.60  1396.87
eigval :     1413.30  1415.93  1422.57  1428.90  1430.43  1432.52
eigval :     1437.18  1440.20  1442.51  1445.53  1447.44  1452.04
eigval :     1452.53  1458.61  1459.54  1459.96  1463.16  1464.87
eigval :     1465.37  1470.50  1473.09  1480.68  1483.86  1488.52
eigval :     1493.43  1546.29  1554.63  1568.78  1576.49  1579.36
eigval :     1580.59  1581.20  1583.01  1586.67  1586.98  1596.35
eigval :     1599.28  1606.53  1607.06  1614.77  1645.91  1649.92
eigval :     1675.67  1690.87  2262.25  2879.28  2964.90  2980.21
Refinement of some symmetry elements was terminated before convergence was reached.
Some symmetry elements may remain unidentified.
Molecule has no symmetry elements
It seems to be the C1 point group
eigval :     2982.95  2991.67  2993.61  2997.56  2998.44  3005.00
eigval :     3011.72  3030.62  3032.85  3036.64  3037.92  3047.72
eigval :     3060.16  3062.31  3064.32  3064.93  3066.96  3067.21
eigval :     3068.08  3069.03  3071.16  3072.77  3073.70  3077.40
eigval :     3079.99  3080.01  3083.17  3083.32  3084.25  3087.09
eigval :     3088.30  3089.70  3089.90  3091.20  3092.76  3097.96
eigval :     3100.90  3105.42  3110.20  3111.36  3111.47  3116.21
eigval :     3126.35  3129.88  3414.81

c1  symmetry found (for desy threshold:  0.10E+00) used in thermo

          ...................................................
          :                      SETUP                      :
          :.................................................:
          :  # frequencies                         345      :
          :  # imaginary freq.                       0      :
          :  linear?                             false      :
          :  only rotor calc.                    false      :
          :  symmetry                               c1      :
          :  rotational number                       1      :
          :  scaling factor                  1.0000000      :
          :  rotor cutoff                   50.0000000 cm⁻¹ :
          :  imag. cutoff                  -20.0000000 cm⁻¹ :
          :.................................................:

    mode    ω/cm⁻¹     T·S(HO)/kcal·mol⁻¹    T·S(FR)/kcal·mol⁻¹   T·S(vib)
   ------------------------------------------------------------------------
       1      5.41    -2.75198 (  0.01%)    -1.71504 ( 99.99%)    -1.71519
       2      9.93    -2.39249 (  0.16%)    -1.53530 ( 99.84%)    -1.53664
       3     16.82    -2.08043 (  1.27%)    -1.37923 ( 98.73%)    -1.38810
       4     21.55    -1.93373 (  3.34%)    -1.30583 ( 96.66%)    -1.32679
       5     23.32    -1.88717 (  4.52%)    -1.28253 ( 95.48%)    -1.30983
       6     25.53    -1.83356 (  6.36%)    -1.25570 ( 93.64%)    -1.29246
       7     29.70    -1.74407 ( 11.07%)    -1.21089 ( 88.93%)    -1.26989
       8     38.13    -1.59626 ( 25.28%)    -1.13682 ( 74.72%)    -1.25295
       9     41.62    -1.54460 ( 32.43%)    -1.11091 ( 67.57%)    -1.25155
      10     42.84    -1.52746 ( 35.02%)    -1.10231 ( 64.98%)    -1.25121
      11     43.60    -1.51709 ( 36.64%)    -1.09711 ( 63.36%)    -1.25099
      12     47.64    -1.46484 ( 45.18%)    -1.07088 ( 54.82%)    -1.24885
      13     50.50    -1.43039 ( 51.00%)    -1.05357 ( 49.00%)    -1.24576
      14     52.57    -1.40677 ( 54.99%)    -1.04170 ( 45.01%)    -1.24246
      15     54.37    -1.38691 ( 58.30%)    -1.03172 ( 41.70%)    -1.23881
      16     58.66    -1.34223 ( 65.45%)    -1.00924 ( 34.55%)    -1.22717
      17     61.60    -1.31346 ( 69.73%)    -0.99475 ( 30.27%)    -1.21698
      18     66.32    -1.27000 ( 75.59%)    -0.97285 ( 24.41%)    -1.19745
      19     66.92    -1.26473 ( 76.24%)    -0.97019 ( 23.76%)    -1.19475
      20     67.84    -1.25672 ( 77.22%)    -0.96615 ( 22.78%)    -1.19051
      21     71.00    -1.23003 ( 80.26%)    -0.95268 ( 19.74%)    -1.17527
      22     72.89    -1.21456 ( 81.87%)    -0.94487 ( 18.13%)    -1.16568
      23     77.78    -1.17657 ( 85.41%)    -0.92567 ( 14.59%)    -1.13997
      24     79.71    -1.16217 ( 86.60%)    -0.91838 ( 13.40%)    -1.12949
      25     82.12    -1.14477 ( 87.92%)    -0.90957 ( 12.08%)    -1.11635
      26     84.31    -1.12938 ( 88.99%)    -0.90177 ( 11.01%)    -1.10433
      27     91.87    -1.07924 ( 91.93%)    -0.87632 (  8.07%)    -1.06288
      28     93.54    -1.06873 ( 92.45%)    -0.87098 (  7.55%)    -1.05381
      29     95.92    -1.05412 ( 93.12%)    -0.86354 (  6.88%)    -1.04102
      30    100.96    -1.02438 ( 94.32%)    -0.84839 (  5.68%)    -1.01439
      31    109.08    -0.97950 ( 95.77%)    -0.82547 (  4.23%)    -0.97299
      32    122.69    -0.91160 ( 97.32%)    -0.79063 (  2.68%)    -0.90835
      33    129.54    -0.88041 ( 97.83%)    -0.77454 (  2.17%)    -0.87811
      34    134.95    -0.85697 ( 98.15%)    -0.76242 (  1.85%)    -0.85522
normal termination of xtb
      35    138.12    -0.84370 ( 98.31%)    -0.75554 (  1.69%)    -0.84221
      36    141.10    -0.83150 ( 98.45%)    -0.74921 (  1.55%)    -0.83022
      37    149.31    -0.79934 ( 98.76%)    -0.73246 (  1.24%)    -0.79851
      38    151.34    -0.79167 ( 98.82%)    -0.72846 (  1.18%)    -0.79093
      39    154.73    -0.77915 ( 98.92%)    -0.72190 (  1.08%)    -0.77853
      40    163.57    -0.74780 ( 99.13%)    -0.70544 (  0.87%)    -0.74743
      41    172.04    -0.71944 ( 99.29%)    -0.69047 (  0.71%)    -0.71924
      42    177.38    -0.70238 ( 99.37%)    -0.68142 (  0.63%)    -0.70224
      43    180.64    -0.69223 ( 99.42%)    -0.67603 (  0.58%)    -0.69214
      44    188.15    -0.66963 ( 99.50%)    -0.66396 (  0.50%)    -0.66960
      45    196.62    -0.64535 ( 99.58%)    -0.65092 (  0.42%)    -0.64537
      46    203.40    -0.62673 ( 99.64%)    -0.64087 (  0.36%)    -0.62679
      47    204.25    -0.62446 ( 99.64%)    -0.63964 (  0.36%)    -0.62451
      48    211.55    -0.60532 ( 99.69%)    -0.62924 (  0.31%)    -0.60540
      49    228.26    -0.56427 ( 99.77%)    -0.60672 (  0.23%)    -0.56437
      50    236.47    -0.54540 ( 99.80%)    -0.59625 (  0.20%)    -0.54550
      51    243.21    -0.53050 ( 99.82%)    -0.58793 (  0.18%)    -0.53060
      52    255.70    -0.50415 ( 99.85%)    -0.57308 (  0.15%)    -0.50425
      53    270.24    -0.47545 ( 99.88%)    -0.55670 (  0.12%)    -0.47554
      54    273.61    -0.46907 ( 99.89%)    -0.55303 (  0.11%)    -0.46917
      55    280.19    -0.45691 ( 99.90%)    -0.54599 (  0.10%)    -0.45700
      56    282.06    -0.45353 ( 99.90%)    -0.54402 (  0.10%)    -0.45361
      57    286.97    -0.44476 ( 99.91%)    -0.53890 (  0.09%)    -0.44485
      58    289.74    -0.43992 ( 99.91%)    -0.53607 (  0.09%)    -0.44000
      59    299.24    -0.42371 ( 99.92%)    -0.52650 (  0.08%)    -0.42379
   ------------------------------------------------------------------------

   temp. (K)  partition function   enthalpy   heat capacity  entropy
                                   cal/mol     cal/K/mol   cal/K/mol   J/K/mol
 298.15  VIB  0.950E+31            37999.784    224.019    244.400
         ROT  0.146E+09              888.752      2.981     40.341
         INT  0.139E+40            38888.536    227.000    284.742
         TR   0.270E+29             1481.254      4.968     46.315
         TOT                       40369.7901   231.9680   331.0567  1385.1413

       T/K    H(0)-H(T)+PV         H(T)/Eh          T*S/Eh         G(T)/Eh
   ------------------------------------------------------------------------
    298.15    0.643334E-01    0.964715E+00    0.157296E+00    0.807419E+00
   ------------------------------------------------------------------------

         :::::::::::::::::::::::::::::::::::::::::::::::::::::
         ::                  THERMODYNAMIC                  ::
         :::::::::::::::::::::::::::::::::::::::::::::::::::::
         :: total free energy           0.807419209470 Eh   ::
         ::.................................................::
         :: total energy                0.000000000000 Eh   ::
         :: zero point energy           0.900381582638 Eh   ::
         :: G(RRHO) w/o ZPVE           -0.092962373169 Eh   ::
         :: G(RRHO) contrib.            0.807419209470 Eh   ::
         :::::::::::::::::::::::::::::::::::::::::::::::::::::

------------------------------------------------------------------------
 * finished run on 2026/09/10 at 23:35:15.308     
------------------------------------------------------------------------
 total:
 * wall-time:     0 d,  0 h,  0 min,  0.356 sec
 *  cpu-time:     0 d,  0 h,  0 min,  0.141 sec
 * ratio c/w:     0.395 speedup

