Molecule has no symmetry elements
It seems to be the C1 point group
      -----------------------------------------------------------
     |                   =====================                   |
     |                        T H E R M O                        |
     |                   =====================                   |
     |                         S. Ehlert                         |
     |          Mulliken Center for Theoretical Chemistry        |
     |                    University of Bonn                     |
      -----------------------------------------------------------

   * xtb-thermo version 6.7.1 (edcfbbe) compiled by 'VssAdministrator@runnervm171ch' on 2026-06-10

 * started run on 2026/09/10 at 23:26:52.525     
eigval :       -0.02    -0.01    -0.01     0.01     0.02     0.02
eigval :       23.31    35.86    52.38    62.98   146.07   173.98
eigval :      195.97   241.61   293.17   351.24   365.66   368.19
eigval :      403.62   464.96   496.62   520.78   550.15   587.90
eigval :      590.26   614.40   662.11   662.99   733.65   757.99
eigval :      783.43   828.87   865.76   873.54   878.93   907.88
eigval :      920.08   923.04   930.86   932.92   964.94   982.03
eigval :      991.09  1006.54  1079.88  1080.96  1094.90  1115.89
eigval :     1122.25  1179.58  1180.91  1189.39  1199.13  1244.07
eigval :     1277.25  1277.83  1295.94  1315.52  1324.87  1376.40
eigval :     1429.27  1432.39  1460.65  1470.38  1473.36  1475.13
eigval :     1567.56  1578.91  1590.15  1595.82  1702.15  3007.60
eigval :     3024.21  3032.17  3060.20  3063.64  3070.09  3071.65
eigval :     3074.53  3076.41  3085.31  3085.82  3097.86  3101.80

c1  symmetry found (for desy threshold:  0.10E+00) used in thermo

          ...................................................
          :                      SETUP                      :
          :.................................................:
          :  # frequencies                          78      :
          :  # imaginary freq.                       0      :
          :  linear?                             false      :
          :  only rotor calc.                    false      :
          :  symmetry                               c1      :
          :  rotational number                       1      :
          :  scaling factor                  1.0000000      :
          :  rotor cutoff                   50.0000000 cm⁻¹ :
          :  imag. cutoff                  -20.0000000 cm⁻¹ :
          :.................................................:

    mode    ω/cm⁻¹     T·S(HO)/kcal·mol⁻¹    T·S(FR)/kcal·mol⁻¹   T·S(vib)
   ------------------------------------------------------------------------
       1     23.31    -1.88738 (  4.51%)    -1.28249 ( 95.49%)    -1.30977
       2     35.86    -1.63256 ( 20.92%)    -1.15493 ( 79.08%)    -1.25485
       3     52.38    -1.40889 ( 54.64%)    -1.04271 ( 45.36%)    -1.24278
       4     62.98    -1.30039 ( 71.57%)    -0.98812 ( 28.43%)    -1.21161
       5    146.07    -0.81180 ( 98.65%)    -0.73893 (  1.35%)    -0.81081
       6    173.98    -0.71318 ( 99.32%)    -0.68714 (  0.68%)    -0.71300
       7    195.97    -0.64717 ( 99.58%)    -0.65189 (  0.42%)    -0.64719
       8    241.61    -0.53399 ( 99.82%)    -0.58987 (  0.18%)    -0.53409
       9    293.17    -0.43398 ( 99.92%)    -0.53257 (  0.08%)    -0.43407
   ------------------------------------------------------------------------

   temp. (K)  partition function   enthalpy   heat capacity  entropy
                                   cal/mol     cal/K/mol   cal/K/mol   J/K/mol
 298.15  VIB  0.572E+05             6504.993     42.881     39.525
         ROT  0.234E+07              888.752      2.981     32.124
         INT  0.134E+12             7393.745     45.861     71.649
         TR   0.264E+28             1481.254      4.968     41.694
         TOT                        8874.9991    50.8296   113.3431   474.2277

       T/K    H(0)-H(T)+PV         H(T)/Eh          T*S/Eh         G(T)/Eh
   ------------------------------------------------------------------------
normal termination of xtb
    298.15    0.141432E-01    0.237694E+00    0.538530E-01    0.183841E+00
   ------------------------------------------------------------------------

         :::::::::::::::::::::::::::::::::::::::::::::::::::::
         ::                  THERMODYNAMIC                  ::
         :::::::::::::::::::::::::::::::::::::::::::::::::::::
         :: total free energy           0.183841324973 Eh   ::
         ::.................................................::
         :: total energy                0.000000000000 Eh   ::
         :: zero point energy           0.223551099285 Eh   ::
         :: G(RRHO) w/o ZPVE           -0.039709774313 Eh   ::
         :: G(RRHO) contrib.            0.183841324973 Eh   ::
         :::::::::::::::::::::::::::::::::::::::::::::::::::::

------------------------------------------------------------------------
 * finished run on 2026/09/10 at 23:26:52.555     
------------------------------------------------------------------------
 total:
 * wall-time:     0 d,  0 h,  0 min,  0.029 sec
 *  cpu-time:     0 d,  0 h,  0 min,  0.000 sec
 * ratio c/w:     0.000 speedup

