
Scratch directory: C:\Users\HUIWEI\AppData\Local\Temp\phase29_psi4_pxbfvbd6/
   => Libint2 <=

    Primary   basis highest AM E, G, H:  7, 6, -
    Auxiliary basis highest AM E, G, H:  7, 7, -
    Onebody   basis highest AM E, G, H:  -, -, -
    Solid Harmonics ordering:            Gaussian

*** tstart() called on LAPTOP-257FNSVV
*** at Sun Sep 20 20:54:45 2026

   => Loading Basis Set <=

    Name: DEF2-SVP
    Role: ORBITAL
    Keyword: BASIS
    atoms 1, 7   entry N          line   110 file C:\Users\HUIWEI\miniconda3\envs\phase7\Library\share\psi4\basis\def2-svp.gbs 
    atoms 2-6, 8 entry C          line    90 file C:\Users\HUIWEI\miniconda3\envs\phase7\Library\share\psi4\basis\def2-svp.gbs 
    atoms 9-13   entry H          line    15 file C:\Users\HUIWEI\miniconda3\envs\phase7\Library\share\psi4\basis\def2-svp.gbs 


         ---------------------------------------------------------
                                   SCF
               by Justin Turney, Rob Parrish, Andy Simmonett
                          and Daniel G. A. Smith
                              UKS Reference
                        2 Threads,    858 MiB Core
         ---------------------------------------------------------

  ==> Geometry <==

    Molecular point group: c1
    Full point group: C1

    Geometry (in Angstrom), charge = 0, multiplicity = 2:

       Center              X                  Y                   Z               Mass       
    ------------   -----------------  -----------------  -----------------  -----------------
         N            3.643462000000     0.085923000000    -0.142209000000    14.003074004430
         C            2.487067000000     0.099103000000    -0.089323000000    12.000000000000
         C            1.059684000000     0.062975000000    -0.034083000000    12.000000000000
         C            0.313313000000     1.213647000000     0.218840000000    12.000000000000
         C           -1.078297000000     1.136037000000     0.264574000000    12.000000000000
         C           -1.698032000000    -0.091102000000     0.056494000000    12.000000000000
         N           -0.952205000000    -1.183009000000    -0.185147000000    14.003074004430
         C            0.392485000000    -1.141874000000    -0.235825000000    12.000000000000
         H            0.806722000000     2.173499000000     0.381220000000     1.007825032230
         H           -1.671813000000     2.027673000000     0.461220000000     1.007825032230
         H           -2.775316000000    -0.223825000000     0.077982000000     1.007825032230
         H           -1.425468000000    -2.077428000000    -0.335871000000     1.007825032230
         H            0.898399000000    -2.081620000000    -0.437871000000     1.007825032230

  Running in c1 symmetry.

  Rotational constants: A =      0.18889  B =      0.04778  C =      0.03813 [cm^-1]
  Rotational constants: A =   5662.65866  B =   1432.36912  C =   1143.19741 [MHz]
  Nuclear repulsion =  314.094641427210433

  Charge       = 0
  Multiplicity = 2
  Electrons    = 55
  Nalpha       = 28
  Nbeta        = 27

  ==> Algorithm <==

  SCF Algorithm Type is DF.
  DIIS enabled.
  MOM disabled.
  Fractional occupation disabled.
  Guess Type is SAD.
  Energy threshold   = 1.00e-09
  Density threshold  = 1.00e-07
  Integral threshold = 1.00e-12

  ==> Primary Basis <==

  Basis Set: DEF2-SVP
    Blend: DEF2-SVP
    Number of shells: 63
    Number of basis functions: 137
    Number of Cartesian functions: 145
    Spherical Harmonics?: true
    Max angular momentum: 2

  ==> DFT Potential <==

   => LibXC <=

    Version 7.1.2
    S. Lehtola, C. Steigemann, M. J. T. Oliveira, and M. A. L. Marques,  SoftwareX 7, 1–5 (2018) (10.1016/j.softx.2017.11.002)

   => Composite Functional: PBE0 <= 

    PBE0 Hyb-GGA Exchange-Correlation Functional

    C. Adamo and V. Barone,  J. Chem. Phys. 110, 6158 (1999) (10.1063/1.478522)
    M. Ernzerhof and G. E. Scuseria,  J. Chem. Phys. 110, 5029 (1999) (10.1063/1.478401)

    Deriv               =              1
    GGA                 =           TRUE
    Meta                =          FALSE

    Exchange Hybrid     =           TRUE
    MP2 Hybrid          =          FALSE

   => Exchange Functionals <=

    0.7500   Perdew, Burke & Ernzerhof

   => Exact (HF) Exchange <=

    0.2500               HF 

   => Correlation Functionals <=

    1.0000   Perdew, Burke & Ernzerhof

   => LibXC Density Thresholds  <==

    XC_HYB_GGA_XC_PBEH:  1.00E-15 

   => Molecular Quadrature <=

    Radial Scheme          =       TREUTLER
    Pruning Scheme         =           NONE
    Nuclear Scheme         =       TREUTLER

    Blocking Scheme        =         OCTREE
    BS radius alpha        =              1
    Pruning alpha          =              1
    Radial Points          =             75
    Spherical Points       =            302
    Total Points           =         273472
    Total Blocks           =           2081
    Max Points             =            256
    Max Functions          =            133
    Weights Tolerance      =       1.00E-15

   => Loading Basis Set <=

    Name: (DEF2-SVP AUX)
    Role: JKFIT
    Keyword: DF_BASIS_SCF
    atoms 1, 7   entry N          line   258 file C:\Users\HUIWEI\miniconda3\envs\phase7\Library\share\psi4\basis\def2-universal-jkfit.gbs 
    atoms 2-6, 8 entry C          line   198 file C:\Users\HUIWEI\miniconda3\envs\phase7\Library\share\psi4\basis\def2-universal-jkfit.gbs 
    atoms 9-13   entry H          line    18 file C:\Users\HUIWEI\miniconda3\envs\phase7\Library\share\psi4\basis\def2-universal-jkfit.gbs 

  ==> Integral Setup <==

  DFHelper Memory: AOs need 0.099 GiB; user supplied 0.099 GiB. 
  SCF_SUBTYPE=INCORE selected. In-core MEM_DF algorithm will be used.
  Using in-core AOs.

  ==> MemDFJK: Density-Fitted J/K Matrices <==

    J tasked:                   Yes
    K tasked:                   Yes
    wK tasked:                   No
    OpenMP threads:               2
    Memory [MiB]:               101
    Algorithm:                 Core
    Schwarz Cutoff:           1E-12
    Mask sparsity (%):       5.5411
    Fitting Condition:        1E-10

   => Auxiliary Basis Set <=

  Basis Set: (DEF2-SVP AUX)
    Blend: DEF2-UNIVERSAL-JKFIT
    Number of shells: 230
    Number of basis functions: 694
    Number of Cartesian functions: 820
    Spherical Harmonics?: true
    Max angular momentum: 4

  Cached 50.0% of DFT collocation blocks in 0.397 [GiB].

  Minimum eigenvalue in the overlap matrix is 6.1853138770E-04.
  Reciprocal condition number of the overlap matrix is 9.7316957369E-05.
    Using symmetric orthogonalization.

  ==> Pre-Iterations <==

  SCF Guess: Superposition of Atomic Densities via on-the-fly atomic UHF (no occupation information).

   -------------------------
    Irrep   Nso     Nmo    
   -------------------------
     A        137     137 
   -------------------------
    Total     137     137
   -------------------------

  ==> Iterations <==

                           Total Energy        Delta E     RMS |[F,P]|

   @DF-UKS iter SAD:  -340.10040855186259   -3.40100e+02   0.00000e+00 
   @DF-UKS iter   1:  -340.08368401882336    1.67245e-02   5.69427e-03 ADIIS/DIIS
   @DF-UKS iter   2:  -339.97252433090614    1.11160e-01   6.74678e-03 ADIIS/DIIS
   @DF-UKS iter   3:  -340.39187344887239   -4.19349e-01   2.09310e-03 ADIIS/DIIS
   @DF-UKS iter   4:  -340.43062715199659   -3.87537e-02   6.35081e-04 ADIIS/DIIS
   @DF-UKS iter   5:  -340.43374228609093   -3.11513e-03   2.47716e-04 ADIIS/DIIS
   @DF-UKS iter   6:  -340.43426887948442   -5.26593e-04   1.20078e-04 ADIIS/DIIS
   @DF-UKS iter   7:  -340.43444719161596   -1.78312e-04   4.51810e-05 DIIS
   @DF-UKS iter   8:  -340.43450465996762   -5.74684e-05   2.19368e-05 DIIS
   @DF-UKS iter   9:  -340.43454370817761   -3.90482e-05   1.46715e-05 DIIS
   @DF-UKS iter  10:  -340.43455756622723   -1.38580e-05   8.68802e-06 DIIS
   @DF-UKS iter  11:  -340.43456848061669   -1.09144e-05   5.82289e-06 DIIS
   @DF-UKS iter  12:  -340.43457247896083   -3.99834e-06   5.00379e-06 DIIS
   @DF-UKS iter  13:  -340.43457489246026   -2.41350e-06   2.19565e-06 DIIS
   @DF-UKS iter  14:  -340.43457557753959   -6.85079e-07   1.84103e-06 DIIS
   @DF-UKS iter  15:  -340.43457599425653   -4.16717e-07   3.83763e-07 DIIS
   @DF-UKS iter  16:  -340.43457600307477   -8.81823e-09   3.98295e-07 DIIS
   @DF-UKS iter  17:  -340.43457600897011   -5.89534e-09   1.12908e-07 DIIS
   @DF-UKS iter  18:  -340.43457600957311   -6.02995e-10   1.22915e-07 DIIS
   @DF-UKS iter  19:  -340.43457600990689   -3.33785e-10   4.43952e-08 DIIS
  Energy and wave function converged.


  ==> Post-Iterations <==

   Electrons on quadrature grid:
      Nalpha   =   28.0000121935 ; deviation = 1.219e-05
      Nbeta    =   27.0000148549 ; deviation = 1.485e-05
      Ntotal   =   55.0000270484 ; deviation = 2.705e-05 

   @Spin Contamination Metric:   2.553715173E-02
   @S^2 Expected:                7.500000000E-01
   @S^2 Observed:                7.755371517E-01
   @S   Expected:                5.000000000E-01
   @S   Observed:                5.000000000E-01

    Orbital Energies [Eh]
    ---------------------

    Alpha Occupied:                                                       

       1A    -14.463842     2A    -14.380573     3A    -10.305418  
       4A    -10.279452     5A    -10.277567     6A    -10.266344  
       7A    -10.253011     8A    -10.234497     9A     -1.028358  
      10A     -0.915875    11A     -0.851237    12A     -0.812219  
      13A     -0.700503    14A     -0.683502    15A     -0.623004  
      16A     -0.546490    17A     -0.526079    18A     -0.511621  
      19A     -0.473490    20A     -0.471557    21A     -0.413647  
      22A     -0.393859    23A     -0.386339    24A     -0.364584  
      25A     -0.342377    26A     -0.327491    27A     -0.296760  
      28A     -0.137580  

    Alpha Virtual:                                                        

      29A     -0.049453    30A      0.027485    31A      0.049371  
      32A      0.065363    33A      0.090473    34A      0.100314  
      35A      0.127373    36A      0.151089    37A      0.162779  
      38A      0.192346    39A      0.213636    40A      0.257593  
      41A      0.264956    42A      0.292055    43A      0.302589  
      44A      0.348715    45A      0.366227    46A      0.406414  
      47A      0.419675    48A      0.451908    49A      0.467819  
      50A      0.488413    51A      0.505770    52A      0.511983  
      53A      0.534900    54A      0.575224    55A      0.581124  
      56A      0.616623    57A      0.629358    58A      0.639414  
      59A      0.645271    60A      0.655795    61A      0.677207  
      62A      0.689150    63A      0.699662    64A      0.707462  
      65A      0.715143    66A      0.736908    67A      0.768304  
      68A      0.788722    69A      0.822577    70A      0.872636  
      71A      0.898586    72A      0.900634    73A      0.941291  
      74A      1.005318    75A      1.026414    76A      1.059097  
      77A      1.094803    78A      1.120404    79A      1.160525  
      80A      1.187000    81A      1.225652    82A      1.251816  
      83A      1.276030    84A      1.294624    85A      1.303637  
      86A      1.320316    87A      1.361004    88A      1.481300  
      89A      1.571581    90A      1.627909    91A      1.637950  
      92A      1.665791    93A      1.731123    94A      1.761130  
      95A      1.766117    96A      1.775802    97A      1.782703  
      98A      1.783272    99A      1.815489   100A      1.833665  
     101A      1.872707   102A      1.919036   103A      1.929495  
     104A      1.943142   105A      1.971229   106A      2.011259  
     107A      2.029110   108A      2.059158   109A      2.133506  
     110A      2.147598   111A      2.199113   112A      2.258076  
     113A      2.276074   114A      2.299389   115A      2.306512  
     116A      2.325112   117A      2.335140   118A      2.411616  
     119A      2.424299   120A      2.426614   121A      2.613743  
     122A      2.658073   123A      2.716418   124A      2.726888  
     125A      2.738905   126A      2.770043   127A      2.816679  
     128A      2.896282   129A      2.965244   130A      3.014852  
     131A      3.036415   132A      3.107180   133A      3.149004  
     134A      3.245516   135A      3.379435   136A      3.503056  
     137A      3.770807  

    Beta Occupied:                                                        

       1A    -14.457732     2A    -14.380545     3A    -10.303172  
       4A    -10.278601     5A    -10.273432     6A    -10.266178  
       7A    -10.255823     8A    -10.226144     9A     -1.017446  
      10A     -0.915459    11A     -0.844012    12A     -0.805023  
      13A     -0.698352    14A     -0.668591    15A     -0.620681  
      16A     -0.542360    17A     -0.520625    18A     -0.506501  
      19A     -0.472156    20A     -0.444909    21A     -0.411177  
      22A     -0.390193    23A     -0.376243    24A     -0.364362  
      25A     -0.341854    26A     -0.301432    27A     -0.278082  

    Beta Virtual:                                                         

      28A     -0.041837    29A     -0.029418    30A      0.029709  
      31A      0.050702    32A      0.083717    33A      0.091674  
      34A      0.102144    35A      0.131138    36A      0.152412  
      37A      0.178026    38A      0.194656    39A      0.218130  
      40A      0.260363    41A      0.269524    42A      0.297879  
      43A      0.306349    44A      0.354171    45A      0.372235  
      46A      0.408068    47A      0.422928    48A      0.466098  
      49A      0.479668    50A      0.489075    51A      0.516205  
      52A      0.521856    53A      0.551143    54A      0.577045  
      55A      0.594857    56A      0.619725    57A      0.641008  
      58A      0.644041    59A      0.648118    60A      0.660671  
      61A      0.678258    62A      0.694020    63A      0.700027  
      64A      0.712873    65A      0.718032    66A      0.740950  
      67A      0.771666    68A      0.793592    69A      0.844000  
      70A      0.875408    71A      0.901348    72A      0.902497  
      73A      0.942236    74A      1.008855    75A      1.027990  
      76A      1.062345    77A      1.096887    78A      1.123623  
      79A      1.160913    80A      1.193662    81A      1.234958  
      82A      1.261949    83A      1.287514    84A      1.296720  
      85A      1.313465    86A      1.324138    87A      1.366110  
      88A      1.484211    89A      1.572321    90A      1.629252  
      91A      1.639005    92A      1.670689    93A      1.733755  
      94A      1.763677    95A      1.766771    96A      1.782770  
      97A      1.791077    98A      1.795010    99A      1.825331  
     100A      1.837253   101A      1.880556   102A      1.923268  
     103A      1.931636   104A      1.949341   105A      1.975269  
     106A      2.017181   107A      2.042238   108A      2.062970  
     109A      2.142241   110A      2.146150   111A      2.202321  
     112A      2.261884   113A      2.289911   114A      2.299989  
     115A      2.312968   116A      2.332191   117A      2.336741  
     118A      2.426476   119A      2.426602   120A      2.440190  
     121A      2.617021   122A      2.674781   123A      2.718447  
     124A      2.735721   125A      2.739975   126A      2.788667  
     127A      2.818830   128A      2.898782   129A      2.967329  
     130A      3.026190   131A      3.037211   132A      3.108452  
     133A      3.151202   134A      3.248036   135A      3.381457  
     136A      3.503848   137A      3.773156  

    Final Occupation by Irrep:
              A 
    DOCC [    27 ]
    SOCC [     1 ]
    NA   [    28 ]
    NB   [    27 ]

  @DF-UKS Final Energy:  -340.43457600990689

   => Energetics <=

    Nuclear Repulsion Energy =            314.0946414272104334
    One-Electron Energy =               -1080.9182676026614445
    Two-Electron Energy =                 462.6509251689773237
    DFT Exchange-Correlation Energy =     -36.2618750034332606
    Empirical Dispersion Energy =           0.0000000000000000
    VV10 Nonlocal Energy =                  0.0000000000000000
    Total Energy =                       -340.4345760099068912

  UHF NO Occupations:
  HONO-2 :   26  A 1.9965865
  HONO-1 :   27  A 1.9916498
  HONO-0 :   28  A 1.0000000
  LUNO+0 :   29  A 0.0083502
  LUNO+1 :   30  A 0.0034135
  LUNO+2 :   31  A 0.0003463
  LUNO+3 :   32  A 0.0002151


Computation Completed


Properties will be evaluated at   0.000000,   0.000000,   0.000000 [a0]

Properties computed using the SCF density matrix


 Multipole Moments:

 ------------------------------------------------------------------------------------
     Multipole            Electronic (a.u.)      Nuclear  (a.u.)        Total (a.u.)
 ------------------------------------------------------------------------------------

 L = 1.  Multiply by 2.5417464519 to convert [e a0] to [Debye]
 Dipole X            :        -46.6476063           44.4626914           -2.1849150
 Dipole Y            :         -0.5277510           -0.3563778           -0.8841288
 Dipole Z            :          1.9303154           -2.0045270           -0.0742116
 Magnitude           :                                                    2.3581867

 ------------------------------------------------------------------------------------

*** tstop() called on LAPTOP-257FNSVV at Sun Sep 20 20:55:46 2026
Module time:
	user time   =        nan seconds =        nan minutes
	system time =        nan seconds =        nan minutes
	total time  =         61 seconds =       1.02 minutes
Total time:
	user time   =        nan seconds =        nan minutes
	system time =        nan seconds =        nan minutes
	total time  =         61 seconds =       1.02 minutes
