31
 energy: -42.687356286886 gnorm: 0.019460213091 xtb: 6.7.1 (edcfbbe)
C           -0.55252370701400       -1.38188543417900       -1.61878375416700
C           -0.19951827865000       -0.37772495387700       -0.55379649199200
N           -1.05549366719100        0.18779904796200        0.19249237795700
C           -2.40920648063600       -0.03935093530500        0.24677661707300
C           -2.92912289376800       -1.20168335702100        0.82434822598800
C           -4.29279860886800       -1.35010611761700        0.98637438131600
C           -5.16282761208200       -0.35517492346200        0.57147952188400
C           -4.65444305081400        0.80126775022900        0.00048565603900
C           -3.29283713488500        0.96725257438000       -0.15348751860300
C            1.21004844800500       -0.00141517695500       -0.38023792143000
C            2.24356496590000       -0.63648298321900       -1.07008923253700
C            3.55614520938700       -0.24838967088600       -0.88334138261600
C            3.88541515350400        0.78347067791200       -0.01040130351400
C            5.31583362016400        1.17108521633600        0.20471478897200
C            2.85620931981600        1.41196631814800        0.68333402659600
C            1.54371472865300        1.02745013884200        0.50405565748600
H           -0.15598441252600       -1.05761066815000       -2.58570482409300
H           -1.63651715584000       -1.47114225467100       -1.70207683667700
H           -0.13484685922400       -2.35064468562300       -1.37908083431400
H           -2.24857050825600       -1.97506358811700        1.15500085094600
H           -4.68007669671500       -2.25400384110900        1.43678724505100
H           -6.22868820158000       -0.47815255311200        0.69455026039100
H           -5.32556860309500        1.58272008129000       -0.32598273923800
H           -2.89156249438900        1.86645556357200       -0.59806729483900
H            2.02913512578500       -1.42868905359800       -1.77334555751300
H            4.33886960980700       -0.74612080168800       -1.44313966493500
H            5.38529457634000        2.25763037433700        0.40191898337200
H            5.92541891316700        0.92773168101000       -0.66916682794600
H            5.72116531769200        0.64543790404200        1.07939778068700
H            3.09451216659200        2.19406749849500        1.38699552330000
H            0.75155663032000        1.50663127030200        1.05536777537300
31
 energy: -42.687776116270 gnorm: 0.005687855062 xtb: 6.7.1 (edcfbbe)
C           -0.55394002824780       -1.37882842872796       -1.62143492458117
C           -0.20004478285603       -0.37685027352878       -0.55468900680158
N           -1.05541072157568        0.18750987860295        0.19310403511103
C           -2.40915470013121       -0.03956317128508        0.24755589662798
C           -2.92912095781543       -1.20166168963504        0.82543439710245
C           -4.29283661007584       -1.34998103418350        0.98721090082303
C           -5.16284288351379       -0.35540535620986        0.57135199607647
C           -4.65439034499041        0.80082362144791       -0.00002699906959
C           -3.29272123283544        0.96688292254576       -0.15336132543494
C            1.20960167999456       -0.00037777548168       -0.38225356705512
C            2.24172193039847       -0.62973196873488       -1.07885984984866
C            3.55522108918404       -0.24526751599221       -0.88901469918661
C            3.88644103727305        0.77683754073070       -0.00615706368938
C            5.31354658420866        1.17691470622867        0.20525173445561
C            2.85781048147906        1.40205676414399        0.69216489352054
C            1.54498340386123        1.02129662172065        0.50994643104411
H           -0.15769847319105       -1.05713780522344       -2.58507726647174
H           -1.63638146727988       -1.47258775126240       -1.70082104349031
H           -0.13335341888909       -2.35132323952371       -1.37955704501505
H           -2.24874621163877       -1.97527337878401        1.15448280185302
H           -4.68013330990861       -2.25426117033865        1.43624653953497
H           -6.22890235474813       -0.47847175047292        0.69419750740951
H           -5.32589090743008        1.58279325844599       -0.32589053177240
H           -2.89168844179714        1.86657711253289       -0.59769839900634
H            2.02913119065047       -1.43288008751210       -1.76828400525182
H            4.33906844314587       -0.75077027611582       -1.43718828537058
H            5.39210631802903        2.24879852117481        0.40340255728772
H            5.92294873248449        0.93368100230885       -0.66241088357898
H            5.72324990972873        0.65011320860787        1.06935723427554
H            3.09342221186783        2.20104697007591        1.38070432414978
H            0.75030125421787        1.51236564271309        1.04969113436950
31
 energy: -42.687803906571 gnorm: 0.001060565014 xtb: 6.7.1 (edcfbbe)
C           -0.55436672151083       -1.37724509012273       -1.62247435726149
C           -0.20004067142529       -0.37620221646236       -0.55495477219293
N           -1.05529776072562        0.18777157375113        0.19327426505173
C           -2.40906775756163       -0.03945857902640        0.24768180701700
C           -2.92901248875412       -1.20147490461026        0.82578923005142
C           -4.29277301415777       -1.34997006928404        0.98718462577560
C           -5.16278565339703       -0.35546527533173        0.57118979762907
C           -4.65432593098250        0.80076795936079       -0.00017141902808
C           -3.29266518575357        0.96682692663763       -0.15351912022120
C            1.20981479606940       -0.00085858994976       -0.38162644270755
C            2.24179792920885       -0.63098580009934       -1.07736273793926
C            3.55561697460045       -0.24637572378125       -0.88830830728897
C            3.88704890962668        0.77609379155392       -0.00669030234689
C            5.31316857506433        1.17871761134985        0.20569455616421
C            2.85818476944321        1.40245484276151        0.69099395413082
C            1.54545648628732        1.02185466791630        0.50943165115851
H           -0.15788801826467       -1.05744476739276       -2.58484470676074
H           -1.63614203407680       -1.47373387065162       -1.69965989368319
H           -0.13259496385579       -2.35110893137411       -1.37899679171686
H           -2.24859204587712       -1.97484176149008        1.15483252427991
H           -4.67999293644294       -2.25413577689551        1.43633307416597
H           -6.22891619605158       -0.47869409174239        0.69383087518173
H           -5.32609217350320        1.58255576258701       -0.32639356632560
H           -2.89190797716021        1.86666062549342       -0.59799648096237
H            2.02919579806340       -1.43104574217853       -1.76941388840007
H            4.33908730176165       -0.74930913510465       -1.43814412422394
H            5.39049048749156        2.24614657659560        0.40208310938816
H            5.92220442952352        0.93316948738478       -0.66070951951688
H            5.72247829515326        0.65075085729062        1.06786909765968
H            3.09352695453740        2.19967285765431        1.38219222127989
H            0.75068724226865        1.51223188342865        1.05026312965932
31
 energy: -42.687805368329 gnorm: 0.000366817218 xtb: 6.7.1 (edcfbbe)
C           -0.55448788473623       -1.37647992862287       -1.62271653565930
C           -0.20004091859716       -0.37585682194793       -0.55487325688693
N           -1.05515878421452        0.18761402082605        0.19391008029830
C           -2.40900379495259       -0.03942672936382        0.24792950405963
C           -2.92899358248882       -1.20137622940056        0.82611034122886
C           -4.29277844422040       -1.34992977681161        0.98722581701034
C           -5.16276115901184       -0.35554886556451        0.57089013875274
C           -4.65424285954648        0.80062457705389       -0.00053853551660
C           -3.29255761597891        0.96674341585296       -0.15362747912093
C            1.20981111229216       -0.00049785502568       -0.38179780016186
C            2.24156193454502       -0.63066210245301       -1.07752938944673
C            3.55563395860727       -0.24619012404852       -0.88873730534753
C            3.88726630909779        0.77599722821288       -0.00726850477097
C            5.31341949051895        1.17905733176866        0.20582375003981
C            2.85838283817302        1.40232572799345        0.69091980764789
C            1.54569039207485        1.02212375775040        0.50952156942222
H           -0.15822141424931       -1.05738236348854       -2.58496934386211
H           -1.63606356536371       -1.47451333634378       -1.69863146035631
H           -0.13186629348644       -2.35043890860265       -1.37860232838082
H           -2.24850570738849       -1.97452001758745        1.15550346904307
H           -4.67997994638886       -2.25404114535930        1.43648495837170
H           -6.22890929336303       -0.47888264707652        0.69331417428834
H           -5.32610067717224        1.58224557660730       -0.32701565176644
H           -2.89195378864402        1.86657561437160       -0.59826434741016
H            2.02921185809668       -1.43080472898385       -1.76958857394630
H            4.33919163300566       -0.74915126651127       -1.43845179885709
H            5.38877827373864        2.24627147760271        0.40222865580079
H            5.92238460070299        0.93268997033118       -0.66108868808513
H            5.72208550125570        0.64950451015014        1.06782188806158
H            3.09360012934169        2.19902932689666        1.38279273858012
H            0.75090511795162        1.51222541004200        1.05060159498682
31
 energy: -42.687805614703 gnorm: 0.000119852779 xtb: 6.7.1 (edcfbbe)
C           -0.55457966139182       -1.37639167978730       -1.62255890112963
C           -0.20011574585223       -0.37563689800395       -0.55487550840797
N           -1.05511219376891        0.18756543070743        0.19423951925314
C           -2.40898894420255       -0.03941604804095        0.24814458514052
C           -2.92901633009268       -1.20125851348115        0.82652458055784
C           -4.29281973121223       -1.34989283525106        0.98738176266301
C           -5.16277249703604       -0.35563931097624        0.57067782668827
C           -4.65420492169763        0.80044904050397       -0.00088123849861
C           -3.29250275896144        0.96660218087539       -0.15380980872793
C            1.20975681810932       -0.00041141127266       -0.38185255209867
C            2.24137099172822       -0.63053836782431       -1.07768736448108
C            3.55550233394540       -0.24613875965551       -0.88895165819064
C            3.88721011518652        0.77588962645292       -0.00740122259560
C            5.31347362500597        1.17885950992372        0.20580677554870
C            2.85841791671143        1.40220387378073        0.69097264226004
C            1.54573266625138        1.02213789482846        0.50960363381154
H           -0.15865264121653       -1.05719586019448       -2.58499832256856
H           -1.63616286882096       -1.47465430114771       -1.69830210632641
H           -0.13162125471875       -2.35012551798643       -1.37850197642155
H           -2.24851295388426       -1.97432121032552        1.15611087474486
H           -4.68004620334217       -2.25398266079841        1.43667842354114
H           -6.22892861907745       -0.47901690717255        0.69291578872927
H           -5.32604843317239        1.58197222587809       -0.32757964692788
H           -2.89190977921963        1.86639614949796       -0.59852250462935
H            2.02907107744461       -1.43060108317223       -1.76990174495900
H            4.33898731498348       -0.74901903679451       -1.43892642341329
H            5.38909996283332        2.24620830532964        0.40257835223477
H            5.92270447408883        0.93303640825468       -0.66104305953891
H            5.72224200604854        0.64940529906165        1.06780954234216
H            3.09375207776969        2.19873615644355        1.38295783267039
H            0.75097157715996        1.51210339861480        1.05076938674643
31
 energy: -42.687805808486 gnorm: 0.000120739698 xtb: 6.7.1 (edcfbbe)
C           -0.55478136841184       -1.37615885355370       -1.62235574639946
C           -0.20017086780048       -0.37546613781152       -0.55468023726263
N           -1.05498818697352        0.18737218214266        0.19490619017402
C           -2.40893593100090       -0.03949312981535        0.24855273125675
C           -2.92907284205466       -1.20108035583875        0.82734952428002
C           -4.29291640203704       -1.34979962477138        0.98773841427199
C           -5.16279414377355       -0.35578914795241        0.57028555804274
C           -4.65410433525931        0.80009657499911       -0.00156237397767
C           -3.29235547259012        0.96626983767009       -0.15417190004187
C            1.20974591229060       -0.00025101013554       -0.38193879741667
C            2.24118724255765       -0.63013152682885       -1.07812389196361
C            3.55542812037697       -0.24585637555497       -0.88942046563889
C            3.88726900186517        0.77575949810031       -0.00752226223530
C            5.31353301080482        1.17862107336347        0.20583976751732
C            2.85858328845196        1.40196948880388        0.69116959882308
C            1.54588135663267        1.02210555099493        0.50978461144861
H           -0.15947315635904       -1.05667501811778       -2.58500141298473
H           -1.63636653233892       -1.47478891438496       -1.69769057010596
H           -0.13128178308072       -2.34966473894733       -1.37858958552837
H           -2.24858081201075       -1.97392216874552        1.15748647066659
H           -4.68021568080544       -2.25374928398372        1.43725529268892
H           -6.22898489246250       -0.47921323729001        0.69216509558196
H           -5.32590689100207        1.58141305679717       -0.32882727795024
H           -2.89173735313181        1.86591090052220       -0.59917148818875
H            2.02893694168159       -1.43006901082417       -1.77051942093355
H            4.33877089720285       -0.74868935505848       -1.43965894923914
H            5.38926897760342        2.24593200351505        0.40316185101059
H            5.92285991889784        0.93343171770270       -0.66103453811628
H            5.72230841632893        0.64895704975157        1.06764405308871
H            3.09408646513798        2.19834706530163        1.38326990483284
H            0.75110452085923        1.51193698821767        1.05103734231602
31
 energy: -42.687806040452 gnorm: 0.000210293207 xtb: 6.7.1 (edcfbbe)
C           -0.55506828366199       -1.37577847298357       -1.62217552203857
C           -0.20021617992642       -0.37528359449555       -0.55439853978681
N           -1.05480483214024        0.18708669598701        0.19578801849888
C           -2.40883357627021       -0.03969189865667        0.24915177907867
C           -2.92914828057865       -1.20081782008455        0.82871113501172
C           -4.29305782256371       -1.34957799430777        0.98846872085199
C           -5.16281035519463       -0.35597999697289        0.56974927869245
C           -4.65392385540714        0.79949891165181       -0.00271915401174
C           -3.29210622642367        0.96566046991643       -0.15483419182310
C            1.20975775991549       -0.00010294700293       -0.38195108054282
C            2.24102167325588       -0.62958538940677       -1.07867572004354
C            3.55534519879599       -0.24538907156972       -0.89004310793529
C            3.88735029748535        0.77571573557313       -0.00766507170103
C            5.31362436052994        1.17834833961521        0.20592129857991
C            2.85876464044178        1.40171715573717        0.69141534899337
C            1.54605679500782        1.02197347239186        0.51008707330334
H           -0.16063919677680       -1.05571613950597       -2.58501647714612
H           -1.63666273379529       -1.47490284356771       -1.69681539422531
H           -0.13086391969949       -2.34909864386149       -1.37905142955348
H           -2.24872134639920       -1.97333329807170        1.15974703704701
H           -4.68050541774059       -2.25324585735338        1.43841939563423
H           -6.22905833420489       -0.47942230409263        0.69111878766915
H           -5.32562464795330        1.58052647926138       -0.33088444902587
H           -2.89138833462878        1.86500584627219       -0.60034486406202
H            2.02874110985211       -1.42912444921558       -1.77152469630033
H            4.33849578138399       -0.74798005271162       -1.44076207869005
H            5.38946034526048        2.24553197042791        0.40402929777478
H            5.92294961857021        0.93380799315739       -0.66109473087679
H            5.72239096137749        0.64812452389814        1.06735513552149
H            3.09447964544549        2.19778947218606        1.38379487256535
H            0.75129257564196        1.51156880605282        1.05157681655753
31
 energy: -42.687806380192 gnorm: 0.000221340568 xtb: 6.7.1 (edcfbbe)
C           -0.55544331146788       -1.37515843451927       -1.62208841788543
C           -0.20023530535500       -0.37517244371813       -0.55395153993164
N           -1.05456837444923        0.18658399890903        0.19696926731898
C           -2.40868990138053       -0.04010008116376        0.24996130372975
C           -2.92926976543210       -1.20046303936757        0.83077304894524
C           -4.29327715519364       -1.34917724556468        0.98970775729281
C           -5.16283313236590       -0.35620352260355        0.56907567095285
C           -4.65365557258784        0.79859627392219       -0.00447201956086
C           -3.29174225302701        0.96465292316799       -0.15593605318448
C            1.20977153034651        0.00013450541240       -0.38194813296288
C            2.24084574005289       -0.62871687747361       -1.07950556645054
C            3.55522630883292       -0.24463451206891       -0.89091010977789
C            3.88745194420176        0.77574434010709       -0.00778365840707
C            5.31377075294341        1.17800232228100        0.20603655345536
C            2.85899219256090        1.40135780993599        0.69185571625256
C            1.54626057371082        1.02172170932601        0.51058404355245
H           -0.16225621606359       -1.05407877384246       -2.58510444943548
H           -1.63704563307511       -1.47500859227255       -1.69568228729262
H           -0.13026555561487       -2.34833093573055       -1.38012094356276
H           -2.24898027039849       -1.97247457733013        1.16326633364293
H           -4.68096043306093       -2.25229392680151        1.44055335805766
H           -6.22916134585514       -0.47962214529841        0.68976833066327
H           -5.32518229023210        1.57914113432801       -0.33415147248141
H           -2.89081092281039        1.86345134545482       -0.60236264038884
H            2.02843196894403       -1.42773982938249       -1.77290942353155
H            4.33818778077812       -0.74685278240568       -1.44222662911543
H            5.38973676255250        2.24494215380106        0.40528695600481
H            5.92296159445985        0.93427534731519       -0.66130540999285
H            5.72253538557565        0.64675727739617        1.06684970258478
H            3.09492643951977        2.19704400782248        1.38461342497434
H            0.75157588348959        1.51094766863183        1.05253477455093
31
 energy: -42.687806837894 gnorm: 0.000161421011 xtb: 6.7.1 (edcfbbe)
C           -0.55586083717540       -1.37417536152995       -1.62218389784645
C           -0.20024037225522       -0.37499816457822       -0.55342647148087
N           -1.05432755956680        0.18588919392646        0.19840774608754
C           -2.40853338543272       -0.04073335043399        0.25099805996412
C           -2.92945182109194       -1.19990425142529        0.83382729287880
C           -4.29359410133113       -1.34845429882025        0.99179749722446
C           -5.16289763911026       -0.35648446863242        0.56826691343710
C           -4.65335113400405        0.79719563103681       -0.00718148479743
C           -3.29131752347834        0.96308190130114       -0.15777144202499
C            1.20979342359515        0.00038381383350       -0.38175532210604
C            2.24064183839704       -0.62758739589701       -1.08049331958225
C            3.55504262091569       -0.24358624152147       -0.89203097452160
C            3.88757139125307        0.77585378199359       -0.00789961554078
C            5.31399119902507        1.17757229749894        0.20610837491235
C            2.85931952777444        1.40081518128744        0.69260589602535
C            1.54653736166088        1.02121046109275        0.51150503695718
H           -0.16434093749252       -1.05153381798286       -2.58534153139580
H           -1.63745988922156       -1.47506048493358       -1.69435823237753
H           -0.12935724302932       -2.34723167840325       -1.38197981873863
H           -2.24937854580043       -1.97120560009946        1.16840670210905
H           -4.68160188913418       -2.25071504950803        1.44407129936854
H           -6.22932671333304       -0.47982108391017        0.68816014697533
H           -5.32463294183903        1.57703265916258       -0.33904275430723
H           -2.89004952499821        1.86100626351153       -0.60565940121150
H            2.02791889502231       -1.42575508095565       -1.77477183235106
H            4.33781974419586       -0.74515509641004       -1.44418329769784
H            5.39017244384332        2.24412058375353        0.40701109295401
H            5.92282083212393        0.93497681765271       -0.66182542045471
H            5.72287559506538        0.64475750479306        1.06591398448161
H            3.09547303643634        2.19589118123148        1.38599936117898
H            0.75204156858465        1.50993925123410        1.05420289989729
31
 energy: -42.687807297706 gnorm: 0.000100096941 xtb: 6.7.1 (edcfbbe)
C           -0.55618093030325       -1.37296569381506       -1.62248336456863
C           -0.20021836556544       -0.37485438997916       -0.55284438523046
N           -1.05416937474814        0.18507331254846        0.19982692772067
C           -2.40843947396463       -0.04146122987719        0.25195196396401
C           -2.92968055117123       -1.19918479043500        0.83728966947258
C           -4.29395764120755       -1.34751662011520        0.99435604587523
C           -5.16302454603969       -0.35674628242333        0.56755592783305
C           -4.65313227516186        0.79556908555009       -0.01030808253007
C           -3.29099082263358        0.96120781242443       -0.16015554045371
C            1.20980186172759        0.00070025923650       -0.38147011485081
C            2.24040620869190       -0.62629188432904       -1.08154006295136
C            3.55481524692208       -0.24246660952787       -0.89316811829853
C            3.88769807840556        0.77590447132109       -0.00787564073062
C            5.31426993953733        1.17714659547048        0.20603286677029
C            2.85972176369321        1.40001748450708        0.69373115250720
C            1.54684999624340        1.02050866888770        0.51276289790205
H           -0.16638727184071       -1.04847772449891       -2.58571050183849
H           -1.63776511650204       -1.47497913425126       -1.69322699900766
H           -0.12825894305512       -2.34592651112656       -1.38431811776692
H           -2.24982529568171       -1.96958572378563        1.17437936826263
H           -4.68225719506857       -2.24863894270105        1.44864626281259
H           -6.22954767036216       -0.47998209466444        0.68671004217107
H           -5.32420167986421        1.57441533284045       -0.34493125936818
H           -2.88938148567826        1.85801096953428       -0.60999166531656
H            2.02729227120699       -1.42357690165814       -1.77670168834805
H            4.33743511793964       -0.74320832732364       -1.44628828264065
H            5.39063566343701        2.24326569062256        0.40891689767789
H            5.92251221043498        0.93601402569830       -0.66277432104179
H            5.72356719882710        0.64248881697637        1.06453923988707
H            3.09606033243730        2.19432796940642        1.38793928305470
H            0.75265016894305        1.50853746375530        1.05652708704849
31
 energy: -42.687807675159 gnorm: 0.000112659825 xtb: 6.7.1 (edcfbbe)
C           -0.55635169325196       -1.37178819389928       -1.62291179887299
C           -0.20020854283026       -0.37459429483184       -0.55247374457267
N           -1.05413495397404        0.18445460556185        0.20084772304060
C           -2.40843844447507       -0.04201679300398        0.25261357147943
C           -2.92987169330263       -1.19833417393758        0.84051169364170
C           -4.29424100533656       -1.34648002736917        0.99701637093820
C           -5.16319271006046       -0.35697795602680        0.56706900028272
C           -4.65310202027911        0.79393682643874       -0.01340970814819
C           -3.29088769951216        0.95942945298648       -0.16270302684271
C            1.20982293521969        0.00084702478029       -0.38100842512908
C            2.24019048875767       -0.62524433685974       -1.08230777251579
C            3.55460084915037       -0.24149955712535       -0.89414274873389
C            3.88781727625568        0.77590407962047       -0.00781443223175
C            5.31453044734648        1.17683392037283        0.20581941405846
C            2.86014233334835        1.39905679724149        0.69502733660728
C            1.54718569174758        1.01958384777002        0.51426896491233
H           -0.16789911129329       -1.04568947342867       -2.58612391479277
H           -1.63791025195035       -1.47473621908608       -1.69259693347187
H           -0.12727086908123       -2.34467899363175       -1.38647663894261
H           -2.25014809774751       -1.96788254723042        1.17979755668341
H           -4.68271088273271       -2.24657476477607        1.45319285947770
H           -6.22977414586293       -0.48010648620488        0.68579919536574
H           -5.32405151493319        1.57186270904133       -0.35039876194969
H           -2.88907736228756        1.85517425709481       -0.61447220540316
H            2.02671769065971       -1.42163366510701       -1.77837171721285
H            4.33709043431199       -0.74149785749495       -1.44812231010209
H            5.39097640567712        2.24255102797165        0.41059885553805
H            5.92208816727356        0.93729310492384       -0.66393515925402
H            5.72449656690896        0.64054412488203        1.06301234879015
H            3.09664408242306        2.19257627789679        1.39008426623651
H            0.75326504942980        1.50701238169892        1.05898762914089
31
 energy: -42.687807999774 gnorm: 0.000121827753 xtb: 6.7.1 (edcfbbe)
C           -0.55641947358142       -1.37071644493881       -1.62338397335505
C           -0.20020091023767       -0.37434907948633       -0.55219751519431
N           -1.05417853433274        0.18399201762758        0.20155146444469
C           -2.40851232356476       -0.04237910789855        0.25295045292395
C           -2.93000574921620       -1.19740803875343        0.84329838112798
C           -4.29442344542706       -1.34548362382590        0.99944624322242
C           -5.16337038439897       -0.35715279184822        0.56683450340994
C           -4.65322374140543        0.79248501766040       -0.01611061335673
C           -3.29097447426698        0.95786579722159       -0.16522719042453
C            1.20984114294372        0.00096607399467       -0.38059976992532
C            2.23998776539299       -0.62433979946996       -1.08295956955818
C            3.55442976525304       -0.24077583788770       -0.89486844884636
C            3.88794819639450        0.77572240576675       -0.00758873752145
C            5.31475420185028        1.17665693230503        0.20551455795596
C            2.86055321006813        1.39794776614323        0.69643978754033
C            1.54751206717794        1.01861258237211        0.51577159402833
H           -0.16889258012155       -1.04331942314248       -2.58653113506600
H           -1.63795766206997       -1.47430375580994       -1.69239820808553
H           -0.12650936109912       -2.34356027518102       -1.38830064235605
H           -2.25029502873917       -1.96606196483718        1.18462972228371
H           -4.68290968386888       -2.24456092789578        1.45761300976048
H           -6.22998266742204       -0.48023036616387        0.68533587979224
H           -5.32418112740570        1.56938594893438       -0.35544619524331
H           -2.88914014990529        1.85258535797399       -0.61901172869972
H            2.02625036246333       -1.41997230873458       -1.77980024237747
H            4.33676137757907       -0.74000411184146       -1.44976402538653
H            5.39115185011059        2.24204527703651        0.41205529639927
H            5.92159264620831        0.93875158993522       -0.66520047728340
H            5.72560351194034        0.63898797548988        1.06141702689874
H            3.09723336090611        2.19064006336268        1.39237484212190
H            0.75385525837359        1.50529815015919        1.06153319878700
31
 energy: -42.687808272601 gnorm: 0.000098777900 xtb: 6.7.1 (edcfbbe)
C           -0.55646306566913       -1.36979894639207       -1.62383381218947
C           -0.20021265353030       -0.37405722205817       -0.55206661542522
N           -1.05425361856483        0.18376863029678        0.20195584986573
C           -2.40861562874752       -0.04251618749319        0.25305366635593
C           -2.93003519612812       -1.19638445925894        0.84574021705648
C           -4.29445586623770       -1.34448171866200        1.00177586676114
C           -5.16352054340131       -0.35731722385374        0.56673581148576
C           -4.65346296131872        0.79111016898678       -0.01865200360650
C           -3.29119998326164        0.95651543420224       -0.16772700679826
C            1.20987511697489        0.00094445346472       -0.38016907134484
C            2.23981639203157       -0.62359989160975       -1.08350681392130
C            3.55429405763139       -0.24010957551746       -0.89555568871499
C            3.88807049143605        0.77552090532150       -0.00738071251327
C            5.31492591561063        1.17656943899043        0.20521278288630
C            2.86092927562363        1.39672353001212        0.69791526050340
C            1.54783491125818        1.01748945677672        0.51734598088728
H           -0.16943961681132       -1.04152053804524       -2.58689283159906
H           -1.63799178482730       -1.47370916406374       -1.69253201890174
H           -0.12609910673281       -2.34263845391166       -1.38964849506941
H           -2.25022626455176       -1.96418562939280        1.18878097094374
H           -4.68283964752813       -2.24271833205601        1.46166628471537
H           -6.23013521396259       -0.48037140547997        0.68523609512005
H           -5.32450890418178        1.56711688526792       -0.35983841227650
H           -2.88950583232876        1.85035478718209       -0.62336884397674
H            2.02591003932632       -1.41851707243213       -1.78110871113431
H            4.33646774807102       -0.73876968079935       -1.45118978749991
H            5.39111982023793        2.24166504961286        0.41339794851330
H            5.92106333824779        0.94036978582461       -0.66644984582895
H            5.72678538716412        0.63769757071099        1.05986936988874
H            3.09780862463509        2.18863744908144        1.39466775486051
H            0.75436218913412        1.50353705356302        1.06394429897376
31
 energy: -42.687808459672 gnorm: 0.000054194631 xtb: 6.7.1 (edcfbbe)
C           -0.55651480034732       -1.36924334169198       -1.62414075571000
C           -0.20023616003779       -0.37382016905418       -0.55208442765306
N           -1.05430314835223        0.18374402217614        0.20208037380467
C           -2.40869194203175       -0.04247917431433        0.25297930866810
C           -2.92996505375989       -1.19549809822839        0.84746384965721
C           -4.29436354430959       -1.34369434533647        1.00349726598143
C           -5.16358545646869       -0.35741226823634        0.56676490820710
C           -4.65368386345952        0.79013704398109       -0.02044501257384
C           -3.29142791867450        0.95559687695063       -0.16967470126071
C            1.20990026012312        0.00088978731525       -0.37994498003610
C            2.23969405769827       -0.62304588185633       -1.08400507318430
C            3.55421449033445       -0.23965342703485       -0.89604840613737
C            3.88815261418595        0.77526802082367       -0.00714517314283
C            5.31500055054231        1.17657195877025        0.20503731259585
C            2.86117193009568        1.39568481815442        0.69908647696324
C            1.54805729727046        1.01655550419102        0.51851576693064
H           -0.16962529690825       -1.04059127104979       -2.58713722549937
H           -1.63804939395961       -1.47316772592389       -1.69279417591923
H           -0.12605429336046       -2.34211302993714       -1.39032973767072
H           -2.24999591273260       -1.96258357811696        1.19178580886977
H           -4.68258774434070       -2.24126942002866        1.46481006608513
H           -6.23018823135713       -0.48049342183752        0.68534345815726
H           -5.32486574005097        1.56538396816145       -0.36309572734146
H           -2.88995006778136        1.84877087246014       -0.62681325982030
H            2.02571933943588       -1.41737230265489       -1.78225890365299
H            4.33623602241595       -0.73772485966177       -1.45242356021290
H            5.39098132226188        2.24143585248867        0.41457384727250
H            5.92063319408312        0.94181058328833       -0.66734612828907
H            5.72769958237998        0.63679829218233        1.05868975683036
H            3.09822808489224        2.18688688709262        1.39658478013181
H            0.75469724181203        1.50195292519547        1.06585175596622
31
 energy: -42.687808562534 gnorm: 0.000040839089 xtb: 6.7.1 (edcfbbe)
C           -0.55657349921157       -1.36908263115955       -1.62424935038942
C           -0.20024979779018       -0.37372727253222       -0.55214831319192
N           -1.05431214174693        0.18384348269564        0.20200636776356
C           -2.40871449515711       -0.04235830913078        0.25284910056542
C           -2.92984068039535       -1.19492858000844        0.84834345732375
C           -4.29420866126769       -1.34321528752297        1.00446394220440
C           -5.16357083884876       -0.35744906217309        0.56682936934299
C           -4.65382245911754        0.78962366448414       -0.02142115772950
C           -3.29157708510382        0.95517131196769       -0.17077548531783
C            1.20991320213153        0.00084854680971       -0.37992305706865
C            2.23963883379774       -0.62267033725217       -1.08442359040126
C            3.55417582507715       -0.23928796736178       -0.89645247498911
C            3.88817470958695        0.77515706117119       -0.00704765826104
C            5.31500533160391        1.17657353138573        0.20502873350959
C            2.86126365191862        1.39502362687830        0.69978991819541
C            1.54815372218421        1.01595701635830        0.51915804341946
H           -0.16954098659406       -1.04051488155452       -2.58722677344788
H           -1.63812334607468       -1.47281600636007       -1.69303157533744
H           -0.12629359271622       -2.34199894483624       -1.39036457281277
H           -2.24973275302989       -1.96159751767943        1.19331203892387
H           -4.68229753640250       -2.24045713618968        1.46652982607865
H           -6.23015669715514       -0.48057658208887        0.68551010341103
H           -5.32511175727123        1.56446701122071       -0.36476252677367
H           -2.89027531913312        1.84801246123963       -0.62871293872888
H            2.02566268877044       -1.41666023232554       -1.78306355113703
H            4.33613417706179       -0.73708145638023       -1.45316906891887
H            5.39079596789601        2.24129496697267        0.41545592028918
H            5.92039830667929        0.94276809828284       -0.66777014171634
H            5.72816004652320        0.63619866451224        1.05807755434661
H            3.09840386275946        2.18583033714442        1.39770584051391
H            0.75481874062449        1.50097752170038        1.06685950835081
31
 energy: -42.687808644693 gnorm: 0.000044376430 xtb: 6.7.1 (edcfbbe)
C           -0.55662969602128       -1.36912187599443       -1.62427337735125
C           -0.20026451804964       -0.37364097659307       -0.55230648225475
N           -1.05430776798209        0.18400136811968        0.20181766482369
C           -2.40871000344722       -0.04222447038947        0.25270239365363
C           -2.92969461494536       -1.19448083755328        0.84894081590717
C           -4.29403583937420       -1.34284264116433        1.00516445312855
C           -5.16351809459785       -0.35744687647292        0.56691921075672
C           -4.65391067677998        0.78930154456535       -0.02207096421787
C           -3.29168122900899        0.95491906604907       -0.17156530068384
C            1.20992041362564        0.00082339300195       -0.38000440876428
C            2.23961229516806       -0.62232277692653       -1.08486721684474
C            3.55415569608442       -0.23895660301523       -0.89681772732307
C            3.88817237180892        0.77508423570197       -0.00696990303392
C            5.31497379819296        1.17657340106097        0.20513256489232
C            2.86128598756772        1.39455380238009        0.70026158398489
C            1.54819240158265        1.01550649965098        0.51955833070395
H           -0.16939041192091       -1.04083131623882       -2.58725812857366
H           -1.63819557196917       -1.47262849975680       -1.69320194593530
H           -0.12659223750508       -2.34208800734103       -1.39012502061025
H           -2.24946693406203       -1.96083485935722        1.19437227617197
H           -4.68200924402421       -2.23983105928924        1.46781800753558
H           -6.23008726591558       -0.48062139767416        0.68569941534694
H           -5.32529493060494        1.56383839277467       -0.36592301962612
H           -2.89052034036002        1.84751924598723       -0.63009879458074
H            2.02564122328926       -1.41598836961031       -1.78387852962866
H            4.33607437819177       -0.73640738661912       -1.45389369978276
H            5.39063396529414        2.24114434333118        0.41634059001529
H            5.92023283765131        0.94352576591185       -0.66795495410858
H            5.72838106253711        0.63563909575512        1.05769408549316
H            3.09846860758304        2.18498192230805        1.39859236536082
H            0.75486175759053        1.50018097566583        1.06757320356216
31
 energy: -42.687808707464 gnorm: 0.000039497844 xtb: 6.7.1 (edcfbbe)
C           -0.55665564000297       -1.36927665236995       -1.62423676607781
C           -0.20026344788606       -0.37364008516446       -0.55242637177914
N           -1.05430013851062        0.18412154242706        0.20161659068809
C           -2.40869501897958       -0.04213546653669        0.25257542908414
C           -2.92957809144775       -1.19417441122176        0.84932067701824
C           -4.29390088461757       -1.34256522891473        1.00564750659594
C           -5.16346462059773       -0.35741519351142        0.56700680229905
C           -4.65395812760021        0.78911545542228       -0.02248823411901
C           -3.29174170223027        0.95476801034472       -0.17209095731251
C            1.20991425045550        0.00087016489629       -0.38016886955905
C            2.23960070201325       -0.62197198502618       -1.08530838603015
C            3.55413387608565       -0.23860521148415       -0.89718231054356
C            3.88814998764701        0.77509698932301       -0.00694791016723
C            5.31494454220238        1.17652883723518        0.20529799897756
C            2.86126806392233        1.39424559965282        0.70057425271704
C            1.54818431854749        1.01523270179909        0.51975635142452
H           -0.16925371857016       -1.04129731975352       -2.58725970957773
H           -1.63823287608879       -1.47262417949590       -1.69326018402905
H           -0.12681043499326       -2.34226095763269       -1.38978975667394
H           -2.24927699369851       -1.96032882964096        1.19504772397090
H           -4.68179868220712       -2.23938439828202        1.46869035182539
H           -6.23002119707886       -0.48061724722153        0.68587027982705
H           -5.32540377802377        1.56346605496631       -0.36663944968958
H           -2.89065819907907        1.84720954045166       -0.63099980295342
H            2.02562960632362       -1.41538041300879       -1.78461150485421
H            4.33605135288929       -0.73581752070444       -1.45447207798607
H            5.39054014575854        2.24096944539445        0.41717114301745
H            5.92014846967149        0.94405508455432       -0.66798728685662
H            5.72844350468617        0.63506511248635        1.05748754894356
H            3.09844877219719        2.18442346846126        1.39918903855274
H            0.75485337881138        1.49965219082239        1.06799537128442
31
 energy: -42.687808759915 gnorm: 0.000034974607 xtb: 6.7.1 (edcfbbe)
C           -0.55665535577327       -1.36948523689826       -1.62416234819218
C           -0.20026958738310       -0.37358514256899       -0.55259719007237
N           -1.05431304080715        0.18427344255157        0.20136864624924
C           -2.40868939490866       -0.04204921572189        0.25244555969252
C           -2.92947265586915       -1.19391305644534        0.84961342430311
C           -4.29378058470477       -1.34233032702252        1.00604663514597
C           -5.16342132958118       -0.35738528944035        0.56710014744904
C           -4.65401126770625        0.78897281380237       -0.02281238059885
C           -3.29181173886991        0.95465695711438       -0.17252522592909
C            1.20990189023354        0.00094561733665       -0.38033593188454
C            2.23958332402128       -0.62160512267817       -1.08574796667967
C            3.55410661599107       -0.23826075517426       -0.89752879567454
C            3.88812614594926        0.77512352702814       -0.00692904993557
C            5.31492506201934        1.17644698471036        0.20548730382692
C            2.86124669485455        1.39402692203578        0.70080423939331
C            1.54817069375067        1.01502669477359        0.51990263456267
H           -0.16915594936832       -1.04182518558827       -2.58724680744262
H           -1.63823787310473       -1.47275840637579       -1.69323601062437
H           -0.12691480627654       -2.34244875182403       -1.38939683230422
H           -2.24910846898691       -1.95990311073137        1.19557919033830
H           -4.68160724353282       -2.23900432497711        1.46942941332939
H           -6.22996518309587       -0.48061354153956        0.68605000964231
H           -5.32551575807656        1.56316162526676       -0.36721304854158
H           -2.89079382006448        1.84696094179343       -0.63175961170198
H            2.02560188022195       -1.41477395605191       -1.78531988727422
H            4.33602773104189       -0.73523296363037       -1.45502713920697
H            5.39052443768636        2.24075125116787        0.41799872823599
H            5.92008961325332        0.94448968305966       -0.66796520549578
H            5.72845339520165        0.63445734415247        1.05733045903258
H            3.09841987760139        2.18395785348786        1.39970069544323
H            0.75484411588239        1.49924782665531        1.06832383293102
31
 energy: -42.687808817461 gnorm: 0.000029809567 xtb: 6.7.1 (edcfbbe)
C           -0.55661813527089       -1.36980122074781       -1.62406204530934
C           -0.20026494017623       -0.37358808492641       -0.55277756853699
N           -1.05433596859809        0.18442684048237        0.20104094385349
C           -2.40868925528176       -0.04196299386996        0.25226088323892
C           -2.92936684807552       -1.19361665857242        0.84992080322975
C           -4.29365669640560       -1.34203472967455        1.00651641225679
C           -5.16338012553018       -0.35731072505457        0.56723958155762
C           -4.65407447583886        0.78884133765046       -0.02316849526547
C           -3.29189506571011        0.95453536448102       -0.17303805748285
C            1.20988058331532        0.00106590532850       -0.38058418521427
C            2.23956669402681       -0.62113614716675       -1.08630703125208
C            3.55407422689744       -0.23781397436209       -0.89796862336670
C            3.88808933545522        0.77517339491606       -0.00690769398271
C            5.31489873948356        1.17633981014015        0.20573782720529
C            2.86120737844287        1.39376052596042        0.70109150040775
C            1.54813531539297        1.01481063548382        0.52003432091059
H           -0.16907687435279       -1.04249144392960       -2.58724726801460
H           -1.63820146226575       -1.47307279290708       -1.69314220812685
H           -0.12691187876285       -2.34269611838862       -1.38893172177405
H           -2.24894222049623       -1.95943604447506        1.19614459158181
H           -4.68140327130758       -2.23854326991372        1.47028689906080
H           -6.22990827756604       -0.48054564791926        0.68632150513081
H           -5.32564275306430        1.56286336315051       -0.36781931389132
H           -2.89094121359323        1.84668059932181       -0.63263639931811
H            2.02558209067661       -1.41399804080951       -1.78622492790653
H            4.33600711982039       -0.73449528304667       -1.45570989161257
H            5.39051758998505        2.24047563549419        0.41906751559114
H            5.92002427119322        0.94503533568471       -0.66791767254147
H            5.72845139066657        0.63368097811021        1.05714757806565
H            3.09835668202123        2.18341201517090        1.40031173818128
H            0.75481546451774        1.49876653265695        1.06869849134125
31
 energy: -42.687808860746 gnorm: 0.000029214054 xtb: 6.7.1 (edcfbbe)
C           -0.55656452482122       -1.37010823868303       -1.62395424231745
C           -0.20026638385418       -0.37355594976073       -0.55296727938067
N           -1.05437106060300        0.18458670232418        0.20071894662276
C           -2.40870068358562       -0.04187225010457        0.25208142225694
C           -2.92928072653877       -1.19335965717812        0.85014436158991
C           -4.29355414694709       -1.34178457308325        1.00689228126420
C           -5.16335397405880       -0.35723827241284        0.56737538266743
C           -4.65414488394667        0.78874583344511       -0.02344379915226
C           -3.29198642675131        0.95445136896883       -0.17346837853254
C            1.20986295833674        0.00116257741087       -0.38078212350469
C            2.23954976014740       -0.62072780032042       -1.08678470999757
C            3.55404559891378       -0.23742508008177       -0.89834685145602
C            3.88805912624225        0.77521840223087       -0.00689067094088
C            5.31487955117680        1.17623501867746        0.20596064347653
C            2.86117514615644        1.39354635864667        0.70132476420284
C            1.54810965250706        1.01461931359304        0.52016141928961
H           -0.16907187630937       -1.04306816181626       -2.58724793059113
H           -1.63814306349494       -1.47347003999487       -1.69298732960762
H           -0.12678304506532       -2.34290227701337       -1.38853181935655
H           -2.24880026296666       -1.95904245231032        1.19656042920935
H           -4.68122535301902       -2.23815771639574        1.47098715811891
H           -6.22986699447664       -0.48047811813381        0.68658754107745
H           -5.32577382388330        1.56262806042363       -0.36828937734319
H           -2.89109944464272        1.84646494998167       -0.63338032245157
H            2.02556810396530       -1.41332330211542       -1.78700482927530
H            4.33598477240798       -0.73386009300648       -1.45629841413362
H            5.39052660172361        2.24022048669988        0.42001715460049
H            5.91996409916327        0.94552019543288       -0.66787857885858
H            5.72845804811008        0.63298190447185        1.05698042088924
H            3.09830872396313        2.18294604991764        1.40083421122795
H            0.75479195174977        1.49837185845441        1.06900800842313
