Molecule has no symmetry elements
It seems to be the C1 point group
      -----------------------------------------------------------
     |                   =====================                   |
     |                        T H E R M O                        |
     |                   =====================                   |
     |                         S. Ehlert                         |
     |          Mulliken Center for Theoretical Chemistry        |
     |                    University of Bonn                     |
      -----------------------------------------------------------

   * xtb-thermo version 6.7.1 (edcfbbe) compiled by 'VssAdministrator@runnervm171ch' on 2026-06-10

 * started run on 2026/09/10 at 23:26:52.971     
eigval :       -0.02    -0.01    -0.01     0.01     0.02     0.03
eigval :       17.75    28.76    39.50    94.70    97.02   128.10
eigval :      147.58   154.48   174.64   216.88   265.75   334.15
eigval :      360.08   370.49   391.57   420.20   434.84   455.17
eigval :      485.45   489.14   530.26   540.32   579.49   589.56
eigval :      605.84   644.56   667.32   686.07   726.07   757.10
eigval :      760.15   778.33   814.58   827.17   850.97   866.91
eigval :      879.70   884.59   896.16   918.38   921.54   924.39
eigval :      926.05   931.29   968.30   981.57  1008.96  1022.22
eigval :     1079.64  1080.18  1111.78  1117.30  1135.83  1170.83
eigval :     1179.15  1180.76  1191.78  1199.83  1222.18  1242.71
eigval :     1257.61  1263.75  1279.62  1317.51  1337.26  1366.09
eigval :     1380.17  1390.59  1416.95  1433.85  1450.19  1451.84
eigval :     1459.42  1468.15  1506.15  1563.81  1572.50  1594.81
eigval :     1596.21  1608.44  1722.49  2999.61  3031.05  3053.03
eigval :     3062.71  3065.04  3065.52  3066.98  3068.31  3071.00
eigval :     3076.07  3077.12  3079.38  3083.91  3086.91  3087.11

c1  symmetry found (for desy threshold:  0.10E+00) used in thermo

          ...................................................
          :                      SETUP                      :
          :.................................................:
          :  # frequencies                          96      :
          :  # imaginary freq.                       0      :
          :  linear?                             false      :
          :  only rotor calc.                    false      :
          :  symmetry                               c1      :
          :  rotational number                       1      :
          :  scaling factor                  1.0000000      :
          :  rotor cutoff                  100.0000000 cm⁻¹ :
          :  imag. cutoff                  -20.0000000 cm⁻¹ :
          :.................................................:

    mode    ω/cm⁻¹     T·S(HO)/kcal·mol⁻¹    T·S(FR)/kcal·mol⁻¹   T·S(vib)
   ------------------------------------------------------------------------
       1     17.75    -2.04850 (  0.10%)    -1.36309 ( 99.90%)    -1.36377
       2     28.76    -1.76304 (  0.68%)    -1.22029 ( 99.32%)    -1.22397
       3     39.50    -1.57546 (  2.38%)    -1.12631 ( 97.62%)    -1.13699
       4     94.70    -1.06157 ( 44.58%)    -0.86730 ( 55.42%)    -0.95390
       5     97.02    -1.04749 ( 46.98%)    -0.86014 ( 53.02%)    -0.94816
       6    128.10    -0.88681 ( 72.92%)    -0.77782 ( 27.08%)    -0.85730
       7    147.58    -0.80596 ( 82.59%)    -0.73589 ( 17.41%)    -0.79376
       8    154.48    -0.78003 ( 85.06%)    -0.72235 ( 14.94%)    -0.77142
       9    174.64    -0.71109 ( 90.29%)    -0.68603 (  9.71%)    -0.70866
      10    216.88    -0.59181 ( 95.68%)    -0.62185 (  4.32%)    -0.59311
      11    265.75    -0.48410 ( 98.03%)    -0.56165 (  1.97%)    -0.48562
   ------------------------------------------------------------------------

   temp. (K)  partition function   enthalpy   heat capacity  entropy
                                   cal/mol     cal/K/mol   cal/K/mol   J/K/mol
 298.15  VIB  0.107E+07             8309.305     52.973     49.047
         ROT  0.405E+07              888.752      2.981     33.216
normal termination of xtb
         INT  0.434E+13             9198.058     55.954     82.264
         TR   0.372E+28             1481.254      4.968     42.374
         TOT                       10679.3117    60.9217   124.6375   521.4832

       T/K    H(0)-H(T)+PV         H(T)/Eh          T*S/Eh         G(T)/Eh
   ------------------------------------------------------------------------
    298.15    0.170186E-01    0.285654E+00    0.592193E-01    0.226435E+00
   ------------------------------------------------------------------------

         :::::::::::::::::::::::::::::::::::::::::::::::::::::
         ::                  THERMODYNAMIC                  ::
         :::::::::::::::::::::::::::::::::::::::::::::::::::::
         :: total free energy           0.226434517963 Eh   ::
         ::.................................................::
         :: total energy                0.000000000000 Eh   ::
         :: zero point energy           0.268635237209 Eh   ::
         :: G(RRHO) w/o ZPVE           -0.042200719246 Eh   ::
         :: G(RRHO) contrib.            0.226434517963 Eh   ::
         :::::::::::::::::::::::::::::::::::::::::::::::::::::

------------------------------------------------------------------------
 * finished run on 2026/09/10 at 23:26:53.004     
------------------------------------------------------------------------
 total:
 * wall-time:     0 d,  0 h,  0 min,  0.033 sec
 *  cpu-time:     0 d,  0 h,  0 min,  0.000 sec
 * ratio c/w:     0.000 speedup

