      -----------------------------------------------------------
     |                   =====================                   |
     |                        T H E R M O                        |
     |                   =====================                   |
     |                         S. Ehlert                         |
     |          Mulliken Center for Theoretical Chemistry        |
     |                    University of Bonn                     |
      -----------------------------------------------------------

   * xtb-thermo version 6.7.1 (edcfbbe) compiled by 'VssAdministrator@runnervm171ch' on 2026-06-10

 * started run on 2026/09/10 at 23:26:54.310     
eigval :       -0.02    -0.01     0.00     0.02     0.02     0.02
eigval :       12.14    15.66    20.61    22.79    27.49    30.82
eigval :       35.52    38.00    42.11    43.89    48.93    50.32
eigval :       53.77    56.11    59.02    64.15    67.99    69.00
eigval :       73.90    77.69    82.93    84.10    87.73    92.60
eigval :       94.99    99.08   101.54   102.18   104.36   111.92
eigval :      113.14   121.39   133.71   138.98   143.54   152.20
eigval :      153.20   155.62   158.79   164.02   172.83   175.41
eigval :      187.02   196.20   197.33   209.56   211.10   214.96
eigval :      232.54   245.43   253.71   262.44   275.66   278.51
eigval :      283.12   285.68   292.50   297.44   300.89   307.21
eigval :      307.97   310.98   318.92   328.38   331.43   335.51
eigval :      336.63   340.79   348.04   362.32   373.12   380.02
eigval :      382.71   385.36   388.93   400.13   404.46   419.78
eigval :      426.12   443.48   443.91   449.90   454.91   459.15
eigval :      473.80   487.44   499.00   500.96   510.95   513.01
eigval :      528.02   528.68   529.68   539.46   541.11   547.02
eigval :      548.91   556.57   565.41   575.96   585.27   586.98
eigval :      587.93   588.78   590.54   599.65   611.68   628.64
eigval :      629.13   633.53   636.95   643.23   650.24   660.39
eigval :      666.15   668.00   671.68   683.91   691.43   693.37
eigval :      700.05   701.61   708.15   725.46   732.57   748.17
eigval :      754.42   762.14   764.82   765.05   768.04   772.40
eigval :      773.11   784.06   785.62   821.28   832.58   835.17
eigval :      851.65   860.00   863.86   866.88   869.14   873.99
eigval :      876.37   878.23   882.16   885.23   903.58   904.45
eigval :      909.06   913.61   914.64   915.18   917.52   922.65
eigval :      926.14   926.51   928.22   930.12   930.36   930.50
eigval :      934.39   939.70   941.91   943.59   950.54   962.03
eigval :      963.31   968.92   972.75   974.20   983.87   985.64
eigval :      999.35  1002.21  1024.35  1027.13  1028.59  1030.56
eigval :     1032.76  1053.06  1072.73  1081.23  1082.13  1083.05
eigval :     1084.06  1085.65  1087.44  1092.21  1095.11  1096.52
eigval :     1119.37  1121.48  1124.41  1125.32  1127.59  1127.92
eigval :     1130.87  1144.18  1150.33  1151.21  1160.98  1168.30
eigval :     1177.13  1178.08  1179.09  1179.27  1180.08  1181.20
eigval :     1182.10  1191.61  1193.67  1198.97  1204.27  1206.95
eigval :     1207.51  1208.48  1212.54  1216.96  1220.39  1229.40
eigval :     1248.55  1251.92  1252.08  1265.51  1267.01  1270.20
eigval :     1280.65  1280.85  1286.56  1289.66  1290.79  1296.75
eigval :     1309.69  1314.45  1318.45  1321.38  1328.71  1336.15
eigval :     1346.07  1357.11  1363.62  1380.17  1381.53  1385.03
eigval :     1385.07  1388.22  1388.38  1393.67  1395.08  1413.72
eigval :     1414.85  1415.03  1420.92  1426.49  1427.98  1431.67
eigval :     1436.40  1439.88  1441.99  1447.70  1450.83  1452.38
eigval :     1454.39  1459.46  1460.71  1462.06  1464.13  1465.37
eigval :     1467.93  1471.97  1479.11  1481.35  1486.80  1486.93
eigval :     1490.03  1546.20  1553.31  1554.65  1567.12  1574.15
eigval :     1575.60  1577.47  1581.43  1582.93  1585.52  1594.04
eigval :     1598.22  1603.79  1606.32  1606.71  1616.28  1657.81
eigval :     1672.17  1693.16  2761.03  2876.58  2956.25  2966.57
Refinement of some symmetry elements was terminated before convergence was reached.
Some symmetry elements may remain unidentified.
Molecule has no symmetry elements
It seems to be the C1 point group
eigval :     2970.62  2980.53  2984.64  2997.00  3001.08  3007.17
eigval :     3013.18  3027.99  3031.82  3036.37  3040.90  3044.46
eigval :     3063.42  3066.10  3067.72  3068.52  3069.12  3070.31
eigval :     3072.39  3073.41  3074.73  3075.87  3077.65  3077.90
eigval :     3081.35  3083.41  3084.97  3085.56  3087.56  3089.34
eigval :     3090.58  3091.56  3092.90  3092.97  3095.82  3099.94
eigval :     3100.60  3105.82  3107.87  3114.55  3117.72  3127.74
eigval :     3144.75  3151.16  3362.66

c1  symmetry found (for desy threshold:  0.10E+00) used in thermo

          ...................................................
          :                      SETUP                      :
          :.................................................:
          :  # frequencies                         345      :
          :  # imaginary freq.                       0      :
          :  linear?                             false      :
          :  only rotor calc.                    false      :
          :  symmetry                               c1      :
          :  rotational number                       1      :
          :  scaling factor                  1.0000000      :
          :  rotor cutoff                  100.0000000 cm⁻¹ :
          :  imag. cutoff                  -20.0000000 cm⁻¹ :
          :.................................................:

    mode    ω/cm⁻¹     T·S(HO)/kcal·mol⁻¹    T·S(FR)/kcal·mol⁻¹   T·S(vib)
   ------------------------------------------------------------------------
       1     12.14    -2.27375 (  0.02%)    -1.47592 ( 99.98%)    -1.47609
       2     15.66    -2.12284 (  0.06%)    -1.40044 ( 99.94%)    -1.40088
       3     20.61    -1.96023 (  0.18%)    -1.31909 ( 99.82%)    -1.32025
       4     22.79    -1.90072 (  0.27%)    -1.28931 ( 99.73%)    -1.29095
       5     27.49    -1.78976 (  0.57%)    -1.23377 ( 99.43%)    -1.23692
       6     30.82    -1.72217 (  0.89%)    -1.19992 ( 99.11%)    -1.20458
       7     35.52    -1.63817 (  1.57%)    -1.15783 ( 98.43%)    -1.16536
       8     38.00    -1.59829 (  2.04%)    -1.13784 ( 97.96%)    -1.14724
       9     42.11    -1.53764 (  3.05%)    -1.10742 ( 96.95%)    -1.12054
      10     43.89    -1.51325 (  3.58%)    -1.09518 ( 96.42%)    -1.11014
      11     48.93    -1.44908 (  5.42%)    -1.06296 ( 94.58%)    -1.08389
      12     50.32    -1.43251 (  6.03%)    -1.05464 ( 93.97%)    -1.07741
      13     53.77    -1.39346 (  7.71%)    -1.03501 ( 92.29%)    -1.06266
      14     56.11    -1.36832 (  9.02%)    -1.02236 ( 90.98%)    -1.05357
      15     59.02    -1.33862 ( 10.82%)    -1.00742 ( 89.18%)    -1.04326
      16     64.15    -1.28962 ( 14.48%)    -0.98274 ( 85.52%)    -1.02718
      17     67.99    -1.25542 ( 17.61%)    -0.96550 ( 82.39%)    -1.01654
      18     69.00    -1.24673 ( 18.48%)    -0.96111 ( 81.52%)    -1.01390
      19     73.90    -1.20648 ( 22.98%)    -0.94079 ( 77.02%)    -1.00184
      20     77.69    -1.17724 ( 26.70%)    -0.92600 ( 73.30%)    -0.99308
      21     82.93    -1.13902 ( 32.11%)    -0.90665 ( 67.89%)    -0.98127
      22     84.10    -1.13085 ( 33.34%)    -0.90252 ( 66.66%)    -0.97865
      23     87.73    -1.10615 ( 37.20%)    -0.88999 ( 62.80%)    -0.97040
      24     92.60    -1.07467 ( 42.37%)    -0.87399 ( 57.63%)    -0.95901
      25     94.99    -1.05977 ( 44.88%)    -0.86642 ( 55.12%)    -0.95320
      26     99.08    -1.03526 ( 49.08%)    -0.85394 ( 50.92%)    -0.94293
      27    101.54    -1.02105 ( 51.52%)    -0.84669 ( 48.48%)    -0.93653
      28    102.18    -1.01735 ( 52.16%)    -0.84480 ( 47.84%)    -0.93480
      29    104.36    -1.00511 ( 54.26%)    -0.83856 ( 45.74%)    -0.92893
      30    111.92    -0.96461 ( 61.08%)    -0.81784 ( 38.92%)    -0.90748
      31    113.14    -0.95834 ( 62.10%)    -0.81463 ( 37.90%)    -0.90388
      32    121.39    -0.91775 ( 68.47%)    -0.79379 ( 31.53%)    -0.87866
      33    133.71    -0.86224 ( 76.17%)    -0.76515 ( 23.83%)    -0.83911
      34    138.98    -0.84016 ( 78.86%)    -0.75371 ( 21.14%)    -0.82189
normal termination of xtb
      35    143.54    -0.82175 ( 80.93%)    -0.74414 ( 19.07%)    -0.80695
      36    152.20    -0.78848 ( 84.29%)    -0.72678 ( 15.71%)    -0.77879
      37    153.20    -0.78477 ( 84.63%)    -0.72485 ( 15.37%)    -0.77556
      38    155.62    -0.77589 ( 85.43%)    -0.72020 ( 14.57%)    -0.76778
      39    158.79    -0.76450 ( 86.41%)    -0.71422 ( 13.59%)    -0.75767
      40    164.02    -0.74626 ( 87.86%)    -0.70463 ( 12.14%)    -0.74120
      41    172.83    -0.71689 ( 89.92%)    -0.68912 ( 10.08%)    -0.71409
      42    175.41    -0.70862 ( 90.45%)    -0.68473 (  9.55%)    -0.70634
      43    187.02    -0.67298 ( 92.44%)    -0.66575 (  7.56%)    -0.67243
      44    196.20    -0.64653 ( 93.68%)    -0.65156 (  6.32%)    -0.64685
      45    197.33    -0.64337 ( 93.81%)    -0.64986 (  6.19%)    -0.64377
      46    209.56    -0.61047 ( 95.07%)    -0.63204 (  4.93%)    -0.61154
      47    211.10    -0.60648 ( 95.21%)    -0.62987 (  4.79%)    -0.60761
      48    214.96    -0.59663 ( 95.53%)    -0.62450 (  4.47%)    -0.59788
      49    232.54    -0.55433 ( 96.69%)    -0.60121 (  3.31%)    -0.55588
      50    245.43    -0.52570 ( 97.32%)    -0.58524 (  2.68%)    -0.52730
      51    253.71    -0.50824 ( 97.64%)    -0.57540 (  2.36%)    -0.50982
      52    262.44    -0.49060 ( 97.94%)    -0.56538 (  2.06%)    -0.49214
      53    275.66    -0.46525 ( 98.30%)    -0.55082 (  1.70%)    -0.46670
      54    278.51    -0.45999 ( 98.37%)    -0.54778 (  1.63%)    -0.46142
      55    283.12    -0.45163 ( 98.47%)    -0.54291 (  1.53%)    -0.45303
      56    285.68    -0.44706 ( 98.52%)    -0.54025 (  1.48%)    -0.44844
      57    292.50    -0.43513 ( 98.65%)    -0.53325 (  1.35%)    -0.43645
      58    297.44    -0.42673 ( 98.74%)    -0.52829 (  1.26%)    -0.42801
      59    300.89    -0.42097 ( 98.79%)    -0.52488 (  1.21%)    -0.42223
      60    307.21    -0.41065 ( 98.89%)    -0.51872 (  1.11%)    -0.41185
      61    307.97    -0.40943 ( 98.90%)    -0.51799 (  1.10%)    -0.41062
      62    310.98    -0.40462 ( 98.94%)    -0.51510 (  1.06%)    -0.40579
   ------------------------------------------------------------------------

   temp. (K)  partition function   enthalpy   heat capacity  entropy
                                   cal/mol     cal/K/mol   cal/K/mol   J/K/mol
 298.15  VIB  0.155E+30            37652.228    211.791    227.742
         ROT  0.118E+09              888.752      2.981     39.915
         INT  0.183E+38            38540.980    214.771    267.658
         TR   0.270E+29             1481.254      4.968     46.315
         TOT                       40022.2341   219.7396   313.9731  1313.6634

       T/K    H(0)-H(T)+PV         H(T)/Eh          T*S/Eh         G(T)/Eh
   ------------------------------------------------------------------------
    298.15    0.637795E-01    0.965929E+00    0.149179E+00    0.816750E+00
   ------------------------------------------------------------------------

         :::::::::::::::::::::::::::::::::::::::::::::::::::::
         ::                  THERMODYNAMIC                  ::
         :::::::::::::::::::::::::::::::::::::::::::::::::::::
         :: total free energy           0.816750045868 Eh   ::
         ::.................................................::
         :: total energy                0.000000000000 Eh   ::
         :: zero point energy           0.902149299162 Eh   ::
         :: G(RRHO) w/o ZPVE           -0.085399253294 Eh   ::
         :: G(RRHO) contrib.            0.816750045868 Eh   ::
         :::::::::::::::::::::::::::::::::::::::::::::::::::::

------------------------------------------------------------------------
 * finished run on 2026/09/10 at 23:26:54.585     
------------------------------------------------------------------------
 total:
 * wall-time:     0 d,  0 h,  0 min,  0.275 sec
 *  cpu-time:     0 d,  0 h,  0 min,  0.031 sec
 * ratio c/w:     0.114 speedup

