Molecule has no symmetry elements
It seems to be the C1 point group
      -----------------------------------------------------------
     |                   =====================                   |
     |                        T H E R M O                        |
     |                   =====================                   |
     |                         S. Ehlert                         |
     |          Mulliken Center for Theoretical Chemistry        |
     |                    University of Bonn                     |
      -----------------------------------------------------------

   * xtb-thermo version 6.7.1 (edcfbbe) compiled by 'VssAdministrator@runnervm171ch' on 2026-06-10

 * started run on 2026/09/10 at 23:26:53.248     
eigval :       -0.02    -0.02    -0.02     0.01     0.02     0.02
eigval :       20.73    44.77    54.56    66.74   148.06   174.22
eigval :      201.10   246.00   295.93   352.89   366.67   370.43
eigval :      401.72   463.42   498.82   520.62   550.44   588.07
eigval :      589.50   616.24   661.85   663.02   735.19   758.68
eigval :      783.73   829.61   866.79   875.16   880.41   907.39
eigval :      921.37   924.36   930.03   935.83   965.18   982.63
eigval :      992.10  1007.46  1079.18  1081.29  1095.20  1114.68
eigval :     1123.29  1178.57  1180.02  1188.44  1199.35  1245.33
eigval :     1277.19  1279.08  1295.53  1316.03  1325.06  1376.90
eigval :     1429.67  1432.63  1460.38  1470.83  1474.66  1478.69
eigval :     1567.29  1578.76  1589.73  1595.38  1702.10  3007.29
eigval :     3021.07  3033.46  3060.84  3064.55  3070.69  3072.48
eigval :     3075.49  3079.48  3086.31  3086.77  3097.17  3102.18

c1  symmetry found (for desy threshold:  0.10E+00) used in thermo

          ...................................................
          :                      SETUP                      :
          :.................................................:
          :  # frequencies                          78      :
          :  # imaginary freq.                       0      :
          :  linear?                             false      :
          :  only rotor calc.                    false      :
          :  symmetry                               c1      :
          :  rotational number                       1      :
          :  scaling factor                  1.0000000      :
          :  rotor cutoff                   50.0000000 cm⁻¹ :
          :  imag. cutoff                  -20.0000000 cm⁻¹ :
          :.................................................:

    mode    ω/cm⁻¹     T·S(HO)/kcal·mol⁻¹    T·S(FR)/kcal·mol⁻¹   T·S(vib)
   ------------------------------------------------------------------------
       1     20.73    -1.95683 (  2.87%)    -1.31723 ( 97.13%)    -1.33558
       2     44.77    -1.50154 ( 39.12%)    -1.08923 ( 60.88%)    -1.25052
       3     54.56    -1.38485 ( 58.64%)    -1.03062 ( 41.36%)    -1.23835
       4     66.74    -1.26636 ( 76.04%)    -0.97097 ( 23.96%)    -1.19558
       5    148.06    -0.80411 ( 98.72%)    -0.73493 (  1.28%)    -0.80322
       6    174.22    -0.71243 ( 99.33%)    -0.68674 (  0.67%)    -0.71225
       7    201.10    -0.63298 ( 99.62%)    -0.64423 (  0.38%)    -0.63302
       8    246.00    -0.52446 ( 99.83%)    -0.58453 (  0.17%)    -0.52456
       9    295.93    -0.42927 ( 99.92%)    -0.52979 (  0.08%)    -0.42936
   ------------------------------------------------------------------------

   temp. (K)  partition function   enthalpy   heat capacity  entropy
                                   cal/mol     cal/K/mol   cal/K/mol   J/K/mol
 298.15  VIB  0.459E+05             6470.587     43.072     39.379
         ROT  0.234E+07              888.752      2.981     32.124
         INT  0.107E+12             7359.339     46.053     71.504
         TR   0.264E+28             1481.254      4.968     41.694
         TOT                        8840.5931    51.0215   113.1976   473.6189

       T/K    H(0)-H(T)+PV         H(T)/Eh          T*S/Eh         G(T)/Eh
   ------------------------------------------------------------------------
normal termination of xtb
    298.15    0.140884E-01    0.237770E+00    0.537839E-01    0.183986E+00
   ------------------------------------------------------------------------

         :::::::::::::::::::::::::::::::::::::::::::::::::::::
         ::                  THERMODYNAMIC                  ::
         :::::::::::::::::::::::::::::::::::::::::::::::::::::
         :: total free energy           0.183985883976 Eh   ::
         ::.................................................::
         :: total energy                0.000000000000 Eh   ::
         :: zero point energy           0.223681353200 Eh   ::
         :: G(RRHO) w/o ZPVE           -0.039695469224 Eh   ::
         :: G(RRHO) contrib.            0.183985883976 Eh   ::
         :::::::::::::::::::::::::::::::::::::::::::::::::::::

------------------------------------------------------------------------
 * finished run on 2026/09/10 at 23:26:53.277     
------------------------------------------------------------------------
 total:
 * wall-time:     0 d,  0 h,  0 min,  0.029 sec
 *  cpu-time:     0 d,  0 h,  0 min,  0.016 sec
 * ratio c/w:     0.545 speedup

