31
 energy: -42.678379244182 gnorm: 0.065956911110 xtb: 6.7.1 (edcfbbe)
C           -0.21700914530000        1.60058218890000       -3.02508745440000
C            0.30792734680000        0.95646343130000       -1.76211325130000
N            1.59541130970000        0.96820076190000       -1.57768345770000
C            2.16502814410000        0.44398122780000       -0.40931840850000
C            2.05799803450000        1.11025838380000        0.81521988900000
C            2.65190233950000        0.58244910060000        1.96367780750000
C            3.37367389530000       -0.60810945350000        1.88970881380000
C            3.50886027260000       -1.26506066210000        0.66753690580000
C            2.91227926710000       -0.73438271730000       -0.47806588800000
C           -0.71073034420000        0.37977557900000       -0.85203136210000
C           -1.67528636930000        1.21733070400000       -0.28724882120000
C           -2.64675841240000        0.67865909400000        0.55842247700000
C           -2.66820901140000       -0.69625525540000        0.83018346920000
C           -3.68992788130000       -1.26743136660000        1.76931932300000
C           -1.68959060750000       -1.52353667570000        0.26225446090000
C           -0.71667152000000       -0.98997948260000       -0.58464074010000
H            0.35585146400000        1.23602823230000       -3.88314251990000
H           -0.09553116270000        2.68520998900000       -2.95158097200000
H           -1.27253310190000        1.36772660170000       -3.18945708640000
H            1.50977236540000        2.04579981160000        0.87232615870000
H            2.55586456080000        1.10420292810000        2.91179132970000
H            3.83963558850000       -1.01778588680000        2.78202649560000
H            4.08342235520000       -2.18487354640000        0.60297590540000
H            3.02838150870000       -1.23714636270000       -1.43391845620000
H           -1.66769151100000        2.28516873790000       -0.48800928170000
H           -3.38691063170000        1.33782229950000        1.00713760820000
H           -3.31001802160000       -1.24234043090000        2.79525053190000
H           -3.92787360820000       -2.30303525270000        1.50455677690000
H           -4.62416457650000       -0.69798865770000        1.72324438200000
H           -1.67867321310000       -2.58988183110000        0.47754181390000
H            0.03157066580000       -1.64185148990000       -1.02691414840000
31
 energy: -42.682439097431 gnorm: 0.021186613243 xtb: 6.7.1 (edcfbbe)
C           -0.20421687635977        1.60050162065559       -3.01843542922745
C            0.31269010931778        0.95906553801378       -1.75870276617161
N            1.57074688381002        0.94903170844145       -1.56531076676449
C            2.14006473787982        0.42726920666599       -0.40323047186677
C            2.04242893607206        1.09742652565038        0.81627428947963
C            2.65494982203877        0.58423317358799        1.94796284582041
C            3.37415177910055       -0.59883125455436        1.87727556177655
C            3.50772418810778       -1.25072625399961        0.66079890060249
C            2.90599760141057       -0.73613894028130       -0.47545063551811
C           -0.70262100122614        0.38257445054397       -0.84785403653809
C           -1.67415708541809        1.20573782440214       -0.28660602503510
C           -2.63481951932211        0.66996971385220        0.55624141703647
C           -2.65686845405711       -0.69329629879561        0.83601123646970
C           -3.68848696300133       -1.26632981345355        1.76207491346704
C           -1.68568369465267       -1.50983640292241        0.26456006288951
C           -0.71127445403129       -0.97933888780813       -0.56636330955909
H            0.37134831877412        1.25028433772981       -3.87387144158204
H           -0.08531466181924        2.68147142413912       -2.95464522723381
H           -1.25663563924925        1.36657705280977       -3.17269411263844
H            1.48862516622180        2.02563554625660        0.87231509546297
H            2.55727677950876        1.10334394909894        2.89220606560740
H            3.83404226843703       -1.00908684791833        2.76712076218299
H            4.07621110928352       -2.16908110085929        0.59759055483399
H            3.01211516372839       -1.24247308861949       -1.42594725119200
H           -1.66907215548199        2.26810865644650       -0.49058489778055
H           -3.37886616230600        1.32131475378709        0.99669009467498
H           -3.31727116753433       -1.24465369013355        2.78728520861133
H           -3.91461357646649       -2.30132123432848        1.50524417320409
H           -4.61370037983822       -0.69098270504259        1.72395548157321
H           -1.68633705713852       -2.57242583305538        0.47051885060399
H            0.03156598411157       -1.62802313030925       -1.01046684258918
31
 energy: -42.683028505423 gnorm: 0.007699797556 xtb: 6.7.1 (edcfbbe)
C           -0.19784409684119        1.60745593151318       -3.01719612894062
C            0.31471731828296        0.96152274048351       -1.76224121612375
N            1.56059211538025        0.93065712695587       -1.55828836235125
C            2.13200207014194        0.41498510109517       -0.40200929456699
C            2.02887799103265        1.08551899293801        0.81605087996501
C            2.65022741233012        0.58098902592024        1.94181022531099
C            3.37777391592492       -0.59486905143660        1.87348535743359
C            3.50670952223744       -1.24960139488569        0.65972481942561
C            2.90217019004796       -0.74489465350341       -0.47400825556075
C           -0.70410001641507        0.38632110340421       -0.85246159005925
C           -1.67924122510537        1.20218601655136       -0.28913209916953
C           -2.63293864379231        0.66753581400194        0.55556415201536
C           -2.65275667429186       -0.69201725802592        0.84066530689895
C           -3.68690977029038       -1.26651315662377        1.76132556024434
C           -1.68010208074740       -1.50249954683758        0.26988745837100
C           -0.70894696404106       -0.97223543505728       -0.55826939363341
H            0.38489421579948        1.26660831949586       -3.86933064391353
H           -0.08068121056590        2.68751872151461       -2.95102909706102
H           -1.24771645660196        1.37165279801330       -3.17215312062564
H            1.45949932126217        2.00332137092316        0.86966642943281
H            2.55807757067137        1.10595995823422        2.88186658667140
H            3.84587814566664       -0.99676371839280        2.76029977814577
H            4.08307119683639       -2.16127662014841        0.59570518637428
H            3.00082000617584       -1.25313778402205       -1.42252080946145
H           -1.67942010213587        2.26167323136148       -0.50108268907897
H           -3.37921800282541        1.31504241587165        0.99356301636389
H           -3.31982063788274       -1.24544850300560        2.78790732366074
H           -3.90545084813252       -2.30070553397304        1.50449629496669
H           -4.60777989084481       -0.68876926295288        1.72205089102485
H           -1.68232939175366       -2.56348737528879        0.47466563430497
H            0.03994502037742       -1.61672937412398       -0.99504989946408
31
 energy: -42.683248127792 gnorm: 0.005277907556 xtb: 6.7.1 (edcfbbe)
C           -0.19276668599445        1.61724793113593       -3.01919986056284
C            0.31217825661596        0.96359435294347       -1.76695381220903
N            1.55546486499903        0.91365266668054       -1.55458552585598
C            2.12499187884053        0.40050404897764       -0.40154361158636
C            2.01630446449039        1.07230224906108        0.81590732212818
C            2.64922186140665        0.57831821746967        1.93927319419989
C            3.38828694610187       -0.59065557448068        1.87216714719062
C            3.51451686200732       -1.25002343369668        0.66021881315202
C            2.90187861016020       -0.75543645763909       -0.47287408860536
C           -0.71063519175818        0.39064861335040       -0.85797671838884
C           -1.69005612344917        1.20270371386301       -0.29623726803770
C           -2.63825393640696        0.66781742163175        0.55318642885465
C           -2.65248860464399       -0.69090049135875        0.84394873523200
C           -3.68578323098162       -1.26722428837461        1.76357054790745
C           -1.67534959730090       -1.49810294478042        0.27586582354526
C           -0.70707864887725       -0.96607288097651       -0.55285870809395
H            0.39748336216669        1.28523849580750       -3.86970813421835
H           -0.07852280063197        2.69733212621228       -2.94440186042987
H           -1.24058757657101        1.37991153226943       -3.18090444714326
H            1.43408285223761        1.98218714368476        0.86668062144334
H            2.55526119736558        1.10551973681910        2.87795267990962
H            3.86342161737242       -0.98529306622633        2.75785248922493
H            4.09473171499358       -2.15936735031736        0.59763967554004
H            2.99627361831782       -1.26549292152850       -1.42048987928543
H           -1.69494066590284        2.26106510234082       -0.51439027212061
H           -3.38564985801068        1.31347221885572        0.99165314262648
H           -3.32049165678604       -1.24511264769616        2.79116466957648
H           -3.89984900611257       -2.30170431640483        1.50642396039900
H           -4.60654780683974       -0.69065962917798        1.72224122360950
H           -1.67287444761446       -2.55812960423472        0.48488028509637
H            0.04777773070625       -1.60733996421050       -0.98454027249825
31
 energy: -42.683535191831 gnorm: 0.006512152483 xtb: 6.7.1 (edcfbbe)
C           -0.18174218514028        1.63992792978050       -3.02182658483530
C            0.30393622433528        0.96517702811350       -1.77517230655995
N            1.54530207821190        0.87704635837590       -1.55173284755635
C            2.11171827748224        0.36877652505970       -0.40271455947311
C            1.99192249041793        1.04274191357827        0.81440532611539
C            2.64566669410159        0.57008069602108        1.93534869781837
C            3.41028014953152       -0.58371318317788        1.87002188019843
C            3.53412423620022       -1.25267427882018        0.66207757827032
C            2.90485685379656       -0.77796559564310       -0.47085108361958
C           -0.72666320031795        0.39934394820061       -0.86781911912738
C           -1.71632668930578        1.20556673058494       -0.31454021098670
C           -2.65546311015223        0.66924670575972        0.54419379356609
C           -2.65480433764151       -0.68782079320693        0.84900460948876
C           -3.68370384800964       -1.26808588592008        1.77026206378912
C           -1.66630581614162       -1.48957833989989        0.29018089574332
C           -0.70432298436283       -0.95385644369162       -0.54245150149225
H            0.42582904018679        1.32984289629130       -3.86970955736906
H           -0.07608300532158        2.72015086490471       -2.92281945200731
H           -1.22518895187160        1.39934957716861       -3.20497298619118
H            1.38581716784889        1.93763960657276        0.86049039324584
H            2.54813193636088        1.10211597547555        2.87158118951553
H            3.90617793525003       -0.95925023970172        2.75300470044059
H            4.12759289342496       -2.15447811718513        0.60288236690806
H            2.99561342634104       -1.29227464052663       -1.41637880278179
H           -1.73338769028860        2.26169783146612       -0.54666539174388
H           -3.40730473678502        1.31142006995572        0.98115510448515
H           -3.31999181905020       -1.24193103426552        2.79886444492084
H           -3.89000385501263       -2.30443325627192        1.51428538761116
H           -4.60788304064991       -0.69756631748197        1.72567773974781
H           -1.64991070059947       -2.54736327536481        0.51246770608479
H            0.06211656706120       -1.58913325615163       -0.96428717360575
31
 energy: -42.683703415475 gnorm: 0.008030176400 xtb: 6.7.1 (edcfbbe)
C           -0.17329193511676        1.65662702135697       -3.01990586431498
C            0.29733906045053        0.96360837397139       -1.77793242816085
N            1.53793620199278        0.85081844952029       -1.55372149124732
C            2.10395910690487        0.34546452668273       -0.40571784670497
C            1.97613190103545        1.01959919502861        0.81182663568411
C            2.64220910163375        0.56204028489323        1.93194517327326
C            3.42630301382103       -0.57929756729074        1.86703416894904
C            3.55233829252886       -1.25349615701331        0.66192069390524
C            2.91133048072599       -0.79267535644685       -0.47082582398433
C           -0.73853251158565        0.40469600593031       -0.87240473109878
C           -1.73782438684304        1.20740740109084       -0.33078029653990
C           -2.67286445669501        0.66993820227850        0.53285550766682
C           -2.65881539970469       -0.68464401393301        0.85137472701108
C           -3.68298727969384       -1.26753594481509        1.77625452719937
C           -1.66072674293670       -1.48300263638212        0.30304203119196
C           -0.70293506579538       -0.94549750570107       -0.53339942423143
H            0.44967712052089        1.36720984994053       -3.86504585361768
H           -0.07767683550857        2.73643941756595       -2.89822432018569
H           -1.21264309841273        1.41267105865627       -3.22479729085725
H            1.35563742310407        1.90469465248770        0.85625878438661
H            2.53988586170256        1.09593789950073        2.86698777908724
H            3.93597035698418       -0.94113497625059        2.74843592253894
H            4.15767772539218       -2.14816695063104        0.60521587215396
H            3.00417668460616       -1.31046728469627       -1.41439309155167
H           -1.76529129590823        2.26140469474148       -0.57346778158419
H           -3.43099908905128        1.30937232465309        0.96403289809885
H           -3.31869682781636       -1.23656462994308        2.80458221923283
H           -3.88378786818234       -2.30616145832835        1.52308945901492
H           -4.61169040246570       -0.70374201797313        1.73017520560450
H           -1.63259786602894       -2.53845851589336        0.53757637748940
H            0.07078873024214       -1.57708434300067       -0.94802943780911
31
 energy: -42.683928010795 gnorm: 0.007050393804 xtb: 6.7.1 (edcfbbe)
C           -0.16390916990559        1.67510970950797       -3.01218820152603
C            0.29047422906149        0.95933822247395       -1.77668640149325
N            1.53105399420744        0.82255077253158       -1.56048065000456
C            2.09909340978722        0.31981377902776       -0.41198497261447
C            1.96142162020459        0.99230004058633        0.80650430846823
C            2.63742347448372        0.55069318526560        1.92674837556326
C            3.44323766043130       -0.57554894227234        1.86176557185362
C            3.57675477610206       -1.25275417849685        0.65921939310079
C            2.92454866316525       -0.80625110653720       -0.47343139737759
C           -0.75070026574133        0.40932813313951       -0.87400215832444
C           -1.76381025729586        1.20811565896572       -0.35195486555214
C           -2.69774572353375        0.66958720573694        0.51400606398222
C           -2.66633089146726       -0.68019712966714        0.85254318542419
C           -3.68398949399664       -1.26527856035904        1.78374339334472
C           -1.65587374231718       -1.47499930475960        0.32058338730807
C           -0.70133885863489       -0.93673285259146       -0.51973088187066
H            0.48061926570412        1.41553335130987       -3.85203827822097
H           -0.08634925017465        2.75355009800733       -2.85948870266221
H           -1.19653543828093        1.42422937054619       -3.24762778150548
H            1.32719013451620        1.86722900710873        0.85103931421431
H            2.52718215205495        1.08485142335371        2.86095559277646
H            3.96535900645875       -0.92292486345549        2.74196881316069
H            4.19772076771753       -2.13728144826069        0.60479986769889
H            3.02505981252920       -1.32803518076980       -1.41441859792475
H           -1.80460730261290        2.25877360924136       -0.60747548181576
H           -3.46707141405186        1.30545453743691        0.93195664812483
H           -3.31708280138720       -1.22692621595975        2.81066962911913
H           -3.87861999014989       -2.30718440110519        1.53599589154458
H           -4.61896510106092       -0.71055932831592        1.73709460196124
H           -1.61403216751439       -2.52682359211379        0.57097247860999
H            0.07982290160168       -1.56496099957531       -0.92509584476294
31
 energy: -42.684164258748 gnorm: 0.005836485697 xtb: 6.7.1 (edcfbbe)
C           -0.15489818502689        1.69440078707487       -2.99759890830178
C            0.28533025041306        0.95333000294510       -1.77096788671378
N            1.52649146525983        0.79550659264784       -1.57006857143081
C            2.09833323318013        0.29401651172678       -0.42046151644207
C            1.94847673886673        0.96232976743401        0.79930546777811
C            2.63235938093474        0.53588312582431        1.92009161033558
C            3.46126437152032       -0.57316289417647        1.85432992543748
C            3.60700856230538       -1.24931634847520        0.65294426683577
C            2.94509103909119       -0.81619899788617       -0.47952671032592
C           -0.76102850841348        0.41177377252020       -0.87282246333597
C           -1.79243436128423        1.20524545626380       -0.37824639352428
C           -2.72909717836311        0.66659902575592        0.48621770443749
C           -2.67812205725229       -0.67536320639605        0.85170864331732
C           -3.68801709758344       -1.26027790219353        1.79212823058750
C           -1.65333009827589       -1.46627704579602        0.34153308491483
C           -0.69956023069581       -0.92903552779740       -0.50069749202338
H            0.51682037740722        1.47409949173108       -3.82835016650950
H           -0.10553149967555        2.76976244571896       -2.80797279225676
H           -1.17691666979598        1.43112481759481       -3.26907128218053
H            1.30005431604548        1.82657720841364        0.84582496974955
H            2.51175010560394        1.06831972902694        2.85388457263156
H            3.99288238146617       -0.90732640297091        2.73379389473559
H            4.24625695863568       -2.12082237472473        0.59927131824869
H            3.05850408276769       -1.34044433382648       -1.41817710805158
H           -1.84849051936551        2.25099020452583       -0.64962721904195
H           -3.51420066370858        1.29803926298421        0.88257640419098
H           -3.31571183982315       -1.21146885178146        2.81632694084455
H           -3.87640105456642       -2.30609913993688        1.55362916851236
H           -4.62891875509345       -0.71464286967328        1.74635202707936
H           -1.59809674050851       -2.51294158277074        0.61027820022130
H            0.09013219583503       -1.55462072378311       -0.89264561911976
31
 energy: -42.684357758407 gnorm: 0.005286368876 xtb: 6.7.1 (edcfbbe)
C           -0.15135976471093        1.70609390700133       -2.98217302292378
C            0.28480292851813        0.94924789378654       -1.76349907424081
N            1.52668425027672        0.78235625232988       -1.57666159164441
C            2.10222974569617        0.27959192245212       -0.42685592521565
C            1.94189546162063        0.94187684195937        0.79444064232701
C            2.62889659603993        0.52261686084185        1.91545436959901
C            3.47339673169847       -0.57378621524278        1.84781623866437
C            3.63132555044773       -1.24381202813120        0.64480442167466
C            2.96529195983560       -0.81696475641870       -0.48739729090917
C           -0.76404928166860        0.41061647243846       -0.86953600866810
C           -1.81095428280856        1.19879730030882       -0.39932848541915
C           -2.75269460334871        0.66160157199737        0.46090943883733
C           -2.68929412178355       -0.67251293038862        0.84916740820251
C           -3.69499789218208       -1.25385223957122        1.79654957656768
C           -1.65349351408673       -1.46045830531847        0.35797664285600
C           -0.69697619661373       -0.92574012906851       -0.48252237627063
H            0.54016428457067        1.51762217356192       -3.80301089657626
H           -0.12964619180582        2.77714837659702       -2.76778427388856
H           -1.16251927951987        1.42911264540227       -3.27774662352423
H            1.28363549142692        1.79856177666689        0.84388750749148
H            2.49955664327752        1.05132755525938        2.84984425959515
H            4.00800025764649       -0.90205746344588        2.72712101386602
H            4.28431263661590       -2.10440120332804        0.58911695468601
H            3.09093965622254       -1.33905720828982       -1.42585326558995
H           -1.87720604595020        2.23982171002203       -0.68403727642586
H           -3.55076994893446        1.28948853416018        0.83652631237184
H           -3.31767260247791       -1.19609010417856        2.81829425911012
H           -3.88022855257891       -2.30220339326625        1.56715398469019
H           -4.63793912777375       -0.71213725456415        1.75174011017833
H           -1.59120881354973       -2.50248453452708        0.64037421375278
H            0.09987802580042       -1.55032402904633       -0.86080894257402
31
 energy: -42.684568231423 gnorm: 0.005571050417 xtb: 6.7.1 (edcfbbe)
C           -0.15146400149944        1.71610580499883       -2.96552252139953
C            0.28645385664966        0.94591133958541       -1.75585926429691
N            1.52886794131185        0.77415566188960       -1.57996926824675
C            2.10832036755272        0.26883643441366       -0.43200613203694
C            1.93556642680200        0.92226161078799        0.79172374955918
C            2.62572630651713        0.50673175650733        1.91194686141628
C            3.48606382392336       -0.57669302222225        1.84066953330498
C            3.65759250346468       -1.23586002156336        0.63354700943907
C            2.98867318153094       -0.81250300153602       -0.49801794314032
C           -0.76373611763902        0.40650917917582       -0.86588358494155
C           -1.82682572403729        1.18820891515675       -0.42204709285417
C           -2.77446271621776        0.65458761981434        0.43327705958207
C           -2.70106793070514       -0.67048616047584        0.84653158999132
C           -3.70638316878077       -1.24487974221434        1.79821786356715
C           -1.65311672338607       -1.45523067274917        0.37727617352742
C           -0.69164355915864       -0.92440432528987       -0.45904999367239
H            0.56188748533888        1.56615649587906       -3.77485696247404
H           -0.16596607061710        2.78179500909373       -2.72617128676596
H           -1.14860069566967        1.41740028168160       -3.28409889366103
H            1.26622201691258        1.77054184365154        0.84447935604575
H            2.48719820516041        1.02945113691177        2.84801356780870
H            4.02198169840495       -0.90246229346001        2.71971778126316
H            4.32472436422349       -2.08456535413071        0.57330460347746
H            3.12624960911011       -1.32742099316960       -1.43854649233272
H           -1.90159147669685        2.22361886223573       -0.72296874214306
H           -3.58500841363467        1.27896174240226        0.78579223191934
H           -3.32586869321139       -1.17831072071700        2.81831307394986
H           -3.89015084557586       -2.29493624484713        1.57852277929811
H           -4.64837546197501       -0.70313859144216        1.75219700997902
H           -1.58585385901702       -2.49221510235892        0.67432684844118
H            0.11458767081922       -1.54812744800932       -0.81889661400483
31
 energy: -42.684801860934 gnorm: 0.005616593091 xtb: 6.7.1 (edcfbbe)
C           -0.15536474694766        1.72332580907097       -2.94886886746793
C            0.28946202422258        0.94334984401786       -1.74828334824901
N            1.53260469832244        0.77195269035842       -1.57913143673375
C            2.11712637144570        0.26369553804770       -0.43534934790114
C            1.93101411543176        0.90418534171093        0.79290513137575
C            2.62363785737734        0.48741545443432        1.91098311570048
C            3.49926566802436       -0.58295502857094        1.83266949453028
C            3.68612704627055       -1.22546384154030        0.61855384150721
C            3.01500157200817       -0.80165579280955       -0.51137089852933
C           -0.76063073862815        0.39966293084858       -0.86134690382208
C           -1.84050995779998        1.17421916887487       -0.44648479966221
C           -2.79460920600394        0.64631088668542        0.40396456745825
C           -2.71284581969073       -0.66889936221956        0.84432797878753
C           -3.72260059430223       -1.23366781692391        1.79637728848090
C           -1.65042200268136       -1.45000481853173        0.40141500407075
C           -0.68272540920058       -0.92412952973519       -0.42971684575348
H            0.57927635811630        1.61856012775809       -3.74510289789037
H           -0.21576061209781        2.78181281181353       -2.68629862679446
H           -1.13454294571014        1.39451883475211       -3.29124048536439
H            1.24991091066951        1.74290501753390        0.85028223706809
H            2.47488016250229        1.00009687577991        2.85094686590637
H            4.03534341629899       -0.91043850227967        2.71078499578473
H            4.36796059820421       -2.06143795746611        0.55076448088050
H            3.16380721500893       -1.30309979841984       -1.45710129761369
H           -1.92246772210149        2.20296846089382       -0.76740060009983
H           -3.61751778395968        1.26728283244191        0.73099536880462
H           -3.34308612771100       -1.15923122796299        2.81655769833644
H           -3.90712156183904       -2.28469895002211        1.58586487138930
H           -4.66161163061961       -0.68863529449866        1.74473462223389
H           -1.57839741939504       -2.48138929845579        0.71618800583538
H            0.13479626468551       -1.54655540558633       -0.76665691166901
31
 energy: -42.685028634053 gnorm: 0.005282021268 xtb: 6.7.1 (edcfbbe)
C           -0.16145260293183        1.72551613070304       -2.93599204296274
C            0.29173422321874        0.94169038758019       -1.74162722323754
N            1.53598408793220        0.77602378686020       -1.57388764481503
C            2.12674368862009        0.26513041633252       -0.43610171483235
C            1.92865412937108        0.88878665215903        0.79916323908195
C            2.62357774660767        0.46568677269974        1.91357590156051
C            3.51363676110480       -0.59211340825084        1.82406026985384
C            3.71507654802362       -1.21366614453455        0.60097816226262
C            3.04141807405141       -0.78492897152821       -0.52561088220937
C           -0.75732969106345        0.39226247361790       -0.85625611930695
C           -1.85279010741168        1.16002360598032       -0.47022544270628
C           -2.81254042681359        0.63857948066413        0.37662368091430
C           -2.72299751538054       -0.66694195528671        0.84359964771195
C           -3.74151813987874       -1.22227624539294        1.79123398293744
C           -1.64485587975287       -1.44359287591398        0.42954810678588
C           -0.67130423726084       -0.92268630891265       -0.39725801314179
H            0.59253547499208        1.66822435900910       -3.71827271324087
H           -0.27321171669031        2.77508341118027       -2.65446545513414
H           -1.11979121358386        1.36196351502189       -3.30296225597319
H            1.23610479710521        1.71745544259217        0.86322230967768
H            2.46484929790372        0.96410321814660        2.85986056082899
H            4.04956847780193       -0.92570996319363        2.70005775347531
H            4.41020170311643       -2.03768750047452        0.52343380524836
H            3.19924254884948       -1.26821259250458       -1.47914554598527
H           -1.94072564069060        2.18155107809420       -0.81224836694197
H           -3.64686439042732        1.25614781772812        0.67885181005464
H           -3.36893534655186       -1.14239073757200        2.81382048324012
H           -3.92845203814855       -2.27370033349540        1.58701112084108
H           -4.67713415750168       -0.67273012314346        1.72887766254959
H           -1.56725338210279       -2.46882283978509        0.76414823493589
H            0.15782892739218       -1.54276854838133       -0.71005101087289
31
 energy: -42.685226755178 gnorm: 0.004168990225 xtb: 6.7.1 (edcfbbe)
C           -0.16840471744869        1.72002482072547       -2.92960539153519
C            0.29272099966119        0.94157917675056       -1.73566459427093
N            1.53854241723183        0.78819525494575       -1.56429611213564
C            2.13627332251763        0.27503082232975       -0.43324917267865
C            1.93016691874005        0.87849650453401        0.81121115809424
C            2.62681224399882        0.44336683608573        1.92029959992901
C            3.52754208610563       -0.60405377553409        1.81559220814603
C            3.74063680238845       -1.20140463559383        0.58220267549743
C            3.06475792619717       -0.76191162613717       -0.53894341288497
C           -0.75480649034767        0.38647739879455       -0.85035543189270
C           -1.86252013509659        1.14831429389795       -0.48913081592800
C           -2.82695281735480        0.63245945685568        0.35490802216946
C           -2.73099761565446       -0.66435706896174        0.84409816156117
C           -3.76100371747676       -1.21282604349611        1.78304060567626
C           -1.63826334428000       -1.43540319734123        0.45787050650723
C           -0.65979938466941       -0.91857153882414       -0.36597207805211
H            0.59824624725749        1.70205541620581       -3.69705886350839
H           -0.32875951967964        2.75889006051808       -2.64059261753789
H           -1.10471156876309        1.32366117466822       -3.31738615617568
H            1.22794142076139        1.69782636598288        0.88508837119903
H            2.46022223122160        0.92363831642632        2.87501245487710
H            4.06350966995625       -0.94825577369616        2.68792580647368
H            4.44644247572811       -2.01523361409127        0.49271925448470
H            3.22880703888950       -1.22379226628131       -1.50208257183326
H           -1.95579098651366        2.16262215695710       -0.85054781835849
H           -3.67093999908076        1.24639238083912        0.63558712601794
H           -3.40064829125040       -1.13092000650597        2.80999622296800
H           -3.95102771021550       -2.26408844909470        1.58057045506157
H           -4.69362600022476       -0.65912885343550        1.70659853712228
H           -1.55430947213545       -2.45397553314894        0.81228470634829
H            0.17993996943654       -1.53510805437543       -0.65615853474186
31
 energy: -42.685270717420 gnorm: 0.011306043782 xtb: 6.7.1 (edcfbbe)
C           -0.17106486074667        1.71666703128831       -2.92526069675158
C            0.28993204467412        0.93913142205139       -1.73042648158160
N            1.53682122390903        0.79317198304548       -1.55379972079321
C            2.14290826056178        0.27915317316018       -0.43013684210050
C            1.92743907938474        0.85916288029257        0.82498375614445
C            2.63156534698317        0.41567090109891        1.92668761294878
C            3.55037864769522       -0.61582897126615        1.80394372010412
C            3.77420265602932       -1.18853300421889        0.56066832842167
C            3.09071092306048       -0.74069513930357       -0.55285370248119
C           -0.75863027124600        0.38362410648890       -0.84534246989980
C           -1.88294741544931        1.13828386406230       -0.51506000603331
C           -2.85047718210979        0.62739973066404        0.32816314077752
C           -2.74126590310980       -0.65877969591373        0.84674423728849
C           -3.78186541045855       -1.20352987919515        1.77619451448663
C           -1.62934065096137       -1.42149468058924        0.49541963615330
C           -0.64763623907288       -0.90838833724141       -0.32756613484711
H            0.62684362007147        1.75970056672004       -3.67373938301077
H           -0.40059941488204        2.74493688744925       -2.61343878578340
H           -1.07722213963706        1.27289598069061       -3.35168201823527
H            1.21038563863472        1.66508303657867        0.91126159983017
H            2.45698248931886        0.87601580520239        2.89019127192827
H            4.09160817347357       -0.96776635720538        2.67068334771187
H            4.49385652456579       -1.98973019178705        0.45843601315299
H            3.26079623423941       -1.18145646675749       -1.52509208050840
H           -1.98689018038593        2.14373537059660       -0.89976076941040
H           -3.70744532561585        1.23597302579729        0.58390141922381
H           -3.43596257150652       -1.11945739653296        2.80803196233015
H           -3.97177521373123       -2.25538522315080        1.57380796161802
H           -4.71361760021548       -0.64954782067658        1.68422898946966
H           -1.53350093050447       -2.43093918464067        0.87586659433818
H            0.20581044693117       -1.51907341670862       -0.59109271389196
31
 energy: -42.685476438727 gnorm: 0.004311119011 xtb: 6.7.1 (edcfbbe)
C           -0.17212172223443        1.70484026422518       -2.93259479579583
C            0.28840089384533        0.94175333293463       -1.72842477071158
N            1.53581037650345        0.80589292513870       -1.54571120352335
C            2.14446800355044        0.29144796896500       -0.42400212864895
C            1.93109130353675        0.86081054887836        0.83619481368634
C            2.63610627791422        0.40778808060081        1.93362722284462
C            3.55540746263137       -0.62182733105881        1.80124227522675
C            3.77839624230017       -1.18382205156126        0.55358175434804
C            3.09284122900184       -0.72666457459963       -0.55488773078228
C           -0.76016002065918        0.38673475331627       -0.84222074611289
C           -1.88485227025800        1.14005854389519       -0.51401670887141
C           -2.85255959758280        0.62824870781285        0.32868162231936
C           -2.74216833247354       -0.65654704005790        0.84811918259520
C           -3.78722590087423       -1.20469218615766        1.77074421963081
C           -1.62753745100049       -1.41524361895665        0.50287328833624
C           -0.64581141936157       -0.90140787517817       -0.32065519961494
H            0.61904335683350        1.74137384372553       -3.67504364303351
H           -0.40566364744249        2.72788081370624       -2.63830465456403
H           -1.07090303844192        1.25913318398568       -3.35685517949006
H            1.21350533555834        1.66484180562512        0.93052638109267
H            2.46221376936979        0.85826370230421        2.90162332124168
H            4.09707435733411       -0.98176435491122        2.66456955077484
H            4.49764168895176       -1.98407355821059        0.44470761833950
H            3.26209463735393       -1.15802898687308       -1.53123376347228
H           -1.99054891088319        2.14358993343938       -0.90009221552507
H           -3.71021638988639        1.23477564441949        0.58326045808171
H           -3.44933119336803       -1.12371212493224        2.80520128602022
H           -3.97583370983239       -2.25630426165545        1.56306398965667
H           -4.71949737880570       -0.65225852037472        1.67327810757041
H           -1.52894084357625       -2.42184989490995        0.88720362567889
H            0.20927689189546       -1.50923767353613       -0.58049367669821
31
 energy: -42.685555096673 gnorm: 0.004396624310 xtb: 6.7.1 (edcfbbe)
C           -0.17226550801360        1.69613726193002       -2.93470264453864
C            0.28668229057229        0.94336892017194       -1.72322881537703
N            1.53444813387728        0.81508130460449       -1.53728255825371
C            2.14802777249639        0.29969380322298       -0.41869004151112
C            1.93303656602225        0.85298682752903        0.84848587181799
C            2.64213943502873        0.39188934212456        1.93982716947611
C            3.56686685778719       -0.63036123863681        1.79470483368155
C            3.79349859524750       -1.17598366816651        0.54025923570323
C            3.10376767210626       -0.71009090080861       -0.56170660769503
C           -0.76319899323102        0.38981639979926       -0.83766849221868
C           -1.89525188762834        1.13865123772186       -0.52302547843877
C           -2.86519618636441        0.62710521315163        0.31766071348343
C           -2.74879781993906       -0.65216986554157        0.84891146927628
C           -3.79851054068790       -1.20270004071582        1.76509448485265
C           -1.62451234132550       -1.40420359580605        0.52146507760921
C           -0.64137168655588       -0.89093173324816       -0.30157747192375
H            0.63006034572725        1.75081906705359       -3.66304215786928
H           -0.43896980951712        2.71265604738481       -2.64502040990956
H           -1.05245166495924        1.22717226542787       -3.37456977342790
H            1.21009587391157        1.65057105048297        0.95416912685186
H            2.46557989564987        0.82825450503217        2.91386607597718
H            4.11191005669588       -0.99666325497443        2.65328078893049
H            4.51881945521756       -1.96966924048715        0.42117729317365
H            3.27547340904579       -1.12858518952082       -1.54339463898506
H           -2.00832153016421        2.13739505325830       -0.91965711039097
H           -3.73008061189827        1.22940578673757        0.56039197232362
H           -3.46848988522210       -1.12265784339899        2.80182009312247
H           -3.98368897673217       -2.25472047793598        1.55437323859554
H           -4.73168496708436       -0.65295664524615        1.66145349955589
H           -1.51848760282069       -2.40491362950640        0.91875711004214
H            0.22087365265782       -1.49439676164054       -0.54816955333425
31
 energy: -42.685632068496 gnorm: 0.003206913641 xtb: 6.7.1 (edcfbbe)
C           -0.16859882803331        1.68774660341883       -2.93795410813806
C            0.28330434468935        0.94612250030083       -1.71597883424368
N            1.53052583043632        0.81979193680385       -1.52817741590648
C            2.14895974224793        0.30383533646189       -0.41179699845582
C            1.93155453922999        0.83883513187872        0.86220944456602
C            2.64910197081158        0.37243848718371        1.94562551074439
C            3.58481886528291       -0.63776903647944        1.78607132573395
C            3.81337225070787       -1.16651621044016        0.52504645371475
C            3.11539979841324       -0.69414934634890       -0.56847572561576
C           -0.77016151279391        0.39775244093891       -0.83253029845898
C           -1.91222124217027        1.13958531504333       -0.53464902907085
C           -2.88440862091098        0.62628952043241        0.30297930697211
C           -2.75863842808850       -0.64576013474000        0.85001032392063
C           -3.81059969167177       -1.20268425350964        1.75989549159283
C           -1.62243954039208       -1.38812989631511        0.54373327631181
C           -0.63859816972434       -0.87428754513875       -0.27836050990078
H            0.65090610031540        1.76387749307282       -3.64812896028579
H           -0.47347344794777        2.69653363969036       -2.65680713576952
H           -1.02376990721319        1.19186531412737       -3.39737076471684
H            1.20099718820367        1.62760278219412        0.98203438752751
H            2.47041682736136        0.79392280178567        2.92524217649248
H            4.13613412492164       -1.00814560239018        2.63842925521056
H            4.54555809141015       -1.95176889551534        0.39423283111955
H            3.28900851901361       -1.10104505680652       -1.55423227809317
H           -2.03424711907817        2.13275168290803       -0.94100538500536
H           -3.75696929734455        1.22241262167208        0.53357139745739
H           -3.48695995702866       -1.12314837103827        2.79810278699026
H           -3.98709187774937       -2.25572016719780        1.54547751357177
H           -4.74664346720167       -0.65938663836857        1.65218451198511
H           -1.50675925613154       -2.38120031169109        0.95549201568467
H            0.23152217033480       -1.47165214193425       -0.51090826533524
31
 energy: -42.685656971321 gnorm: 0.002392376495 xtb: 6.7.1 (edcfbbe)
C           -0.16512590919923        1.68542723895752       -2.93905733725063
C            0.28181452376662        0.94907784038681       -1.71150494359221
N            1.52846538917434        0.81929871844952       -1.52506180876246
C            2.14788212419068        0.30281447752720       -0.40855085949130
C            1.93045397949406        0.83195532804121        0.86689378736698
C            2.65266089330748        0.36569163800589        1.94706284883049
C            3.59201483776505       -0.63934258436017        1.78301321842657
C            3.81953197179035       -1.16332874630104        0.52010567398998
C            3.11722946906605       -0.69054635562880       -0.57007056702935
C           -0.77369678793458        0.40387777028453       -0.82967321657379
C           -1.91892156527342        1.14171971339851       -0.53665042903403
C           -2.89203353730189        0.62611885200390        0.29878643518482
C           -2.76359033826215       -0.64295233755910        0.84989162288794
C           -3.81407357789228       -1.20437968363934        1.75875193444394
C           -1.62397032615527       -1.38072770200191        0.54948797646245
C           -0.64041295521422       -0.86568769946671       -0.27160333118818
H            0.66054720831843        1.76413807743179       -3.64081388251973
H           -0.48169604999814        2.69203995267724       -2.66633981505209
H           -1.00890898674109        1.17912259901697       -3.40554629591547
H            1.19737762023241        1.61717379973190        0.99245940139374
H            2.47416530231208        0.78298255340169        2.92796027699892
H            4.14785135423580       -1.00843966100188        2.63264482177378
H            4.55560722319393       -1.94404518979274        0.38431181351712
H            3.29118148347107       -1.09488049117480       -1.55655090535176
H           -2.04551035662304        2.13309130793360       -0.94695734998630
H           -3.76954860500707        1.21872284620738        0.52291731111922
H           -3.49009350855516       -1.12497017043883        2.79674192445062
H           -3.98496323129901       -2.25783832564792        1.54314235052378
H           -4.75224972050127       -0.66512655274724        1.65234286641307
H           -1.50452574183150       -2.37083128927842        0.96588697489402
H            0.23253781737068       -1.46015592441786       -0.50005819633069
31
 energy: -42.685666605885 gnorm: 0.002032195147 xtb: 6.7.1 (edcfbbe)
C           -0.16381346372383        1.68435995657940       -2.93787134984146
C            0.28087761257987        0.95152153143555       -1.70739349090721
N            1.52735024906128        0.82009893641133       -1.52127944117838
C            2.14815904833211        0.30204762004835       -0.40615718519960
C            1.92866093373711        0.82472197298070        0.87166560617184
C            2.65480800558445        0.35750427506553        1.94910084099108
C            3.60087107648734       -0.64115924208581        1.77944513607387
C            3.82940440831312       -1.15900188073768        0.51376602299854
C            3.12273808550863       -0.68572105798625       -0.57350705143578
C           -0.77587223290171        0.40703339537378       -0.82694822580669
C           -1.92692420135390        1.14062760719402       -0.54329758209462
C           -2.90164056627961        0.62431354123988        0.28976831857490
C           -2.76881885474427       -0.64117304843230        0.84930936169967
C           -3.81951525340587       -1.20359098244250        1.75735022363425
C           -1.62349960905792       -1.37522994178584        0.55798385664638
C           -0.63931616708126       -0.85995340210911       -0.26157749163074
H            0.66805897187261        1.77112358551536       -3.63163495556301
H           -0.49428563767140        2.68782008252881       -2.66921688312101
H           -0.99651675138427        1.16708197194214       -3.41284061465662
H            1.19178601733277        1.60587323342757        1.00182102150872
H            2.47536313038090        0.77025992293768        2.93203339556103
H            4.15970034963869       -1.01053254732503        2.62694695644642
H            4.56885789173426       -1.93539415292160        0.37341044892309
H            3.29703280394239       -1.08556245644035       -1.56208257806359
H           -2.05473989764723        2.13003320087054       -0.95653896678551
H           -3.78134917463403        1.21424494901430        0.50843752283774
H           -3.49650210141044       -1.12248603082666        2.79590795277155
H           -3.98744871796457       -2.25751759730716        1.54277251378251
H           -4.75875904909831       -0.66630929344513        1.64929325158968
H           -1.50146440733905       -2.36285159652175        0.97962247625591
H            0.23679750109183       -1.45218255219892       -0.48432678958353
31
 energy: -42.685673598199 gnorm: 0.001047449205 xtb: 6.7.1 (edcfbbe)
C           -0.16388590457314        1.68508574179286       -2.93640756523223
C            0.28094910601543        0.95180951951221       -1.70640741257779
N            1.52746190939129        0.81973650973378       -1.52054748510669
C            2.14847382000415        0.30112766368596       -0.40595479714828
C            1.92889964481050        0.82384809966603        0.87181815913659
C            2.65562084663103        0.35698507553079        1.94913546911589
C            3.60257612404750       -0.64044241354893        1.77910022862171
C            3.83095051863030       -1.15810813618068        0.51328098657268
C            3.12353924845271       -0.68580510648149       -0.57392900298436
C           -0.77573344528571        0.40672600607859       -0.82617869655253
C           -1.92707489215749        1.13917666053524       -0.54396134409831
C           -2.90241568109309        0.62296536665034        0.28832891854259
C           -2.76990730822906       -0.64166971059121        0.84893933539842
C           -3.82056873422420       -1.20283886477928        1.75769908750429
C           -1.62483825425132       -1.37573899966907        0.55760260822810
C           -0.64022657737671       -0.86063174953826       -0.26110966852202
H            0.66869950372409        1.77402448047497       -3.62956300224708
H           -0.49537078896948        2.68805324088202       -2.66837322183893
H           -0.99432645941918        1.16703215203539       -3.41191091915644
H            1.19125039763340        1.60414400465196        1.00175161580214
H            2.47617218518121        0.76992766416435        2.93220723331545
H            4.16213614989633       -1.00900297416012        2.62648371443576
H            4.57125704759879       -1.93327605136669        0.37254690087520
H            3.29707868796921       -1.08520574902173       -1.56289234697045
H           -2.05416140555793        2.12844994227199       -0.95831335563929
H           -3.78298414105827        1.21225772092889        0.50441913963505
H           -3.49676093122618       -1.12061650235693        2.79619515651859
H           -3.98918453751790       -2.25676396548146        1.54472221559387
H           -4.75955180982381       -0.66497985394361        1.64959435411867
H           -1.50388472382282       -2.36349004076671        0.97922003989106
H            0.23581040450006       -1.45277973071037       -0.48353404463224
31
 energy: -42.685677431677 gnorm: 0.001437654924 xtb: 6.7.1 (edcfbbe)
C           -0.16391383639706        1.68755620376280       -2.93200263957409
C            0.28098746599379        0.95225716225350       -1.70343239388815
N            1.52766286549260        0.81935096630437       -1.51803413075292
C            2.14986277429550        0.29941319306017       -0.40532684231373
C            1.93011622296320        0.82089898454268        0.87297738918047
C            2.65849309757381        0.35430167539802        1.94934357877042
C            3.60781985829797       -0.63991877376480        1.77742334451157
C            3.83638151001736       -1.15594358916079        0.51106539828149
C            3.12680831388352       -0.68505384399819       -0.57526102600212
C           -0.77589919775611        0.40540143743779       -0.82424813364313
C           -1.92974501078272        1.13522205650086       -0.54794097934486
C           -2.90666196943201        0.61972732076510        0.28288112672841
C           -2.77339522397038       -0.64249758542780        0.84774348232421
C           -3.82431368156254       -1.20020435549960        1.75804476016910
C           -1.62720522325934       -1.37638326369391        0.55910097096014
C           -0.64124799320202       -0.86194070671917       -0.25801088563998
H            0.67037447351492        1.78328380946937       -3.62184392083670
H           -0.50193912614645        2.68840347778739       -2.66313593426064
H           -0.98826740903571        1.16478560924300       -3.41327199650093
H            1.19020695376244        1.59875264020719        1.00305795880943
H            2.47915461546252        0.76651998232007        2.93285406123861
H            4.16976884855088       -1.00717866629202        2.62391848848807
H            4.58064623733346       -1.92732016501535        0.36871373094645
H            3.29978974706360       -1.08207256451597       -1.56527795300168
H           -2.05710155518010        2.12349004897514       -0.96656394357912
H           -3.79076609760506        1.20723845847285        0.49122431290832
H           -3.49959394637089       -1.11508302801306        2.79618297682250
H           -3.99482195961150       -2.25449106109772        1.54885886822131
H           -4.76242321505314       -0.66098694497533        1.64915442141822
H           -1.50712347225342       -2.36390931778517        0.98277442369916
H            0.23634593331256       -1.45361916054257       -0.47700621354044
31
 energy: -42.685682030502 gnorm: 0.000377498707 xtb: 6.7.1 (edcfbbe)
C           -0.16315435292951        1.68760639040007       -2.93226266853967
C            0.28064232280496        0.95073148438991       -1.70420939195678
N            1.52714667819943        0.81882414106868       -1.51788959959538
C            2.14960510098498        0.29938278408150       -0.40503864556285
C            1.93043835338878        0.82108015009435        0.87342263439488
C            2.65979716359153        0.35550414943029        1.94936702131739
C            3.60915238304140       -0.63899025751601        1.77729500590633
C            3.83717506875478       -1.15564778957026        0.51111432265757
C            3.12676842374461       -0.68526450572197       -0.57477101573095
C           -0.77704057038746        0.40408819502649       -0.82591346652446
C           -1.93055471304712        1.13473616433701       -0.54915230746464
C           -2.90727728677808        0.61965584409404        0.28226974367790
C           -2.77378830855362       -0.64252390548691        0.84747703298994
C           -3.82438830332648       -1.19976956758662        1.75850461732599
C           -1.62775457646528       -1.37673118686473        0.55895054095379
C           -0.64195115187713       -0.86278618562858       -0.25903157403715
H            0.67196172893179        1.78675964132585       -3.62009823138529
H           -0.50386873256437        2.68617894105902       -2.66090382444683
H           -0.98679852727061        1.16607060561693       -3.41549435761001
H            1.19097864758190        1.59939744280035        1.00373611660215
H            2.48052636396008        0.76748692619250        2.93280853158327
H            4.17105554267018       -1.00643576035359        2.62357928646198
H            4.57965027080532       -1.92859007741675        0.36925526461954
H            3.29949945875624       -1.08314699964188       -1.56430885726738
H           -2.05785972058124        2.12284121050915       -0.96643069026166
H           -3.78952099046297        1.20804276709446        0.49333347364798
H           -3.49977277246534       -1.11413890287155        2.79634165969839
H           -3.99504445992600       -2.25429145521482        1.54954370649278
H           -4.76258096924326       -0.66082905124934        1.64937691704867
H           -1.50790528867045       -2.36435224666686        0.98184355541895
H            0.23486321723262       -1.45488894573190       -0.47875249981505
31
 energy: -42.685684184851 gnorm: 0.000471372607 xtb: 6.7.1 (edcfbbe)
C           -0.16253952557047        1.68813249165563       -2.93228405908045
C            0.28022285516849        0.94981839900646       -1.70462284716755
N            1.52659309137917        0.81828593661573       -1.51745231485664
C            2.14925771174436        0.29902779966991       -0.40470780703699
C            1.93113928554947        0.82139829712051        0.87368530353688
C            2.66117406957266        0.35650427649806        1.94940959332471
C            3.61014342566263       -0.63843089666424        1.77739390221630
C            3.83691261314623       -1.15624257059275        0.51144836148743
C            3.12593138057548       -0.68618798609219       -0.57422089425418
C           -0.77802501868532        0.40296811204941       -0.82717732949164
C           -1.93086688904809        1.13444081346527       -0.54956755244299
C           -2.90716438632534        0.61987057349290        0.28269932150236
C           -2.77412189804131       -0.64268613621213        0.84733295053182
C           -3.82453475554791       -1.19931776265753        1.75902547545885
C           -1.62900566761592       -1.37773091187788        0.55772254510753
C           -0.64326370511703       -0.86405385317531       -0.26074030493499
H            0.67385147602922        1.79083527190566       -3.61781945687828
H           -0.50633272302038        2.68504988041701       -2.65874262327907
H           -0.98415674222632        1.16613516010045       -3.41849928918700
H            1.19174710596652        1.59979504908597        1.00421568927934
H            2.48300646397138        0.76935389814676        2.93263871197803
H            4.17314975813390       -1.00485602589164        2.62336676743064
H            4.57950601093233       -1.92898801701609        0.36960243783048
H            3.29847910388756       -1.08466503867439       -1.56353977783007
H           -2.05866179763400        2.12227847368642       -0.96690410881331
H           -3.78912139592780        1.20827016399362        0.49423689964435
H           -3.49960797146445       -1.11342563331816        2.79664129587297
H           -3.99553356297872       -2.25390873840097        1.55038589001698
H           -4.76271234541104       -0.66031192884598        1.64989740978537
H           -1.50883828894301       -2.36506848701467        0.98101162494313
H            0.23337232173740       -1.45629061047700       -0.48047351409460
31
 energy: -42.685687074809 gnorm: 0.000578186556 xtb: 6.7.1 (edcfbbe)
C           -0.16139792031561        1.68923565941934       -2.93216353614599
C            0.27949711413543        0.94885161039372       -1.70496256257456
N            1.52557122622969        0.81748745147591       -1.51619172257545
C            2.14830353435599        0.29782945456329       -0.40390136461134
C            1.93226359386259        0.82176693467800        0.87419415354664
C            2.66398825067620        0.35846384238264        1.94945680164688
C            3.61256273630639       -0.63681976852254        1.77746383323279
C            3.83684092724449       -1.15679405956198        0.51193304327239
C            3.12421960990202       -0.68808910041891       -0.57329549514840
C           -0.77952022585120        0.40142827122071       -0.82879512311726
C           -1.93152702129431        1.13377227745616       -0.55017590050806
C           -2.90735960595850        0.61973467711621        0.28292520877389
C           -2.77490640546787       -0.64321301429233        0.84695923035860
C           -3.82492151501280       -1.19864449212689        1.75993374067898
C           -1.63106754415349       -1.37935957698676        0.55576313648525
C           -0.64545835233474       -0.86598172006684       -0.26327368696882
H            0.67773871196660        1.79898053111699       -3.61319915895966
H           -0.51193158167982        2.68326895714370       -2.65593035435245
H           -0.97788050670361        1.16468128387635       -3.42448455128975
H            1.19327048370416        1.60056010459133        1.00490144964790
H            2.48793303757658        0.77312848821954        2.93232023773382
H            4.17706804291265       -1.00188867578920        2.62305705547851
H            4.57888327900844       -1.93007121370499        0.37012400651373
H            3.29546924752097       -1.08825187788968       -1.56222420858610
H           -2.05939601262040        2.12191836797578       -0.96687385004091
H           -3.78851382727189        1.20883179189069        0.49606913048743
H           -3.49936308149764       -1.11168005581760        2.79724963475942
H           -3.99629244256865       -2.25340440259044        1.55251235011105
H           -4.76306896891731       -0.65954774385927        1.65072141572984
H           -1.51136844331738       -2.36718102835162        0.97808164263956
H            0.23036365946270       -1.45901297354247       -0.48423225561854
31
 energy: -42.685689390972 gnorm: 0.000412786828 xtb: 6.7.1 (edcfbbe)
C           -0.16004344552715        1.69059084090581       -2.93168159969600
C            0.27889785161283        0.94859752440739       -1.70486613916038
N            1.52462658184341        0.81653661066757       -1.51467564667045
C            2.14739911798561        0.29628514400388       -0.40291229903703
C            1.93373960127849        0.82242065151985        0.87470066859353
C            2.66750729707824        0.36096099050347        1.94940981546468
C            3.61541158792323       -0.63492389953674        1.77745841685322
C            3.83647879442697       -1.15780632251034        0.51255110770981
C            3.12198575421520       -0.69092636273874       -0.57221491350598
C           -0.78091360706699        0.40046461806771       -0.83002415707375
C           -1.93220071613510        1.13339472664561       -0.55006708540469
C           -2.90782297563254        0.61953132339093        0.28330929440237
C           -2.77609039780685       -0.64393355054656        0.84634361837720
C           -3.82542126739722       -1.19819412036265        1.76081588410572
C           -1.63350708252132       -1.38115757745540        0.55296208742720
C           -0.64799134897227       -0.86784280329034       -0.26623965000782
H            0.68243256069727        1.80878747617627       -3.60735646708554
H           -0.51972225769753        2.68105156383525       -2.65431300933627
H           -0.96952193675876        1.16167888497487       -3.43095068728932
H            1.19512963911841        1.60156872912019        1.00537810943487
H            2.49356996976491        0.77763908819339        2.93184584056385
H            4.18189360035455       -0.99814998396243        2.62254534839061
H            4.57800682291325       -1.93161441718452        0.37064882142125
H            3.29107068116050       -1.09323691823590       -1.56068451228835
H           -2.05966122236253        2.12202893044351       -0.96598727790681
H           -3.78845024445826        1.20921040857623        0.49747678726301
H           -3.49894951980994       -1.10951877169912        2.79777681225894
H           -3.99701092335989       -2.25323245661451        1.55529986611285
H           -4.76356068178825       -0.65908194999825        1.65168573003500
H           -1.51447948488880       -2.36962742133347        0.97407596266839
H            0.22719725171022       -1.46150095596411       -0.48834842602073
31
 energy: -42.685690524882 gnorm: 0.000222241726 xtb: 6.7.1 (edcfbbe)
C           -0.15943243470924        1.69102786120988       -2.93136750042147
C            0.27876001282999        0.94911185721710       -1.70441060246208
N            1.52432256873495        0.81603142353969       -1.51395646542845
C            2.14706933537895        0.29544041670162       -0.40241784574754
C            1.93464879051156        0.82288185674470        0.87485911252300
C            2.66932685021111        0.36221626729622        1.94931639160607
C            3.61685939189767       -0.63398093330942        1.77739946504070
C            3.83616004571388       -1.15855701166994        0.51290396424674
C            3.12069749519498       -0.69273081651172       -0.57166393523457
C           -0.78137462640136        0.40085159935337       -0.82998703027890
C           -1.93251526339766        1.13373562886542       -0.54939845791710
C           -2.90826843714214        0.61954622147660        0.28360321460725
C           -2.77686034527777       -0.64427971918891        0.84582071405060
C           -3.82568990688054       -1.19833965344445        1.76091404169830
C           -1.63460316459343       -1.38170860155634        0.55143134292263
C           -0.64902142521631       -0.86809475456555       -0.26736923023799
H            0.68486913855273        1.81405198614330       -3.60392665725649
H           -0.52523440840719        2.67930887778625       -2.65446339004846
H           -0.96428828788171        1.15850796269743       -3.43428005766794
H            1.19654762956871        1.60251900207567        1.00526274918836
H            2.49667117904490        0.78024233195223        2.93142263580070
H            4.18436817903440       -0.99622394991656        2.62222069956698
H            4.57701529605839       -1.93306406534026        0.37105610679643
H            3.28813146206945       -1.09636235628742       -1.55986968093558
H           -2.05930760385163        2.12289184104289       -0.96442885486833
H           -3.78866895223746        1.20950472433763        0.49815958739841
H           -3.49883070874490       -1.10843959957549        2.79771431508792
H           -3.99685794790132       -2.25363621426647        1.55661515237924
H           -4.76408176569080       -0.65967850221350        1.65170477161759
H           -1.51620210589160       -2.37074296117690        0.97146628058719
H            0.22579000932310       -1.46203071941817       -0.49036853601379
31
 energy: -42.685691374609 gnorm: 0.000214063042 xtb: 6.7.1 (edcfbbe)
C           -0.15920188164657        1.69088679077231       -2.93124216546518
C            0.27884985325847        0.94984344792917       -1.70382890322277
N            1.52434776230725        0.81556977876928       -1.51377778509895
C            2.14704053681951        0.29496723948877       -0.40221606956565
C            1.93561922557742        0.82357748081912        0.87474867395432
C            2.67082759768354        0.36340064033429        1.94907498450785
C            3.61761583149333       -0.63351076851570        1.77730913756681
C            3.83556039217238       -1.15949544625610        0.51317549359008
C            3.11970048197497       -0.69420015739041       -0.57132799530252
C           -0.78138110172262        0.40197272364576       -0.82924100112431
C           -1.93247368968971        1.13469523215893       -0.54810222243320
C           -2.90854323829937        0.61989821477675        0.28417433262373
C           -2.77733592575227       -0.64431530338211        0.84546844212861
C           -3.82594333830357       -1.19888434736383        1.76042874089075
C           -1.63506877168821       -1.38163211349837        0.55051259834473
C           -0.64939966560585       -0.86757530008943       -0.26773885023612
H            0.68637230026289        1.81798781129185       -3.60146956178455
H           -0.53076942520842        2.67719594531244       -2.65535841803846
H           -0.95999875753481        1.15459557206071       -3.43660364109965
H            1.19800769316124        1.60370231845651        1.00481827441571
H            2.49871090704825        0.78206438268563        2.93100609843005
H            4.18548857592795       -0.99539849745463        2.62203282126692
H            4.57569588543477       -1.93474511857282        0.37147856206481
H            3.28583540367055       -1.09877779492125       -1.55934763070526
H           -2.05867772578725        2.12433855214475       -0.96224073804357
H           -3.78886958123938        1.20995241179398        0.49890060920540
H           -3.49933653962783       -1.10791900662587        2.79725672997396
H           -3.99605686147082       -2.25447684631743        1.55689278064648
H           -4.76479950186951       -0.66113648735853        1.65077068966503
H           -1.51716234478004       -2.37113616614702        0.96961753001700
H            0.22534590333342       -1.46144518854787       -0.49120921657269
31
 energy: -42.685692019948 gnorm: 0.000250274779 xtb: 6.7.1 (edcfbbe)
C           -0.15928594522441        1.69032778454072       -2.93131706756599
C            0.27903979222166        0.95051413251301       -1.70331779739295
N            1.52455318736220        0.81531539258987       -1.51395438199306
C            2.14723706353507        0.29489947720444       -0.40224880050772
C            1.93656777431434        0.82436143664198        0.87447435257752
C            2.67171587359976        0.36412560613699        1.94881828036235
C            3.61772080997311       -0.63356086119786        1.77725215377367
C            3.83482379547169       -1.16048104913023        0.51336879945779
C            3.11896685061611       -0.69525422460834       -0.57115021264814
C           -0.78116375051986        0.40327984417090       -0.82826184994283
C           -1.93216407350124        1.13590928649996       -0.54659289809318
C           -2.90848011209768        0.62053507265190        0.28508150822315
C           -2.77753199352807       -0.64415956040157        0.84528917516898
C           -3.82625339133129       -1.19957522789547        1.75958015859009
C           -1.63514478121327       -1.38125873410759        0.55008702503214
C           -0.64931622016930       -0.86667760144209       -0.26755405152918
H            0.68733085322256        1.82150039080700       -3.59945678183228
H           -0.53657619559307        2.67461162358544       -2.65620836172451
H           -0.95623398318578        1.15023926407717       -3.43880117876616
H            1.19974977599685        1.60528289667243        1.00421832323327
H            2.50056049930065        0.78379820232353        2.93049358705315
H            4.18574682118772       -0.99528348149019        2.62194440849407
H            4.57407421708115       -1.93662597308193        0.37193658703293
H            3.28411790970959       -1.10064165877608       -1.55899190779154
H           -2.05799372009723        2.12599881107444       -0.95976629917925
H           -3.78876564464492        1.21056247476042        0.50001627680995
H           -3.50060686552634       -1.10767175634127        2.79663829795564
H           -3.99485929568066       -2.25548120354727        1.55643210340726
H           -4.76569378027106       -0.66305619908964        1.64892849402511
H           -1.51751024306901       -2.37108910600379        0.96848246178439
H            0.22537477196046       -1.46044505913800       -0.49145810341530
31
 energy: -42.685692508127 gnorm: 0.000169143097 xtb: 6.7.1 (edcfbbe)
C           -0.15955291924341        1.68967897976744       -2.93149943884575
C            0.27922015365104        0.95086497043001       -1.70304946675967
N            1.52478642521410        0.81525007022438       -1.51433123194256
C            2.14746226132148        0.29508387683207       -0.40243656661152
C            1.93753885965535        0.82528463967917        0.87408781314295
C            2.67255987974189        0.36495515230201        1.94847668019444
C            3.61753062028615       -0.63376838480513        1.77719519520947
C            3.83396852402909       -1.16141923839709        0.51349068163094
C            3.11841506567595       -0.69588441831145       -0.57109919998110
C           -0.78085787177009        0.40420804134947       -0.82744548984007
C           -1.93164049020576        1.13694425653746       -0.54524266725365
C           -2.90811283730445        0.62117218527912        0.28603722296897
C           -2.77742853084187       -0.64393559715400        0.84537294025644
C           -3.82660139827425       -1.20014242540039        1.75869163272892
C           -1.63496864413752       -1.38088136498649        0.55013611210528
C           -0.64906358529646       -0.86596751772868       -0.26721403448279
H            0.68775863590842        1.82444683133328       -3.59799509658425
H           -0.54159941625904        2.67215466429202       -2.65664209147073
H           -0.95335898510977        1.14655390444767       -3.44071369213441
H            1.20135464104579        1.60683730918173        1.00367505919438
H            2.50169615786848        0.78488126946616        2.93007437327689
H            4.18516001222048       -0.99586018107711        2.62199156419112
H            4.57254933900641       -1.93822604652394        0.37229557898597
H            3.28325109690334       -1.10165683152924       -1.55883301038744
H           -2.05742940699316        2.12731414465686       -0.95770039524559
H           -3.78830890361989        1.21117155671310        0.50132554875189
H           -3.50237950707592       -1.10738405824662        2.79610170036783
H           -3.99365136083848       -2.25634559014822        1.55574681032764
H           -4.76657338668514       -0.66484151773359        1.64662003964321
H           -1.51738090893754       -2.37088293239120        0.96809952983204
H            0.22565647996448       -1.45960574805990       -0.49125380066948
31
 energy: -42.685692821442 gnorm: 0.000084430548 xtb: 6.7.1 (edcfbbe)
C           -0.15992858993437        1.68910039393855       -2.93172301351962
C            0.27938222784047        0.95096913735464       -1.70302076894918
N            1.52503332251485        0.81560150995668       -1.51468691256128
C            2.14778228529200        0.29559079058304       -0.40270011060053
C            1.93818477762494        0.82603773262707        0.87374817710780
C            2.67266410478188        0.36517826261289        1.94826933409121
C            3.61689686374601       -0.63428760269458        1.77718463674485
C            3.83330932396796       -1.16195479791044        0.51347879994128
C            3.11823359947019       -0.69588481705666       -0.57120433607275
C           -0.78046899547618        0.40460254929606       -0.82691635034412
C           -1.93101116174631        1.13754729454410       -0.54428117860212
C           -2.90750145533441        0.62164628090228        0.28690141588582
C           -2.77711270611933       -0.64378734525499        0.84561662175567
C           -3.82690715812293       -1.20046493833621        1.75798053098745
C           -1.63464565321463       -1.38067271852678        0.55044438161395
C           -0.64866296829877       -0.86558368752245       -0.26678136078904
H            0.68771233625697        1.82641007548790       -3.59720848195548
H           -0.54512602329403        2.67029011957472       -2.65681361902147
H           -0.95168760235110        1.14402479382153       -3.44201501606944
H            1.20262122674532        1.60820071149566        1.00328306365384
H            2.50231064304330        0.78555193612307        2.92976506529165
H            4.18413790701939       -0.99675787826831        2.62208185314600
H            4.57132697492634       -1.93930921112483        0.37244867144365
H            3.28303975564691       -1.10187964657323       -1.55886293265262
H           -2.05691452493031        2.12806245871344       -0.95629669417311
H           -3.78762363243680        1.21161358329991        0.50249171460235
H           -3.50423142045642       -1.10689703599969        2.79577349431940
H           -3.99269043372951       -2.25691788493504        1.55525387290760
H           -4.76723750870347       -0.66612119802986        1.64433352720452
H           -1.51692946701100       -2.37070100042774        0.96827582809654
H            0.22604395218275       -1.45920786767187       -0.49085791288347
31
 energy: -42.685692845194 gnorm: 0.000177360783 xtb: 6.7.1 (edcfbbe)
C           -0.16030426062534        1.68852180810966       -2.93194658819349
C            0.27954430202990        0.95107330427928       -1.70299207113869
N            1.52528021981560        0.81595294968898       -1.51504259317999
C            2.14810230926252        0.29609770433401       -0.40296365458953
C            1.93883069559452        0.82679082557497        0.87340854107265
C            2.67276832982187        0.36540137292377        1.94806198798798
C            3.61626310720587       -0.63480682058402        1.77717407828024
C            3.83265012390682       -1.16249035742378        0.51346691825162
C            3.11805213326442       -0.69588521580187       -0.57130947216440
C           -0.78008011918227        0.40499705724266       -0.82638721084817
C           -1.93038183328686        1.13815033255075       -0.54331968995059
C           -2.90689007336436        0.62212037652544        0.28776560880266
C           -2.77679688139679       -0.64363909335598        0.84586030325490
C           -3.82721291797162       -1.20078745127202        1.75726942924598
C           -1.63432266229175       -1.38046407206707        0.55075265112262
C           -0.64826235130108       -0.86519985731622       -0.26634868709529
H            0.68766603660553        1.82837331964252       -3.59642186732672
H           -0.54865263032901        2.66842557485741       -2.65698514657221
H           -0.95001621959242        1.14149568319539       -3.44331634000446
H            1.20388781244485        1.60956411380958        1.00289106811329
H            2.50292512821813        0.78622260277999        2.92945575730641
H            4.18311580181830       -0.99765557545950        2.62217214210087
H            4.57010461084628       -1.94039237572573        0.37260176390134
H            3.28282841439048       -1.10210246161721       -1.55889285491780
H           -2.05639964286746        2.12881077277002       -0.95489299310063
H           -3.78693836125370        1.21205560988672        0.50365788045281
H           -3.50608333383693       -1.10641001375276        2.79544528827098
H           -3.99172950662055       -2.25749017972186        1.55476093548756
H           -4.76790163072180       -0.66740087832613        1.64204701476583
H           -1.51647802508446       -2.37051906846428        0.96845212636104
H            0.22643142440102       -1.45880998728384       -0.49046202509746
