Molecule has no symmetry elements
It seems to be the C1 point group
      -----------------------------------------------------------
     |                   =====================                   |
     |                        T H E R M O                        |
     |                   =====================                   |
     |                         S. Ehlert                         |
     |          Mulliken Center for Theoretical Chemistry        |
     |                    University of Bonn                     |
      -----------------------------------------------------------

   * xtb-thermo version 6.7.1 (edcfbbe) compiled by 'VssAdministrator@runnervm171ch' on 2026-06-10

 * started run on 2026/09/10 at 23:26:53.611     
eigval :       -0.02    -0.01    -0.01     0.01     0.02     0.02
eigval :       12.94    33.15    46.25    59.32    94.76   119.37
eigval :      143.84   150.52   171.64   230.36   241.33   299.99
eigval :      356.90   371.64   400.44   430.08   443.46   476.42
eigval :      480.21   503.86   525.64   546.94   570.02   589.78
eigval :      600.75   629.72   660.22   710.85   725.86   759.07
eigval :      766.40   778.94   810.95   815.28   854.01   868.13
eigval :      877.35   882.83   892.93   916.49   922.66   922.89
eigval :      926.00   930.85   950.79   988.78   995.76  1007.85
eigval :     1079.93  1080.29  1108.35  1115.87  1127.84  1170.16
eigval :     1179.28  1180.63  1188.24  1197.04  1222.07  1236.44
eigval :     1249.26  1278.33  1282.67  1317.00  1337.46  1370.56
eigval :     1374.88  1391.04  1417.48  1434.05  1451.89  1460.97
eigval :     1465.02  1468.62  1506.87  1564.84  1570.66  1595.16
eigval :     1596.99  1608.74  1740.60  2999.69  3025.31  3030.11
eigval :     3062.61  3066.15  3066.38  3069.21  3071.05  3073.75
eigval :     3075.37  3079.22  3080.29  3085.92  3087.86  3088.56

c1  symmetry found (for desy threshold:  0.10E+00) used in thermo

          ...................................................
          :                      SETUP                      :
          :.................................................:
          :  # frequencies                          96      :
          :  # imaginary freq.                       0      :
          :  linear?                             false      :
          :  only rotor calc.                    false      :
          :  symmetry                               c1      :
          :  rotational number                       1      :
          :  scaling factor                  1.0000000      :
          :  rotor cutoff                  100.0000000 cm⁻¹ :
          :  imag. cutoff                  -20.0000000 cm⁻¹ :
          :.................................................:

    mode    ω/cm⁻¹     T·S(HO)/kcal·mol⁻¹    T·S(FR)/kcal·mol⁻¹   T·S(vib)
   ------------------------------------------------------------------------
       1     12.94    -2.23581 (  0.03%)    -1.45678 ( 99.97%)    -1.45700
       2     33.15    -1.67901 (  1.19%)    -1.17823 ( 98.81%)    -1.18421
       3     46.25    -1.48222 (  4.38%)    -1.07956 ( 95.62%)    -1.09719
       4     59.32    -1.33563 ( 11.02%)    -1.00588 ( 88.98%)    -1.04221
       5     94.76    -1.06124 ( 44.63%)    -0.86714 ( 55.37%)    -0.95378
       6    119.37    -0.92742 ( 67.00%)    -0.79874 ( 33.00%)    -0.88495
       7    143.84    -0.82054 ( 81.07%)    -0.74349 ( 18.93%)    -0.80595
       8    150.52    -0.79476 ( 83.70%)    -0.73005 ( 16.30%)    -0.78421
       9    171.64    -0.72075 ( 89.67%)    -0.69115 ( 10.33%)    -0.71770
      10    230.36    -0.55936 ( 96.57%)    -0.60399 (  3.43%)    -0.56089
      11    241.33    -0.53459 ( 97.14%)    -0.59021 (  2.86%)    -0.53618
      12    299.99    -0.42247 ( 98.78%)    -0.52576 (  1.22%)    -0.42373
   ------------------------------------------------------------------------

   temp. (K)  partition function   enthalpy   heat capacity  entropy
                                   cal/mol     cal/K/mol   cal/K/mol   J/K/mol
 298.15  VIB  0.189E+07             8384.945     52.634     49.735
normal termination of xtb
         ROT  0.491E+07              888.752      2.981     33.598
         INT  0.929E+13             9273.697     55.615     83.333
         TR   0.372E+28             1481.254      4.968     42.374
         TOT                       10754.9512    60.5834   125.7070   525.9579

       T/K    H(0)-H(T)+PV         H(T)/Eh          T*S/Eh         G(T)/Eh
   ------------------------------------------------------------------------
    298.15    0.171391E-01    0.285564E+00    0.597274E-01    0.225837E+00
   ------------------------------------------------------------------------

         :::::::::::::::::::::::::::::::::::::::::::::::::::::
         ::                  THERMODYNAMIC                  ::
         :::::::::::::::::::::::::::::::::::::::::::::::::::::
         :: total free energy           0.225836612917 Eh   ::
         ::.................................................::
         :: total energy                0.000000000000 Eh   ::
         :: zero point energy           0.268424937792 Eh   ::
         :: G(RRHO) w/o ZPVE           -0.042588324876 Eh   ::
         :: G(RRHO) contrib.            0.225836612917 Eh   ::
         :::::::::::::::::::::::::::::::::::::::::::::::::::::

------------------------------------------------------------------------
 * finished run on 2026/09/10 at 23:26:53.649     
------------------------------------------------------------------------
 total:
 * wall-time:     0 d,  0 h,  0 min,  0.037 sec
 *  cpu-time:     0 d,  0 h,  0 min,  0.000 sec
 * ratio c/w:     0.000 speedup

