Molecule has no symmetry elements
It seems to be the C1 point group
      -----------------------------------------------------------
     |                   =====================                   |
     |                        T H E R M O                        |
     |                   =====================                   |
     |                         S. Ehlert                         |
     |          Mulliken Center for Theoretical Chemistry        |
     |                    University of Bonn                     |
      -----------------------------------------------------------

   * xtb-thermo version 6.7.1 (edcfbbe) compiled by 'VssAdministrator@runnervm171ch' on 2026-06-10

 * started run on 2026/09/10 at 23:26:52.303     
eigval :       -0.02    -0.02    -0.01     0.01     0.02     0.02
eigval :       21.61    35.09    46.88    51.98    60.20   108.69
eigval :      155.46   193.50   237.27   255.23   269.49   334.36
eigval :      368.72   373.10   394.05   420.89   467.17   491.81
eigval :      505.09   549.62   589.51   597.72   609.03   658.65
eigval :      673.84   714.90   769.09   804.48   814.65   852.05
eigval :      867.88   870.87   879.62   918.00   922.48   924.55
eigval :      932.02   970.91   991.87  1001.54  1009.01  1012.09
eigval :     1025.93  1080.22  1096.79  1115.81  1144.54  1181.51
eigval :     1190.08  1201.52  1235.43  1248.82  1277.48  1278.62
eigval :     1304.77  1315.86  1331.33  1375.63  1398.53  1407.62
eigval :     1432.66  1464.94  1473.69  1474.08  1476.05  1478.92
eigval :     1492.15  1567.30  1570.43  1593.34  1599.36  1700.31
eigval :     2990.99  3010.12  3021.37  3032.21  3033.90  3037.25
eigval :     3060.10  3062.60  3067.99  3071.14  3071.25  3076.49
eigval :     3085.52  3096.92  3100.41

c1  symmetry found (for desy threshold:  0.10E+00) used in thermo

          ...................................................
          :                      SETUP                      :
          :.................................................:
          :  # frequencies                          87      :
          :  # imaginary freq.                       0      :
          :  linear?                             false      :
          :  only rotor calc.                    false      :
          :  symmetry                               c1      :
          :  rotational number                       1      :
          :  scaling factor                  1.0000000      :
          :  rotor cutoff                   50.0000000 cm⁻¹ :
          :  imag. cutoff                  -20.0000000 cm⁻¹ :
          :.................................................:

    mode    ω/cm⁻¹     T·S(HO)/kcal·mol⁻¹    T·S(FR)/kcal·mol⁻¹   T·S(vib)
   ------------------------------------------------------------------------
       1     21.61    -1.93226 (  3.37%)    -1.30498 ( 96.63%)    -1.32611
       2     35.09    -1.64542 ( 19.52%)    -1.16139 ( 80.48%)    -1.25586
       3     46.88    -1.47432 ( 43.59%)    -1.07558 ( 56.41%)    -1.24939
       4     51.98    -1.41339 ( 53.88%)    -1.04498 ( 46.12%)    -1.24348
       5     60.20    -1.32700 ( 67.75%)    -1.00153 ( 32.25%)    -1.22203
       6    108.69    -0.98156 ( 95.71%)    -0.82650 (  4.29%)    -0.97491
       7    155.46    -0.77649 ( 98.94%)    -0.72049 (  1.06%)    -0.77589
       8    193.50    -0.65415 ( 99.56%)    -0.65564 (  0.44%)    -0.65416
       9    237.27    -0.54361 ( 99.80%)    -0.59524 (  0.20%)    -0.54371
      10    255.23    -0.50513 ( 99.85%)    -0.57363 (  0.15%)    -0.50523
      11    269.49    -0.47688 ( 99.88%)    -0.55752 (  0.12%)    -0.47698
   ------------------------------------------------------------------------

   temp. (K)  partition function   enthalpy   heat capacity  entropy
                                   cal/mol     cal/K/mol   cal/K/mol   J/K/mol
 298.15  VIB  0.774E+06             7668.365     48.229     47.627
         ROT  0.304E+07              888.752      2.981     32.642
         INT  0.235E+13             8557.117     51.210     80.269
         TR   0.293E+28             1481.254      4.968     41.900
normal termination of xtb
         TOT                       10038.3710    56.1781   122.1693   511.1563

       T/K    H(0)-H(T)+PV         H(T)/Eh          T*S/Eh         G(T)/Eh
   ------------------------------------------------------------------------
    298.15    0.159972E-01    0.266771E+00    0.580466E-01    0.208724E+00
   ------------------------------------------------------------------------

         :::::::::::::::::::::::::::::::::::::::::::::::::::::
         ::                  THERMODYNAMIC                  ::
         :::::::::::::::::::::::::::::::::::::::::::::::::::::
         :: total free energy           0.208724308341 Eh   ::
         ::.................................................::
         :: total energy                0.000000000000 Eh   ::
         :: zero point energy           0.250773718055 Eh   ::
         :: G(RRHO) w/o ZPVE           -0.042049409713 Eh   ::
         :: G(RRHO) contrib.            0.208724308341 Eh   ::
         :::::::::::::::::::::::::::::::::::::::::::::::::::::

------------------------------------------------------------------------
 * finished run on 2026/09/10 at 23:26:52.336     
------------------------------------------------------------------------
 total:
 * wall-time:     0 d,  0 h,  0 min,  0.034 sec
 *  cpu-time:     0 d,  0 h,  0 min,  0.000 sec
 * ratio c/w:     0.000 speedup

