Molecule has no symmetry elements
It seems to be the C1 point group
      -----------------------------------------------------------
     |                   =====================                   |
     |                        T H E R M O                        |
     |                   =====================                   |
     |                         S. Ehlert                         |
     |          Mulliken Center for Theoretical Chemistry        |
     |                    University of Bonn                     |
      -----------------------------------------------------------

   * xtb-thermo version 6.7.1 (edcfbbe) compiled by 'VssAdministrator@runnervm171ch' on 2026-06-10

 * started run on 2026/09/10 at 23:26:53.021     
eigval :       -0.02    -0.02     0.01     0.02     0.02     0.02
eigval :       20.52    34.05    43.79    53.69    95.63   146.91
eigval :      162.58   191.17   212.07   222.68   250.25   329.28
eigval :      350.25   368.64   398.49   435.37   445.70   473.47
eigval :      486.64   499.06   504.47   539.31   580.85   590.01
eigval :      604.23   625.92   655.51   700.03   724.29   754.11
eigval :      761.91   801.68   812.28   837.57   864.20   867.02
eigval :      868.93   877.88   879.73   914.54   920.92   923.57
eigval :      926.15   928.84   931.42   975.56   992.31  1006.59
eigval :     1078.54  1079.98  1095.61  1115.51  1139.64  1166.87
eigval :     1180.02  1180.35  1189.57  1206.40  1224.32  1250.02
eigval :     1263.95  1277.09  1286.71  1315.64  1327.48  1372.59
eigval :     1375.61  1400.99  1425.02  1432.25  1448.66  1466.80
eigval :     1472.90  1473.95  1499.68  1562.02  1567.54  1593.16
eigval :     1600.22  1607.00  1698.42  3008.90  3023.98  3032.22
eigval :     3060.51  3064.03  3064.89  3066.79  3070.25  3071.81
eigval :     3075.96  3078.05  3086.01  3086.38  3089.10  3102.97

c1  symmetry found (for desy threshold:  0.10E+00) used in thermo

          ...................................................
          :                      SETUP                      :
          :.................................................:
          :  # frequencies                          96      :
          :  # imaginary freq.                       0      :
          :  linear?                             false      :
          :  only rotor calc.                    false      :
          :  symmetry                               c1      :
          :  rotational number                       1      :
          :  scaling factor                  1.0000000      :
          :  rotor cutoff                   50.0000000 cm⁻¹ :
          :  imag. cutoff                  -20.0000000 cm⁻¹ :
          :.................................................:

    mode    ω/cm⁻¹     T·S(HO)/kcal·mol⁻¹    T·S(FR)/kcal·mol⁻¹   T·S(vib)
   ------------------------------------------------------------------------
       1     20.52    -1.96283 (  2.76%)    -1.32031 ( 97.24%)    -1.33803
       2     34.05    -1.66321 ( 17.70%)    -1.17033 ( 82.30%)    -1.25755
       3     43.79    -1.51449 ( 37.05%)    -1.09577 ( 62.95%)    -1.25090
       4     53.69    -1.39434 ( 57.07%)    -1.03542 ( 42.93%)    -1.24026
       5     95.63    -1.05586 ( 93.05%)    -0.86441 (  6.95%)    -1.04255
       6    146.91    -0.80853 ( 98.68%)    -0.73724 (  1.32%)    -0.80759
       7    162.58    -0.75122 ( 99.11%)    -0.70723 (  0.89%)    -0.75083
       8    191.17    -0.66083 ( 99.53%)    -0.65924 (  0.47%)    -0.66082
       9    212.07    -0.60398 ( 99.69%)    -0.62850 (  0.31%)    -0.60405
      10    222.68    -0.57758 ( 99.75%)    -0.61404 (  0.25%)    -0.57767
      11    250.25    -0.51545 ( 99.84%)    -0.57946 (  0.16%)    -0.51555
   ------------------------------------------------------------------------

   temp. (K)  partition function   enthalpy   heat capacity  entropy
                                   cal/mol     cal/K/mol   cal/K/mol   J/K/mol
 298.15  VIB  0.789E+06             8241.727     54.693     49.722
         ROT  0.491E+07              888.752      2.981     33.599
normal termination of xtb
         INT  0.387E+13             9130.479     57.674     83.321
         TR   0.372E+28             1481.254      4.968     42.374
         TOT                       10611.7331    62.6422   125.6942   525.9046

       T/K    H(0)-H(T)+PV         H(T)/Eh          T*S/Eh         G(T)/Eh
   ------------------------------------------------------------------------
    298.15    0.169109E-01    0.285613E+00    0.597214E-01    0.225891E+00
   ------------------------------------------------------------------------

         :::::::::::::::::::::::::::::::::::::::::::::::::::::
         ::                  THERMODYNAMIC                  ::
         :::::::::::::::::::::::::::::::::::::::::::::::::::::
         :: total free energy           0.225891272258 Eh   ::
         ::.................................................::
         :: total energy                0.000000000000 Eh   ::
         :: zero point energy           0.268701776215 Eh   ::
         :: G(RRHO) w/o ZPVE           -0.042810503958 Eh   ::
         :: G(RRHO) contrib.            0.225891272258 Eh   ::
         :::::::::::::::::::::::::::::::::::::::::::::::::::::

------------------------------------------------------------------------
 * finished run on 2026/09/10 at 23:26:53.057     
------------------------------------------------------------------------
 total:
 * wall-time:     0 d,  0 h,  0 min,  0.036 sec
 *  cpu-time:     0 d,  0 h,  0 min,  0.000 sec
 * ratio c/w:     0.000 speedup

