Molecule has no symmetry elements
It seems to be the C1 point group
      -----------------------------------------------------------
     |                   =====================                   |
     |                        T H E R M O                        |
     |                   =====================                   |
     |                         S. Ehlert                         |
     |          Mulliken Center for Theoretical Chemistry        |
     |                    University of Bonn                     |
      -----------------------------------------------------------

   * xtb-thermo version 6.7.1 (edcfbbe) compiled by 'VssAdministrator@runnervm171ch' on 2026-06-10

 * started run on 2026/09/10 at 23:26:52.668     
eigval :       -0.02    -0.02    -0.01     0.01     0.01     0.02
eigval :       33.30    45.81    56.91    94.36   121.53   137.37
eigval :      188.24   233.62   278.53   345.84   368.07   370.42
eigval :      399.49   458.81   487.07   517.37   575.08   587.90
eigval :      595.78   611.07   663.08   675.58   723.39   760.54
eigval :      766.25   832.99   865.00   876.49   882.37   904.70
eigval :      919.74   925.00   930.33   935.74   972.07   978.76
eigval :      998.71  1025.29  1078.78  1083.04  1104.68  1115.42
eigval :     1126.28  1180.19  1182.63  1188.47  1202.59  1256.56
eigval :     1268.80  1278.92  1283.75  1314.47  1317.55  1378.78
eigval :     1426.88  1433.54  1452.92  1461.05  1465.27  1469.93
eigval :     1569.13  1579.12  1592.53  1594.71  1706.82  3009.16
eigval :     3025.66  3057.50  3059.52  3064.11  3070.17  3070.45
eigval :     3073.25  3077.92  3081.12  3085.64  3086.48  3091.43

c1  symmetry found (for desy threshold:  0.10E+00) used in thermo

          ...................................................
          :                      SETUP                      :
          :.................................................:
          :  # frequencies                          78      :
          :  # imaginary freq.                       0      :
          :  linear?                             false      :
          :  only rotor calc.                    false      :
          :  symmetry                               c1      :
          :  rotational number                       1      :
          :  scaling factor                  1.0000000      :
          :  rotor cutoff                  100.0000000 cm⁻¹ :
          :  imag. cutoff                  -20.0000000 cm⁻¹ :
          :.................................................:

    mode    ω/cm⁻¹     T·S(HO)/kcal·mol⁻¹    T·S(FR)/kcal·mol⁻¹   T·S(vib)
   ------------------------------------------------------------------------
       1     33.30    -1.67634 (  1.21%)    -1.17682 ( 98.79%)    -1.18289
       2     45.81    -1.48797 (  4.22%)    -1.08239 ( 95.78%)    -1.09950
       3     56.91    -1.36007 (  9.49%)    -1.01814 ( 90.51%)    -1.05059
       4     94.36    -1.06370 ( 44.22%)    -0.86837 ( 55.78%)    -0.95474
       5    121.53    -0.91706 ( 68.57%)    -0.79340 ( 31.43%)    -0.87819
       6    137.37    -0.84679 ( 78.08%)    -0.75711 ( 21.92%)    -0.82713
       7    188.24    -0.66936 ( 92.62%)    -0.66379 (  7.38%)    -0.66895
       8    233.62    -0.55187 ( 96.75%)    -0.59982 (  3.25%)    -0.55343
       9    278.53    -0.45996 ( 98.37%)    -0.54774 (  1.63%)    -0.46139
   ------------------------------------------------------------------------

   temp. (K)  partition function   enthalpy   heat capacity  entropy
                                   cal/mol     cal/K/mol   cal/K/mol   J/K/mol
 298.15  VIB  0.314E+05             6525.785     41.455     37.931
         ROT  0.215E+07              888.752      2.981     31.953
         INT  0.673E+11             7414.537     44.436     69.884
         TR   0.264E+28             1481.254      4.968     41.694
         TOT                        8895.7914    49.4040   111.5777   466.8409

       T/K    H(0)-H(T)+PV         H(T)/Eh          T*S/Eh         G(T)/Eh
   ------------------------------------------------------------------------
normal termination of xtb
    298.15    0.141763E-01    0.237682E+00    0.530141E-01    0.184668E+00
   ------------------------------------------------------------------------

         :::::::::::::::::::::::::::::::::::::::::::::::::::::
         ::                  THERMODYNAMIC                  ::
         :::::::::::::::::::::::::::::::::::::::::::::::::::::
         :: total free energy           0.184668214387 Eh   ::
         ::.................................................::
         :: total energy                0.000000000000 Eh   ::
         :: zero point energy           0.223506014712 Eh   ::
         :: G(RRHO) w/o ZPVE           -0.038837800326 Eh   ::
         :: G(RRHO) contrib.            0.184668214387 Eh   ::
         :::::::::::::::::::::::::::::::::::::::::::::::::::::

------------------------------------------------------------------------
 * finished run on 2026/09/10 at 23:26:52.694     
------------------------------------------------------------------------
 total:
 * wall-time:     0 d,  0 h,  0 min,  0.026 sec
 *  cpu-time:     0 d,  0 h,  0 min,  0.000 sec
 * ratio c/w:     0.000 speedup

