31
 energy: -42.680075954191 gnorm: 0.064940096229 xtb: 6.7.1 (edcfbbe)
C           -0.21700914530000        1.60058218890000       -3.02508745440000
C            0.30792734680000        0.95646343130000       -1.76211325130000
N            1.59541130970000        0.96820076190000       -1.57768345770000
C            2.16502814410000        0.44398122780000       -0.40931840850000
C            2.05799803450000        1.11025838380000        0.81521988900000
C            2.65190233950000        0.58244910060000        1.96367780750000
C            3.37367389530000       -0.60810945350000        1.88970881380000
C            3.50886027260000       -1.26506066210000        0.66753690580000
C            2.91227926710000       -0.73438271730000       -0.47806588800000
C           -0.71073034420000        0.37977557900000       -0.85203136210000
C           -1.67528636930000        1.21733070400000       -0.28724882120000
C           -2.64675841240000        0.67865909400000        0.55842247700000
C           -2.66820901140000       -0.69625525540000        0.83018346920000
C           -3.68992788130000       -1.26743136660000        1.76931932300000
C           -1.68959060750000       -1.52353667570000        0.26225446090000
C           -0.71667152000000       -0.98997948260000       -0.58464074010000
H            0.35585146400000        1.23602823230000       -3.88314251990000
H           -0.09553116270000        2.68520998900000       -2.95158097200000
H           -1.27253310190000        1.36772660170000       -3.18945708640000
H            1.50977236540000        2.04579981160000        0.87232615870000
H            2.55586456080000        1.10420292810000        2.91179132970000
H            3.83963558850000       -1.01778588680000        2.78202649560000
H            4.08342235520000       -2.18487354640000        0.60297590540000
H            3.02838150870000       -1.23714636270000       -1.43391845620000
H           -1.66769151100000        2.28516873790000       -0.48800928170000
H           -3.38691063170000        1.33782229950000        1.00713760820000
H           -3.31001802160000       -1.24234043090000        2.79525053190000
H           -3.92787360820000       -2.30303525270000        1.50455677690000
H           -4.62416457650000       -0.69798865770000        1.72324438200000
H           -1.67867321310000       -2.58988183110000        0.47754181390000
H            0.03157066580000       -1.64185148990000       -1.02691414840000
31
 energy: -42.684059684880 gnorm: 0.021071510554 xtb: 6.7.1 (edcfbbe)
C           -0.20421623269666        1.60001856060521       -3.01921637717223
C            0.31182835169310        0.95927097697238       -1.75909127906287
N            1.57045030754211        0.94958274206669       -1.56484376400466
C            2.13971430505791        0.42730633394965       -0.40256641898577
C            2.04342174675733        1.09763802446285        0.81704397794298
C            2.65585778439477        0.58416812570339        1.94854893639675
C            3.37512140888815       -0.59878141035661        1.87765638147503
C            3.50884207860303       -1.25021927427639        0.66103544453991
C            2.90716990160278       -0.73530625423479       -0.47503800278881
C           -0.70380545100195        0.38240069633842       -0.84901555009662
C           -1.67485096579272        1.20555613526756       -0.28677872990797
C           -2.63498454557106        0.66984174930179        0.55663343095582
C           -2.65727979777896       -0.69336402545529        0.83656189129043
C           -3.68876183814694       -1.26637318229348        1.76244335975756
C           -1.68667190182427       -1.50989697788576        0.26419015159891
C           -0.71318165482094       -0.97955478620376       -0.56783829947996
H            0.37180569234585        1.24967059670842       -3.87427758029684
H           -0.08502934138907        2.68100503135904       -2.95569709581643
H           -1.25642624030464        1.36606494650345       -3.17384498738676
H            1.49080971332830        2.02652841090161        0.87372702354971
H            2.55803987344867        1.10317865411248        2.89281877600063
H            3.83442211606355       -1.00947601433469        2.76758250901991
H            4.07698019070124       -2.16875911772671        0.59754811483570
H            3.01335489272776       -1.24186602677611       -1.42551011377498
H           -1.66934493396319        2.26812344490058       -0.48931523061210
H           -3.37831455497959        1.32161955835003        0.99744990179155
H           -3.31714967845098       -1.24469228762912        2.78754315532460
H           -3.91508923447820       -2.30125676599480        1.50547675204363
H           -4.61386219652923       -0.69092583895626        1.72436110584713
H           -1.68685755121813       -2.57252342534210        0.46978499999146
H            0.02800775569198       -1.62897860003770       -1.01341018237570
31
 energy: -42.684626227782 gnorm: 0.007680559556 xtb: 6.7.1 (edcfbbe)
C           -0.19744889179914        1.60629944379804       -3.01874326440752
C            0.31330834625330        0.96167655489382       -1.76284005025687
N            1.55980668244146        0.93159743319092       -1.55716480716253
C            2.13137108322436        0.41545673937735       -0.40056491204429
C            2.03094582231518        1.08624824388427        0.81774018448435
C            2.65236376567491        0.58111201735328        1.94312371888409
C            3.37964251340794       -0.59481288620529        1.87441406825750
C            3.50849564805703       -1.24861794758457        0.66025775167404
C            2.90342652294670       -0.74346429636151       -0.47295866349836
C           -0.70611101134848        0.38588693404223       -0.85445270042663
C           -1.68004269493867        1.20187982552153       -0.28891344667697
C           -2.63320258519346        0.66730325060933        0.55641233868763
C           -2.65409971027178       -0.69227242642543        0.84115906145757
C           -3.68750812429605       -1.26653913798575        1.76232326954974
C           -1.68297800283687       -1.50291009833766        0.26805932749466
C           -0.71305479379552       -0.97290101468187       -0.56172082646393
H            0.38621673243080        1.26496584462388       -3.87005752645054
H           -0.07995080051517        2.68644075150327       -2.95350098234226
H           -1.24698073139243        1.37047643901144       -3.17463674552713
H            1.46363740128683        2.00522521191577        0.87277740949435
H            2.56052603487864        1.10610706343687        2.88319567683599
H            3.84733657749199       -0.99729191758288        2.76117155247137
H            4.08532817375509       -2.15992066126242        0.59525086320771
H            3.00280969505007       -1.25166902952149       -1.42155011763729
H           -1.67955858502839        2.26174120491262       -0.49841366363651
H           -3.37787466923905        1.31572154914066        0.99555172907654
H           -3.31939903646716       -1.24577234400551        2.78860675811539
H           -3.90671782526760       -2.30050776769978        1.50533228401747
H           -4.60816646401989       -0.68849247396841        1.72373097945035
H           -1.68459743472591       -2.56403201227410        0.47197631392957
H            0.03247636182129       -1.61893449331864       -1.00160327995751
31
 energy: -42.684829016543 gnorm: 0.005083411525 xtb: 6.7.1 (edcfbbe)
C           -0.19187781714980        1.61514431573585       -3.02147028000151
C            0.31043194341803        0.96348133682714       -1.76759600209571
N            1.55418197327403        0.91532472706525       -1.55251076181125
C            2.12409731367352        0.40172522416185       -0.39918938929611
C            2.01924245026228        1.07373771422307        0.81863713883672
C            2.65258355512682        0.57879030581387        1.94135546424757
C            3.39121273848208       -0.59035169133959        1.87351388717020
C            3.51703166673056       -1.24831188133358        0.66086709591823
C            2.90310706255270       -0.75311883632881       -0.47128525966808
C           -0.71344603787549        0.38978252216967       -0.86069930187224
C           -1.69072549709386        1.20226946455494       -0.29545167029980
C           -2.63833718096723        0.66756528652351        0.55479046024806
C           -2.65460718296155       -0.69134755625008        0.84439514512434
C           -3.68671002703133       -1.26719505084484        1.76515973459403
C           -1.68026852526423       -1.49906578096181        0.27230612413659
C           -0.71346793732432       -0.96745966784704       -0.55855513256941
H            0.39988414563014        1.28209576979775       -3.87057479346144
H           -0.07731260288265        2.69536657442393       -2.94828365675266
H           -1.23927490107696        1.37777185595321       -3.18481463545099
H            1.44014865454623        1.98544582935819        0.87149382650914
H            2.55960015254487        1.10614123365636        2.88006288454565
H            3.86600580338218       -0.98590550615805        2.75899280202911
H            4.09775627034730       -2.15723526817718        0.59670533994192
H            2.99832397273779       -1.26304164676217       -1.41904981374741
H           -1.69430209303063        2.26125894964685       -0.50996372435532
H           -3.38328950897041        1.31457613484309        0.99523661604947
H           -3.31964434542060       -1.24573064181465        2.79219698825960
H           -3.90207499025395       -2.30133353695410        1.50782310618357
H           -4.60712349678238       -0.68999501835951        1.72533352870782
H           -1.67780070564663       -2.55946938769782        0.47934472046541
H            0.03665514692359       -1.61091577392530       -0.99480814098551
31
 energy: -42.685077609591 gnorm: 0.005857907373 xtb: 6.7.1 (edcfbbe)
C           -0.18007574392400        1.63500572276341       -3.02552068451711
C            0.30185925696679        0.96444047831520       -1.77552314576466
N            1.54335706355356        0.88148940912810       -1.54752405771063
C            2.11071174099150        0.37266735510594       -0.39835308863678
C            1.99729898849949        1.04675103656432        0.81935355405351
C            2.65178700033835        0.57183350246311        1.93903287580136
C            3.41440106993339       -0.58305418164212        1.87216613272496
C            3.53680972795976       -1.24962778239781        0.66288755661674
C            2.90532592325091       -0.77331885633547       -0.46819022071537
C           -0.73047228924131        0.39734285714496       -0.87139680983087
C           -1.71553968710498        1.20491687477336       -0.31155988437740
C           -2.65436434574722        0.66898890636794        0.54787046329115
C           -2.65837914896021       -0.68881276287678        0.84889251514540
C           -3.68526621644483       -1.26791849794984        1.77269611220866
C           -1.67582833814427       -1.49212464337255        0.28216730276421
C           -0.71528757325461       -0.95724506402305       -0.55309561157657
H            0.42967289670485        1.32199592876183       -3.87082748494704
H           -0.07395661678681        2.71548395577046       -2.93030838636324
H           -1.22300560964478        1.39433220218105       -3.21113180840017
H            1.39673275261151        1.94504250891035        0.86894678204586
H            2.55667211417237        1.10400404185983        2.87544631260711
H            3.91015885216796       -0.96038388197660        2.75451462865163
H            4.13077078863264       -2.15093549719573        0.60070701680292
H            2.99686670413346       -1.28713991690859       -1.41409706132387
H           -1.72951786522162        2.26225969869472       -0.53739715086723
H           -3.40181541513631        1.31345066377963        0.98884672234023
H           -3.31803851187781       -1.24325719961244        2.80012811602072
H           -3.89454970145261       -2.30359860920437        1.51646893313632
H           -4.60862035518907       -0.69576742708374        1.73155636287024
H           -1.66151045501643       -2.55086738421917        0.49964581189833
H            0.04380299313047       -1.59595343778597       -0.98243950334840
31
 energy: -42.685209376314 gnorm: 0.006766014247 xtb: 6.7.1 (edcfbbe)
C           -0.17219832159664        1.64784997797928       -3.02462829248490
C            0.29578891755021        0.96246993971279       -1.77772149218951
N            1.53654541981945        0.86008630874651       -1.54810102628584
C            2.10387301065267        0.35375859394715       -0.39985960988697
C            1.98496128424318        1.02811059705589        0.81828235955281
C            2.65053056128234        0.56584254629931        1.93687134896444
C            3.42909360360375       -0.57878922932638        1.86985620501839
C            3.55270614739326       -1.24963146596890        0.66281225955432
C            2.91044419170395       -0.78494993070084       -0.46757410841188
C           -0.74147536486070        0.40141598310643       -0.87562484883648
C           -1.73335384598506        1.20669091208027       -0.32417934036508
C           -2.66881785625654        0.66979309686099        0.53939449233129
C           -2.66270724413932       -0.68633524313595        0.85042142474072
C           -3.68503065754149       -1.26736584832674        1.77821142834082
C           -1.67359910524165       -1.48746760948581        0.29068218080206
C           -0.71651393729002       -0.95122401266012       -0.54797789437046
H            0.45165952351621        1.35220244021716       -3.86679114131444
H           -0.07521799784644        2.72807216260235       -2.91030698970252
H           -1.21129001633785        1.40381948764824       -3.23016529947053
H            1.37274861799106        1.91852828944961        0.86722551388514
H            2.55203327250885        1.09960887742718        2.87234993363895
H            3.93726259462070       -0.94446661408681        2.75049540534010
H            4.15663628530865       -2.14490221498611        0.60218997549376
H            3.00339726181291       -1.30188142519053       -1.41180803181807
H           -1.75530499312536        2.26257856137751       -0.55768077682760
H           -3.42060269001197        1.31236499201851        0.97668089331696
H           -3.31613806773943       -1.23903770120848        2.80498915088318
H           -3.89069515532154       -2.30483245587004        1.52436275602585
H           -4.61208256817572       -0.70045413085050        1.73703781079049
H           -1.65047137277616       -2.54461443661536        0.51705711379625
H            0.04781850213891       -1.58724044811667       -0.97253909991128
31
 energy: -42.685397606861 gnorm: 0.005812607907 xtb: 6.7.1 (edcfbbe)
C           -0.16264677061427        1.66388479466862       -3.01820796734117
C            0.28883776654679        0.95777126122186       -1.77645968953450
N            1.52958853241935        0.83393229680018       -1.55313988389083
C            2.09893822837060        0.33020763008922       -0.40451954076871
C            1.97207838682055        1.00354931528865        0.81436636368689
C            2.64805037391165        0.55646475463893        1.93259652415585
C            3.44646280165998       -0.57440780126901        1.86506889668403
C            3.57573958765939       -1.24853680016471        0.66053313959460
C            2.92208928995418       -0.79735261051895       -0.46922141814373
C           -0.75395445141750        0.40539024519200       -0.87739752143642
C           -1.75718445080935        1.20789723496587       -0.34249245598892
C           -2.69167766612977        0.66992276874987        0.52318596245667
C           -2.67076803460872       -0.68246662916350        0.85066673414982
C           -3.68638497232730       -1.26515930358324        1.78539460763277
C           -1.67177531223327       -1.48121568032284        0.30416325317694
C           -0.71740038637880       -0.94430761929577       -0.53785306842341
H            0.48299297901276        1.39692763122939       -3.85461393670089
H           -0.08400244641139        2.74305415518983       -2.87429324672693
H           -1.19474513994582        1.41209650762695       -3.25412381537213
H            1.34653212169575        1.88440634082646        0.86391864193764
H            2.54314084557133        1.09078580784790        2.86723077359720
H            3.96767883891677       -0.92610581821192        2.74405204795815
H            4.19422092509647       -2.13431832530643        0.60166073432332
H            3.02119469239661       -1.31843858585040       -1.41092854745386
H           -1.79062586335900        2.26114808796932       -0.58669078474625
H           -3.45273852505618        1.30959424843962        0.94974227166066
H           -3.31356071269600       -1.23032404388168        2.81032660760703
H           -3.88746986458786       -2.30552986158970        1.53669466284733
H           -4.61901168631207       -0.70602073711438        1.74517834889368
H           -1.63712588983437       -2.53549024639640        0.54386612820258
H            0.05352680258974       -1.57735901807582       -0.95474152143745
31
 energy: -42.685592566707 gnorm: 0.005769093131 xtb: 6.7.1 (edcfbbe)
C           -0.15245709285422        1.68353996134371       -3.00480568207467
C            0.28282337170950        0.95143579676263       -1.77145923837859
N            1.52398751943896        0.80411093034504       -1.56098726000048
C            2.09639056904552        0.30208300934315       -0.41152533698197
C            1.95757004953720        0.97239775056988        0.80822012628232
C            2.64433576339483        0.54252714777478        1.92627529924210
C            3.46842055313197       -0.56986756906672        1.85763635987494
C            3.60716661069467       -1.24524694855702        0.65511153670880
C            2.94119694215493       -0.80957047054554       -0.47391441837629
C           -0.76623150442673        0.40830644549600       -0.87724440705844
C           -1.78670906630415        1.20621498734975       -0.36804337985296
C           -2.72310816850774        0.66791366634961        0.49686434016330
C           -2.68344417307373       -0.67779824051371        0.84913204233688
C           -3.69054138575506       -1.26020698080583        1.79394786658129
C           -1.67112030598858       -1.47341970523842        0.32247587130756
C           -0.71751932809694       -0.93712981691986       -0.52105304186352
H            0.52302530695631        1.45836857297444       -3.83144468702398
H           -0.10427926481142        2.76012075211529       -2.82213808307368
H           -1.17290115828372        1.41731242963759       -3.27916274250778
H            1.31582472088978        1.84156557058185        0.85921746365887
H            2.53062800628778        1.07649393669885        2.85997141961133
H            4.00200196842081       -0.90649286951194        2.73514206271116
H            4.24452733928900       -2.11774739631797        0.59721777090173
H            3.05092019508665       -1.33412247099490       -1.41293954506391
H           -1.83470994947121        2.25518059908904       -0.62721282559503
H           -3.49878040909105        1.30351591471102        0.90404942459503
H           -3.31095341923354       -1.21504196345626        2.81571955544612
H           -3.88591039850065       -2.30444172489463        1.55466976828964
H           -4.62888566728156       -0.70967536551401        1.75580078049030
H           -1.62389180413543       -2.52325827103647        0.57934376789401
H            0.06262417967812       -1.56706767776945       -0.92490250764416
31
 energy: -42.685756246432 gnorm: 0.005235521390 xtb: 6.7.1 (edcfbbe)
C           -0.14839384110702        1.69611682053438       -2.99005010823702
C            0.28191985389953        0.94736563899797       -1.76477169786175
N            1.52363187907076        0.78802119654344       -1.56697761630769
C            2.09890645644368        0.28536649237421       -0.41720128295021
C            1.94994196875141        0.95115840059612        0.80360047251474
C            2.64174914915163        0.53053675805284        1.92150308685864
C            3.48245920245416       -0.56864528061512        1.85124055213059
C            3.63102315012236       -1.24074725541665        0.64828557899865
C            2.95932154489785       -0.81343646342391       -0.48035830627008
C           -0.77011411907253        0.40792265992282       -0.87452304906172
C           -1.80566849099834        1.20115504871599       -0.38838675377964
C           -2.74633354664852        0.66404676416433        0.47306019909931
C           -2.69446049051846       -0.67501694514082        0.84627884757720
C           -3.69691063933563       -1.25424215880075        1.79818978753546
C           -1.67142533565635       -1.46815327731849        0.33718946218554
C           -0.71534047011404       -0.93376223168538       -0.50440068428853
H            0.54675673018495        1.50321979531629       -3.80711942773769
H           -0.12784054363901        2.76870498303129       -2.78242576855490
H           -1.15776701034568        1.41623932051302       -3.28872875449588
H            1.29673699078719        1.81172706217456        0.85661874610506
H            2.52018909892766        1.06200229938928        2.85536381099436
H            4.02142128093934       -0.89724448639353        2.72803690919420
H            4.28251196672512       -2.10231983713591        0.58923058430762
H            3.07893790430363       -1.33729140407193       -1.41867511570557
H           -1.86340831009397        2.24602763332445       -0.66021085048924
H           -3.53450417663997        1.29645391352034        0.86117512131963
H           -3.31193736664309       -1.20013699679829        2.81743038135634
H           -3.88896871025068       -2.30108031856556        1.56790980410105
H           -4.63745356753459       -0.70776682831092        1.76121210086516
H           -1.61745414315141       -2.51408661472779        0.60667239988161
H            0.07247358499033       -1.56213468876642       -0.89520612868536
31
 energy: -42.685953623414 gnorm: 0.004847983178 xtb: 6.7.1 (edcfbbe)
C           -0.14900696223887        1.70651019413749       -2.97256100926358
C            0.28406415147367        0.94427951828312       -1.75688355342952
N            1.52621787516311        0.77853460943976       -1.57080424150918
C            2.10473509305233        0.27336689526915       -0.42237894271808
C            1.94388936831314        0.93171521766526        0.80032483525043
C            2.63940786238014        0.51632738905267        1.91743809709424
C            3.49519352480204       -0.57015212594541        1.84412484159847
C            3.65600787320899       -1.23374369278193        0.63807281202996
C            2.98102550242475       -0.81140175302764       -0.49008267874209
C           -0.76901585021433        0.40412262439514       -0.87045591902433
C           -1.82077055922156        1.19141070759908       -0.41012777871948
C           -2.76738592800521        0.65780229661654        0.44629954183879
C           -2.70599452489030       -0.67308904084622        0.84305481948165
C           -3.70787662525831       -1.24563689309143        1.79909013992989
C           -1.67094980244530       -1.46346431144114        0.35500635780573
C           -0.70967264527217       -0.93263082979347       -0.48186010080469
H            0.56626677553315        1.55133560949086       -3.77843891412855
H           -0.16387428402884        2.77350536121142       -2.74131768522308
H           -1.14438814574243        1.40584577278061       -3.29261492106088
H            1.27949592508297        1.78349989555433        0.85571783018279
H            2.50921127681581        1.04282445575625        2.85261557367992
H            4.03620313768818       -0.89479272511855        2.72043346125667
H            4.32097456603257       -2.08386599979778        0.57548265482846
H            3.11106118194195       -1.32954110687371       -1.42994842775335
H           -1.88628555289335        2.23118640670459       -0.69728244059997
H           -3.56811331358319        1.28713381838319        0.81192593515238
H           -3.31969563350988       -1.18241950559888        2.81665032200560
H           -3.89805288465650       -2.29430956070244        1.57868062112376
H           -4.64761097839702       -0.69940268373470        1.76073150879854
H           -1.61264619640402       -2.50495876271097        0.63787368159928
H            0.08758577274877       -1.55999178087537       -0.85480412007995
31
 energy: -42.686162447380 gnorm: 0.006056942131 xtb: 6.7.1 (edcfbbe)
C           -0.15205309089465        1.71805341040882       -2.95349552080807
C            0.28652992044047        0.94097282147814       -1.74921288951009
N            1.52913156488054        0.76963099395922       -1.57189716020816
C            2.11209661286014        0.26171262843701       -0.42728682646980
C            1.93615669968982        0.90872137880893        0.79914928570607
C            2.63663740385728        0.49679262994056        1.91434056172722
C            3.51156880924726       -0.57417714471896        1.83522394314654
C            3.68754661203328       -1.22430280591352        0.62363394492870
C            3.00831071812755       -0.80581400043698       -0.50327941072697
C           -0.76695971677291        0.39779627734435       -0.86619733472191
C           -1.83783715176375        1.17784699863289       -0.43740830400324
C           -2.79067690614234        0.65004130982138        0.41440941143332
C           -2.71858651457552       -0.67087963551461        0.84090324466397
C           -3.72410409818864       -1.23405771872521        1.79776634619603
C           -1.66719712084176       -1.45757607866573        0.38115547198934
C           -0.69967703130697       -0.93154710867520       -0.45019188244474
H            0.58955279319446        1.61597466418866       -3.74605790602405
H           -0.21744078253682        2.77784534611908       -2.69173559701440
H           -1.12806117666195        1.38444763453803       -3.30194833373469
H            1.25694835876850        1.74886165304810        0.85772325559843
H            2.49573121503843        1.01516448803452        2.85243594954364
H            4.05538570480508       -0.89645377407506        2.71048543335031
H            4.36882510143983       -2.06073830654791        0.55511013014407
H            3.14950787984166       -1.31290193248745       -1.44723996176044
H           -1.91215249248267        2.21091641829798       -0.74628771392682
H           -3.60538388995277        1.27606656115098        0.75294953168921
H           -3.33700503563398       -1.16139125858161        2.81535516236790
H           -3.91323688496548       -2.28428496110602        1.58767382530317
H           -4.66164048972344       -0.68599469662410        1.75305643572948
H           -1.60257044134165       -2.49342563117603        0.68319053894134
H            0.11065342946121       -1.55730016096055       -0.79836133050557
31
 energy: -42.686352466667 gnorm: 0.006144444063 xtb: 6.7.1 (edcfbbe)
C           -0.16224896496484        1.71865599760144       -2.93805395452255
C            0.29191306424420        0.94103195245191       -1.74118630963608
N            1.53590699575946        0.77918429593022       -1.56790013298159
C            2.12445973304202        0.26717408575377       -0.42893170136121
C            1.93692821418538        0.89804853255415        0.80397385973099
C            2.63553084494346        0.47699838176693        1.91659035084917
C            3.52031287429496       -0.58421818895370        1.82751548225092
C            3.71168631987846       -1.21280666952953        0.60629569079642
C            3.03395530301822       -0.78714049753460       -0.51841302511684
C           -0.75807610786370        0.38867087951625       -0.85914312520209
C           -1.84337538535533        1.16231263143448       -0.45766783264261
C           -2.80352897651944        0.64161205263707        0.38853755816001
C           -2.72708315891507       -0.67007601960836        0.83927118751255
C           -3.74388345840841       -1.22244759332998        1.78951048287442
C           -1.66073496036757       -1.45298630746912        0.40753927255862
C           -0.68547579066489       -0.93230320773535       -0.41737676520551
H            0.58749535946618        1.65487324990718       -3.71789322281069
H           -0.27212324680453        2.76760930086486       -2.66698646318667
H           -1.11923282659766        1.35543113637059       -3.30052018866607
H            1.24996018038300        1.73043605184446        0.86802118071289
H            2.48482588449691        0.98143861614108        2.86098283789641
H            4.05999889051646       -0.91494359254453        2.70174697046111
H            4.40292971120428       -2.03939494536324        0.52835928883746
H            3.18460280058485       -1.27501623883026       -1.47080358706639
H           -1.92142513557219        2.18849898932425       -0.78703061889272
H           -3.62827201621875        1.26510436596077        0.70306004045037
H           -3.36583576282375       -1.14438445655515        2.81031380320928
H           -3.93559397212619       -2.27269233514933        1.58583892067590
H           -4.67688458369332       -0.66847322493451        1.73204758044019
H           -1.59260209190056       -2.48332104723928        0.72750619456575
H            0.13587026267847       -1.55687619528284       -0.74124147409172
31
 energy: -42.686497373668 gnorm: 0.009214978790 xtb: 6.7.1 (edcfbbe)
C           -0.16730866103051        1.72455790085706       -2.92353120580343
C            0.29202781360736        0.93720256621079       -1.73496962318667
N            1.53720740221412        0.77687088783181       -1.56384698670081
C            2.13343875549054        0.26320654875589       -0.43178303795817
C            1.93128856345950        0.87516740956103        0.80932067857652
C            2.63518070669865        0.45089385459609        1.91784444661563
C            3.54022089152202       -0.59347968281668        1.81640932516141
C            3.74770184447117       -1.20065697771449        0.58636964871139
C            3.06471790448685       -0.77244931932687       -0.53453920227777
C           -0.75744002672964        0.38154228150282       -0.85387290032963
C           -1.86226084571748        1.14783085628691       -0.48789413158337
C           -2.82741015869690        0.63424853647377        0.35611035209443
C           -2.73810013316274       -0.66617064308341        0.84032860878626
C           -3.76551572311373       -1.20992314766492        1.78387682517680
C           -1.65098172834173       -1.44312931987018        0.44536494474547
C           -0.67045573677669       -0.92769967409665       -0.37638743590774
H            0.61277676079386        1.72823958494614       -3.68733127063960
H           -0.34551227606807        2.76278916461313       -2.61933613866119
H           -1.09713900237212        1.31564254433201       -3.32390150015823
H            1.22841817912198        1.69420367041781        0.88063598960920
H            2.47234662698443        0.93961805418958        2.86910707472241
H            4.08309541930306       -0.92765559705598        2.68788029772023
H            4.45544473440681       -2.01330729260455        0.49897191532726
H            3.22551698876407       -1.24184545698468       -1.49482638198364
H           -1.94993891660453        2.16520757682134       -0.84390083851493
H           -3.66667872132240        1.25361225638357        0.64172765832742
H           -3.39929087257917       -1.12501770521879        2.80882098006435
H           -3.95762156495921       -2.26133173343976        1.58640382652803
H           -4.69668619076367       -0.65395201526035        1.71062580818851
H           -1.57235322007855       -2.46553307215437        0.79183275119369
H            0.16531118689272       -1.54868205648858       -0.67154817724418
31
 energy: -42.686644931823 gnorm: 0.004655514333 xtb: 6.7.1 (edcfbbe)
C           -0.16803154059821        1.71813099778569       -2.92890503895542
C            0.28945969033956        0.93798276151271       -1.73506067999119
N            1.53546898825573        0.78310359001476       -1.55925910350275
C            2.13428261398656        0.27019210907587       -0.42927984399128
C            1.93264313015085        0.87498818147370        0.81558329619965
C            2.63743922882833        0.44468983337826        1.92185425211117
C            3.54413462180178       -0.59816816438796        1.81434106454681
C            3.75215317462377       -1.19792516290555        0.58156570392847
C            3.06760721106674       -0.76375159968813       -0.53649816269833
C           -0.75965672753702        0.38320913781169       -0.85196332437304
C           -1.86477940645117        1.14865874048689       -0.48832022601036
C           -2.82911276064684        0.63475857529074        0.35658331295029
C           -2.73741395205245       -0.66444691731028        0.84296447250050
C           -3.76984082865593       -1.21046851577053        1.78012476833101
C           -1.64711621749821       -1.43838389614537        0.45426252724553
C           -0.66766505800620       -0.92253345569907       -0.36930193886476
H            0.61003683080969        1.72343185534021       -3.68994334941709
H           -0.35046685772249        2.75232663286634       -2.63000071969892
H           -1.09308967586873        1.30722543865920       -3.33225213067166
H            1.22717941139289        1.69191737722466        0.89180644862703
H            2.47374160627393        0.92636832879588        2.87640278284739
H            4.08820033086255       -0.93737283891908        2.68389419866178
H            4.46146114911172       -2.00932210586131        0.49039229843834
H            3.22826219788548       -1.22679392291532       -1.49961869262095
H           -1.95443161731794        2.16423130746229       -0.84713565893011
H           -3.66974711204024        1.25252842424229        0.64026865002072
H           -3.41242259497493       -1.12727991767082        2.80823295880747
H           -3.96146650650887       -2.26186186066117        1.57885019589449
H           -4.70174871553570       -0.65578098043990        1.69969836186740
H           -1.56479342774560       -2.45849454704983        0.80588131228741
H            0.16971281367093       -1.54115940599741       -0.66120543493995
31
 energy: -42.686822558336 gnorm: 0.004126194699 xtb: 6.7.1 (edcfbbe)
C           -0.17087121784606        1.70491656520663       -2.93389711617674
C            0.28583273801873        0.93765205190583       -1.73156570140155
N            1.53350733612861        0.79839696801820       -1.54852203428090
C            2.14081794987909        0.28572002920234       -0.42447152833028
C            1.93628573276213        0.86661569026166        0.83206184605845
C            2.64339389328198        0.42125426096005        1.93123977949125
C            3.55752248327955       -0.61277764459880        1.80500683721893
C            3.77323548637899       -1.18713446246522        0.56184253808813
C            3.08481697499366       -0.73756417079815       -0.54795963593854
C           -0.76282729852766        0.38534971240092       -0.84493046013792
C           -1.87780730523418        1.14590900811442       -0.50093260983925
C           -2.84398072990834        0.63319647679225        0.34337957014708
C           -2.74205833474953       -0.65856628275685        0.84730998402735
C           -3.78746011704418       -1.20725523886601        1.76966750250911
C           -1.63575902766409       -1.42299039889869        0.48753865839628
C           -0.65561227753435       -0.90846746551195       -0.33820572944846
H            0.61854774035211        1.73771295263355       -3.67871461977343
H           -0.39743555564852        2.72857073856304       -2.63503625789569
H           -1.07281449862053        1.26551439103534       -3.35907014797069
H            1.22459506825067        1.67587508959429        0.92343824934009
H            2.47478721836900        0.88141828380046        2.89558634947188
H            4.10328334100001       -0.96496303097846        2.66907433251350
H            4.48903059122272       -1.99135656343497        0.45764744600996
H            3.24921902024692       -1.18077659191226       -1.51997259595851
H           -1.97767969548109        2.15421091355678       -0.87600931262865
H           -3.69401188768818        1.24537761841100        0.61141265960148
H           -3.45140965148283       -1.12475802648963        2.80491013155552
H           -3.97540831453458       -2.25946769208720        1.56280135835001
H           -4.72098719485236       -0.65651311001057        1.67069463360579
H           -1.54125305010360       -2.43446356865588        0.86012368695578
H            0.19250058265577       -1.52063650299285       -0.61048551296039
31
 energy: -42.686905656416 gnorm: 0.004754769862 xtb: 6.7.1 (edcfbbe)
C           -0.17126468781181        1.69537164796429       -2.93676684937191
C            0.28349446760345        0.93939609250827       -1.72647940484408
N            1.53161335151031        0.80769253494062       -1.54016107119182
C            2.14426318581637        0.29424869789771       -0.41961306694464
C            1.93730546105055        0.85740547701870        0.84469950655042
C            2.64846513556188        0.40274741580412        1.93750173152065
C            3.57030716893881       -0.62290294134172        1.79710790739325
C            3.79002570804581       -1.17912865435981        0.54634585719528
C            3.09737922392761       -0.71949475160767       -0.55651294835431
C           -0.76623965902387        0.38980407225505       -0.83933033415137
C           -1.89062706411445        1.14497346018336       -0.51152488827614
C           -2.85878255112933        0.63211782349231        0.33081922968610
C           -2.74842914210324       -0.65321320422160        0.84955909937361
C           -3.80014218273593       -1.20578054396571        1.76258827524235
C           -1.62998507588151       -1.40922722590952        0.51160227067566
C           -0.64819488259336       -0.89514465600432       -0.31342554580100
H            0.63312584062400        1.75010092068754       -3.66561452081888
H           -0.43516305580283        2.71171133884035       -2.64212154745981
H           -1.05283676261183        1.23054912509752       -3.38007222688118
H            1.21886928422613        1.65966554184681        0.94884182911613
H            2.47662416996807        0.84754648099243        2.90839707097140
H            4.11804636467102       -0.98341200946542        2.65646361895009
H            4.51240436043244       -1.97625117059409        0.43096121221697
H            3.26517124227240       -1.14885577727046       -1.53441508528699
H           -1.99912180913179        2.14773550515277       -0.89789876541657
H           -3.71678214866273        1.23921014498758        0.58603945170637
H           -3.47562142299306       -1.12334772356440        2.80090917290359
H           -3.98201673025683       -2.25872705184385        1.55214298013746
H           -4.73504658531280       -0.65941602685467        1.65404909825377
H           -1.52576049491679       -2.41351361513173        0.90003088546922
H            0.20891929033311       -1.50186092753534       -0.57016064196409
31
 energy: -42.686970967184 gnorm: 0.003261443575 xtb: 6.7.1 (edcfbbe)
C           -0.16904539339320        1.68701469691396       -2.94048615276175
C            0.28196507452494        0.94259210004777       -1.72081819317737
N            1.52960432493491        0.81394550107627       -1.53315108397318
C            2.14506606506508        0.29981475464402       -0.41366076907633
C            1.93764983665695        0.84967880764529        0.85554012674271
C            2.65361880155554        0.38886620397166        1.94230125142115
C            3.58033707354107       -0.63023968260924        1.79112816196908
C            3.80094565054473       -1.17325877390665        0.53483674180619
C            3.10390680482661       -0.70650683252759       -0.56170640088145
C           -0.76978505054131        0.39717707305339       -0.83431073383485
C           -1.90132227522931        1.14690683232550       -0.51751226578578
C           -2.87160212122093        0.63200860750734        0.32151678216568
C           -2.75503716281236       -0.64830801723229        0.85048930088557
C           -3.80812824720880       -1.20732105347791        1.75761076253796
C           -1.62790975358280       -1.39632130060543        0.52777327063469
C           -0.64536303157089       -0.88141481405883       -0.29585847250875
H            0.64560372387758        1.75121803088187       -3.65580228375305
H           -0.45913800306447        2.69912784287722       -2.65785112814865
H           -1.03307022993945        1.20303190267859       -3.39336149724847
H            1.21649967989680        1.64737995212773        0.97067274166839
H            2.48147033185678        0.82295867866273        2.91731865366117
H            4.13111575465263       -0.99576007464350        2.64590586490041
H            4.52697505614475       -1.96493335808709        0.40979560155934
H            3.27289660513951       -1.12700073146876       -1.54295843110445
H           -2.01750140834056        2.14580491683342       -0.91126456301302
H           -3.73631853433155        1.23411773488900        0.56701225654010
H           -3.48875862261454       -1.12501614344252        2.79667632291528
H           -3.98117053782933       -2.26106510741750        1.54395396905803
H           -4.74522206453806       -0.66690981848055        1.64577412486641
H           -1.51637183871000       -2.39462369805263        0.92675993085842
H            0.21808949160942       -1.48296423012627       -0.54236158832402
31
 energy: -42.687001570470 gnorm: 0.003391329722 xtb: 6.7.1 (edcfbbe)
C           -0.16708773954679        1.68370296860100       -2.93954128802090
C            0.28054969885869        0.94784934491248       -1.71313220110547
N            1.52780277155077        0.81661824382423       -1.52644350170823
C            2.14577137360367        0.30023483867167       -0.40886414797074
C            1.93548876053435        0.83841529769910        0.86429143443763
C            2.65808556987331        0.37433134749948        1.94554668688021
C            3.59323024492111       -0.63602970397975        1.78477389941418
C            3.81556074783559       -1.16725384783631        0.52352415352786
C            3.11245167383812       -0.69713071929246       -0.56755906758213
C           -0.77329583887049        0.40343875280183       -0.82954193765292
C           -1.91436222296011        1.14590433791851       -0.52776333515691
C           -2.88711721507266        0.62982534101024        0.30729794705020
C           -2.76348143510715       -0.64443326916247        0.85012433721218
C           -3.81700360732943       -1.20683767250796        1.75430862909160
C           -1.62625082560714       -1.38500265854559        0.54393725922328
C           -0.64275646648660       -0.86941195327949       -0.27703681491388
H            0.66080397339696        1.76442540508930       -3.64066432744492
H           -0.48474330801777        2.69055435960831       -2.66483037860540
H           -1.01186058151855        1.17654225661327       -3.40779713414869
H            1.20758569836579        1.62941711376807        0.98849669294411
H            2.48410899103879        0.79936353154288        2.92427064082280
H            4.14919987880674       -1.00346204178365        2.63522991035090
H            4.54864654123330       -1.95126448133620        0.38936134737494
H            3.28293752870355       -1.10864582715650       -1.55229008902005
H           -2.03590981708343        2.14081673908998       -0.92967830766224
H           -3.75923064198839        1.22679091789226        0.53996704608601
H           -3.50003609603512       -1.12217296011926        2.79405567030266
H           -3.98272179520975       -2.26149244579113        1.54130711853805
H           -4.75607027976038       -0.67101494370898        1.63961744502350
H           -1.50800938566499       -2.37799773487824        0.95458140175563
H            0.22771380359772       -1.46608053716569       -0.51158678844383
31
 energy: -42.687018813489 gnorm: 0.001908579960 xtb: 6.7.1 (edcfbbe)
C           -0.16515173075467        1.68343603190709       -2.93925549280317
C            0.28058547995741        0.95067891198785       -1.71001107820056
N            1.52728353988110        0.81633446111129       -1.52443245467906
C            2.14487176976981        0.29882631847660       -0.40650535790377
C            1.93497649905637        0.83595673198174        0.86639881056817
C            2.66011975717496        0.37242576376391        1.94612873522963
C            3.59666282607714       -0.63568017009284        1.78382206760988
C            3.81718693362322       -1.16619882989375        0.52222371557144
C            3.11155751739518       -0.69716292672363       -0.56744043610812
C           -0.77434112004103        0.40678652012778       -0.82812056075572
C           -1.91702895382074        1.14620074465658       -0.52885797999788
C           -2.89062032733116        0.62869706448549        0.30423427696911
C           -2.76660090105059       -0.64399382331456        0.84875568016430
C           -3.81746680182512       -1.20782840091864        1.75491068782867
C           -1.62878933111543       -1.38262168438581        0.54325340655907
C           -0.64509268304906       -0.86606291437297       -0.27576196330308
H            0.66333666128655        1.76301915104523       -3.63816645482396
H           -0.48429845554316        2.69010739087399       -2.67181096533310
H           -1.00441079611602        1.17268662912827       -3.40684989905431
H            1.20635431315601        1.62558921305547        0.99227327946852
H            2.48725689695555        0.79724038698310        2.92498672744726
H            4.15503583418501       -1.00158970285388        2.63294790662857
H            4.55108291262081       -1.94833689536255        0.38597599609212
H            3.28044004203801       -1.10806492557800       -1.55231352818453
H           -2.03834322516831        2.14084454707673       -0.93120125329916
H           -3.76421381355692        1.22361136110178        0.53369896906673
H           -3.49720004454083       -1.12172156490594        2.79388369994608
H           -3.98033186045620       -2.26281069460121        1.54365646924603
H           -4.75782244633881       -0.67406067162843        1.64283978537082
H           -1.51092970203785       -2.37493027117376        0.95413257303444
H            0.22589120946846       -1.46137775195800       -0.50943306175500
31
 energy: -42.687028340612 gnorm: 0.002014658562 xtb: 6.7.1 (edcfbbe)
C           -0.16536164369551        1.68463270667989       -2.93566712023328
C            0.28076558873971        0.95160569775081       -1.70674677384228
N            1.52769432136453        0.81750807251457       -1.52167524819855
C            2.14677458239853        0.29834104027518       -0.40551779360569
C            1.93511240972441        0.83120814246413        0.86938095303601
C            2.66192772672293        0.36651510483411        1.94763880484809
C            3.60262401960263       -0.63722580356068        1.78140893840811
C            3.82508775745832       -1.16326038262825        0.51787325707241
C            3.11695931064615       -0.69407043124090       -0.57021021071052
C           -0.77437556009367        0.40681367432775       -0.82554404066959
C           -1.92181693468140        1.14283278494805       -0.53534501656519
C           -2.89745787869817        0.62579441115540        0.29577045699073
C           -2.77033556221581       -0.64372676742036        0.84753729707501
C           -3.82183420602387       -1.20527296078579        1.75455502074471
C           -1.62858515730825       -1.38072270000916        0.54877813309356
C           -0.64342823525430       -0.86445258999336       -0.26836049080194
H            0.66518038261287        1.77337545153023       -3.63077899971903
H           -0.49662537659072        2.68870307588760       -2.66724199973236
H           -0.99642018597209        1.16580404162296       -3.40884581225754
H            1.20465495548746        1.61817421811108        0.99699523651353
H            2.48853652752293        0.78840205213903        2.92809119047263
H            4.16322203565772       -1.00305545232343        2.62923953470787
H            4.56179729230212       -1.94215493988183        0.37902556900415
H            3.28583455261914       -1.10075263896211       -1.55709455776627
H           -2.04518735002388        2.13566046153414       -0.94428840859828
H           -3.77553841678215        1.21834629936379        0.51632883899124
H           -3.50172200284553       -1.11610794704818        2.79388045502428
H           -3.98506152156365       -2.26086092927628        1.54672518704617
H           -4.76253253188364       -0.67177432423054        1.64088423429002
H           -1.51010254199822       -2.37180662132595        0.96358610665581
H            0.23021364267108       -1.45847274645301       -0.49642044067444
31
 energy: -42.687034445123 gnorm: 0.001289389902 xtb: 6.7.1 (edcfbbe)
C           -0.16580669342630        1.68568046650747       -2.93377358330575
C            0.28041532893312        0.95146204534641       -1.70570056474252
N            1.52753677439033        0.81811357840365       -1.52008249270103
C            2.14757150819350        0.29827140919757       -0.40516538697397
C            1.93626219366289        0.83027231854038        0.87036112139775
C            2.66377736853393        0.36542844137565        1.94813022126345
C            3.60541433733193       -0.63687471940044        1.78064068058229
C            3.82780028827719       -1.16212854414371        0.51688265158079
C            3.11861120238359       -0.69330896470397       -0.57067457086955
C           -0.77518600792686        0.40565482120707       -0.82535561214216
C           -1.92369087810729        1.14032485928068       -0.53848552274347
C           -2.89986427179504        0.62377660768499        0.29240104715397
C           -2.77197586537823       -0.64431740116082        0.84654239778505
C           -3.82338730186946       -1.20352610565784        1.75513007089958
C           -1.63001174993661       -1.38140350101486        0.54898303092264
C           -0.64417199188704       -0.86543033291145       -0.26765794595016
H            0.66628725957715        1.77871934425224       -3.62737201588863
H           -0.49974356419552        2.68789686640930       -2.66386046879029
H           -0.99391240304756        1.16488233147150       -3.41117653850604
H            1.20401072476566        1.61572015167161        0.99826492013782
H            2.49008801659553        0.78625472925722        2.92915997067533
H            4.16689387182666       -1.00240932908908        2.62809398756169
H            4.56595994660162       -1.93968335520347        0.37756443916718
H            3.28722676592236       -1.09846074506170       -1.55830034160832
H           -2.04574401179010        2.13242769948548       -0.94784523066461
H           -3.77767775794339        1.21545029674980        0.51129284513151
H           -3.50269371448220       -1.11254445329205        2.79418636844560
H           -3.98843454059440       -2.25941619902497        1.54965038615861
H           -4.76376032944969       -0.66927110882163        1.64105755550302
H           -1.51195510437711       -2.37240464077376        0.96482917973745
H            0.23016059911101       -1.45915656658238       -0.49375829861783
31
 energy: -42.687040247829 gnorm: 0.000380964262 xtb: 6.7.1 (edcfbbe)
C           -0.16498555834515        1.68630936353512       -2.93351905850596
C            0.28015916851425        0.95019772017762       -1.70631483076387
N            1.52718118814816        0.81781784862579       -1.51959491809212
C            2.14730385189647        0.29828476008803       -0.40478375643807
C            1.93677306539040        0.83051444326770        0.87069381663596
C            2.66516120362065        0.36645021734982        1.94804444482295
C            3.60657956593644       -0.63613429064579        1.78050627915810
C            3.82774876574305       -1.16224197361468        0.51705866257319
C            3.11804871937240       -0.69364732640618       -0.57006512682289
C           -0.77604063626795        0.40420816059454       -0.82670274686889
C           -1.92396772408598        1.13941491696315       -0.53931695329116
C           -2.89973878572013        0.62345371326729        0.29246648210336
C           -2.77193010008363       -0.64438768713092        0.84674422062292
C           -3.82313037247353       -1.20271707242095        1.75601091271536
C           -1.63071131216412       -1.38202244407236        0.54865183162031
C           -0.64514517975891       -0.86674860292841       -0.26902675775579
H            0.66776917136299        1.78344509198912       -3.62436310035657
H           -0.50247403347144        2.68559397520901       -2.66155930920973
H           -0.99125520563685        1.16653224377037       -3.41372509812577
H            1.20460882245552        1.61612164121590        0.99879192012098
H            2.49184501880479        0.78720878817550        2.92882439317352
H            4.16832503257265       -1.00170136453407        2.62771795589472
H            4.56534756212734       -1.94038015333228        0.37787908810707
H            3.28622990990066       -1.09964761764794       -1.55723868444806
H           -2.04723401181020        2.13079294608255       -0.94971121824334
H           -3.77806240326980        1.21503868350559        0.51089916435932
H           -3.50215414175790       -1.11130296972822        2.79451484005076
H           -3.98884353585735       -2.25867753669022        1.55085610714494
H           -4.76309222711825       -0.66804010638511        1.64186273895673
H           -1.51289672080776       -2.37298654612413        0.96407240746092
H            0.22858090268286       -1.46074882215697       -0.49571140599947
31
 energy: -42.687044779906 gnorm: 0.000592823002 xtb: 6.7.1 (edcfbbe)
C           -0.16391211440144        1.68760605510749       -2.93328717836425
C            0.27963383694380        0.94927721168454       -1.70688348107157
N            1.52643165605126        0.81770928416616       -1.51853823825480
C            2.14657437147375        0.29785936053501       -0.40411569787149
C            1.93757389557109        0.83086208600778        0.87128759418080
C            2.66700472995459        0.36758876003988        1.94822346461035
C            3.60804719544039       -0.63537232790461        1.78055577663890
C            3.82747510230420       -1.16270122096378        0.51732209304144
C            3.11671534404960       -0.69471385597889       -0.56935068188049
C           -0.77732199539177        0.40240724501499       -0.82864956449975
C           -1.92497324142501        1.13794363983439       -0.54128292598291
C           -2.90025391229104        0.62259480537676        0.29146419943689
C           -2.77228294241837       -0.64484926898526        0.84650328435456
C           -3.82284998646148       -1.20165637715889        1.75750368429341
C           -1.63191483637927       -1.38327266896971        0.54749428056672
C           -0.64661986676098       -0.86858315398868       -0.27109404067152
H            0.67107928889248        1.79089268212120       -3.62013816144487
H           -0.50715547738585        2.68387575942776       -2.65809081012875
H           -0.98636950345495        1.16643919759468       -3.41843854218928
H            1.20571181561984        1.61677554393986        0.99965660262098
H            2.49518466017452        0.78940955943948        2.92870096090348
H            4.17096870951401       -1.00009987937534        2.62733725650837
H            4.56458050493495       -1.94130744331477        0.37811390715504
H            3.28410730531099       -1.10180749003303       -1.55618295330463
H           -2.04882254267517        2.12920923629307       -0.95161040517078
H           -3.77807449811840        1.21475231858827        0.51076333386447
H           -3.50090771204769       -1.10940133956522        2.79547579250197
H           -3.98949423352217       -2.25771025573812        1.55340513261042
H           -4.76253218406505       -0.66649705871613        1.64349991027171
H           -1.51410184008966       -2.37417838841715        0.96287906916754
H            0.22649847055252       -1.46305201606286       -0.49856136129256
31
 energy: -42.687050667870 gnorm: 0.000550139876 xtb: 6.7.1 (edcfbbe)
C           -0.16210391175606        1.68999033001631       -2.93296497300957
C            0.27875150950011        0.94850092132183       -1.70747690388968
N            1.52510489409082        0.81755846991973       -1.51638824842298
C            2.14522937094091        0.29668697054839       -0.40276139902888
C            1.93919414267255        0.83163265095471        0.87236863137049
C            2.67073722762548        0.36991453972612        1.94855115661103
C            3.61081187643954       -0.63390614314685        1.78064702315994
C            3.82665904908895       -1.16392548317609        0.51786540479537
C            3.11391272746495       -0.69730197874061       -0.56810914008977
C           -0.77941462431596        0.40000174038530       -0.83167979817548
C           -1.92658625559259        1.13604354729962       -0.54375741485592
C           -2.90115376795280        0.62145072156357        0.29028473364942
C           -2.77315054360341       -0.64576022993334        0.84591665449259
C           -3.82244172360947       -1.20030157197511        1.75987975147288
C           -1.63402450166077       -1.38533182556174        0.54505837249719
C           -0.64922244315296       -0.87125883531595       -0.27464255742253
H            0.67733986784996        1.80531034150944       -3.61266484400520
H           -0.51733120284769        2.68125343580278       -2.65390577795531
H           -0.97587618176228        1.16391031352860       -3.42787908966028
H            1.20801828742948        1.61816557524014        1.00107569724451
H            2.50128090404832        0.79356452805400        2.92870726578910
H            4.17548692413267       -0.99740006925145        2.62679544488201
H            4.56273452015814       -1.94345380379226        0.37845869357101
H            3.27928700908085       -1.10644384142232       -1.55449902133496
H           -2.05118925035954        2.12707411378172       -0.95435592352254
H           -3.77848588240005        1.21402094540350        0.51019220820052
H           -3.49830279363854       -1.10655301874262        2.79705774385202
H           -3.99058296462282       -2.25651946925583        1.55794617556402
H           -4.76181658669289       -0.66433130604910        1.64683325090407
H           -1.51621171444012       -2.37631650444628        0.96034217124371
H            0.22334603778494       -1.46627506424735       -0.50293298732734
31
 energy: -42.687053836388 gnorm: 0.000403239934 xtb: 6.7.1 (edcfbbe)
C           -0.16016994413932        1.69240796503412       -2.93252225181290
C            0.27801914312966        0.94863756259866       -1.70757396048600
N            1.52388472577006        0.81737120089283       -1.51414366894812
C            2.14395890693888        0.29528073428919       -0.40126694406811
C            1.94093328857832        0.83247586894350        0.87345403331072
C            2.67443165960332        0.37201557870503        1.94889738542954
C            3.61337222425908       -0.63278029461102        1.78074410533423
C            3.82546050986445       -1.16571626467732        0.51852510998304
C            3.11070181272684       -0.70058215084140       -0.56679375082292
C           -0.78138927364238        0.39872728424724       -0.83412231513975
C           -1.92877608547771        1.13449448299481       -0.54616150769667
C           -2.90291589849275        0.62011882039930        0.28846876206261
C           -2.77441879244345       -0.64674711625512        0.84488681317827
C           -3.82186159403605       -1.19947650039628        1.76204945123923
C           -1.63598900510664       -1.38685492030841        0.54251795531419
C           -0.65158829148086       -0.87286828140155       -0.27768401783198
H            0.68394470146693        1.82045583175398       -3.60454822065704
H           -0.52904513213067        2.67835439896133       -2.65153069604382
H           -0.96360385290351        1.15970886903204       -3.43763070690846
H            1.21079019408346        1.61991648583012        1.00226153038496
H            2.50811793085450        0.79835307056341        2.92853345224092
H            4.18043841790954       -0.99440710643033        2.62611152045426
H            4.56036369643091       -1.94630810336964        0.37886109730744
H            3.27319727250276       -1.11206527210779       -1.55274405873955
H           -2.05317800359125        2.12579930421455       -0.95616730349432
H           -3.77945889053649        1.21325777800853        0.50962301452237
H           -3.49514677432887       -1.10375046515329        2.79839293957985
H           -3.99086357252758       -2.25600149744343        1.56276903197896
H           -4.76131763792983       -0.66330141898771        1.65039537222297
H           -1.51838522947135       -2.37814955352436        0.95728465346387
H            0.22049349401969       -1.46836629096212       -0.50692452475837
31
 energy: -42.687055048458 gnorm: 0.000237967625 xtb: 6.7.1 (edcfbbe)
C           -0.15964744565812        1.69288974889450       -2.93244276507475
C            0.27790725694481        0.94944647054863       -1.70716196334429
N            1.52363989379160        0.81715428947704       -1.51364781299737
C            2.14361603791716        0.29473114656238       -0.40085963746760
C            1.94172908689217        0.83298545213617        0.87360909626459
C            2.67586148673095        0.37292393174845        1.94882013152690
C            3.61409680438687       -0.63250549351428        1.78067100749616
C            3.82470038356017       -1.16674549830790        0.51875829385231
C            3.10941734905460       -0.70204040399451       -0.56641283728197
C           -0.78179719005359        0.39947845281872       -0.83414169914640
C           -1.92942168349261        1.13487600709543       -0.54601138392395
C           -2.90354548316281        0.62013688360523        0.28838064138308
C           -2.77484755435296       -0.64686032420575        0.84451767617795
C           -3.82161134866086       -1.19980894217356        1.76225018545604
C           -1.63636307670820       -1.38678988986436        0.54170052933988
C           -0.65203168206427       -0.87239732998473       -0.27822571154083
H            0.68578847675897        1.82449723238620       -3.60203816880821
H           -0.53329203549022        2.67716823569778       -2.65221423752352
H           -0.95926322387861        1.15719034136043       -3.44027183872627
H            1.21203856955305        1.62082313918997        1.00230852228173
H            2.51012597041804        0.79973786662740        2.92837498755836
H            4.18148226866725       -0.99393219640267        2.62590472835578
H            4.55897765432414       -1.94793060535549        0.37908175072436
H            3.27079202874776       -1.11418150518109       -1.55227385537368
H           -2.05384192874874        2.12614571934087       -0.95618471626022
H           -3.78052094985178        1.21278463689168        0.50895896890146
H           -3.49418532424449       -1.10354774943561        2.79839793144074
H           -3.99020781092202       -2.25648699802362        1.56359852939326
H           -4.76141750349702       -0.66410862193088        1.65113410732023
H           -1.51855451463335       -2.37805246540913        0.95655744668848
H            0.22037548757183       -1.46758153059842       -0.50717560609282
31
 energy: -42.687056423120 gnorm: 0.000262251896 xtb: 6.7.1 (edcfbbe)
C           -0.15924479145402        1.69288315859185       -2.93257983706475
C            0.27797518909883        0.95083878980776       -1.70639311283964
N            1.52365240724890        0.81688574423736       -1.51349057845763
C            2.14358145471416        0.29443817781406       -0.40061321408174
C            1.94291024516512        0.83390791170831        0.87351669117260
C            2.67725329771030        0.37378159144376        1.94857342229797
C            3.61424548464230       -0.63280261524144        1.78053320592903
C            3.82327324934079       -1.16847673979546        0.51900391628343
C            3.10788315352240       -0.70380598369285       -0.56608786020832
C           -0.78186630411691        0.40161687588891       -0.83310516703625
C           -1.93016550408225        1.13610320411750       -0.54515629116027
C           -2.90450910769376        0.62040476206881        0.28838554714863
C           -2.77520802422884       -0.64668954125389        0.84417399336283
C           -3.82134969049399       -1.20092141281546        1.76171763943687
C           -1.63597744997318       -1.38567527499332        0.54168060317984
C           -0.65166677424242       -0.87040046189200       -0.27753030690158
H            0.68769077389631        1.82879283637294       -3.59933723123280
H           -0.53946419462462        2.67498272528833       -2.65422492732953
H           -0.95389801339629        1.15264250968309       -3.44315840748573
H            1.21423010840485        1.62269010032751        1.00190527046420
H            2.51274168566381        0.80166845363502        2.92788588738640
H            4.18193683669240       -0.99405566908849        2.62563740421918
H            4.55632533715499       -1.95085133806365        0.37947657708745
H            3.26746287951423       -1.11706499177357       -1.55175738611030
H           -2.05445099999108        2.12754671409529       -0.95505442930550
H           -3.78205751019137        1.21236551006910        0.50852763431159
H           -3.49388260052420       -1.10396097953354        2.79784272079420
H           -3.98837157384036       -2.25790363969504        1.56342324942547
H           -4.76195154952581       -0.66660835875276        1.65075917511540
H           -1.51816112907334       -2.37721298523267        0.95589314979450
H            0.22106311458276       -1.46511907332656       -0.50648503759611
31
 energy: -42.687057139547 gnorm: 0.000226711930 xtb: 6.7.1 (edcfbbe)
C           -0.15918562264095        1.69257549891477       -2.93279388514027
C            0.27807333401213        0.95164098817140       -1.70595969128933
N            1.52376241307822        0.81685231139775       -1.51364389539252
C            2.14365197189560        0.29455337893785       -0.40065360573460
C            1.94403085894410        0.83491373258638        0.87325041708007
C            2.67829319282314        0.37456439640185        1.94826533132255
C            3.61404353849328       -0.63321654622830        1.78042183087864
C            3.82198701570837       -1.16985162542172        0.51912020415437
C            3.10678741215354       -0.70486988471079       -0.56595607899322
C           -0.78174644684939        0.40300660893720       -0.83226935213406
C           -1.93032892827196        1.13703159604031       -0.54437559791122
C           -2.90474410109490        0.62074344946413        0.28876085977712
C           -2.77515367366161       -0.64644981354982        0.84420667899885
C           -3.82137362488431       -1.20172509803557        1.76102531869241
C           -1.63551887675019       -1.38490279342933        0.54194913784865
C           -0.65121182688800       -0.86908750538546       -0.27688486935421
H            0.68877773051872        1.83191835212156       -3.59762174267827
H           -0.54432036543182        2.67291467237915       -2.65502409780051
H           -0.95053513402808        1.14914473564198       -3.44530360220697
H            1.21616515385004        1.62448051517299        1.00147195788043
H            2.51449490111120        0.80298379838872        2.92744010771624
H            4.18156534993683       -0.99473034307225        2.62553056552406
H            4.55411054489207       -1.95313130306348        0.37977901560155
H            3.26558926907666       -1.11871023498975       -1.55149455685251
H           -2.05487993644667        2.12854124872558       -0.95403657753319
H           -3.78269920712269        1.21224163625216        0.50864577238944
H           -3.49467957153293       -1.10451613251632        2.79734853561858
H           -3.98711539880610       -2.25887893192437        1.56249195510329
H           -4.76247716674700       -0.66844174147542        1.64948453782754
H           -1.51727272669855       -2.37630137376861        0.95631680020494
H            0.22190992126094       -1.46329359196373       -0.50552917299842
31
 energy: -42.687057772148 gnorm: 0.000124576942 xtb: 6.7.1 (edcfbbe)
C           -0.15943508822491        1.69214525485339       -2.93296004926699
C            0.27823815912863        0.95212063523963       -1.70572724482366
N            1.52399627675029        0.81710248512523       -1.51396594478593
C            2.14389666491432        0.29499677276397       -0.40086979787653
C            1.94533749601221        0.83616655645611        0.87283370503006
C            2.67920594363566        0.37532792174122        1.94790363931063
C            3.61353796808428       -0.63382016924666        1.78033026322348
C            3.82064133962347       -1.17114135074594        0.51916888725716
C            3.10587912026769       -0.70558502041641       -0.56594999139498
C           -0.78139735072592        0.40401734005154       -0.83142355688500
C           -1.93009027656700        1.13779489138009       -0.54354664919246
C           -2.90459816888527        0.62103563520142        0.28925071486581
C           -2.77487464305768       -0.64624555836007        0.84441657341908
C           -3.82167188265415       -1.20245188525420        1.76007300625949
C           -1.63473914116299       -1.38415201354876        0.54278925804851
C           -0.65043797388940       -0.86796386776677       -0.27582691605221
H            0.68920754190396        1.83518454050426       -3.59606908424046
H           -0.54939544507588        2.67059510690444       -2.65531627336276
H           -0.94758423066171        1.14574710476860       -3.44734172172617
H            1.21857459447978        1.62680023613907        1.00088403868850
H            2.51632253123101        0.80447701705612        2.92690507950158
H            4.18061597885442       -0.99585363709619        2.62551523443778
H            4.55158822258266       -1.95556080910097        0.38009357928415
H            3.26404281669449       -1.12009577181745       -1.55132261424274
H           -2.05507338189176        2.12938108528451       -0.95287362137790
H           -3.78276328918082        1.21225362021051        0.50908392607576
H           -3.49646329519049       -1.10499207482230        2.79680952466119
H           -3.98608855338876       -2.25975962143693        1.56117695927292
H           -4.76316448073286       -0.67012336483500        1.64724367390989
H           -1.51618031750385       -2.37552985519871        0.95709598147194
H            0.22287286453027       -1.46187120403490       -0.50441827889071
31
 energy: -42.687058133680 gnorm: 0.000100456836 xtb: 6.7.1 (edcfbbe)
C           -0.15991807195481        1.69172709381902       -2.93299865078910
C            0.27844050086734        0.95238150148342       -1.70561443219649
N            1.52429625625348        0.81774971896801       -1.51422201947415
C            2.14430509703240        0.29568266635185       -0.40114298350484
C            1.94654575336048        0.83743037778050        0.87241138383364
C            2.67987429674329        0.37598232249027        1.94757656020580
C            3.61289660336773       -0.63442635778947        1.78026365576325
C            3.81947163911013       -1.17212218356541        0.51917091883581
C            3.10530751111942       -0.70586706268041       -0.56603807126036
C           -0.78087791851971        0.40435921601110       -0.83080720783142
C           -1.92956487609424        1.13808469400662       -0.54292613245593
C           -2.90415410785824        0.62114577650967        0.28969455089546
C           -2.77450131511705       -0.64619928580632        0.84468667874952
C           -3.82211062598937       -1.20287768760937        1.75916151261845
C           -1.63408534828673       -1.38382427793714        0.54354285442000
C           -0.64972727313292       -0.86748789471940       -0.27495478061932
H            0.68892821002833        1.83729653544710       -3.59522080705589
H           -0.55290777054902        2.66886192602911       -2.65521503946555
H           -0.94616557210547        1.14349591810884       -3.44831239036266
H            1.22065737975216        1.62889831307461        1.00035559565669
H            2.51750910359714        0.80552791300358        2.92646928808097
H            4.17943428675883       -0.99706358277358        2.62554995244226
H            4.54964733838546       -1.95727575033619        0.38024821709920
H            3.26324196489269       -1.12071831303161       -1.55130536046564
H           -2.05481918387477        2.12974667677784       -0.95193745611601
H           -3.78236619491049        1.21230416776009        0.50953934172399
H           -3.49845347979367       -1.10512527466263        2.79631850161104
H           -3.98567340085969       -2.26028937289065        1.56007386010941
H           -4.76373186976939       -0.67108589621631        1.64490478920163
H           -1.51523474943615       -2.37508467349737        0.95802165478960
H            0.22373581688250       -1.46122720410691       -0.50333168383997
31
 energy: -42.687058159007 gnorm: 0.000200688070 xtb: 6.7.1 (edcfbbe)
C           -0.16040105568471        1.69130893278464       -2.93303725231120
C            0.27864284260605        0.95264236772721       -1.70550161956932
N            1.52459623575668        0.81839695281079       -1.51447809416237
C            2.14471352915049        0.29636855993973       -0.40141616913316
C            1.94775401070874        0.83869419910488        0.87198906263723
C            2.68054264985092        0.37663672323933        1.94724948110097
C            3.61225523865119       -0.63503254633227        1.78019704830302
C            3.81830193859679       -1.17310301638488        0.51917295041445
C            3.10473590197114       -0.70614910494441       -0.56612615112574
C           -0.78035848631351        0.40470109197066       -0.83019085877783
C           -1.92903947562148        1.13837449663315       -0.54230561571940
C           -2.90371004683120        0.62125591781792        0.29013838692511
C           -2.77412798717641       -0.64615301325257        0.84495678407996
C           -3.82254936932459       -1.20330348996455        1.75825001897741
C           -1.63343155541047       -1.38349654232553        0.54429645079150
C           -0.64901657237644       -0.86701192167202       -0.27408264518642
H            0.68864887815270        1.83940853038994       -3.59437252987132
H           -0.55642009602215        2.66712874515378       -2.65511380556833
H           -0.94474691354923        1.14124473144907       -3.44928305899916
H            1.22274016502455        1.63099639001014        0.99982715262488
H            2.51869567596327        0.80657880895103        2.92603349666036
H            4.17825259466324       -0.99827352845097        2.62558467044675
H            4.54770645418826       -1.95899069157140        0.38040285491425
H            3.26244111309088       -1.12134085424578       -1.55128810668854
H           -2.05456498585777        2.13011226827117       -0.95100129085412
H           -3.78196910064016        1.21235471530967        0.50999475737222
H           -3.50044366439684       -1.10525847450297        2.79582747856090
H           -3.98525824833061       -2.26081912434437        1.55897076094590
H           -4.76429925880592       -0.67204842759761        1.64256590449338
H           -1.51428918136845       -2.37463949179603        0.95894732810727
H            0.22459876923473       -1.46058320417891       -0.50224508878922
31
 energy: -42.687058275587 gnorm: 0.000093868658 xtb: 6.7.1 (edcfbbe)
C           -0.16039482612264        1.69137269200225       -2.93297349427449
C            0.27863829568710        0.95251121536673       -1.70555041566417
N            1.52457443380626        0.81848753789117       -1.51434995491398
C            2.14466152736108        0.29634149049421       -0.40131947002919
C            1.94735301488000        0.83838645552119        0.87216414137481
C            2.68021353777766        0.37637567300295        1.94740749830928
C            3.61241930773914       -0.63479829338107        1.78019604529111
C            3.81877537873651       -1.17255468453001        0.51909680493820
C            3.10502740153448       -0.70579294743649       -0.56617509286677
C           -0.78035256830440        0.40441797303105       -0.83034967225801
C           -1.92896784958511        1.13821574918661       -0.54235156441521
C           -2.90367252490424        0.62121523136178        0.29007700570347
C           -2.77422757609947       -0.64626096480386        0.84482042681552
C           -3.82248212406861       -1.20313151165199        1.75844001762302
C           -1.63359620368294       -1.38369969158143        0.54409290873582
C           -0.64912150545398       -0.86730725815696       -0.27426944583931
H            0.68835968536505        1.83810946427983       -3.59498638294062
H           -0.55485534904358        2.66789390997286       -2.65523616749527
H           -0.94576040807194        1.14207560938534       -3.44846318609736
H            1.22216727216188        1.63051527896581        1.00000863459643
H            2.51816656359635        0.80613962996330        2.92625181343942
H            4.17838846973701       -0.99808250710257        2.62558045721064
H            4.54813588589884       -1.95848926738565        0.38027515377760
H            3.26270492919837       -1.12086382635170       -1.55139507778446
H           -2.05427488416518        2.12990392413027       -0.95126518129815
H           -3.78189338128470        1.21238243087286        0.50986966930543
H           -3.49999189989783       -1.10511162040180        2.79592489960023
H           -3.98552865735092       -2.26061280006025        1.55931925746985
H           -4.76414002012049       -0.67163954283604        1.64306242234170
H           -1.51470550822194       -2.37495503735488        0.95857112077198
H            0.22437958279791       -1.46104431239464       -0.50251087082811
31
 energy: -42.687058258632 gnorm: 0.000113735887 xtb: 6.7.1 (edcfbbe)
C           -0.16038657058534        1.69143637481259       -2.93291375676252
C            0.27863402978779        0.95239201301565       -1.70559609346564
N            1.52455456277877        0.81854566082780       -1.51424978457746
C            2.14461441859982        0.29630396613380       -0.40124359433982
C            1.94701006647032        0.83811541827502        0.87230480562903
C            2.67993270032834        0.37615073710956        1.94753617415770
C            3.61257109608690       -0.63458867632285        1.78019143526059
C            3.81919783196184       -1.17207519060539        0.51902848338634
C            3.10528181725616       -0.70549518036220       -0.56621982050103
C           -0.78034948190380        0.40418404761729       -0.83048143802308
C           -1.92890931220290        1.13808654039640       -0.54238633899019
C           -2.90364673809846        0.62118100153590        0.29002283838683
C           -2.77431756940360       -0.64635216095786        0.84470136967397
C           -3.82242579953098       -1.20298588481379        1.75860280393354
C           -1.63372962977998       -1.38386181793260        0.54393489833079
C           -0.64920475854281       -0.86754565482555       -0.27441188706463
H            0.68812462589272        1.83705407184965       -3.59547777405228
H           -0.55356668660767        2.66853183381302       -2.65532509571244
H           -0.94658412656810        1.14277319696288       -3.44779165754593
H            1.22168486850638        1.63010399404185        1.00015067174372
H            2.51771985756127        0.80577139298429        2.92642886538686
H            4.17849944278888       -0.99792208584647        2.62557850346480
H            4.54848799422983       -1.95808421155987        0.38017483503968
H            3.26292734005073       -1.12047900825835       -1.55148456847108
H           -2.05404853220971        2.12972357185297       -0.95150217263853
H           -3.78184545147249        1.21239748127412        0.50974581369016
H           -3.49961104701426       -1.10499160789349        2.79601016031115
H           -3.98575425287101       -2.26043714251615        1.55961102929875
H           -4.76400723557894       -0.67129613765166        1.64348513094156
H           -1.51505180346412       -2.37521362523760        0.95826316871479
H            0.22419834343409       -1.46142291772011       -0.50272470460622
31
 energy: -42.687058328792 gnorm: 0.000047086990 xtb: 6.7.1 (edcfbbe)
C           -0.16047632826531        1.69131963368396       -2.93294999910897
C            0.27866710477742        0.95248071644231       -1.70554507006281
N            1.52461223758464        0.81874635009376       -1.51422714291453
C            2.14472060971757        0.29651270917200       -0.40123111132253
C            1.94722222278077        0.83838615257280        0.87230678084748
C            2.68005426362009        0.37628306576016        1.94753902389233
C            3.61237401981504       -0.63476802544728        1.78022947353789
C            3.81885461852465       -1.17235596067713        0.51908332069091
C            3.10515218728109       -0.70552385828909       -0.56619452396179
C           -0.78027107078379        0.40418629711726       -0.83042061798730
C           -1.92883997622087        1.13808264094466       -0.54234438644541
C           -2.90357967250102        0.62118143217254        0.29005765294350
C           -2.77425824107284       -0.64636063012080        0.84472955499733
C           -3.82246023906064       -1.20303052736793        1.75850529368873
C           -1.63371679513604       -1.38390502860769        0.54389165100941
C           -0.64917413732239       -0.86757864118950       -0.27443265027036
H            0.68795063258736        1.83676960466409       -3.59568471628728
H           -0.55348788690499        2.66851413137025       -2.65547780806004
H           -0.94682683783496        1.14268301258411       -3.44762144019000
H            1.22182301717504        1.63029612850643        1.00020180525149
H            2.51778399349530        0.80580642896952        2.92646841716550
H            4.17841144310532       -0.99802716251566        2.62558094604936
H            4.54845590201609       -1.95803934908649        0.38012673603770
H            3.26290642752679       -1.12035451140035       -1.55150351985254
H           -2.05385687465825        2.12980015897752       -0.95129833199221
H           -3.78171366859806        1.21244598051688        0.50988088672038
H           -3.49976264427363       -1.10494785767323        2.79594289951420
H           -3.98571317637383       -2.26050593990247        1.55956029145565
H           -4.76405496531086       -0.67138175321383        1.64327450984298
H           -1.51504726083730       -2.37526748741951        0.95821143533435
H            0.22425109504727       -1.46144771063844       -0.50269705992403
