Molecule has no symmetry elements
It seems to be the C1 point group
      -----------------------------------------------------------
     |                   =====================                   |
     |                        T H E R M O                        |
     |                   =====================                   |
     |                         S. Ehlert                         |
     |          Mulliken Center for Theoretical Chemistry        |
     |                    University of Bonn                     |
      -----------------------------------------------------------

   * xtb-thermo version 6.7.1 (edcfbbe) compiled by 'VssAdministrator@runnervm171ch' on 2026-06-10

 * started run on 2026/09/10 at 23:26:52.181     
eigval :       -0.02    -0.01    -0.00     0.01     0.02     0.02
eigval :       17.00    44.12    51.94    68.30    91.77    94.49
eigval :       99.57   103.39   135.56   148.51   166.16   173.28
eigval :      201.77   264.00   292.54   298.13   305.81   308.33
eigval :      322.76   330.94   376.31   435.15   488.28   508.21
eigval :      552.83   559.87   584.96   643.33   689.94   701.79
eigval :      709.37   784.09   822.44   960.35   970.47   973.73
eigval :      984.49  1016.84  1022.04  1030.67  1073.20  1100.25
eigval :     1122.60  1125.40  1126.17  1142.36  1151.15  1160.60
eigval :     1190.58  1196.03  1249.74  1258.33  1286.06  1352.01
eigval :     1387.10  1388.18  1390.95  1401.32  1415.95  1440.80
eigval :     1442.66  1449.40  1454.18  1464.32  1468.29  1469.03
eigval :     1472.68  1490.43  1624.05  1656.65  1679.06  1691.01
eigval :     2886.17  2945.25  2961.55  2964.03  2975.74  2978.43
eigval :     3002.12  3011.54  3027.65  3030.18  3036.98  3038.65
eigval :     3046.15  3096.20  3422.79

c1  symmetry found (for desy threshold:  0.10E+00) used in thermo

          ...................................................
          :                      SETUP                      :
          :.................................................:
          :  # frequencies                          87      :
          :  # imaginary freq.                       0      :
          :  linear?                             false      :
          :  only rotor calc.                    false      :
          :  symmetry                               c1      :
          :  rotational number                       1      :
          :  scaling factor                  1.0000000      :
          :  rotor cutoff                   50.0000000 cm⁻¹ :
          :  imag. cutoff                  -20.0000000 cm⁻¹ :
          :.................................................:

    mode    ω/cm⁻¹     T·S(HO)/kcal·mol⁻¹    T·S(FR)/kcal·mol⁻¹   T·S(vib)
   ------------------------------------------------------------------------
       1     17.00    -2.07410 (  1.32%)    -1.37588 ( 98.68%)    -1.38509
       2     44.12    -1.51016 ( 37.74%)    -1.09356 ( 62.26%)    -1.25077
       3     51.94    -1.41380 ( 53.81%)    -1.04518 ( 46.19%)    -1.24353
       4     68.30    -1.25273 ( 77.69%)    -0.96409 ( 22.31%)    -1.18834
       5     91.77    -1.07991 ( 91.90%)    -0.87663 (  8.10%)    -1.06345
       6     94.49    -1.06289 ( 92.73%)    -0.86797 (  7.27%)    -1.04872
       7     99.57    -1.03243 ( 94.02%)    -0.85246 (  5.98%)    -1.02167
       8    103.39    -1.01052 ( 94.81%)    -0.84129 (  5.19%)    -1.00174
       9    135.56    -0.85437 ( 98.18%)    -0.76105 (  1.82%)    -0.85267
      10    148.51    -0.80239 ( 98.73%)    -0.73403 (  1.27%)    -0.80152
      11    166.16    -0.73895 ( 99.19%)    -0.70076 (  0.81%)    -0.73863
      12    173.28    -0.71543 ( 99.31%)    -0.68833 (  0.69%)    -0.71524
      13    201.77    -0.63115 ( 99.62%)    -0.64324 (  0.38%)    -0.63120
      14    264.00    -0.48753 ( 99.87%)    -0.56361 (  0.13%)    -0.48763
      15    292.54    -0.43507 ( 99.91%)    -0.53321 (  0.09%)    -0.43516
      16    298.13    -0.42558 ( 99.92%)    -0.52760 (  0.08%)    -0.42566
   ------------------------------------------------------------------------
normal termination of xtb

   temp. (K)  partition function   enthalpy   heat capacity  entropy
                                   cal/mol     cal/K/mol   cal/K/mol   J/K/mol
 298.15  VIB  0.200E+08             9544.599     54.985     61.281
         ROT  0.337E+07              888.752      2.981     32.850
         INT  0.675E+14            10433.351     57.966     94.131
         TR   0.327E+28             1481.254      4.968     42.119
         TOT                       11914.6051    62.9345   136.2506   570.0725

       T/K    H(0)-H(T)+PV         H(T)/Eh          T*S/Eh         G(T)/Eh
   ------------------------------------------------------------------------
    298.15    0.189871E-01    0.262928E+00    0.647371E-01    0.198191E+00
   ------------------------------------------------------------------------

         :::::::::::::::::::::::::::::::::::::::::::::::::::::
         ::                  THERMODYNAMIC                  ::
         :::::::::::::::::::::::::::::::::::::::::::::::::::::
         :: total free energy           0.198190697196 Eh   ::
         ::.................................................::
         :: total energy                0.000000000000 Eh   ::
         :: zero point energy           0.243940615867 Eh   ::
         :: G(RRHO) w/o ZPVE           -0.045749918672 Eh   ::
         :: G(RRHO) contrib.            0.198190697196 Eh   ::
         :::::::::::::::::::::::::::::::::::::::::::::::::::::

------------------------------------------------------------------------
 * finished run on 2026/09/10 at 23:26:52.214     
------------------------------------------------------------------------
 total:
 * wall-time:     0 d,  0 h,  0 min,  0.033 sec
 *  cpu-time:     0 d,  0 h,  0 min,  0.016 sec
 * ratio c/w:     0.473 speedup

