
Scratch directory: C:\Users\HUIWEI\AppData\Local\Temp\phase29_psi4_16qmowwo/
   => Libint2 <=

    Primary   basis highest AM E, G, H:  7, 6, -
    Auxiliary basis highest AM E, G, H:  7, 7, -
    Onebody   basis highest AM E, G, H:  -, -, -
    Solid Harmonics ordering:            Gaussian

*** tstart() called on LAPTOP-257FNSVV
*** at Sun Sep 20 20:51:46 2026

   => Loading Basis Set <=

    Name: DEF2-SVP
    Role: ORBITAL
    Keyword: BASIS
    atoms 1    entry N          line   110 file C:\Users\HUIWEI\miniconda3\envs\phase7\Library\share\psi4\basis\def2-svp.gbs 
    atoms 2-6  entry C          line    90 file C:\Users\HUIWEI\miniconda3\envs\phase7\Library\share\psi4\basis\def2-svp.gbs 
    atoms 7-12 entry H          line    15 file C:\Users\HUIWEI\miniconda3\envs\phase7\Library\share\psi4\basis\def2-svp.gbs 


         ---------------------------------------------------------
                                   SCF
               by Justin Turney, Rob Parrish, Andy Simmonett
                          and Daniel G. A. Smith
                              UKS Reference
                        2 Threads,    858 MiB Core
         ---------------------------------------------------------

  ==> Geometry <==

    Molecular point group: c1
    Full point group: C1

    Geometry (in Angstrom), charge = 0, multiplicity = 2:

       Center              X                  Y                   Z               Mass       
    ------------   -----------------  -----------------  -----------------  -----------------
         N           -0.366577000000    -1.292317000000    -0.025695000000    14.003074004430
         C            0.942295000000    -0.991259000000    -0.002080000000    12.000000000000
         C            1.346307000000     0.337347000000     0.024727000000    12.000000000000
         C            0.379664000000     1.338453000000     0.026610000000    12.000000000000
         C           -0.968536000000     0.994430000000     0.001755000000    12.000000000000
         C           -1.322311000000    -0.348436000000    -0.024552000000    12.000000000000
         H           -0.645160000000    -2.274418000000    -0.045230000000     1.007825032230
         H            1.638931000000    -1.822961000000    -0.005183000000     1.007825032230
         H            2.403480000000     0.594085000000     0.044011000000     1.007825032230
         H            0.677062000000     2.386891000000     0.047451000000     1.007825032230
         H           -1.733353000000     1.768352000000     0.002964000000     1.007825032230
         H           -2.351801000000    -0.690165000000    -0.044779000000     1.007825032230

  Running in c1 symmetry.

  Rotational constants: A =      0.19604  B =      0.18736  C =      0.09580 [cm^-1]
  Rotational constants: A =   5877.20025  B =   5616.85148  C =   2872.03866 [MHz]
  Nuclear repulsion =  216.376038783625717

  Charge       = 0
  Multiplicity = 2
  Electrons    = 43
  Nalpha       = 22
  Nbeta        = 21

  ==> Algorithm <==

  SCF Algorithm Type is DF.
  DIIS enabled.
  MOM disabled.
  Fractional occupation disabled.
  Guess Type is SAD.
  Energy threshold   = 1.00e-09
  Density threshold  = 1.00e-07
  Integral threshold = 1.00e-12

  ==> Primary Basis <==

  Basis Set: DEF2-SVP
    Blend: DEF2-SVP
    Number of shells: 54
    Number of basis functions: 114
    Number of Cartesian functions: 120
    Spherical Harmonics?: true
    Max angular momentum: 2

  ==> DFT Potential <==

   => LibXC <=

    Version 7.1.2
    S. Lehtola, C. Steigemann, M. J. T. Oliveira, and M. A. L. Marques,  SoftwareX 7, 1–5 (2018) (10.1016/j.softx.2017.11.002)

   => Composite Functional: PBE0 <= 

    PBE0 Hyb-GGA Exchange-Correlation Functional

    C. Adamo and V. Barone,  J. Chem. Phys. 110, 6158 (1999) (10.1063/1.478522)
    M. Ernzerhof and G. E. Scuseria,  J. Chem. Phys. 110, 5029 (1999) (10.1063/1.478401)

    Deriv               =              1
    GGA                 =           TRUE
    Meta                =          FALSE

    Exchange Hybrid     =           TRUE
    MP2 Hybrid          =          FALSE

   => Exchange Functionals <=

    0.7500   Perdew, Burke & Ernzerhof

   => Exact (HF) Exchange <=

    0.2500               HF 

   => Correlation Functionals <=

    1.0000   Perdew, Burke & Ernzerhof

   => LibXC Density Thresholds  <==

    XC_HYB_GGA_XC_PBEH:  1.00E-15 

   => Molecular Quadrature <=

    Radial Scheme          =       TREUTLER
    Pruning Scheme         =           NONE
    Nuclear Scheme         =       TREUTLER

    Blocking Scheme        =         OCTREE
    BS radius alpha        =              1
    Pruning alpha          =              1
    Radial Points          =             75
    Spherical Points       =            302
    Total Points           =         253930
    Total Blocks           =           1942
    Max Points             =            256
    Max Functions          =            114
    Weights Tolerance      =       1.00E-15

   => Loading Basis Set <=

    Name: (DEF2-SVP AUX)
    Role: JKFIT
    Keyword: DF_BASIS_SCF
    atoms 1    entry N          line   258 file C:\Users\HUIWEI\miniconda3\envs\phase7\Library\share\psi4\basis\def2-universal-jkfit.gbs 
    atoms 2-6  entry C          line   198 file C:\Users\HUIWEI\miniconda3\envs\phase7\Library\share\psi4\basis\def2-universal-jkfit.gbs 
    atoms 7-12 entry H          line    18 file C:\Users\HUIWEI\miniconda3\envs\phase7\Library\share\psi4\basis\def2-universal-jkfit.gbs 

  ==> Integral Setup <==

  DFHelper Memory: AOs need 0.059 GiB; user supplied 0.059 GiB. 
  SCF_SUBTYPE=INCORE selected. In-core MEM_DF algorithm will be used.
  Using in-core AOs.

  ==> MemDFJK: Density-Fitted J/K Matrices <==

    J tasked:                   Yes
    K tasked:                   Yes
    wK tasked:                   No
    OpenMP threads:               2
    Memory [MiB]:                60
    Algorithm:                 Core
    Schwarz Cutoff:           1E-12
    Mask sparsity (%):       0.9541
    Fitting Condition:        1E-10

   => Auxiliary Basis Set <=

  Basis Set: (DEF2-SVP AUX)
    Blend: DEF2-UNIVERSAL-JKFIT
    Number of shells: 186
    Number of basis functions: 560
    Number of Cartesian functions: 658
    Spherical Harmonics?: true
    Max angular momentum: 4

  Cached 50.0% of DFT collocation blocks in 0.340 [GiB].

  Minimum eigenvalue in the overlap matrix is 7.3265283032E-04.
  Reciprocal condition number of the overlap matrix is 1.1567303716E-04.
    Using symmetric orthogonalization.

  ==> Pre-Iterations <==

  SCF Guess: Superposition of Atomic Densities via on-the-fly atomic UHF (no occupation information).

   -------------------------
    Irrep   Nso     Nmo    
   -------------------------
     A        114     114 
   -------------------------
    Total     114     114
   -------------------------

  ==> Iterations <==

                           Total Energy        Delta E     RMS |[F,P]|

   @DF-UKS iter SAD:  -248.21828099342937   -2.48218e+02   0.00000e+00 
   @DF-UKS iter   1:  -248.01719380276592    2.01087e-01   6.70701e-03 DIIS/ADIIS
   @DF-UKS iter   2:  -247.91377867505201    1.03415e-01   7.86807e-03 DIIS/ADIIS
   @DF-UKS iter   3:  -248.35037507033883   -4.36596e-01   1.31354e-03 DIIS/ADIIS
   @DF-UKS iter   4:  -248.35959051293815   -9.21544e-03   7.32348e-04 DIIS/ADIIS
   @DF-UKS iter   5:  -248.36344589471403   -3.85538e-03   1.17929e-04 DIIS/ADIIS
   @DF-UKS iter   6:  -248.36359864999952   -1.52755e-04   6.74355e-05 DIIS
   @DF-UKS iter   7:  -248.36365989553084   -6.12455e-05   2.89084e-05 DIIS
   @DF-UKS iter   8:  -248.36370774763475   -4.78521e-05   7.42666e-06 DIIS
   @DF-UKS iter   9:  -248.36371071990786   -2.97227e-06   2.10391e-06 DIIS
   @DF-UKS iter  10:  -248.36371087200365   -1.52096e-07   9.79593e-07 DIIS
   @DF-UKS iter  11:  -248.36371087954041   -7.53676e-09   3.90040e-07 DIIS
   @DF-UKS iter  12:  -248.36371088101478   -1.47438e-09   7.53888e-08 DIIS
   @DF-UKS iter  13:  -248.36371088109857   -8.37872e-11   2.35598e-08 DIIS
  Energy and wave function converged.


  ==> Post-Iterations <==

   Electrons on quadrature grid:
      Nalpha   =   22.0000102902 ; deviation = 1.029e-05
      Nbeta    =   21.0000144732 ; deviation = 1.447e-05
      Ntotal   =   43.0000247635 ; deviation = 2.476e-05 

   @Spin Contamination Metric:   2.691755391E-02
   @S^2 Expected:                7.500000000E-01
   @S^2 Observed:                7.769175539E-01
   @S   Expected:                5.000000000E-01
   @S   Observed:                5.000000000E-01

    Orbital Energies [Eh]
    ---------------------

    Alpha Occupied:                                                       

       1A    -14.428665     2A    -10.257049     3A    -10.257040  
       4A    -10.224503     5A    -10.224478     6A    -10.202895  
       7A     -0.996377     8A     -0.811587     9A     -0.775678  
      10A     -0.649302    11A     -0.644976    12A     -0.579258  
      13A     -0.491385    14A     -0.485198    15A     -0.460161  
      16A     -0.438824    17A     -0.438719    18A     -0.365386  
      19A     -0.358420    20A     -0.309459    21A     -0.276982  
      22A     -0.105908  

    Alpha Virtual:                                                        

      23A      0.000805    24A      0.049959    25A      0.104952  
      26A      0.113573    27A      0.139649    28A      0.139884  
      29A      0.151256    30A      0.177018    31A      0.256189  
      32A      0.292678    33A      0.313064    34A      0.316099  
      35A      0.344680    36A      0.385150    37A      0.430494  
      38A      0.431234    39A      0.454629    40A      0.487307  
      41A      0.504266    42A      0.509483    43A      0.541002  
      44A      0.553795    45A      0.564073    46A      0.602883  
      47A      0.627361    48A      0.655050    49A      0.659848  
      50A      0.661532    51A      0.693015    52A      0.709566  
      53A      0.757033    54A      0.761106    55A      0.763494  
      56A      0.794844    57A      0.807291    58A      0.844132  
      59A      0.850343    60A      0.997852    61A      1.030143  
      62A      1.072099    63A      1.114340    64A      1.172332  
      65A      1.250111    66A      1.277957    67A      1.285179  
      68A      1.315994    69A      1.324170    70A      1.343506  
      71A      1.355583    72A      1.395625    73A      1.635442  
      74A      1.689279    75A      1.721446    76A      1.743583  
      77A      1.747587    78A      1.794937    79A      1.805932  
      80A      1.807112    81A      1.808656    82A      1.830423  
      83A      1.915867    84A      1.931443    85A      1.943572  
      86A      1.961950    87A      1.997718    88A      2.009259  
      89A      2.060480    90A      2.061233    91A      2.133826  
      92A      2.172287    93A      2.182789    94A      2.255550  
      95A      2.333167    96A      2.375454    97A      2.375961  
      98A      2.446872    99A      2.451975   100A      2.475310  
     101A      2.642191   102A      2.706920   103A      2.751401  
     104A      2.754390   105A      2.766442   106A      2.804991  
     107A      2.841105   108A      2.935161   109A      3.026711  
     110A      3.038566   111A      3.193810   112A      3.273720  
     113A      3.365992   114A      3.788446  

    Beta Occupied:                                                        

       1A    -14.421696     2A    -10.252652     3A    -10.252641  
       4A    -10.226632     5A    -10.226609     6A    -10.195160  
       7A     -0.984126     8A     -0.803677     9A     -0.767726  
      10A     -0.644398    11A     -0.634368    12A     -0.575065  
      13A     -0.486297    14A     -0.478660    15A     -0.458485  
      16A     -0.436975    17A     -0.407181    18A     -0.363490  
      19A     -0.354990    20A     -0.278682    21A     -0.255338  

    Beta Virtual:                                                         

      22A      0.002699    23A      0.008163    24A      0.052091  
      25A      0.106080    26A      0.114717    27A      0.144316  
      28A      0.152232    29A      0.170525    30A      0.179580  
      31A      0.261764    32A      0.295483    33A      0.318612  
      34A      0.320881    35A      0.351575    36A      0.387192  
      37A      0.434198    38A      0.437667    39A      0.454625  
      40A      0.503147    41A      0.504934    42A      0.522998  
      43A      0.551871    44A      0.565407    45A      0.582910  
      46A      0.607157    47A      0.630657    48A      0.658274  
      49A      0.665414    50A      0.678751    51A      0.692946  
      52A      0.712410    53A      0.760152    54A      0.764195  
      55A      0.768284    56A      0.798502    57A      0.812242  
      58A      0.847391    59A      0.876062    60A      1.000923  
      61A      1.035040    62A      1.079021    63A      1.115945  
      64A      1.179302    65A      1.255646    66A      1.289278  
      67A      1.296040    68A      1.318133    69A      1.334267  
      70A      1.346685    71A      1.364765    72A      1.398397  
      73A      1.636420    74A      1.693979    75A      1.727873  
      76A      1.746861    77A      1.748882    78A      1.793488  
      79A      1.812052    80A      1.818077    81A      1.821359  
      82A      1.842580    83A      1.919041    84A      1.936749  
      85A      1.943681    86A      1.967979    87A      2.002435  
      88A      2.010563    89A      2.067827    90A      2.074245  
      91A      2.138870    92A      2.172981    93A      2.187219  
      94A      2.272290    95A      2.341877    96A      2.377919  
      97A      2.381892    98A      2.454425    99A      2.462977  
     100A      2.487997   101A      2.645408   102A      2.724840  
     103A      2.754752   104A      2.761685   105A      2.767254  
     106A      2.825033   107A      2.843572   108A      2.935867  
     109A      3.041070   110A      3.041464   111A      3.194382  
     112A      3.277055   113A      3.369191   114A      3.791295  

    Final Occupation by Irrep:
              A 
    DOCC [    21 ]
    SOCC [     1 ]
    NA   [    22 ]
    NB   [    21 ]

  @DF-UKS Final Energy:  -248.36371088109857

   => Energetics <=

    Nuclear Repulsion Energy =            216.3760387836257166
    One-Electron Energy =                -762.6695895858177892
    Two-Electron Energy =                 325.2575381519393432
    DFT Exchange-Correlation Energy =     -27.3276982308458400
    Empirical Dispersion Energy =           0.0000000000000000
    VV10 Nonlocal Energy =                  0.0000000000000000
    Total Energy =                       -248.3637108810985410

  UHF NO Occupations:
  HONO-2 :   20  A 1.9951007
  HONO-1 :   21  A 1.9924592
  HONO-0 :   22  A 1.0000000
  LUNO+0 :   23  A 0.0075408
  LUNO+1 :   24  A 0.0048993
  LUNO+2 :   25  A 0.0002955
  LUNO+3 :   26  A 0.0002315


Computation Completed


Properties will be evaluated at   0.000000,   0.000000,   0.000000 [a0]

Properties computed using the SCF density matrix


 Multipole Moments:

 ------------------------------------------------------------------------------------
     Multipole            Electronic (a.u.)      Nuclear  (a.u.)        Total (a.u.)
 ------------------------------------------------------------------------------------

 L = 1.  Multiply by 2.5417464519 to convert [e a0] to [Debye]
 Dipole X            :          0.3546183           -0.5902862           -0.2356679
 Dipole Y            :          1.2501982           -2.0810137           -0.8308155
 Dipole Z            :          0.0248061           -0.0413302           -0.0165241
 Magnitude           :                                                    0.8637516

 ------------------------------------------------------------------------------------

*** tstop() called on LAPTOP-257FNSVV at Sun Sep 20 20:52:22 2026
Module time:
	user time   =        nan seconds =        nan minutes
	system time =        nan seconds =        nan minutes
	total time  =         36 seconds =       0.60 minutes
Total time:
	user time   =        nan seconds =        nan minutes
	system time =        nan seconds =        nan minutes
	total time  =         36 seconds =       0.60 minutes
