Molecule has no symmetry elements
It seems to be the C1 point group
      -----------------------------------------------------------
     |                   =====================                   |
     |                        T H E R M O                        |
     |                   =====================                   |
     |                         S. Ehlert                         |
     |          Mulliken Center for Theoretical Chemistry        |
     |                    University of Bonn                     |
      -----------------------------------------------------------

   * xtb-thermo version 6.7.1 (edcfbbe) compiled by 'VssAdministrator@runnervm171ch' on 2026-06-10

 * started run on 2026/09/10 at 23:26:52.235     
eigval :       -0.02    -0.01    -0.00     0.01     0.02     0.02
eigval :       17.00    44.12    51.94    68.30    91.77    94.49
eigval :       99.57   103.39   135.56   148.51   166.16   173.28
eigval :      201.77   264.00   292.54   298.13   305.81   308.33
eigval :      322.76   330.94   376.31   435.15   488.28   508.21
eigval :      552.83   559.87   584.96   643.33   689.94   701.79
eigval :      709.37   784.09   822.44   960.35   970.47   973.73
eigval :      984.49  1016.84  1022.04  1030.67  1073.20  1100.25
eigval :     1122.60  1125.40  1126.17  1142.36  1151.15  1160.60
eigval :     1190.58  1196.03  1249.74  1258.33  1286.06  1352.01
eigval :     1387.10  1388.18  1390.95  1401.32  1415.95  1440.80
eigval :     1442.66  1449.40  1454.18  1464.32  1468.29  1469.03
eigval :     1472.68  1490.43  1624.05  1656.65  1679.06  1691.01
eigval :     2886.17  2945.25  2961.55  2964.03  2975.74  2978.43
eigval :     3002.12  3011.54  3027.65  3030.18  3036.98  3038.65
eigval :     3046.15  3096.20  3422.79

c1  symmetry found (for desy threshold:  0.10E+00) used in thermo

          ...................................................
          :                      SETUP                      :
          :.................................................:
          :  # frequencies                          87      :
          :  # imaginary freq.                       0      :
          :  linear?                             false      :
          :  only rotor calc.                    false      :
          :  symmetry                               c1      :
          :  rotational number                       1      :
          :  scaling factor                  1.0000000      :
          :  rotor cutoff                  100.0000000 cm⁻¹ :
          :  imag. cutoff                  -20.0000000 cm⁻¹ :
          :.................................................:

    mode    ω/cm⁻¹     T·S(HO)/kcal·mol⁻¹    T·S(FR)/kcal·mol⁻¹   T·S(vib)
   ------------------------------------------------------------------------
       1     17.00    -2.07410 (  0.08%)    -1.37588 ( 99.92%)    -1.37646
       2     44.12    -1.51016 (  3.65%)    -1.09356 ( 96.35%)    -1.10876
       3     51.94    -1.41380 (  6.79%)    -1.04518 ( 93.21%)    -1.07020
       4     68.30    -1.25273 ( 17.87%)    -0.96409 ( 82.13%)    -1.01569
       5     91.77    -1.07991 ( 41.49%)    -0.87663 ( 58.51%)    -0.96097
       6     94.49    -1.06289 ( 44.35%)    -0.86797 ( 55.65%)    -0.95443
       7     99.57    -1.03243 ( 49.57%)    -0.85246 ( 50.43%)    -0.94166
       8    103.39    -1.01052 ( 53.33%)    -0.84129 ( 46.67%)    -0.93154
       9    135.56    -0.85437 ( 77.15%)    -0.76105 ( 22.85%)    -0.83305
      10    148.51    -0.80239 ( 82.95%)    -0.73403 ( 17.05%)    -0.79073
      11    166.16    -0.73895 ( 88.40%)    -0.70076 ( 11.60%)    -0.73452
      12    173.28    -0.71543 ( 90.02%)    -0.68833 (  9.98%)    -0.71272
      13    201.77    -0.63115 ( 94.31%)    -0.64324 (  5.69%)    -0.63184
      14    264.00    -0.48753 ( 97.98%)    -0.56361 (  2.02%)    -0.48906
      15    292.54    -0.43507 ( 98.65%)    -0.53321 (  1.35%)    -0.43639
      16    298.13    -0.42558 ( 98.75%)    -0.52760 (  1.25%)    -0.42685
      17    305.81    -0.41291 ( 98.87%)    -0.52006 (  1.13%)    -0.41412
normal termination of xtb
      18    308.33    -0.40885 ( 98.91%)    -0.51763 (  1.09%)    -0.41004
   ------------------------------------------------------------------------

   temp. (K)  partition function   enthalpy   heat capacity  entropy
                                   cal/mol     cal/K/mol   cal/K/mol   J/K/mol
 298.15  VIB  0.200E+08             9544.599     51.203     58.366
         ROT  0.337E+07              888.752      2.981     32.850
         INT  0.675E+14            10433.351     54.184     91.216
         TR   0.327E+28             1481.254      4.968     42.119
         TOT                       11914.6051    59.1522   133.3352   557.8746

       T/K    H(0)-H(T)+PV         H(T)/Eh          T*S/Eh         G(T)/Eh
   ------------------------------------------------------------------------
    298.15    0.189871E-01    0.262928E+00    0.633519E-01    0.199576E+00
   ------------------------------------------------------------------------

         :::::::::::::::::::::::::::::::::::::::::::::::::::::
         ::                  THERMODYNAMIC                  ::
         :::::::::::::::::::::::::::::::::::::::::::::::::::::
         :: total free energy           0.199575882204 Eh   ::
         ::.................................................::
         :: total energy                0.000000000000 Eh   ::
         :: zero point energy           0.243940615867 Eh   ::
         :: G(RRHO) w/o ZPVE           -0.044364733663 Eh   ::
         :: G(RRHO) contrib.            0.199575882204 Eh   ::
         :::::::::::::::::::::::::::::::::::::::::::::::::::::

------------------------------------------------------------------------
 * finished run on 2026/09/10 at 23:26:52.282     
------------------------------------------------------------------------
 total:
 * wall-time:     0 d,  0 h,  0 min,  0.046 sec
 *  cpu-time:     0 d,  0 h,  0 min,  0.016 sec
 * ratio c/w:     0.337 speedup

