      -----------------------------------------------------------
     |                   =====================                   |
     |                        T H E R M O                        |
     |                   =====================                   |
     |                         S. Ehlert                         |
     |          Mulliken Center for Theoretical Chemistry        |
     |                    University of Bonn                     |
      -----------------------------------------------------------

   * xtb-thermo version 6.7.1 (edcfbbe) compiled by 'VssAdministrator@runnervm171ch' on 2026-06-10

 * started run on 2026/09/10 at 23:59:37.083     
eigval :       -0.02    -0.01    -0.00     0.01     0.02     0.02
eigval :        7.65     9.75    15.77    18.38    25.56    28.80
eigval :       32.41    35.27    36.70    41.24    45.12    48.98
eigval :       52.65    56.47    60.15    62.68    66.61    67.33
eigval :       68.81    74.24    77.59    79.96    81.99    82.41
eigval :       84.99    95.63    98.34   100.34   100.91   103.51
eigval :      107.42   113.49   124.82   130.87   140.42   143.76
eigval :      144.32   149.48   151.90   158.19   162.21   166.51
eigval :      175.45   177.04   185.28   192.63   207.47   209.52
eigval :      213.10   236.88   244.41   251.80   256.82   268.62
eigval :      277.71   286.51   289.32   296.03   299.56   301.37
eigval :      313.00   315.93   318.35   320.73   325.58   331.13
eigval :      336.17   343.01   354.08   357.61   374.47   376.49
eigval :      381.84   384.30   385.70   388.98   397.95   413.25
eigval :      426.04   436.53   439.67   442.66   463.29   473.94
eigval :      477.10   479.11   489.66   493.94   501.54   513.05
eigval :      516.59   523.81   527.33   527.90   539.17   546.49
eigval :      549.71   562.77   574.65   575.54   585.69   586.05
eigval :      588.23   588.99   592.59   592.97   623.23   628.25
eigval :      631.19   634.42   641.76   650.25   658.66   666.22
eigval :      667.38   670.77   676.49   682.88   683.55   695.75
eigval :      704.07   709.75   719.76   729.59   730.68   742.30
eigval :      759.56   762.99   766.17   768.52   770.95   771.58
eigval :      775.35   784.21   786.56   824.61   833.34   840.53
eigval :      843.52   852.49   860.63   864.35   865.23   874.01
eigval :      875.54   876.98   877.90   878.30   885.55   900.28
eigval :      900.61   908.83   911.80   914.49   916.04   918.24
eigval :      920.26   924.73   925.63   926.84   928.25   928.31
eigval :      932.16   934.40   934.70   936.05   943.00   950.95
eigval :      961.53   969.48   969.85   974.37   980.65   983.57
eigval :      989.29   997.52  1001.80  1013.94  1017.67  1025.64
eigval :     1027.23  1029.84  1071.77  1081.49  1082.09  1083.56
eigval :     1084.09  1084.52  1084.79  1089.79  1094.85  1098.20
eigval :     1119.05  1121.37  1122.30  1122.67  1127.07  1128.94
eigval :     1130.14  1130.79  1147.75  1151.07  1152.79  1164.17
eigval :     1168.58  1176.97  1177.94  1179.10  1179.16  1179.87
eigval :     1181.70  1182.20  1187.32  1195.62  1199.56  1201.02
eigval :     1204.54  1206.78  1207.28  1211.24  1213.36  1231.08
eigval :     1246.04  1248.54  1250.12  1255.15  1259.17  1269.33
eigval :     1270.08  1282.49  1283.02  1283.78  1285.52  1290.70
eigval :     1291.92  1312.18  1313.22  1319.07  1319.27  1321.59
eigval :     1334.79  1344.73  1365.03  1382.57  1385.78  1386.48
eigval :     1387.25  1387.40  1392.29  1394.31  1402.53  1413.77
eigval :     1414.78  1416.51  1425.62  1428.95  1429.85  1431.89
eigval :     1437.07  1437.93  1441.61  1445.95  1447.30  1450.08
eigval :     1455.06  1459.52  1462.85  1463.43  1465.45  1468.38
eigval :     1468.58  1471.51  1481.19  1482.67  1483.50  1488.73
eigval :     1491.69  1548.81  1554.87  1571.23  1574.63  1576.33
eigval :     1577.14  1582.83  1584.06  1585.71  1591.31  1598.57
eigval :     1600.28  1606.14  1606.44  1614.82  1648.09  1671.77
eigval :     1676.00  1702.31  1894.52  2866.86  2956.93  2964.13
Refinement of some symmetry elements was terminated before convergence was reached.
Some symmetry elements may remain unidentified.
Molecule has no symmetry elements
It seems to be the C1 point group
eigval :     2981.80  2990.13  2996.93  3020.92  3023.19  3025.17
eigval :     3028.27  3030.84  3031.50  3033.71  3037.01  3043.67
eigval :     3058.78  3061.38  3066.50  3066.86  3068.35  3069.74
eigval :     3069.77  3070.14  3073.69  3074.03  3074.75  3075.28
eigval :     3075.47  3076.49  3076.85  3077.31  3078.10  3078.93
eigval :     3080.64  3084.99  3086.35  3086.78  3087.12  3090.01
eigval :     3092.36  3093.02  3094.51  3096.47  3098.49  3100.24
eigval :     3101.37  3107.38  3415.50

c1  symmetry found (for desy threshold:  0.10E+00) used in thermo

          ...................................................
          :                      SETUP                      :
          :.................................................:
          :  # frequencies                         345      :
          :  # imaginary freq.                       0      :
          :  linear?                             false      :
          :  only rotor calc.                    false      :
          :  symmetry                               c1      :
          :  rotational number                       1      :
          :  scaling factor                  1.0000000      :
          :  rotor cutoff                   50.0000000 cm⁻¹ :
          :  imag. cutoff                  -20.0000000 cm⁻¹ :
          :.................................................:

    mode    ω/cm⁻¹     T·S(HO)/kcal·mol⁻¹    T·S(FR)/kcal·mol⁻¹   T·S(vib)
   ------------------------------------------------------------------------
       1      7.65    -2.54699 (  0.05%)    -1.61255 ( 99.95%)    -1.61307
       2      9.75    -2.40338 (  0.14%)    -1.54075 ( 99.86%)    -1.54199
       3     15.77    -2.11857 (  0.98%)    -1.39831 ( 99.02%)    -1.40537
       4     18.38    -2.02787 (  1.79%)    -1.35294 ( 98.21%)    -1.36505
       5     25.56    -1.83271 (  6.40%)    -1.25527 ( 93.60%)    -1.29221
       6     28.80    -1.76214 (  9.92%)    -1.21994 ( 90.08%)    -1.27372
       7     32.41    -1.69229 ( 15.01%)    -1.18495 ( 84.99%)    -1.26110
       8     35.27    -1.64241 ( 19.84%)    -1.15996 ( 80.16%)    -1.25567
       9     36.70    -1.61891 ( 22.49%)    -1.14818 ( 77.51%)    -1.25405
      10     41.24    -1.55002 ( 31.63%)    -1.11363 ( 68.37%)    -1.25166
      11     45.12    -1.49684 ( 39.88%)    -1.08695 ( 60.12%)    -1.25041
      12     48.98    -1.44851 ( 47.93%)    -1.06268 ( 52.07%)    -1.24761
      13     52.65    -1.40591 ( 55.14%)    -1.04127 ( 44.86%)    -1.24232
      14     56.47    -1.36461 ( 61.93%)    -1.02050 ( 38.07%)    -1.23362
      15     60.15    -1.32748 ( 67.68%)    -1.00182 ( 32.32%)    -1.22222
      16     62.68    -1.30320 ( 71.18%)    -0.98959 ( 28.82%)    -1.21282
      17     66.61    -1.26749 ( 75.90%)    -0.97159 ( 24.10%)    -1.19618
      18     67.33    -1.26114 ( 76.68%)    -0.96838 ( 23.32%)    -1.19287
      19     68.81    -1.24839 ( 78.20%)    -0.96195 ( 21.80%)    -1.18594
      20     74.24    -1.20385 ( 82.93%)    -0.93946 ( 17.07%)    -1.15873
      21     77.59    -1.17795 ( 85.29%)    -0.92636 ( 14.71%)    -1.14095
      22     79.96    -1.16039 ( 86.74%)    -0.91748 ( 13.26%)    -1.12817
      23     81.99    -1.14567 ( 87.85%)    -0.91003 ( 12.15%)    -1.11704
      24     82.41    -1.14269 ( 88.07%)    -0.90851 ( 11.93%)    -1.11474
      25     84.99    -1.12467 ( 89.30%)    -0.89938 ( 10.70%)    -1.10057
      26     95.63    -1.05588 ( 93.05%)    -0.86444 (  6.95%)    -1.04257
      27     98.34    -1.03966 ( 93.73%)    -0.85618 (  6.27%)    -1.02816
      28    100.34    -1.02793 ( 94.19%)    -0.85020 (  5.81%)    -1.01760
      29    100.91    -1.02465 ( 94.31%)    -0.84853 (  5.69%)    -1.01464
      30    103.51    -1.00988 ( 94.84%)    -0.84100 (  5.16%)    -1.00116
      31    107.42    -0.98838 ( 95.52%)    -0.83001 (  4.48%)    -0.98128
      32    113.49    -0.95658 ( 96.37%)    -0.81373 (  3.63%)    -0.95139
      33    124.82    -0.90171 ( 97.49%)    -0.78553 (  2.51%)    -0.89879
      34    130.87    -0.87452 ( 97.91%)    -0.77150 (  2.09%)    -0.87237
normal termination of xtb
      35    140.42    -0.83425 ( 98.42%)    -0.75063 (  1.58%)    -0.83292
      36    143.76    -0.82086 ( 98.56%)    -0.74367 (  1.44%)    -0.81974
      37    144.32    -0.81865 ( 98.58%)    -0.74252 (  1.42%)    -0.81757
      38    149.48    -0.79869 ( 98.76%)    -0.73212 (  1.24%)    -0.79786
      39    151.90    -0.78958 ( 98.84%)    -0.72736 (  1.16%)    -0.78886
      40    158.19    -0.76665 ( 99.01%)    -0.71535 (  0.99%)    -0.76614
      41    162.21    -0.75249 ( 99.11%)    -0.70791 (  0.89%)    -0.75210
      42    166.51    -0.73779 ( 99.19%)    -0.70017 (  0.81%)    -0.73749
      43    175.45    -0.70847 ( 99.34%)    -0.68466 (  0.66%)    -0.70832
      44    177.04    -0.70347 ( 99.37%)    -0.68200 (  0.63%)    -0.70333
      45    185.28    -0.67815 ( 99.47%)    -0.66852 (  0.53%)    -0.67810
      46    192.63    -0.65663 ( 99.55%)    -0.65699 (  0.45%)    -0.65663
      47    207.47    -0.61594 ( 99.66%)    -0.63501 (  0.34%)    -0.61600
      48    209.52    -0.61056 ( 99.68%)    -0.63209 (  0.32%)    -0.61063
      49    213.10    -0.60136 ( 99.70%)    -0.62708 (  0.30%)    -0.60144
      50    236.88    -0.54447 ( 99.80%)    -0.59573 (  0.20%)    -0.54457
      51    244.41    -0.52788 ( 99.83%)    -0.58646 (  0.17%)    -0.52798
      52    251.80    -0.51220 ( 99.84%)    -0.57764 (  0.16%)    -0.51230
      53    256.82    -0.50187 ( 99.86%)    -0.57179 (  0.14%)    -0.50197
      54    268.62    -0.47855 ( 99.88%)    -0.55848 (  0.12%)    -0.47864
      55    277.71    -0.46146 ( 99.90%)    -0.54863 (  0.10%)    -0.46155
      56    286.51    -0.44557 ( 99.91%)    -0.53938 (  0.09%)    -0.44566
      57    289.32    -0.44065 ( 99.91%)    -0.53650 (  0.09%)    -0.44074
      58    296.03    -0.42910 ( 99.92%)    -0.52970 (  0.08%)    -0.42919
      59    299.56    -0.42318 ( 99.92%)    -0.52619 (  0.08%)    -0.42326
   ------------------------------------------------------------------------

   temp. (K)  partition function   enthalpy   heat capacity  entropy
                                   cal/mol     cal/K/mol   cal/K/mol   J/K/mol
 298.15  VIB  0.492E+31            38098.284    225.274    244.440
         ROT  0.147E+09              888.752      2.981     40.353
         INT  0.723E+39            38987.036    228.255    284.793
         TR   0.270E+29             1481.254      4.968     46.315
         TOT                       40468.2903   233.2231   331.1080  1385.3557

       T/K    H(0)-H(T)+PV         H(T)/Eh          T*S/Eh         G(T)/Eh
   ------------------------------------------------------------------------
    298.15    0.644903E-01    0.962749E+00    0.157320E+00    0.805429E+00
   ------------------------------------------------------------------------

         :::::::::::::::::::::::::::::::::::::::::::::::::::::
         ::                  THERMODYNAMIC                  ::
         :::::::::::::::::::::::::::::::::::::::::::::::::::::
         :: total free energy           0.805428656062 Eh   ::
         ::.................................................::
         :: total energy                0.000000000000 Eh   ::
         :: zero point energy           0.898258410143 Eh   ::
         :: G(RRHO) w/o ZPVE           -0.092829754080 Eh   ::
         :: G(RRHO) contrib.            0.805428656062 Eh   ::
         :::::::::::::::::::::::::::::::::::::::::::::::::::::

------------------------------------------------------------------------
 * finished run on 2026/09/10 at 23:59:37.511     
------------------------------------------------------------------------
 total:
 * wall-time:     0 d,  0 h,  0 min,  0.428 sec
 *  cpu-time:     0 d,  0 h,  0 min,  0.094 sec
 * ratio c/w:     0.219 speedup

