31
 energy: -42.685809582580 gnorm: 0.021522233427 xtb: 6.7.1 (edcfbbe)
C           -0.54861775443800       -1.40248188364100       -1.61216490013700
C           -0.20249745863200       -0.37164094848100       -0.56931606927200
N           -1.06101484161100        0.21553248896700        0.15663740623100
C           -2.41123208828300       -0.02087916273800        0.22735004626100
C           -2.91675849448500       -1.21293116132200        0.75580895980100
C           -4.27635719778200       -1.37325693211600        0.93875074768100
C           -5.15645933385100       -0.36204615367700        0.58947015077300
C           -4.66242390203700        0.82302506595200        0.06588843989100
C           -3.30460247302600        1.00175021625600       -0.10489587217000
C            1.20664181527500        0.00765459652000       -0.39574656672200
C            2.24816615497100       -0.66502605960200       -1.03722522157300
C            3.55956451710100       -0.28022245075900       -0.84021344505300
C            3.88104333787800        0.78510279456600       -0.00448549622100
C            5.31323508535800        1.16262188380700        0.21838766467600
C            2.84434146213400        1.45528245086700        0.63490448475700
C            1.53177809906200        1.07384172529000        0.44555695565400
H           -0.12293008159100       -1.11104978291300       -2.57917351051700
H           -1.63221953950900       -1.47299444756300       -1.72151613934000
H           -0.15559379976400       -2.36892793858600       -1.33680904791500
H           -2.22834797595300       -2.00130426097000        1.03042012794000
H           -4.65459504577900       -2.30202609176100        1.34471958897000
H           -6.21973452828500       -0.49413035838400        0.72565685294100
H           -5.34105016623200        1.61966887612500       -0.20229067509800
H           -2.91190711355100        1.92495127302200       -0.50425745103600
H            2.04166213443600       -1.49480704296900       -1.69891841330400
H            4.35019637050800       -0.81416597716900       -1.35443407247600
H            5.38332260568300        2.23041576897100        0.50087680566300
H            5.90943983522200        0.99353571223400       -0.68389580920900
H            5.73534297611500        0.56781064002700        1.03705311031400
H            3.07543056036300        2.27435246141300        1.29752454236300
H            0.73336420864100        1.58932463015900        0.95285442228600
31
 energy: -42.686236895627 gnorm: 0.006633489216 xtb: 6.7.1 (edcfbbe)
C           -0.55024245865097       -1.39825785810605       -1.61573330182337
C           -0.20294512673031       -0.37088977453822       -0.56975078288277
N           -1.06081279067465        0.21483027152947        0.15808301581767
C           -2.41118923485245       -0.02114142700760        0.22812929467905
C           -2.91712222183475       -1.21427046080559        0.75346458085493
C           -4.27683006362896       -1.37459625524503        0.93552733555027
C           -5.15657546078283       -0.36223757775072        0.58866028432479
C           -4.66208985442928        0.82411796479382        0.06845141819833
C           -3.30415003132703        1.00275460879561       -0.10159162244223
C            1.20643493730975        0.00750130860433       -0.39632433919973
C            2.24672687839035       -0.66266029827582       -1.04176357611155
C            3.55898146939443       -0.28006424751913       -0.84345842123937
C            3.88180621416169        0.78042467120196       -0.00304992908014
C            5.31083253815525        1.16890701005894        0.21888341855226
C            2.84562790640461        1.44886170165768        0.64028002974723
C            1.53299922245826        1.06965431867640        0.44994272388781
H           -0.12458270892576       -1.11102936780296       -2.57850312814312
H           -1.63205836599668       -1.47467485855155       -1.72029244265810
H           -0.15393055571366       -2.37017856318784       -1.33703727116100
H           -2.22819153908831       -2.00031207542309        1.03134226992967
H           -4.65412566080310       -2.30098619466672        1.34663281268304
H           -6.21984056896658       -0.49422410266243        0.72591651371029
H           -5.34185313977206        1.61912698912508       -0.20409580003673
H           -2.91244919523730        1.92449338021420       -0.50652044230004
H            2.04118919291251       -1.49624029976034       -1.69660858966605
H            4.34985041416362       -0.81657057578651       -1.35072116541577
H            5.39061071659529        2.22181532747814        0.49997944361653
H            5.90667502727143        0.99783272092677       -0.67597194721843
H            5.73679972429649        0.57430197541967        1.02883204972108
H            3.07493760665581        2.27782474230986        1.29446698969389
H            0.73270449718319        1.59286687782268        0.94934819457056
31
 energy: -42.686272306591 gnorm: 0.001084628154 xtb: 6.7.1 (edcfbbe)
C           -0.55082797820911       -1.39574568551745       -1.61747082790055
C           -0.20292389632650       -0.37029452186284       -0.56981482711132
N           -1.06066042667580        0.21498088672516        0.15859039943730
C           -2.41107998019731       -0.02105376068158        0.22828490884868
C           -2.91709809290927       -1.21410248109650        0.75379671009174
C           -4.27683233847566       -1.37426570618719        0.93604151553258
C           -5.15653214018630       -0.36208192330113        0.58860058976930
C           -4.66201122237258        0.82392282345026        0.06766156145399
C           -3.30404270667068        1.00267235116695       -0.10188703941523
C            1.20667772182039        0.00699900705022       -0.39558517677851
C            2.24662098577816       -0.66379872510124       -1.04039430259127
C            3.55941146723880       -0.28130410557094       -0.84291274016586
C            3.88256961565924        0.77937724198816       -0.00376378501212
C            5.31046439046690        1.17129758495150        0.21887056825997
C            2.84625698203064        1.44862182515645        0.63968461618351
C            1.53372358594972        1.06981263532967        0.45004387771110
H           -0.12459844407938       -1.11141902072460       -2.57831139750420
H           -1.63183062866165       -1.47591027329099       -1.71908604947487
H           -0.15317867863705       -2.36986024053252       -1.33637693127472
H           -2.22790779955576       -1.99994561564045        1.03077525040822
H           -4.65388373819748       -2.30113065108476        1.34583202924647
H           -6.21981186485968       -0.49442657303495        0.72575244715049
H           -5.34220322860054        1.61914745120555       -0.20399250275564
H           -2.91292758961125        1.92494437190746       -0.50658433862168
H            2.04139229514009       -1.49530089064978       -1.69705026423904
H            4.35020531338632       -0.81571486214018       -1.35106921844131
H            5.38841695168868        2.21943617984098        0.49796161150837
H            5.90570002006347        0.99720208045600       -0.67454468698284
H            5.73610899059662        0.57559380070042        1.02722976451953
H            3.07497925454590        2.27680456720707        1.29598775395930
H            0.73301054779906        1.59252216080624        0.95024810034761
31
 energy: -42.686273988131 gnorm: 0.000382807581 xtb: 6.7.1 (edcfbbe)
C           -0.55094455009048       -1.39475018476542       -1.61783763099254
C           -0.20294571214054       -0.36985486145821       -0.56979801602911
N           -1.06051696754616        0.21473585724100        0.15937822321427
C           -2.41103581635033       -0.02100099855812        0.22846503342515
C           -2.91717520785529       -1.21411774920418        0.75374401086710
C           -4.27694915730843       -1.37437897339765        0.93557945022284
C           -5.15654837504228       -0.36205136938264        0.58831752870823
C           -4.66189335675473        0.82403680366674        0.06768464660439
C           -3.30391316018821        1.00271403170331       -0.10185681971403
C            1.20670048311712        0.00714778985863       -0.39557808170008
C            2.24632208287802       -0.66359785067475       -1.04050430439935
C            3.55939091762687       -0.28127370746225       -0.84327641743179
C            3.88275040831749        0.77903282155058       -0.00416814762763
C            5.31071673475202        1.17176730543466        0.21854346869707
C            2.84647220173745        1.44812454007638        0.64003961600716
C            1.53401718376367        1.06967869801347        0.45062374234509
H           -0.12463630842650       -1.11123482722126       -2.57849003241370
H           -1.63179924518479       -1.47631828311255       -1.71834112069309
H           -0.15269100220771       -2.36902957491940       -1.33596914238909
H           -2.22776670223370       -1.99976051741875        1.03077018092474
H           -4.65383604221854       -2.30120454214495        1.34562430075731
H           -6.21981484377937       -0.49453705794858        0.72543749733000
H           -5.34227340880305        1.61897685593307       -0.20434908256750
H           -2.91312096175056        1.92511601060810       -0.50658409390757
H            2.04149209676224       -1.49578352845923       -1.69648809624938
H            4.35036266613008       -0.81602866185751       -1.35089905712985
H            5.38668410532169        2.22020397916289        0.49727594654863
H            5.90595731102163        0.99666192734802       -0.67531952727812
H            5.73602155364808        0.57531843851341        1.02720443327212
H            3.07499928688522        2.27625954287965        1.29644732791684
H            0.73316115385710        1.59212801752054        0.95084177984088
31
 energy: -42.686274274678 gnorm: 0.000145451537 xtb: 6.7.1 (edcfbbe)
C           -0.55104034062368       -1.39449051095770       -1.61775731790187
C           -0.20300004119514       -0.36972132278101       -0.56966244108724
N           -1.06043845808782        0.21457602287521        0.15989710145973
C           -2.41102568056322       -0.02097521068062        0.22869989648620
C           -2.91725951521411       -1.21405775171373        0.75400800475433
C           -4.27704681021754       -1.37435505422096        0.93562883295986
C           -5.15659177808070       -0.36208358719479        0.58806418293375
C           -4.66185258362776        0.82392447744656        0.06733594172329
C           -3.30383572126573        1.00265120451910       -0.10194907621525
C            1.20669344570002        0.00701743028693       -0.39540123966643
C            2.24616467189196       -0.66384334581545       -1.04024781433091
C            3.55930628611600       -0.28149065835317       -0.84321755559242
C            3.88271903346281        0.77889489922847       -0.00434918454581
C            5.31074679017000        1.17177824655156        0.21826514689349
C            2.84653684194483        1.44799129031450        0.64008644743463
C            1.53411380734665        1.06959824538269        0.45082930396842
H           -0.12481048633690       -1.11090481660849       -2.57850440705778
H           -1.63189967142857       -1.47608027300464       -1.71830542666439
H           -0.15268649466778       -2.36864219962106       -1.33593249764290
H           -2.22781636675257       -1.99971002220673        1.03096410454094
H           -4.65396635398741       -2.30133201645518        1.34532279523726
H           -6.21986782646505       -0.49460044262990        0.72503347390884
H           -5.34221088118778        1.61890308281030       -0.20457349144571
H           -2.91310379783324        1.92512353647306       -0.50654902508369
H            2.04142851120962       -1.49585332145599       -1.69652916985487
H            4.35019599971941       -0.81604773994849       -1.35126144125247
H            5.38678349762478        2.22050124981847        0.49658735176470
H            5.90624977309831        0.99670350274807       -0.67541250665968
H            5.73625455712445        0.57604070561916        1.02731302289694
H            3.07519535673902        2.27577326036833        1.29682283421920
H            0.73325160332514        1.59169105073049        0.95131176997885
31
 energy: -42.686274469832 gnorm: 0.000119605384 xtb: 6.7.1 (edcfbbe)
C           -0.55123551457975       -1.39404254439093       -1.61769646005066
C           -0.20302855467063       -0.36968381869181       -0.56927531464947
N           -1.06029584225495        0.21423507883889        0.16077629482423
C           -2.41099318201433       -0.02105222666849        0.22912461752982
C           -2.91741736754162       -1.21408975872676        0.75437943894581
C           -4.27725033229438       -1.37443438746042        0.93550938301267
C           -5.15666952058936       -0.36215316690411        0.58762612009224
C           -4.66173870142089        0.82381097613179        0.06700663288337
C           -3.30365539371928        1.00252634223794       -0.10193655675035
C            1.20675114269482        0.00681204144089       -0.39507278290972
C            2.24605603703044       -0.66394171126225       -1.04015110970297
C            3.55929701451964       -0.28156318935993       -0.84332649087594
C            3.88281788900619        0.77869968540178       -0.00442952022127
C            5.31078342165003        1.17191638320091        0.21783933512735
C            2.84674606395264        1.44762842703044        0.64044561643598
C            1.53432685186528        1.06927886068330        0.45135874186238
H           -0.12508077187288       -1.11015250045567       -2.57843922838395
H           -1.63211087720892       -1.47545625864019       -1.71833050724141
H           -0.15289313683673       -2.36820455570603       -1.33618786684658
H           -2.22798265749646       -1.99965946001428        1.03160110244195
H           -4.65426126412596       -2.30140961366950        1.34512534980813
H           -6.21998927594201       -0.49467587457424        0.72424901603139
H           -5.34204120590456        1.61871629125637       -0.20525082171945
H           -2.91291879944239        1.92497184508422       -0.50659975615554
H            2.04139383503288       -1.49596600942764       -1.69645845587535
H            4.35004103349651       -0.81613586618180       -1.35158571939265
H            5.38675051735370        2.22088502220881        0.49537366163071
H            5.90633140204686        0.99650262010342       -0.67565431574027
H            5.73646106884482        0.57707964223274        1.02735903581857
H            3.07558340707211        2.27532989128871        1.29721479500222
H            0.73341008128719        1.59120776651883        0.95192338122776
31
 energy: -42.686274742135 gnorm: 0.000235248169 xtb: 6.7.1 (edcfbbe)
C           -0.55160145705486       -1.39311379780526       -1.61772487486707
C           -0.20303504884172       -0.36972432093957       -0.56847119382197
N           -1.06003010447232        0.21357769567658        0.16236846618540
C           -2.41089806465367       -0.02133288586177        0.22998615317485
C           -2.91771377905884       -1.21421479827474        0.75524274884765
C           -4.27765566507817       -1.37454487726896        0.93544723488256
C           -5.15680723426823       -0.36228860816381        0.58675195870063
C           -4.66147598226390        0.82351638954163        0.06620947020600
C           -3.30325738438697        1.00216481004695       -0.10195326052218
C            1.20688125714476        0.00638176815304       -0.39432834081937
C            2.24596117816072       -0.66414727767208       -1.03987295225674
C            3.55930859586679       -0.28164600332794       -0.84347030742109
C            3.88301279592320        0.77847795855181       -0.00455063865278
C            5.31087835435444        1.17228784312614        0.21703768963104
C            2.84709313387855        1.44706194431528        0.64103446616385
C            1.53468600504329        1.06864694028346        0.45235513841063
H           -0.12544011418447       -1.10853781131627       -2.57828853547125
H           -1.63251362083246       -1.47409025095980       -1.71842212418361
H           -0.15349570618421       -2.36754716925209       -1.33700019653299
H           -2.22840928763070       -1.99971031541121        1.03298486035159
H           -4.65494902689745       -2.30147134636394        1.34490084115267
H           -6.22022638481841       -0.49474226163366        0.72268035665215
H           -5.34157655542028        1.61840473528492       -0.20661605029387
H           -2.91235657528939        1.92453955880172       -0.50662985372099
H            2.04129434527734       -1.49606075391180       -1.69631993991741
H            4.34979535523388       -0.81608905057841       -1.35223598427006
H            5.38660990748915        2.22174534134741        0.49281514196801
H            5.90641746628354        0.99558039837790       -0.67615631863597
H            5.73670617081610        0.57900894812175        1.02756083800802
H            3.07622665108457        2.27458165783222        1.29793939989461
H            0.73375814271772        1.59026547080551        0.95324342331668
31
 energy: -42.686275176455 gnorm: 0.000308590600 xtb: 6.7.1 (edcfbbe)
C           -0.55221664126520       -1.39141386671081       -1.61787366565375
C           -0.20300127724495       -0.36990556071971       -0.56698590974614
N           -1.05959916929570        0.21230598703210        0.16515324492525
C           -2.41071764942410       -0.02205123874106        0.23158614303478
C           -2.91829265631965       -1.21460450741462        0.75683807019095
C           -4.27846183700676       -1.37475162388111        0.93537379888719
C           -5.15706556845919       -0.36251181840781        0.58516920563331
C           -4.66094443490766        0.82300810116886        0.06480583030675
C           -3.30247882638925        1.00140893322776       -0.10187939621842
C            1.20708148157919        0.00569955451856       -0.39294697893780
C            2.24582511727218       -0.66437045274864       -1.03943673484804
C            3.55926659841117       -0.28162219129250       -0.84381373439427
C            3.88331011480763        0.77826346765240       -0.00477575005545
C            5.31110244227497        1.17292988370506        0.21558828243136
C            2.84767332758140        1.44614191542282        0.64208377084714
C            1.53525760108261        1.06751336494270        0.45419256303172
H           -0.12594453015765       -1.10548972332251       -2.57799622352366
H           -1.63319848349872       -1.47154890888389       -1.71863390248007
H           -0.15469430943604       -2.36651634815811       -1.33875551796232
H           -2.22936070651308       -2.00002675232270        1.03570165029223
H           -4.65637847222216       -2.30144710690247        1.34476273578677
H           -6.22068253959727       -0.49479272269295        0.71972594258524
H           -5.34059082521181        1.61784246710294       -0.20933090339906
H           -2.91105964626824        1.92354355181904       -0.50661086800364
H            2.04094796739193       -1.49611201254305       -1.69603675854628
H            4.34938957580726       -0.81577629813398       -1.35343201041966
H            5.38660486742084        2.22331133509188        0.48791419688252
H            5.90669426912506        0.99340961838743       -0.67699552157278
H            5.73699488663915        0.58247982349486        1.02813525606796
H            3.07725245800895        2.27340942169706        1.29916379767219
H            0.73447423375308        1.58865363913747        0.95582700334498
31
 energy: -42.686275681928 gnorm: 0.000265400600 xtb: 6.7.1 (edcfbbe)
C           -0.55304066145076       -1.38877220454295       -1.61819247209343
C           -0.20290943352380       -0.37020614063015       -0.56473631548583
N           -1.05904227679264        0.21030813112618        0.16926132890203
C           -2.41045495046456       -0.02335922779720        0.23408809180531
C           -2.91924374116378       -1.21532650530064        0.75941022023135
C           -4.27979478399369       -1.37500255449203        0.93547084919004
C           -5.15750511155788       -0.36285104819023        0.58272656485758
C           -4.66012474754178        0.82214892852631        0.06243424238914
C           -3.30128185756273        1.00008785064824       -0.10179992803414
C            1.20734619608448        0.00481856562677       -0.39079665110976
C            2.24560992762238       -0.66454294172823       -1.03880799869200
C            3.55913907330947       -0.28145650695777       -0.84441314327896
C            3.88373706606096        0.77807675768081       -0.00515669329082
C            5.31149550746679        1.17384375523674        0.21336329850259
C            2.84859432356757        1.44487497516570        0.64365000924279
C            1.53610566482388        1.06588507737698        0.45702576385454
H           -0.12654833918724       -1.10080729581222       -2.57757264202201
H           -1.63410874166733       -1.46770186704678       -1.71900127795768
H           -0.15644246270018       -2.36500466118552       -1.34156904822446
H           -2.23103580739712       -2.00078922174297        1.03992456376630
H           -4.65876792758360       -2.30130131816813        1.34476862311688
H           -6.22142447307926       -0.49479540095359        0.71522806175847
H           -5.33899346613427        1.61700546607119       -0.21357286788978
H           -2.90884131435141        1.92181793936947       -0.50647510365038
H            2.04019424692010       -1.49595587419895       -1.69564590323709
H            4.34882513215304       -0.81501632803748       -1.35531883067000
H            5.38686963751427        2.22566547901961        0.48005638315536
H            5.90722193848271        0.98945079801580       -0.67814847951114
H            5.73715932095668        0.58778339227274        1.02923643505054
H            3.07872326234142        2.27173186860683        1.30107247429084
H            0.73572616678628        1.58637004356654        0.96000806119267
31
 energy: -42.686275920467 gnorm: 0.000138570676 xtb: 6.7.1 (edcfbbe)
C           -0.55350372518242       -1.38682518565649       -1.61843561747946
C           -0.20281359936171       -0.37037945507601       -0.56313071643678
N           -1.05874245621335        0.20875832662887        0.17216571303124
C           -2.41030374468188       -0.02451304206404        0.23591887083301
C           -2.92003866894617       -1.21599832242531        0.76130379869029
C           -4.28089446503866       -1.37518897421570        0.93558941822032
C           -5.15788373764009       -0.36307800330119        0.58099797580674
C           -4.65952093441143        0.82153719967877        0.06075126859469
C           -3.30042267245521        0.99900248831149       -0.10170571448290
C            1.20749216116801        0.00439422215582       -0.38923912374503
C            2.24540060595557       -0.66445427470763       -1.03842965045873
C            3.55895730161584       -0.28118901152269       -0.84496941535552
C            3.88401561961331        0.77805442121723       -0.00549076336449
C            5.31185926438307        1.17434394995767        0.21174328446587
C            2.84930614404430        1.44405946981138        0.64477691716917
C            1.53671185930150        1.06483497977310        0.45910962968006
H           -0.12686466893488       -1.09737221712149       -2.57727287013234
H           -1.63462754736350       -1.46499322219355       -1.71923752229387
H           -0.15751552842575       -2.36386393775174       -1.34363121387139
H           -2.23246872256781       -2.00152474030948        1.04319656162407
H           -4.66068492912140       -2.30107551487411        1.34506803362516
H           -6.22202767478347       -0.49476861251179        0.71192164271056
H           -5.33780444470079        1.61629232664000       -0.21697457232871
H           -2.90707124828928        1.92031751672004       -0.50644879436419
H            2.03942964581672       -1.49551680455345       -1.69553218933104
H            4.34839772434312       -0.81417064985249       -1.35686982478429
H            5.38737349357058        2.22730783623189        0.47388055408776
H            5.90782782812123        0.98587083346519       -0.67878046993621
H            5.73706705263241        0.59174624785495        1.03037542618168
H            3.07975185228192        2.27052079577801        1.30257668177231
H            0.73678558320820        1.58485128543780        0.96329029803097
31
 energy: -42.686276005586 gnorm: 0.000046170142 xtb: 6.7.1 (edcfbbe)
C           -0.55351779865498       -1.38628469553223       -1.61850352521031
C           -0.20276496843476       -0.37038684804271       -0.56270332948955
N           -1.05873571706956        0.20825412849354        0.17292921706322
C           -2.41029293612541       -0.02497699653258        0.23648032889475
C           -2.92034110208118       -1.21624592363248        0.76198823279665
C           -4.28130331850990       -1.37518626676487        0.93582645166780
C           -5.15805479603454       -0.36315078310479        0.58050898842185
C           -4.65937675092663        0.82126157420996        0.06005536903672
C           -3.30021007336727        0.99854428698008       -0.10178795057570
C            1.20750391086304        0.00447831590917       -0.38886031275088
C            2.24529636047187       -0.66414258481712       -1.03853902063004
C            3.55885227953971       -0.28091004519685       -0.84533374640833
C            3.88409813371133        0.77811258578080       -0.00560968906380
C            5.31201945170735        1.17434418099767        0.21135370445564
C            2.84956695327096        1.44386622668463        0.64513842495489
C            1.53689646476807        1.06464068179064        0.45971661116454
H           -0.12690016582546       -1.09643694521109       -2.57720896615218
H           -1.63464447665233       -1.46439073427524       -1.71924668208777
H           -0.15759002081655       -2.36350903512509       -1.34417064107061
H           -2.23304428290246       -2.00187535181384        1.04424314484209
H           -4.66136553813777       -2.30094339035473        1.34534923922709
H           -6.22225716991395       -0.49469940270250        0.71106701199649
H           -5.33745594131087        1.61605669160992       -0.21801501817732
H           -2.90648390092180        1.91970533377429       -0.50651487517008
H            2.03907720161217       -1.49506445163698       -1.69573612196333
H            4.34826382551178       -0.81368134379527       -1.35750276553756
H            5.38777216779681        2.22771999893373        0.47170003079076
H            5.90819086244166        0.98410843450782       -0.67865941004764
H            5.73674641979812        0.59300841880486        1.03113341793070
H            3.08005186202442        2.27018763188773        1.30309639300946
H            0.73719043210613        1.58457623969859        0.96432310424138
31
 energy: -42.686276008594 gnorm: 0.000125556118 xtb: 6.7.1 (edcfbbe)
C           -0.55353187212755       -1.38574420540797       -1.61857143294115
C           -0.20271633750781       -0.37039424100940       -0.56227594254232
N           -1.05872897792577        0.20774993035822        0.17369272109520
C           -2.41028212756895       -0.02544095100112        0.23704178695649
C           -2.92064353521620       -1.21649352483966        0.76267266690302
C           -4.28171217198114       -1.37518355931404        0.93606348511528
C           -5.15822585442898       -0.36322356290839        0.58002000103696
C           -4.65923256744184        0.82098594874115        0.05935946947875
C           -3.29999747427932        0.99808608564866       -0.10187018666850
C            1.20751566055806        0.00456240966253       -0.38848150175674
C            2.24519211498817       -0.66383089492661       -1.03864839080134
C            3.55874725746357       -0.28063107887102       -0.84569807746113
C            3.88418064780935        0.77817075034436       -0.00572861476310
C            5.31217963903164        1.17434441203767        0.21096412444541
C            2.84982776249762        1.44367298355789        0.64549993274062
C            1.53708107023463        1.06444638380817        0.46032359264903
H           -0.12693566271605       -1.09550167330069       -2.57714506217203
H           -1.63466140594116       -1.46378824635693       -1.71925584188168
H           -0.15766451320736       -2.36315413249845       -1.34471006826983
H           -2.23361984323711       -2.00222596331820        1.04528972806012
H           -4.66204614715414       -2.30081126583535        1.34563044482903
H           -6.22248666504444       -0.49463019289320        0.71021238128243
H           -5.33710743792095        1.61582105657984       -0.21905546402592
H           -2.90589655355431        1.91909315082854       -0.50658095597598
H            2.03872475740762       -1.49461209872050       -1.69594005459562
H            4.34812992668044       -0.81319203773805       -1.35813570629083
H            5.38817084202305        2.22813216163557        0.46951950749376
H            5.90855389676208        0.98234603555044       -0.67853835015908
H            5.73642578696382        0.59427058975478        1.03189140967972
H            3.08035187176692        2.26985446799745        1.30361610424661
H            0.73759528100407        1.58430119395938        0.96535591045179
31
 energy: -42.686276067799 gnorm: 0.000085646651 xtb: 6.7.1 (edcfbbe)
C           -0.55341440135610       -1.38612652300081       -1.61852980039471
C           -0.20273515511649       -0.37032427681661       -0.56261759234791
N           -1.05880184266695        0.20796992375216        0.17316617176451
C           -2.41032457287835       -0.02529825585022        0.23668593879399
C           -2.92054136723417       -1.21641941532313        0.76231627024207
C           -4.28156335653493       -1.37516947590357        0.93602386907577
C           -5.15817864132618       -0.36314330857403        0.58042078677163
C           -4.65932794822016        0.82115139990182        0.05980890631546
C           -3.30014635285061        0.99825440714092       -0.10186904660040
C            1.20748033585731        0.00469082651899       -0.38879652935207
C            2.24521392321118       -0.66377840863598       -1.03877696084389
C            3.55876538907121       -0.28061928272776       -0.84566512776274
C            3.88412868084453        0.77820501833429       -0.00570753291147
C            5.31213518387745        1.17418832326636        0.21131988127604
C            2.84970443018034        1.44384505186267        0.64527342840292
C            1.53697202138649        1.06466711771158        0.45993608231035
H           -0.12692201200478       -1.09612840496172       -2.57723847211508
H           -1.63453570186027       -1.46439632957065       -1.71916602918953
H           -0.15733409553713       -2.36333926935716       -1.34432390457011
H           -2.23340922557881       -2.00208317094300        1.04487928666211
H           -4.66174578252722       -2.30078564707387        1.34576348424115
H           -6.22241052865259       -0.49460486581853        0.71081617092327
H           -5.33732696672422        1.61587317714513       -0.21865643336562
H           -2.90619619083495        1.91924975739471       -0.50675765428354
H            2.03883190019351       -1.49443889114588       -1.69624842156282
H            4.34816993284263       -0.81313500537860       -1.35811773941681
H            5.38821245056802        2.22790838165427        0.47021027974099
H            5.90863145531412        0.98244143858462       -0.67814982542478
H            5.73623660204825        0.59386266521019        1.03214516327793
H            3.08019281982366        2.26994564975013        1.30349766308767
H            0.73742638462318        1.58451732437873        0.96487530341458
31
 energy: -42.686276070089 gnorm: 0.000108817149 xtb: 6.7.1 (edcfbbe)
C           -0.55329693058466       -1.38650884059365       -1.61848816784827
C           -0.20275397272517       -0.37025431262382       -0.56295924215349
N           -1.05887470740813        0.20818991714610        0.17263962243382
C           -2.41036701818774       -0.02515556069931        0.23633009063150
C           -2.92043919925215       -1.21634530580659        0.76195987358113
C           -4.28141454108871       -1.37515539249311        0.93598425303625
C           -5.15813142822339       -0.36306305423967        0.58082157250629
C           -4.65942332899847        0.82131685106249        0.06025834315218
C           -3.30029523142189        0.99842272863318       -0.10186790653229
C            1.20744501115656        0.00481924337546       -0.38911155694739
C            2.24523573143419       -0.66372592234536       -1.03890553088644
C            3.55878352067885       -0.28060748658450       -0.84563217806434
C            3.88407671387971        0.77823928632422       -0.00568645105984
C            5.31209072872327        1.17403223449504        0.21167563810666
C            2.84958109786306        1.44401712016745        0.64504692406522
C            1.53686297253836        1.06488785161499        0.45954857197166
H           -0.12690836129351       -1.09675513662274       -2.57733188205813
H           -1.63440999777938       -1.46500441278438       -1.71907621649739
H           -0.15700367786690       -2.36352440621586       -1.34393774087040
H           -2.23319860792052       -2.00194037856780        1.04446884526410
H           -4.66144541790029       -2.30076002831240        1.34589652365327
H           -6.22233439226075       -0.49457953874385        0.71141996056411
H           -5.33754649552749        1.61592529771042       -0.21825740270531
H           -2.90649582811559        1.91940636396087       -0.50693435259110
H            2.03893904297940       -1.49426568357125       -1.69655678853002
H            4.34820993900482       -0.81307797301915       -1.35809977254280
H            5.38825405911300        2.22768460167297        0.47090105198821
H            5.90870901386616        0.98253684161880       -0.67776130069048
H            5.73604741713268        0.59345474066561        1.03239891687615
H            3.08003376788039        2.27003683150282        1.30337922192872
H            0.73725748824229        1.58473345479808        0.96439469637737
31
 energy: -42.686276134007 gnorm: 0.000062188233 xtb: 6.7.1 (edcfbbe)
C           -0.55325013647325       -1.38675166676021       -1.61848081853315
C           -0.20276177845841       -0.37024616341694       -0.56315909393108
N           -1.05888914517726        0.20834864687434        0.17231503272290
C           -2.41037219339144       -0.02503256054354        0.23615551312020
C           -2.92034224338838       -1.21621034526919        0.76193014457448
C           -4.28128709508730       -1.37507076002772        0.93613546867356
C           -5.15809045171545       -0.36303060178246        0.58102147514729
C           -4.65949116536024        0.82132472954471        0.06031293821220
C           -3.30038576045456        0.99847830893425       -0.10200969187676
C            1.20743251860335        0.00488644273923       -0.38935314610868
C            2.24525521221725       -0.66358497023471       -1.03915462476327
C            3.55880689759543       -0.28051100799670       -0.84572395023674
C            3.88405254580834        0.77822657521298       -0.00563335877502
C            5.31204463536320        1.17395666492036        0.21191712426017
C            2.84950054371340        1.44399169616367        0.64504645342055
C            1.53680122690085        1.06490513576793        0.45940296219364
H           -0.12698024221693       -1.09711436144888       -2.57742148910527
H           -1.63436296381508       -1.46539095337591       -1.71898935654280
H           -0.15679209958366       -2.36364656024182       -1.34378723608001
H           -2.23304821933300       -2.00185044143489        1.04418390848691
H           -4.66124453837127       -2.30074033852220        1.34596639265925
H           -6.22226914854748       -0.49453775455833        0.71184022632485
H           -5.33766700317195        1.61598437205022       -0.21793379967829
H           -2.90669374789224        1.91951964740859       -0.50704559854072
H            2.03904348205852       -1.49415496053733       -1.69679424554779
H            4.34824440800244       -0.81307492488642       -1.35807378995789
H            5.38822999122023        2.22762715464759        0.47106633126187
H            5.90881030462336        0.98237220514088       -0.67739738808646
H            5.73583492310596        0.59344151954705        1.03276817828948
H            3.07993439733990        2.27007643458299        1.30330994503994
H            0.73712421382365        1.58478876902756        0.96410310953557
31
 energy: -42.686276234947 gnorm: 0.000043214280 xtb: 6.7.1 (edcfbbe)
C           -0.55312800102088       -1.38731379930822       -1.61848204600168
C           -0.20277016959776       -0.37024083758524       -0.56365206294987
N           -1.05894105413264        0.20865418055670        0.17153479773699
C           -2.41039115176391       -0.02481564149029        0.23572651603041
C           -2.92014175496584       -1.21595883347337        0.76181211797462
C           -4.28101094806022       -1.37486366935820        0.93652502956575
C           -5.15799342341419       -0.36293627499143        0.58151789664538
C           -4.65963232405489        0.82132327829104        0.06037749440287
C           -3.30058093201785        0.99856707838846       -0.10235017360021
C            1.20739650430214        0.00508214269339       -0.38995509495425
C            2.24528490309554       -0.66315240416451       -1.03986027569754
C            3.55883989601599       -0.28015049713096       -0.84612606204727
C            3.88399622575061        0.77823071952899       -0.00558069495991
C            5.31193607715734        1.17374728477846        0.21257721004407
C            2.84933112183950        1.44393414724016        0.64502797192051
C            1.53666591107640        1.06498013600432        0.45902423478802
H           -0.12718618383194       -1.09794332794852       -2.57764238455396
H           -1.63422549479526       -1.46640958049722       -1.71872664278604
H           -0.15620601775608       -2.36392248153251       -1.34344196087618
H           -2.23272138679246       -2.00157100170187        1.04383343760616
H           -4.66078780920819       -2.30055616440663        1.34646761565327
H           -6.22210939790944       -0.49440134942588        0.71288065001983
H           -5.33791808842611        1.61605463692514       -0.21738180989833
H           -2.90711097964431        1.91963280660476       -0.50754122897129
H            2.03922671876524       -1.49364789775695       -1.69763952708136
H            4.34830882790897       -0.81273187501575       -1.35840139744118
H            5.38824426997173        2.22757296192253        0.47096219399020
H            5.90925809438661        0.98126966443573       -0.67615305828431
H            5.73496169225046        0.59377072901825        1.03418899021440
H            3.07971629156327        2.26996071489476        1.30339280923483
H            0.73687595124612        1.58481508602992        0.96360307043502
31
 energy: -42.686276334488 gnorm: 0.000070388766 xtb: 6.7.1 (edcfbbe)
C           -0.55296412538839       -1.38807749364995       -1.61849080181163
C           -0.20278401952441       -0.37021763716879       -0.56436138886272
N           -1.05902611666542        0.20907763569073        0.17043016373838
C           -2.41041001315118       -0.02454794158366        0.23510899386697
C           -2.91985047687452       -1.21562284399675        0.76167509695308
C           -4.28062500593539       -1.37458307496437        0.93706047422250
C           -5.15783921882320       -0.36278003745354        0.58225855411039
C           -4.65979356052216        0.82139514339932        0.06062740150340
C           -3.30082999093558        0.99868954894325       -0.10279563830775
C            1.20734038860742        0.00532380857687       -0.39074296882291
C            2.24532710886690       -0.66259827014061       -1.04078862063576
C            3.55886951066049       -0.27967475452459       -0.84667251724770
C            3.88389858213614        0.77826544933922       -0.00554788017892
C            5.31178823594402        1.17344818901328        0.21347947015220
C            2.84909140996516        1.44385229680924        0.64499446933997
C            1.53646922109786        1.06502453527565        0.45856461065103
H           -0.12746650007311       -1.09904581997508       -2.57795499354019
H           -1.63404955942626       -1.46776340059334       -1.71837705565609
H           -0.15544940381665       -2.36431330047997       -1.34300259271554
H           -2.23225793444145       -2.00116354613991        1.04346985061262
H           -4.66016022675948       -2.30025781649644        1.34726511932071
H           -6.22188242379818       -0.49425896628380        0.71419583194292
H           -5.33824766560133        1.61607168351141       -0.21687325877103
H           -2.90762499043975        1.91973673426638       -0.50828055535783
H            2.03942374527779       -1.49287654609367       -1.69889145434777
H            4.34839282527224       -0.81211854716844       -1.35900633057061
H            5.38827432246215        2.22758012523326        0.47059713376766
H            5.90994190216110        0.97954963928087       -0.67437571096930
H            5.73367464587194        0.59436837901644        1.03631763608774
H            3.07939702684450        2.26971048743794        1.30360209795532
H            0.73655967494671        1.58478627244411        0.96303247972984
31
 energy: -42.686276423367 gnorm: 0.000057808772 xtb: 6.7.1 (edcfbbe)
C           -0.55285943560849       -1.38872581630936       -1.61852282421630
C           -0.20279556462959       -0.37021041053429       -0.56499932198426
N           -1.05909250442595        0.20948670749905        0.16941925968261
C           -2.41041044727440       -0.02427954391340        0.23454269454734
C           -2.91954618116869       -1.21531634874770        0.76150388347844
C           -4.28023210259838       -1.37433941561546        0.93749060460410
C           -5.15766670869906       -0.36265354427866        0.58289446266199
C           -4.65993052778271        0.82146281575905        0.06083412425206
C           -3.30104756197541        0.99883248084029       -0.10317620433681
C            1.20728945075038        0.00549678342092       -0.39142323763854
C            2.24537007122754       -0.66216839225427       -1.04157496427876
C            3.55888970258958       -0.27930300888270       -0.84713097444579
C            3.88379563937596        0.77827115586927       -0.00551268987064
C            5.31163463937276        1.17322655517651        0.21425868412326
C            2.84886818499173        1.44374745559623        0.64497104938736
C            1.53628334963447        1.06502338124923        0.45816604390901
H           -0.12774233886731       -1.09998870854113       -2.57824137575539
H           -1.63393740875523       -1.46889670181401       -1.71808451035436
H           -0.15486660506542       -2.36467260093478       -1.34267674629719
H           -2.23176610493940       -2.00070394989031        1.04327213759408
H           -4.65952456357418       -2.29991983134770        1.34813371551852
H           -6.22163974745188       -0.49417284628380        0.71534986357980
H           -5.33855343180898        1.61603686160560       -0.21654345618808
H           -2.90807625379370        1.91981909091678       -0.50902471455791
H            2.03956494839883       -1.49217859095277       -1.70004650489666
H            4.34848103481338       -0.81154053694156       -1.35957406117258
H            5.38825518200099        2.22765860231010        0.47010088152505
H            5.91055485891940        0.97794192000723       -0.67277053700555
H            5.73250255119772        0.59507559009726        1.03827710869147
H            3.07908722525321        2.26935792138980        1.30391775474997
H            0.73629801783083        1.58461285702961        0.96268747085272
31
 energy: -42.686276491980 gnorm: 0.000028401757 xtb: 6.7.1 (edcfbbe)
C           -0.55281640694120       -1.38914904243427       -1.61857905648907
C           -0.20281094727189       -0.37018079600816       -0.56549010416060
N           -1.05914822600034        0.20985016887793        0.16862535195794
C           -2.41040648051184       -0.02404355763998        0.23407613270542
C           -2.91927482288941       -1.21504567478599        0.76138466222720
C           -4.27988731652118       -1.37413429344336        0.93785188816871
C           -5.15750993604205       -0.36256557028432        0.58338721087039
C           -4.66003796286463        0.82152265620050        0.06100492828422
C           -3.30122574385520        0.99896287576181       -0.10348655249612
C            1.20725297828681        0.00556625062200       -0.39185644556760
C            2.24540326424557       -0.66192785953975       -1.04207812300715
C            3.55890125397296       -0.27911693086253       -0.84738838476757
C            3.88371320021652        0.77824958020308       -0.00547541081216
C            5.31151218309738        1.17310885711425        0.21476117000630
C            2.84871310866372        1.44359554487249        0.64502801180461
C            1.53615578209259        1.06489968390840        0.45801010106925
H           -0.12797276536832       -1.10060012657576       -2.57847527507771
H           -1.63389305467760       -1.46963462015720       -1.71789974190717
H           -0.15451126396769       -2.36491225414497       -1.34251536239159
H           -2.23132564487498       -2.00027759789029        1.04317406404645
H           -4.65897873984784       -2.29965105761510        1.34882429704917
H           -6.22143395192864       -0.49419047067377        0.71612972789005
H           -5.33882049099775        1.61593477576805       -0.21645057193197
H           -2.90843523161318        1.91989214129627       -0.50964056269549
H            2.03963203049567       -1.49167186302782       -1.70089691603271
H            4.34855504864690       -0.81115286161942       -1.35994847068064
H            5.38818384593146        2.22782845578441        0.46944049632365
H            5.91097844551133        0.97666114652848       -0.67164136100798
H            5.73168529930251        0.59583253172690        1.03975654083366
H            3.07885830180975        2.26898419199493        1.30427382116624
H            0.73613161183857        1.58434564756824        0.96261155078123
31
 energy: -42.686276537146 gnorm: 0.000021455450 xtb: 6.7.1 (edcfbbe)
C           -0.55278993797321       -1.38934828888272       -1.61862844865798
C           -0.20282287104014       -0.37015096524725       -0.56575381137205
N           -1.05919599288463        0.21011019436413        0.16814608197230
C           -2.41041862307683       -0.02385628525548        0.23378192822296
C           -2.91910020315947       -1.21484944424379        0.76129649904277
C           -4.27966749740772       -1.37401999158301        0.93802697213936
C           -5.15742698279797       -0.36254697572571        0.58363169781207
C           -4.66014240817948        0.82152793181790        0.06103403783573
C           -3.30137521481883        0.99905234279129       -0.10372676718724
C            1.20723189248862        0.00558623295323       -0.39205636015425
C            2.24541145737971       -0.66181133779929       -1.04233438191164
C            3.55890074935980       -0.27905643332375       -0.84749497672116
C            3.88367313886963        0.77817401367885       -0.00539566460150
C            5.31144811974963        1.17307481597146        0.21496594828403
C            2.84864700704870        1.44341790874148        0.64516829335866
C            1.53609873239086        1.06476296057404        0.45801956272902
H           -0.12811441142938       -1.10086605029397       -2.57862428234615
H           -1.63386670880815       -1.47001087761945       -1.71781778235782
H           -0.15429402039545       -2.36500786833427       -1.34248231621054
H           -2.23102583529268       -1.99996458675247        1.04311188817006
H           -4.65860365736344       -2.29946978994953        1.34929683708711
H           -6.22131215322038       -0.49422913515941        0.71662719815108
H           -5.33904326060687        1.61583862763526       -0.21642230760835
H           -2.90871559236668        1.91994851487199       -0.51008306554372
H            2.03964586133461       -1.49139065720187       -1.70136390526937
H            4.34858821618259       -0.81098989274659       -1.36011255294638
H            5.38814109261667        2.22802567694727        0.46871257827272
H            5.91121481845118        0.97577691505697       -0.67104196841558
H            5.73127369798167        0.59654348657118        1.04065706931017
H            3.07875800293371        2.26865210701067        1.30461496316914
H            0.73606995197192        1.58405678265788        0.96276465190552
