Molecule has no symmetry elements
It seems to be the C1 point group
      -----------------------------------------------------------
     |                   =====================                   |
     |                        T H E R M O                        |
     |                   =====================                   |
     |                         S. Ehlert                         |
     |          Mulliken Center for Theoretical Chemistry        |
     |                    University of Bonn                     |
      -----------------------------------------------------------

   * xtb-thermo version 6.7.1 (edcfbbe) compiled by 'VssAdministrator@runnervm171ch' on 2026-06-10

 * started run on 2026/09/10 at 23:26:53.438     
eigval :       -0.02    -0.01     0.01     0.01     0.02     0.02
eigval :       31.87    37.00    48.85    52.80    94.45   102.07
eigval :      134.22   171.28   206.81   246.34   297.34   347.57
eigval :      364.01   369.74   373.34   415.71   454.64   482.50
eigval :      509.71   574.56   588.26   609.98   612.71   663.60
eigval :      678.14   689.50   758.23   800.68   822.32   849.52
eigval :      866.75   871.53   881.49   915.54   921.74   924.51
eigval :      929.09   976.57   999.35  1008.67  1012.31  1027.06
eigval :     1029.90  1079.83  1106.55  1116.96  1152.44  1179.69
eigval :     1190.63  1205.44  1238.67  1262.07  1276.26  1283.09
eigval :     1284.02  1316.82  1320.46  1380.32  1403.39  1405.24
eigval :     1434.32  1456.56  1465.34  1467.58  1478.49  1481.79
eigval :     1492.85  1568.13  1570.84  1593.24  1601.37  1706.20
eigval :     2994.56  3007.34  3026.81  3027.39  3039.28  3057.27
eigval :     3059.05  3063.61  3066.61  3070.13  3070.36  3078.58
eigval :     3083.65  3085.63  3086.01

c1  symmetry found (for desy threshold:  0.10E+00) used in thermo

          ...................................................
          :                      SETUP                      :
          :.................................................:
          :  # frequencies                          87      :
          :  # imaginary freq.                       0      :
          :  linear?                             false      :
          :  only rotor calc.                    false      :
          :  symmetry                               c1      :
          :  rotational number                       1      :
          :  scaling factor                  1.0000000      :
          :  rotor cutoff                   50.0000000 cm⁻¹ :
          :  imag. cutoff                  -20.0000000 cm⁻¹ :
          :.................................................:

    mode    ω/cm⁻¹     T·S(HO)/kcal·mol⁻¹    T·S(FR)/kcal·mol⁻¹   T·S(vib)
   ------------------------------------------------------------------------
       1     31.87    -1.70229 ( 14.17%)    -1.18984 ( 85.83%)    -1.26244
       2     37.00    -1.61398 ( 23.08%)    -1.14561 ( 76.92%)    -1.25370
       3     48.85    -1.45005 ( 47.67%)    -1.06337 ( 52.33%)    -1.24770
       4     52.80    -1.40417 ( 55.43%)    -1.04033 ( 44.57%)    -1.24200
       5     94.45    -1.06312 ( 92.72%)    -0.86808 (  7.28%)    -1.04892
       6    102.07    -1.01802 ( 94.55%)    -0.84511 (  5.45%)    -1.00861
       7    134.22    -0.86006 ( 98.11%)    -0.76399 (  1.89%)    -0.85824
       8    171.28    -0.72195 ( 99.28%)    -0.69178 (  0.72%)    -0.72173
       9    206.81    -0.61765 ( 99.66%)    -0.63593 (  0.34%)    -0.61772
      10    246.34    -0.52373 ( 99.83%)    -0.58411 (  0.17%)    -0.52383
      11    297.34    -0.42690 ( 99.92%)    -0.52838 (  0.08%)    -0.42698
   ------------------------------------------------------------------------

   temp. (K)  partition function   enthalpy   heat capacity  entropy
                                   cal/mol     cal/K/mol   cal/K/mol   J/K/mol
 298.15  VIB  0.448E+06             7680.836     48.690     47.629
         ROT  0.291E+07              888.752      2.981     32.560
         INT  0.130E+13             8569.588     51.671     80.189
         TR   0.293E+28             1481.254      4.968     41.900
normal termination of xtb
         TOT                       10050.8419    56.6387   122.0895   510.8226

       T/K    H(0)-H(T)+PV         H(T)/Eh          T*S/Eh         G(T)/Eh
   ------------------------------------------------------------------------
    298.15    0.160170E-01    0.266814E+00    0.580087E-01    0.208805E+00
   ------------------------------------------------------------------------

         :::::::::::::::::::::::::::::::::::::::::::::::::::::
         ::                  THERMODYNAMIC                  ::
         :::::::::::::::::::::::::::::::::::::::::::::::::::::
         :: total free energy           0.208805256418 Eh   ::
         ::.................................................::
         :: total energy                0.000000000000 Eh   ::
         :: zero point energy           0.250796895610 Eh   ::
         :: G(RRHO) w/o ZPVE           -0.041991639192 Eh   ::
         :: G(RRHO) contrib.            0.208805256418 Eh   ::
         :::::::::::::::::::::::::::::::::::::::::::::::::::::

------------------------------------------------------------------------
 * finished run on 2026/09/10 at 23:26:53.469     
------------------------------------------------------------------------
 total:
 * wall-time:     0 d,  0 h,  0 min,  0.031 sec
 *  cpu-time:     0 d,  0 h,  0 min,  0.016 sec
 * ratio c/w:     0.507 speedup

