117
 energy: -188.258157678725 gnorm: 0.000065339663 xtb: 6.7.1 (edcfbbe)
O           -0.86505886128500        3.16542731914500       -1.65661013904200
P           -0.00795506446700        2.78395022542800       -0.51458590707900
O            0.76496061647300        3.83625228747500        0.21919904670500
O            0.99714967222800        1.58918955662300       -1.01810392532200
C            1.66229289656200        0.91123779244400       -0.03101061150200
C            3.02522562708100        1.19674875249000        0.24645812304000
C            3.65546645347800        0.45759618440200        1.22094196251800
C            2.97833258569800       -0.50871809619100        1.98543740323300
C            3.62842916653600       -1.21535015442500        3.02011568498300
C            2.94290333771200       -2.10393461683600        3.79928756371000
C            1.57220345421800       -2.31306190431000        3.58299062258400
C            0.91815828855900       -1.65703267390400        2.57667581160000
C            1.60397057174900       -0.75624918494100        1.73325923374500
C            0.97022725895700       -0.05334712425700        0.67241814979300
C           -0.45065720925000       -0.29541576111600        0.34422249957600
C           -1.34153412481100        0.75870694430200        0.41066043513900
O           -0.87606242870800        2.01812175875700        0.68724422028200
C           -2.73901125815400        0.53773941706600        0.30317392401000
C           -3.19020176917400       -0.73103528834200        0.03751271250400
C           -2.30437268136300       -1.80338936903700       -0.18064328974400
C           -2.76791418200500       -3.08559019927000       -0.54368298120000
C           -1.89087742704300       -4.11017638619900       -0.76474147463700
C           -0.51051792138900       -3.89167295139800       -0.63916579247100
C           -0.03091293871500       -2.66361747229600       -0.27524868193300
C           -0.91078250128500       -1.58933805313600       -0.02191514371600
C            3.75791177142300        2.25994569874300       -0.45983365958800
C            4.67551118374400        3.04313767562600        0.24296203201600
C            5.39394973420700        4.03732503683500       -0.39336587882700
C            5.19474946579500        4.28781220438800       -1.74087613955800
C            4.28780233858100        3.51823438565200       -2.44860979832100
C            3.58482844560700        2.50543046207200       -1.82037251217000
C           -3.71068828998700        1.62194316951100        0.54772991402700
C           -3.67654887532700        2.81427895923600       -0.16902951054200
C           -4.61005171068600        3.80644667457400        0.08617301462200
C           -5.58195242984700        3.62454530320800        1.05675997129400
C           -5.62318857106500        2.43779990834400        1.77073544788800
C           -4.69722806205100        1.44215332858500        1.51582166675200
H            2.07731992885600        4.53082841490600        0.88948308193700
H            4.70625044543200        0.61779413649600        1.41659509775300
H            4.67952599518100       -1.02893890821300        3.18948844250400
H            3.44490841862300       -2.64066332687500        4.59105096134000
H            1.03205013302600       -2.99761123708400        4.22077745549900
H           -0.13867125833500       -1.82017632684700        2.42650738782000
H           -4.25390050260300       -0.90903035461400       -0.04166900185400
H           -3.83260773864500       -3.23719063780600       -0.65359370811000
H           -2.25174784734900       -5.08847467900100       -1.04708689410800
H            0.17534525560300       -4.70257731618800       -0.83755659155400
H            1.03389733026600       -2.50102754654000       -0.19363668165400
H            4.81825994361300        2.87162775806400        1.30107501789100
H            6.11564488158600        4.61898375825500        0.16198290290000
H            5.74581404341300        5.07376548886200       -2.23557393219200
H            4.13174101184500        3.69924553236800       -3.50218805913000
H            2.90364709088400        1.89558851623100       -2.39279468554800
H           -2.92727058272100        2.95510653791100       -0.93222856930600
H           -4.58416821279900        4.72206310956800       -0.48792199050400
H           -6.30705265468700        4.40124728600800        1.25167149505000
H           -6.38030019717100        2.28636712982100        2.52670231562200
H           -4.72606822476100        0.51929094236900        2.07798936175800
C            3.90442472934600        6.17317579736900        3.21718493337300
C            3.15365794013900        5.10226937773400        2.50357113132800
N            2.76482099494900        5.22615072438700        1.26747345509000
C            3.04692854491200        6.21317414791500        0.31268898449600
C            4.20858723680900        6.98395699380100        0.29701513640500
C            4.42266331479300        7.89094786834900       -0.72633703409700
C            3.49580795565100        8.04205301155900       -1.74331351063500
C            2.35063851973500        7.25888080347800       -1.74523091723100
C            2.13009838473900        6.34739498445300       -0.73269353513200
C            2.85564850138400        3.87501117812500        3.23525556573100
C            3.73342418760500        3.44465439386900        4.24214954307400
C            3.49530139793000        2.27136364826400        4.92883602480700
C            2.36274179683800        1.51628645587400        4.65828266963600
C            1.48266519110700        1.93573836642800        3.67589166588600
C            1.72882421909200        3.09205437688200        2.96064643660300
H            4.98171643404800        6.06306454797100        3.09193567297300
H            3.68292105861400        6.12645929395700        4.28156654468600
H            3.59867627598200        7.14799165426400        2.83757859246300
H            4.97285656853100        6.86237810590600        1.04337529684300
H            5.32686802797300        8.48094186295500       -0.72786825259300
H            3.66845706874700        8.75552954845900       -2.53501014177900
H            1.62699263558300        7.35368952706900       -2.54072807640600
H            1.25077351901800        5.72455035150300       -0.74138225791000
H            4.62615291736400        4.00859859717800        4.46487169643500
H            4.19257248295700        1.94591569600900        5.68680675516800
H            2.16726043384900        0.60948116111100        5.20977227088100
H            0.59422725942400        1.36194930367900        3.46459184503700
H            1.02509706026100        3.39573309118400        2.20669510023800
C            1.52091766269500        4.74798178866400        6.92597340556700
O            0.98332876137800        5.18134390741000        5.68633512519900
C           -0.04931119070700        4.44894434226000        5.19690390260700
O           -0.46777579211200        3.47815479651000        5.80081263346700
C           -0.52466061074000        4.98810577701100        3.93030037471000
C           -1.47027351360700        4.38822766086800        3.16355094545100
C           -2.20848430061000        3.13604421056400        3.49565986838900
N           -1.81887012535000        4.93092926629000        1.95598471988200
C           -1.18392393951300        5.99769242641600        1.36613582080400
C           -1.62215641214400        6.23070678975700       -0.04034750624000
C           -0.25585078714500        6.68830503939700        2.06789805045800
C            0.52032539877100        7.83564266875600        1.60520956262400
O            1.57435318130800        8.17399061322900        2.11746440067100
O           -0.02437000155100        8.54239168133500        0.59592169589100
C            0.67895796012800        9.71188512879500        0.19863359848800
C            0.10279010150100        6.28766151917400        3.48555174059100
H            2.30179560641100        5.46048097282800        7.18021764124000
H            1.93108023823700        3.73975823560500        6.83113234663900
H            0.74594682456000        4.73922844951500        7.69573695794500
H           -1.94138908938000        2.78189054926800        4.48448409570800
H           -1.96583457197200        2.37268614331400        2.75814209815500
H           -3.28210829006300        3.31701126135600        3.44772133404800
H           -2.41962544753200        4.37249087830600        1.36070976973800
H           -1.09224953900200        7.05686561481400       -0.49574537803000
H           -2.69048074178500        6.44304138231000       -0.05947658257100
H           -1.44309855489600        5.32409893948400       -0.62111727558600
H            0.74254550292000       10.41447144421600        1.03262183031800
H            0.10647432275800       10.14108463203300       -0.61961489703100
H            1.68990405382400        9.45863769217500       -0.12775325989600
H            1.19123746873800        6.21877859688500        3.56888390561400
H           -0.19572213567300        7.09079240975400        4.17301045365100
