Molecule has no symmetry elements
It seems to be the C1 point group
      -----------------------------------------------------------
     |                   =====================                   |
     |                        T H E R M O                        |
     |                   =====================                   |
     |                         S. Ehlert                         |
     |          Mulliken Center for Theoretical Chemistry        |
     |                    University of Bonn                     |
      -----------------------------------------------------------

   * xtb-thermo version 6.7.1 (edcfbbe) compiled by 'VssAdministrator@runnervm171ch' on 2026-06-10

 * started run on 2026/09/10 at 23:26:53.944     
eigval :       -0.02    -0.02    -0.01     0.01     0.02     0.02
eigval :       29.17    33.68    44.25    87.23   102.95   129.95
eigval :      159.33   168.92   184.59   236.90   282.57   343.12
eigval :      356.83   370.78   379.34   405.43   449.24   460.45
eigval :      478.16   499.31   514.98   562.17   577.62   590.88
eigval :      601.18   653.72   657.30   666.05   725.41   753.70
eigval :      755.90   800.47   821.65   833.07   860.76   864.52
eigval :      873.81   878.42   884.13   912.42   919.28   919.79
eigval :      921.49   927.87   929.35   978.84  1002.89  1028.78
eigval :     1077.42  1079.36  1105.73  1116.18  1146.63  1178.32
eigval :     1178.93  1179.58  1189.52  1207.27  1230.21  1253.50
eigval :     1264.17  1269.84  1279.80  1317.03  1331.82  1365.02
eigval :     1382.59  1399.58  1425.62  1433.64  1449.22  1457.09
eigval :     1465.47  1468.36  1500.84  1559.34  1568.74  1592.84
eigval :     1597.90  1608.41  1706.09  3005.90  3026.77  3057.86
eigval :     3059.69  3064.10  3064.96  3066.41  3068.34  3070.55
eigval :     3074.42  3076.76  3079.08  3086.09  3086.30  3088.26

c1  symmetry found (for desy threshold:  0.10E+00) used in thermo

          ...................................................
          :                      SETUP                      :
          :.................................................:
          :  # frequencies                          96      :
          :  # imaginary freq.                       0      :
          :  linear?                             false      :
          :  only rotor calc.                    false      :
          :  symmetry                               c1      :
          :  rotational number                       1      :
          :  scaling factor                  1.0000000      :
          :  rotor cutoff                  100.0000000 cm⁻¹ :
          :  imag. cutoff                  -20.0000000 cm⁻¹ :
          :.................................................:

    mode    ω/cm⁻¹     T·S(HO)/kcal·mol⁻¹    T·S(FR)/kcal·mol⁻¹   T·S(vib)
   ------------------------------------------------------------------------
       1     29.17    -1.75470 (  0.72%)    -1.21612 ( 99.28%)    -1.21999
       2     33.68    -1.66958 (  1.27%)    -1.17349 ( 98.73%)    -1.17980
       3     44.25    -1.50831 (  3.69%)    -1.09264 ( 96.31%)    -1.10800
       4     87.23    -1.10952 ( 36.66%)    -0.89166 ( 63.34%)    -0.97154
       5    102.95    -1.01302 ( 52.90%)    -0.84257 ( 47.10%)    -0.93274
       6    129.95    -0.87860 ( 74.04%)    -0.77359 ( 25.96%)    -0.85133
       7    159.33    -0.76258 ( 86.57%)    -0.71320 ( 13.43%)    -0.75594
       8    168.92    -0.72972 ( 89.06%)    -0.69589 ( 10.94%)    -0.72602
       9    184.59    -0.68023 ( 92.07%)    -0.66961 (  7.93%)    -0.67938
      10    236.90    -0.54444 ( 96.92%)    -0.59570 (  3.08%)    -0.54601
      11    282.57    -0.45261 ( 98.46%)    -0.54347 (  1.54%)    -0.45401
   ------------------------------------------------------------------------

   temp. (K)  partition function   enthalpy   heat capacity  entropy
                                   cal/mol     cal/K/mol   cal/K/mol   J/K/mol
 298.15  VIB  0.424E+06             8217.932     53.056     47.706
         ROT  0.459E+07              888.752      2.981     33.466
normal termination of xtb
         INT  0.195E+13             9106.684     56.037     81.172
         TR   0.372E+28             1481.254      4.968     42.374
         TOT                       10587.9384    61.0048   123.5457   516.9152

       T/K    H(0)-H(T)+PV         H(T)/Eh          T*S/Eh         G(T)/Eh
   ------------------------------------------------------------------------
    298.15    0.168730E-01    0.285652E+00    0.587005E-01    0.226951E+00
   ------------------------------------------------------------------------

         :::::::::::::::::::::::::::::::::::::::::::::::::::::
         ::                  THERMODYNAMIC                  ::
         :::::::::::::::::::::::::::::::::::::::::::::::::::::
         :: total free energy           0.226951030730 Eh   ::
         ::.................................................::
         :: total energy                0.000000000000 Eh   ::
         :: zero point energy           0.268778623572 Eh   ::
         :: G(RRHO) w/o ZPVE           -0.041827592842 Eh   ::
         :: G(RRHO) contrib.            0.226951030730 Eh   ::
         :::::::::::::::::::::::::::::::::::::::::::::::::::::

------------------------------------------------------------------------
 * finished run on 2026/09/10 at 23:26:53.974     
------------------------------------------------------------------------
 total:
 * wall-time:     0 d,  0 h,  0 min,  0.030 sec
 *  cpu-time:     0 d,  0 h,  0 min,  0.000 sec
 * ratio c/w:     0.000 speedup

