28
 energy: -39.507651176538 gnorm: 0.063576034246 xtb: 6.7.1 (edcfbbe)
C           -1.14393801750000       -3.05448965800000       -0.15070858900000
C           -0.41381696910000       -1.73204852620000       -0.21121522040000
N            0.78805764810000       -1.73693344130000       -0.70834812850000
C            1.51682223700000       -0.54874179250000       -0.85457055770000
C            2.63085259790000       -0.32150368250000       -0.04281398700000
C            3.38695682750000        0.84392654380000       -0.18426124100000
C            3.04034874160000        1.78420788130000       -1.15344015510000
C            1.94592227470000        1.55432074220000       -1.98605418550000
C            1.19326298350000        0.38684851610000       -1.84191325360000
C           -1.15443371200000       -0.55366135780000        0.30034679810000
C           -2.35062521870000       -0.17676887520000       -0.31724857840000
C           -3.06079186050000        0.92062380640000        0.17020353200000
C           -2.57860926290000        1.63139359570000        1.27080298430000
C           -1.38704779860000        1.24741461080000        1.88857480620000
C           -0.67285314800000        0.15053709780000        1.40647156260000
H           -0.48658087010000       -3.81193805750000        0.28688105430000
H           -2.04979975460000       -2.98905636480000        0.45797778590000
H           -1.41407339140000       -3.36163607810000       -1.16523468740000
H            2.90788917400000       -1.06202950910000        0.70202252540000
H            4.24834554860000        1.01231335080000        0.45606240250000
H            3.62926749790000        2.69052676210000       -1.26731297180000
H            1.68117239160000        2.27847993050000       -2.75148661130000
H            0.35111359500000        0.20259025640000       -2.50213473480000
H           -2.72524966400000       -0.72265153830000       -1.17882703750000
H           -3.98833672820000        1.22500211510000       -0.30823068980000
H           -3.13196494860000        2.48832841850000        1.64769453260000
H           -1.01393816260000        1.80404719940000        2.74456141940000
H            0.25204798920000       -0.14910194560000        1.89145917580000
28
 energy: -39.511311032253 gnorm: 0.020540389313 xtb: 6.7.1 (edcfbbe)
C           -1.13208381030090       -3.04972973891180       -0.15584366478235
C           -0.41169601904808       -1.73000436713039       -0.21551735466218
N            0.77051405764181       -1.71444467058747       -0.68789124750723
C            1.49872387217349       -0.53287578452435       -0.83393325006362
C            2.62623356441825       -0.31766439807191       -0.04139564801486
C            3.38156961536084        0.83282005344040       -0.19494153040033
C            3.03825356843577        1.76959748543516       -1.15775078207383
C            1.94898927317490        1.53915485440000       -1.98358876620379
C            1.18373794528781        0.39516636945956       -1.82654724556236
C           -1.15013896711815       -0.55207222307536        0.29585364573598
C           -2.34588580244554       -0.17287060367263       -0.30864779546332
C           -3.04874375818420        0.92011841124926        0.17292170409627
C           -2.57196772006041        1.62695643903060        1.26653841284278
C           -1.38743410496943        1.24468008025195        1.87723392218525
C           -0.67263842905035        0.16088571199474        1.39139913038815
H           -0.47658088269539       -3.80954872923352        0.26685132897393
H           -2.03454606951005       -2.97572567841623        0.44895369318354
H           -1.40269081508969       -3.36441951814721       -1.16304296725617
H            2.89542701844575       -1.05068048166645        0.70787980650951
H            4.23629378155901        1.00262130886112        0.44615751539102
H            3.62149587541567        2.67467195161814       -1.26795333153243
H            1.68351737165133        2.26079963863191       -2.74462873415840
H            0.33971730278853        0.21336455451629       -2.47920696900716
H           -2.71838572785802       -0.71869180644731       -1.16492020081162
H           -3.97369929941737        1.21966906947191       -0.30202317210727
H           -3.12536799003444        2.47657488252732        1.64453536954734
H           -1.01851611447128        1.79351705631007        2.73352616917924
H            0.24590226370016       -0.14186986731380        1.87523991187391
28
 energy: -39.511841560196 gnorm: 0.007701874936 xtb: 6.7.1 (edcfbbe)
C           -1.12841621213937       -3.05220361028709       -0.16286866063222
C           -0.41150912143758       -1.73460422039893       -0.21581412571579
N            0.76609342518136       -1.69923507694480       -0.67140840916665
C            1.49461582900446       -0.52542485258443       -0.82154759584117
C            2.62563923928637       -0.31272474342544       -0.03426542679741
C            3.38070273869806        0.83144136799784       -0.19613424245857
C            3.04108929976834        1.76474541390247       -1.16144668360961
C            1.94660863046130        1.53612725176955       -1.97759592171932
C            1.17561746947895        0.40203164293981       -1.81249564247613
C           -1.15475905412166       -0.55826399655361        0.29703662369160
C           -2.34939176929861       -0.17368327282163       -0.30319813452923
C           -3.04676372989110        0.92083924052480        0.17369221930936
C           -2.56948821885426        1.62837110300541        1.26379824344186
C           -1.38510248692029        1.24615331458985        1.86935532902356
C           -0.67462436261709        0.16311706742285        1.38433931495554
H           -0.46911254033909       -3.81277583475774        0.24789763321793
H           -2.02778220428834       -2.97924902832673        0.44304118352155
H           -1.40026616610504       -3.36439989743466       -1.16951970747047
H            2.88926204347606       -1.04282400705958        0.71759716954741
H            4.24094630328424        0.99608027461215        0.43642156317303
H            3.62949343692215        2.66283632115491       -1.28045004607847
H            1.68478284097059        2.25105096480720       -2.74435136160189
H            0.32141702543213        0.22406067723253       -2.45120878988590
H           -2.72255136255773       -0.72318603126732       -1.15505267187856
H           -3.96972310833113        1.21909041806279       -0.30174487169997
H           -3.12170697478043        2.47593469783183        1.64232920609193
H           -1.01314070566095        1.79270394348304        2.72346067092585
H            0.24806973517867       -0.13600912747503        1.85939108496172
28
 energy: -39.512042540673 gnorm: 0.005130332601 xtb: 6.7.1 (edcfbbe)
C           -1.12668053932460       -3.05861383069651       -0.17075390551483
C           -0.41520078391632       -1.73953367635914       -0.21408899121182
N            0.76589858507693       -1.68800225721520       -0.65676932327899
C            1.49215848654940       -0.51810620991634       -0.80747556590994
C            2.62860246804551       -0.30794103216992       -0.02647845844565
C            3.38864924167883        0.83053682970733       -0.19960109541537
C            3.05050257095615        1.76088265738817       -1.16879626753404
C            1.94748767665942        1.53567636486160       -1.97468096970367
C            1.16856694691642        0.40939072137377       -1.79760468188100
C           -1.16369603271508       -0.56447509024842        0.29915793690025
C           -2.35933366053460       -0.17811038300755       -0.29775330314389
C           -3.05141705038984        0.92077053889060        0.17558305804205
C           -2.56980498934709        1.63143569691504        1.26203944792609
C           -1.38331729770984        1.24915453436326        1.86372203023145
C           -0.67688855435937        0.16408573377736        1.37899599770332
H           -0.46294827290032       -3.82122538726462        0.22908895829907
H           -2.02349835719396       -2.99224319120602        0.43850626234529
H           -1.40141034246381       -3.36284322000905       -1.17937012650103
H            2.88902879342664       -1.03643945941314        0.72758944836429
H            4.25214502568468        0.99411846255215        0.42884003427033
H            3.64337682787024        2.65429884634023       -1.29581725637857
H            1.68384080391329        2.24874913501486       -2.74260354282063
H            0.30578115451449        0.23364854322281       -2.42520993814183
H           -2.73484821002868       -0.73114195390244       -1.14641211740371
H           -3.97286364967935        1.22037160644558       -0.30133797312247
H           -3.11872678824160        2.48131477692476        1.63907483445683
H           -1.00503744557702        1.79769732844581        2.71352104111155
H            0.24963339288950       -0.13345608481494        1.84789241705692
28
 energy: -39.512269424887 gnorm: 0.005276605429 xtb: 6.7.1 (edcfbbe)
C           -1.12340471037244       -3.07013649512379       -0.18770066980793
C           -0.42373840893122       -1.74599234922365       -0.20853069144869
N            0.76662856244224       -1.67101446186091       -0.62735213401024
C            1.48929558844742       -0.50611820428133       -0.77986720663568
C            2.63709633231514       -0.29953596403633       -0.01222137789303
C            3.40692457455541        0.82958202097948       -0.20584384695198
C            3.06896068043326        1.75440275144146       -1.18159808737466
C            1.94868160196257        1.53694985290109       -1.96722989452815
C            1.15750085263673        0.42242279062804       -1.76845494966681
C           -1.18202368981832       -0.57390421377069        0.30291663937931
C           -2.38183412084996       -0.18893599896784       -0.28703565954881
C           -3.06450162499421        0.91889996973682        0.18053621506293
C           -2.57143774506652        1.63847422711699        1.25718746910321
C           -1.38052603728876        1.25708975668053        1.85255426305769
C           -0.68212879295112        0.16585209059211        1.37021268022995
H           -0.45065906470539       -3.83809006065434        0.18877501658632
H           -2.01519443167618       -3.02255835230273        0.43070873003241
H           -1.40599606078302       -3.35405477631603       -1.20122138784267
H            2.89568401615390       -1.02516607200501        0.74514711430239
H            4.28023326670883        0.98997641116712        0.41100087778488
H            3.67468666159197        2.63644126523137       -1.32906212617610
H            1.68147156566097        2.24722372590706       -2.73730093953549
H            0.27965118268106        0.25170026359968       -2.37683837694902
H           -2.76534696869755       -0.74987624986153       -1.12780966593798
H           -3.98617023754907        1.21970267088885       -0.29578103008579
H           -3.11384152599433        2.49432336520846        1.63060099910611
H           -0.99028909957238        1.81191567929032        2.69340296955698
H            0.25027763346099       -0.12957364296513        1.83006302049080
28
 energy: -39.512388697214 gnorm: 0.006133262865 xtb: 6.7.1 (edcfbbe)
C           -1.12062659793073       -3.07439813572437       -0.19897304288299
C           -0.42887602848520       -1.74627085915034       -0.20434281037697
N            0.76702703639358       -1.66376710635801       -0.60875781196546
C            1.48903915252494       -0.50043755875025       -0.76275338099327
C            2.64506767409953       -0.29655736990512       -0.00543938107807
C            3.42119066274581        0.82666864642401       -0.21123343526521
C            3.08109830534029        1.74899459826694       -1.18894243564820
C            1.94963255759823        1.53810386788228       -1.96089499691336
C            1.15250825699922        0.42997093512391       -1.74929535095624
C           -1.19322196542149       -0.57701897627014        0.30439375513099
C           -2.39792088803786       -0.19731904144673       -0.27942029191323
C           -3.07609526729276        0.91518696496879        0.18540886216713
C           -2.57426099567929        1.64265675668967        1.25321783267300
C           -1.37996566997214        1.26392232911692        1.84447537639681
C           -0.68586726026090        0.16859751895571        1.36459151229670
H           -0.44049165740742       -3.84597982887462        0.15819561419587
H           -2.00765260876120       -3.04346725509489        0.42847152308749
H           -1.41179027643141       -3.34173149584115       -1.21526140831431
H            2.90572187952550       -1.02039485551987        0.75317744908852
H            4.30154956094909        0.98443591812760        0.39695682505375
H            3.69406697183115        2.62429289649556       -1.34866528251775
H            1.67893356258432        2.24826192376769       -2.73026286889508
H            0.26671310742341        0.26363592261534       -2.34732378677553
H           -2.78869560379141       -0.76391281105735       -1.11351042716475
H           -4.00063984277076        1.21446386714892       -0.28709766151021
H           -3.11234230014267        2.50325508323627        1.62302270479527
H           -0.98310764667886        1.82438258283301        2.67892466493717
H            0.24900588084907       -0.12557451765967        1.82059620364791
28
 energy: -39.512558121968 gnorm: 0.005285972733 xtb: 6.7.1 (edcfbbe)
C           -1.11686267785481       -3.07522099267841       -0.21371838366462
C           -0.43399175252105       -1.74228558388705       -0.19894690074487
N            0.76851835964037       -1.65877260016739       -0.58586754088772
C            1.49153348344323       -0.49604021387719       -0.74239785061016
C            2.65841458271800       -0.29637756542708        0.00003271578586
C            3.44124530660778        0.82008466152386       -0.21926048744701
C            3.09586547965281        1.74099282161201       -1.19639573669063
C            1.95088920145020        1.53926462228243       -1.95080296075806
C            1.14880302453980        0.43774828514477       -1.72474729275229
C           -1.20573105475010       -0.57762983353213        0.30529986700867
C           -2.41893892927385       -0.20926228026259       -0.26856161337903
C           -3.09403435275755        0.90709616302051        0.19369286070861
C           -2.58058184870277        1.64713668743373        1.24753700014720
C           -1.38115062130159        1.27484611338626        1.83311405043218
C           -0.69066181749672        0.17525740116499        1.35700172639225
H           -0.42519660491624       -3.85160580687978        0.11188813072582
H           -1.99434958627677       -3.06905097877923        0.42990208870572
H           -1.42510373527686       -3.31692019641235       -1.23223383374549
H            2.92515996062375       -1.01824997357723        0.75889963779301
H            4.33141745682404        0.97320429511893        0.37623869060601
H            3.71640856111118        2.60850348101224       -1.37035285623029
H            1.67468554052449        2.25059197850278       -2.71737305382036
H            0.25423075489356        0.27820043546833       -2.31119518038468
H           -2.82009728147440       -0.78359194641243       -1.09258861963818
H           -4.02539037992762        1.20075958471571       -0.27006512719546
H           -3.11412510747856        2.51349330103850        1.61184019675670
H           -0.97775429985556        1.84385370884318        2.65895400906073
H            0.24679833763528       -0.11602556837517        1.80936441412603
28
 energy: -39.512738986405 gnorm: 0.005306642774 xtb: 6.7.1 (edcfbbe)
C           -1.11368046758790       -3.07146216013956       -0.23349585048735
C           -0.43762388746582       -1.73480573407324       -0.19220515786367
N            0.77254167986382       -1.65516256632215       -0.55778181410860
C            1.49750708342376       -0.49255542140882       -0.71739288404549
C            2.67869910240223       -0.30005926441060        0.00419492713268
C            3.46824007837263        0.80873570077801       -0.23085569711122
C            3.11406352073193        1.73005885108179       -1.20414691326533
C            1.95228053871914        1.53986238579506       -1.93566176118680
C            1.14525824883576        0.44585363646070       -1.69251348449178
C           -1.21795079424316       -0.57612999787599        0.30653183128503
C           -2.44353754658934       -0.22581269973725       -0.25274437148806
C           -3.11864189695151        0.89237506339531        0.20637755560534
C           -2.59233402813750        1.65093781707594        1.24057434700350
C           -1.38470339972836        1.29146624020401        1.81745625807313
C           -0.69552429267473        0.18882625381055        1.34648745927589
H           -0.40738697314048       -3.85505091148567        0.04409833491166
H           -1.97436331965912       -3.09624698979393        0.43443343613584
H           -1.45043830446054       -3.27606143906959       -1.25261641943973
H            2.95556456959442       -1.02073968415241        0.76104576344369
H            4.37112329002326        0.95463746882104        0.34726682540689
H            3.74159032360491        2.58928711025990       -1.39379413685809
H            1.66805236591324        2.25320448750920       -2.69733810503380
H            0.23953174581084        0.29515396424696       -2.26428541508983
H           -2.85662264112891       -0.81140964902074       -1.06272790501171
H           -4.06055328068531        1.17440830141596       -0.24424038692118
H           -3.12291647184614        2.52240047391124        1.59763107373954
H           -0.97481087788912        1.87310263554816        2.63139195917780
H            0.24663563469201       -0.09481387282363        1.79356848151161
28
 energy: -39.512901304217 gnorm: 0.005423212767 xtb: 6.7.1 (edcfbbe)
C           -1.11368484503857       -3.06345739267807       -0.24929276008531
C           -0.43745904575783       -1.72721161912544       -0.18828549276431
N            0.77789699080403       -1.65455228922754       -0.53836492139551
C            1.50524355012276       -0.49195380873471       -0.69948816121969
C            2.69807230284711       -0.30747148457865        0.00412684156704
C            3.49070252307082        0.79669514872203       -0.24127344299715
C            3.12744657900182        1.72128113338566       -1.20790401669062
C            1.95310602287029        1.54033129352685       -1.92098703333202
C            1.14378678074903        0.45107009269268       -1.66654971787894
C           -1.22273600969714       -0.57258481758393        0.30698032066191
C           -2.45976266382369       -0.24027016457524       -0.23850313999509
C           -3.13944834122616        0.87594504332771        0.21854625404099
C           -2.60599474401962        1.65102299195617        1.23621761320666
C           -1.38934317184777        1.30702619598587        1.80366325045814
C           -0.69683256044203        0.20528648387025        1.33615079882931
H           -0.39869538854438       -3.85254490574892       -0.01413888407232
H           -1.95689157515416       -3.11002774605831        0.43927847163721
H           -1.47833875489228       -3.23736771326158       -1.26491030954209
H            2.98444564687312       -1.02945491821659        0.75634505343827
H            4.40369085691921        0.93541419552310        0.32215685533824
H            3.75812104137168        2.57553741771024       -1.40755861259205
H            1.66161242700031        2.25620548055651       -2.67725702723392
H            0.22933640659628        0.30753458404765       -2.22636511798627
H           -2.88000480948638       -0.83649547392341       -1.03646059015091
H           -4.09108751553452        1.14418679979010       -0.22035284755739
H           -3.13824528830472        2.52318680095709        1.58849537125006
H           -0.97599696865645        1.90030835899451        2.60723845665881
H            0.25106055399921       -0.06763968733373        1.77775073870695
28
 energy: -39.513124703935 gnorm: 0.005249246534 xtb: 6.7.1 (edcfbbe)
C           -1.11745438430683       -3.05000356672758       -0.26398072202807
C           -0.43391913053099       -1.71843957308648       -0.18641576929709
N            0.78537124701080       -1.65565732949200       -0.52340662781168
C            1.51616702781119       -0.49374134893462       -0.68456205684113
C            2.72107199232451       -0.32072244699969       -0.00045543831197
C            3.51450373477720        0.78067457305145       -0.25327169726519
C            3.14005654515684        1.71272069791728       -1.20840035628220
C            1.95380896436500        1.54163326827138       -1.90274698485608
C            1.14356165154058        0.45561189630686       -1.64038083522160
C           -1.22140679988655       -0.56634831369772        0.30686512681018
C           -2.47134089675317       -0.25637855074108       -0.22245963141150
C           -3.16149303753200        0.85349692070299        0.23315086376171
C           -2.62530373065130        1.64704865745350        1.23387292772912
C           -1.39608595041699        1.32565949710235        1.78776740367926
C           -0.69435461973768        0.22946244166548        1.32229562813221
H           -0.39732084229795       -3.84488974631320       -0.07724471042134
H           -1.93818480922506       -3.11436113768104        0.44750249930592
H           -1.51643672913572       -3.19173125082165       -1.27089895711475
H            3.01753974082333       -1.04774053049195        0.74278478440578
H            4.43768364428402        0.91028778921690        0.29442265063918
H            3.77122943760501        2.56425754433917       -1.41438269008399
H            1.65410401237192        2.26169342797728       -2.65140195187202
H            0.22037062635390        0.31921236436471       -2.18739158483625
H           -2.89469809843297       -0.86552139168395       -1.00791859035875
H           -4.12385418496611        1.10224700724555       -0.19324087766929
H           -3.16508976609782        2.51485008876764        1.58394461377279
H           -0.98117731451043        1.93254547856262        2.57979722079001
H            0.26265166985720       -0.02586646627386        1.75541371295678
28
 energy: -39.513369095402 gnorm: 0.006900770759 xtb: 6.7.1 (edcfbbe)
C           -1.12399995376708       -3.03392617247303       -0.27961998986316
C           -0.42941586438100       -1.70937564083579       -0.18497519938573
N            0.79406849185430       -1.65457981346344       -0.50789620558394
C            1.52959643504775       -0.49587926222003       -0.66835937941821
C            2.74991736211681       -0.33951065574392       -0.00830090988163
C            3.54494639187151        0.75884062915562       -0.26864248248823
C            3.15720522611720        1.70279432327395       -1.20708451583624
C            1.95545771603649        1.54552158453127       -1.87812558811744
C            1.14280934811543        0.46331259229619       -1.60835480797948
C           -1.21843084305202       -0.55839497375625        0.30669855571634
C           -2.48416718857426       -0.27737028309203       -0.20225647453681
C           -3.18892328705988        0.82348706229129        0.25151764176350
C           -2.65154867842617        1.64033643693892        1.23240816846973
C           -1.40482609852816        1.35046259145527        1.76601880105612
C           -0.68907820457284        0.26365051695961        1.30122336972914
H           -0.39753097893065       -3.83890959849928       -0.16084754922891
H           -1.91165112106513       -3.11973026476342        0.46774054152811
H           -1.57270997937222       -3.13246144918286       -1.27316779010138
H            3.05597968816556       -1.07583392325550        0.72142668547519
H            4.48104016131807        0.87594604279058        0.25950531232877
H            3.78954984139828        2.55183156714286       -1.41857972828468
H            1.64564281289469        2.27256514939430       -2.61574538989619
H            0.20754257536198        0.33603000699292       -2.13751462149038
H           -2.90855844632244       -0.90448836002673       -0.97265908172897
H           -4.16356842813129        1.04602406526764       -0.16084516792088
H           -3.20375216376805        2.49965442280202        1.58311196000590
H           -0.98755323780978        1.97526401404823        2.54275063215947
H            0.28195842326279        0.03473939197203        1.71983116381014
28
 energy: -39.513546777093 gnorm: 0.006096335080 xtb: 6.7.1 (edcfbbe)
C           -1.13288421529582       -3.01735799826025       -0.28303710245712
C           -0.42285296365658       -1.70233387074999       -0.18951151945674
N            0.80088125191932       -1.65594892743708       -0.51111861538227
C            1.54187785151441       -0.50155275924433       -0.66960817126872
C            2.77092168823687       -0.36138360209882       -0.02417705790901
C            3.56477332920158        0.73834082695208       -0.28054519387121
C            3.16668049508479        1.69883948332382       -1.19834529135404
C            1.95786030930778        1.55313350254914       -1.85737256740477
C            1.14628713955069        0.46914450334359       -1.59374469126562
C           -1.20816019353740       -0.54836842344984        0.30343979920177
C           -2.48518192139532       -0.29160499918782       -0.18921401249399
C           -3.20708903654042        0.79667476030331        0.26658806270712
C           -2.67529300627736        1.62906784678657        1.23625452517742
C           -1.41295916965433        1.36921750511136        1.74880043232097
C           -0.68033691337335        0.29532879496341        1.28020153187191
H           -0.41518614357767       -3.82408605719263       -0.20232819790482
H           -1.89443079729603       -3.10826356848467        0.48472104806238
H           -1.61519205762495       -3.09792331983643       -1.25570026887424
H            3.08170928756515       -1.11186454148170        0.68856559866220
H            4.50850696054037        0.84373773347021        0.23513028233964
H            3.79641382987243        2.55084133637940       -1.40361534091602
H            1.64083117820994        2.29070066235826       -2.58160263422588
H            0.20479132948173        0.34879553712693       -2.11196690834923
H           -2.90477727111624       -0.93354822002694       -0.94960916461987
H           -4.19067803440606        0.99461578343969       -0.13510067060655
H           -3.24369783711458        2.47489439375955        1.59435376091944
H           -0.99620063338199        2.00803967587988        2.51390520456117
H            0.30338554356290        0.09286394170378        1.68389511283630
28
 energy: -39.513656227705 gnorm: 0.006903471973 xtb: 6.7.1 (edcfbbe)
C           -1.13566711308718       -3.00866583016892       -0.29012306160940
C           -0.42189473361062       -1.69640283690265       -0.18825648107297
N            0.80443739106064       -1.65132786059802       -0.50286408481622
C            1.55040768466562       -0.50221973813300       -0.66187515047418
C            2.79162278000379       -0.37733716481629       -0.03429155278824
C            3.58975398945231        0.71917574615278       -0.29311252386258
C            3.18394157551365        1.69164032733329       -1.19513031279104
C            1.96285855134401        1.56097693207472       -1.83695443409434
C            1.14719644190242        0.48008297261071       -1.57157464414333
C           -1.21010164227891       -0.54244161386445        0.30230328981757
C           -2.49925817072627       -0.30917403646028       -0.17334210650472
C           -3.23044138360961        0.77282586819789        0.28187535720092
C           -2.69569664057084        1.62347875033429        1.23571144968149
C           -1.41962400726004        1.38980605598679        1.72809821374075
C           -0.67791979927999        0.32242527512787        1.25881468060390
H           -0.41277597272647       -3.82478999810278       -0.26976521605421
H           -1.86431791577456       -3.12037017308519        0.51405726414680
H           -1.66568927508717       -3.05334562016074       -1.24746398347289
H            3.10629959915821       -1.13782284751622        0.66612591515432
H            4.54329083488817        0.81312818108911        0.20812353798656
H            3.81715748255593        2.54146087433695       -1.40152018892355
H            1.63951406037694        2.30789618921457       -2.54925294838532
H            0.19647890294000        0.36937437119102       -2.07562461724413
H           -2.92045631836077       -0.96568837012032       -0.92132658583708
H           -4.22342948685923        0.94999941299168       -0.10766831962966
H           -3.27251827990344        2.46242203397785        1.59706717947226
H           -0.99883755692519        2.04402519365792        2.47899633786068
H            0.31566900199842        0.14086790565195        1.64823093633892
28
 energy: -39.513755347466 gnorm: 0.003483586095 xtb: 6.7.1 (edcfbbe)
C           -1.13275713948566       -3.01254729237102       -0.28364020201572
C           -0.42470580539089       -1.69685055406960       -0.18947470150249
N            0.80055274823808       -1.64794441692463       -0.50887602808359
C            1.54782809709270       -0.50077694502808       -0.66816130066406
C            2.78921355664919       -0.37919583034089       -0.03972005578548
C            3.59047682853890        0.71646329401280       -0.29391533842538
C            3.18774455291924        1.69227155431206       -1.19252340648140
C            1.96671501828964        1.56627893264985       -1.83570823147674
C            1.14846210268983        0.48560964118570       -1.57522935834768
C           -1.21474855453287       -0.54297809360225        0.30065923700868
C           -2.50348749428578       -0.30967163313728       -0.17352576174795
C           -3.23249312767386        0.77262215594525        0.28342933176046
C           -2.69537016357990        1.62301538963994        1.23646273101095
C           -1.41984402212750        1.39000596900584        1.72488318410435
C           -0.68045286810632        0.32155668710939        1.25437995436085
H           -0.41032878105912       -3.82621221287650       -0.26227831692615
H           -1.85774499256082       -3.12550446778323        0.52214554495533
H           -1.66465157151857       -3.06155051987409       -1.23589636319426
H            3.10113075395325       -1.14283646925444        0.65805582252355
H            4.54353192676486        0.80791036008353        0.20839208327498
H            3.82329321110322        2.54202206401639       -1.39469021586092
H            1.64563630328620        2.31715577292380       -2.54448923620724
H            0.19770630286589        0.37849966887947       -2.07965390901986
H           -2.92568767211162       -0.96513762712992       -0.92130796873557
H           -4.22525141897550        0.95024482780428       -0.10411631985252
H           -3.26994926794858        2.46234727722779        1.59971877101407
H           -0.99730405815924        2.04507063746226        2.47373762175583
H            0.31248553492504        0.14013183013416        1.64060038285829
28
 energy: -39.513891673647 gnorm: 0.003640972633 xtb: 6.7.1 (edcfbbe)
C           -1.12854706897361       -3.01453776536818       -0.27339820286551
C           -0.42793566596513       -1.69386766026500       -0.19197412214208
N            0.79466129144593       -1.64094149475942       -0.52160029483268
C            1.54744875169518       -0.49897635409031       -0.68148547711708
C            2.79309171985429       -0.39313162050077       -0.05768161661490
C            3.60196586936203        0.69979221087416       -0.29979283086154
C            3.20192404604275        1.69057083964206       -1.18245112091111
C            1.97846195407819        1.58183087095977       -1.82349381734640
C            1.15395182619716        0.50270150870409       -1.57529683628615
C           -1.22267410776488       -0.54082757534462        0.29565348782357
C           -2.51899449232160       -0.32050460401190       -0.16544377948975
C           -3.25004360258372        0.75841233026018        0.29586392255867
C           -2.70646993374771        1.61768027469488        1.23834053754385
C           -1.42166271816846        1.40156943498392        1.70684428425856
C           -0.68117302694155        0.33374694854296        1.23404301497975
H           -0.40444475008910       -3.82366476147780       -0.27572111051559
H           -1.82791004535855       -3.13688994193067        0.55280484724852
H           -1.69142038443747       -3.05910903670209       -1.20570318104317
H            3.10150895740357       -1.16868444602313        0.62859445232171
H            4.55778772880204        0.77865093325688        0.19929455527970
H            3.84260465378193        2.53966398859954       -1.37394249770198
H            1.66042311143197        2.34635316790993       -2.51884339276741
H            0.20041525555603        0.40980232200980       -2.07649021831909
H           -2.94693576090584       -0.98207955298123       -0.90478762601578
H           -4.24968034926970        0.92577651947182       -0.07865506549046
H           -3.28158802158614        2.45502540776952        1.60545076054460
H           -0.99347614216643        2.06647958257638        2.44383178510762
H            0.31871090442864        0.16515847319994        1.60529749295454
28
 energy: -39.513975628308 gnorm: 0.004733535464 xtb: 6.7.1 (edcfbbe)
C           -1.12515484274461       -3.01472252468427       -0.26385615039734
C           -0.43114131188194       -1.68955939199498       -0.19719849165518
N            0.78887713219741       -1.63415531519176       -0.53595845487983
C            1.54679636272327       -0.49581387951622       -0.69424220589268
C            2.79719081802828       -0.40832631633064       -0.07576146138064
C            3.61390975910633        0.68130657189753       -0.30561371034620
C            3.21714579413179        1.68774628088211       -1.17246768550518
C            1.98998008887475        1.59739833900839       -1.80992031617614
C            1.15808120361313        0.52102520890263       -1.57349166252363
C           -1.22925509437168       -0.53887868222491        0.29047127667560
C           -2.53381034657129       -0.33246061032217       -0.15538476038891
C           -3.26792188381943        0.74305173354432        0.30942288681094
C           -2.71831613838671        1.61358909338416        1.23836960144690
C           -1.42457581635823        1.41367930007770        1.68824626342282
C           -0.68110671280480        0.34796694692594        1.21314466433950
H           -0.39370623625679       -3.81788862160918       -0.29729627100301
H           -1.79385685599320       -3.14773749232336        0.58779696724414
H           -1.72386604723016       -3.05677627584127       -1.17394321515899
H            3.10271257205180       -1.19604550745275        0.59853512639148
H            4.57258570961303        0.74560648912646        0.19024244602512
H            3.86257263786198        2.53574140544747       -1.35326407912781
H            1.67544917090539        2.37489771910336       -2.49250007736674
H            0.20171232529948        0.44361495585752       -2.07208523853956
H           -2.96755582127913       -1.00126209597370       -0.88478129699296
H           -4.27497891485429        0.89938915531445       -0.05078987912398
H           -3.29687645971470        2.44742604965118        1.60896005264255
H           -0.99115128011521        2.08892978248727        2.41251022438802
H            0.32626018777537        0.19225768185549        1.57011339737221
28
 energy: -39.514028462772 gnorm: 0.003192808328 xtb: 6.7.1 (edcfbbe)
C           -1.12137430728176       -3.01588713959236       -0.25555496138201
C           -0.43368784959755       -1.68592945410773       -0.20317713999432
N            0.78341180817591       -1.62894635084714       -0.55107334625532
C            1.54433576068370       -0.49154854968378       -0.70701806710373
C            2.79653046609324       -0.41935865526035       -0.09020470954929
C            3.61963944557401        0.66745017700590       -0.30819167604007
C            3.22763661891789        1.68614759627381       -1.16341896933492
C            1.99964903395818        1.60961816080782       -1.80063986677596
C            1.16070268293050        0.53628259995555       -1.57488938048100
C           -1.23337898537695       -0.53793370941820        0.28597876533811
C           -2.54409458361511       -0.34116584840920       -0.14710912770812
C           -3.28030534752499        0.73211705684011        0.32044714059310
C           -2.72604143363310        1.61160247203846        1.23769853117605
C           -1.42571873466556        1.42216101952001        1.67460514426687
C           -0.68091168176089        0.35774197380626        1.19817685558620
H           -0.38435452229633       -3.81215836286129       -0.30723535093111
H           -1.76551424390129       -3.15230395061811        0.61214213726882
H           -1.74538173222740       -3.06426986421130       -1.14793555084121
H            3.09864824561816       -1.21624659283226        0.57502017302688
H            4.57976263104649        0.71873765578789        0.18682258137803
H            3.87768636740548        2.53221781617810       -1.33550652265622
H            1.68966064617028        2.39671718912983       -2.47412236235662
H            0.20315209064386        0.47239418837544       -2.07388552901777
H           -2.98352561170022       -1.01612884757036       -0.86766475130826
H           -4.29265193355975        0.88143336209686       -0.02844821314632
H           -3.30667763085153        2.44395018961392        1.60895872895519
H           -0.98823890877060        2.10427753921588        2.38938887475734
H            0.33104170934520        0.20902832876713        1.54609454283624
28
 energy: -39.514054958178 gnorm: 0.002129735034 xtb: 6.7.1 (edcfbbe)
C           -1.11861023465457       -3.01671075977810       -0.25163035979997
C           -0.43645940257893       -1.68317597889569       -0.20881070011485
N            0.77906828234322       -1.62481357853178       -0.56144600142867
C            1.54152477763749       -0.48734290944903       -0.71441895923726
C            2.79461331687739       -0.42547114665137       -0.09856522897036
C            3.62265006893821        0.65863983508509       -0.30994999987789
C            3.23454564523116        1.68444757221447       -1.15831111505954
C            2.00556989942758        1.61695120347492       -1.79462584261453
C            1.16115719439660        0.54645507863680       -1.57509217906414
C           -1.23653838334965       -0.53777530401985        0.28374653543585
C           -2.55038020936352       -0.34669658794717       -0.14033820359111
C           -3.28686758576687        0.72623051097550        0.32753953093746
C           -2.72980842137337        1.61222852138018        1.23595629676783
C           -1.42709291483750        1.42696878036402        1.66680473966977
C           -0.68265030333940        0.36309076475990        1.19035009767868
H           -0.37613123973401       -3.80791190193359       -0.31720117389735
H           -1.74345694838617       -3.15760765952653        0.63020886895576
H           -1.75832651817033       -3.07115924342020       -1.13239995126620
H            3.09354095669817       -1.22791516262767        0.56089532845276
H            4.58260141444122        0.70182264025456        0.18536966844466
H            3.88801169774245        2.52840218773053       -1.32564296112554
H            1.69883345188744        2.40936978454752       -2.46310482843933
H            0.20379471323908        0.49072899546584       -2.07505677959066
H           -2.99207060354280       -1.02560080737354       -0.85509863398124
H           -4.30177978438207        0.87099275427965       -0.01473845730965
H           -3.31066316251992        2.44470627900855        1.60610901248857
H           -0.98668572093013        2.11353980003608        2.37529265901415
H            0.33161001386911        0.21760633194185        1.53341658782341
28
 energy: -39.514064832810 gnorm: 0.001169731464 xtb: 6.7.1 (edcfbbe)
C           -1.11685659872052       -3.01718312655551       -0.25177160932370
C           -0.43785045402781       -1.68193774416103       -0.21157200073971
N            0.77707280035752       -1.62291013017599       -0.56544733903057
C            1.53983611593454       -0.48488680759419       -0.71645140489948
C            2.79279062878649       -0.42696937200961       -0.10051325826248
C            3.62307262577551        0.65551806747079       -0.31000331752738
C            3.23712500173530        1.68331733654560       -1.15649413027374
C            2.00765887629098        1.61951788881017       -1.79207977668582
C            1.16055307892018        0.55073955776791       -1.57442107594386
C           -1.23773696270823       -0.53770110235241        0.28302572787648
C           -2.55341310228288       -0.34954654228589       -0.13601632583207
C           -3.28945351108151        0.72403265456887        0.33098057047889
C           -2.73047332714963        1.61393627398658        1.23406561483017
C           -1.42644380157603        1.42971628608523        1.66322578314597
C           -0.68300935164556        0.36558436814671        1.18757310634885
H           -0.37315584618294       -3.80626793648187       -0.32195412542232
H           -1.73297076497152       -3.15937774233355        0.63352031289321
H           -1.76125049122201       -3.07559686867269       -1.12824940136422
H            3.08967847434996       -1.23134452367600        0.55689353712475
H            4.58353131259975        0.69488803610418        0.18486279361152
H            3.89286098435059        2.52530011172601       -1.32343504192061
H            1.70242715473474        2.41344211473164       -2.45930511241895
H            0.20269658297570        0.49870416846218       -2.07426924357105
H           -2.99666737198625       -1.03168909099277       -0.84684859703692
H           -4.30571361948649        0.86609124664636       -0.00843337269077
H           -3.31026047396515        2.44779729951040        1.60216548019071
H           -0.98529767367504        2.11713126766967        2.36997906263958
H            0.33124971367017        0.21969430906017        1.53023109410415
28
 energy: -39.514069045353 gnorm: 0.001929375935 xtb: 6.7.1 (edcfbbe)
C           -1.11613927746368       -3.01643423466451       -0.25376185008259
C           -0.43903049238927       -1.68051698534101       -0.21322726025283
N            0.77586501604079       -1.62077628535981       -0.56708429599395
C            1.53974959541756       -0.48338503536073       -0.71615984693539
C            2.79422557973143       -0.42990663738236       -0.10255602950598
C            3.62676891314393        0.65088432972617       -0.31189902920578
C            3.24093003539016        1.68165542244774       -1.15494634908590
C            2.00971562827618        1.62259396877590       -1.78754055757943
C            1.16046401069524        0.55523905150286       -1.57064170595129
C           -1.23942874472458       -0.53719565377622        0.28309294083819
C           -2.55741858748236       -0.35396798474564       -0.13017850346177
C           -3.29405570956450        0.71977390473530        0.33537216797144
C           -2.73338827202147        1.61470034336896        1.23212893989589
C           -1.42750723648197        1.43375098667646        1.65827165292309
C           -0.68376613601503        0.36982204386933        1.18364241008862
H           -0.37074349115279       -3.80401866741586       -0.33635183364429
H           -1.72012835866354       -3.16514432038497        0.64008364554466
H           -1.77130031740922       -3.07220623204727       -1.12427170232441
H            3.08996707394588       -1.23735987917862        0.55161644111134
H            4.58868167642217        0.68664473935685        0.18052215722956
H            3.89879483588068        2.52190135418772       -1.32240444309762
H            1.70460212268942        2.41890375416426       -2.45235008852966
H            0.20128910480990        0.50643540596586       -2.06815222580197
H           -3.00170021078235       -1.04069491214023       -0.83595736304260
H           -4.31190810485241        0.85710798184642       -0.00085024952977
H           -3.31228804778696        2.44985773693192        1.59828529756602
H           -0.98472168324138        2.12501525524559        2.36114884730187
H            0.33247107738804        0.22732054899687        1.52342678385521
28
 energy: -39.514074124870 gnorm: 0.001218791492 xtb: 6.7.1 (edcfbbe)
C           -1.11686947591904       -3.01646528752828       -0.25638474413981
C           -0.43899445621614       -1.68124622817826       -0.21160301742058
N            0.77618771827298       -1.62116031459816       -0.56461107571915
C            1.53988515975318       -0.48381554387961       -0.71335257708604
C            2.79437997417813       -0.42831357294664       -0.09989701959685
C            3.62626874129916        0.65244885122828       -0.31189267665129
C            3.23960954676063        1.68144878745938       -1.15671515113081
C            2.00818933190035        1.62119770836748       -1.78842520581423
C            1.15998379041565        0.55356135907569       -1.56945166431632
C           -1.23939888455578       -0.53781834725138        0.28499581602881
C           -2.55639794029308       -0.35355369761921       -0.12936557368184
C           -3.29229838903853        0.72170808962860        0.33426376873557
C           -2.73171808663663        1.61646602174876        1.23060003686145
C           -1.42730030451439        1.43327710968998        1.65939659329265
C           -0.68388553249655        0.36825170621049        1.18625837153814
H           -0.37165194474298       -3.80373167546154       -0.33897211295838
H           -1.72244420229930       -3.16816629612703        0.63481686721711
H           -1.76842059265199       -3.07059277086766       -1.12822665984227
H            3.09032036211083       -1.23474992090654        0.55547878403487
H            4.58774619679522        0.69032392742234        0.18035394268554
H            3.89667272909502        2.52184731369572       -1.32595438158630
H            1.70246703179997        2.41613920683484       -2.45456845207397
H            0.20109460126083        0.50262567939599       -2.06636616316245
H           -3.00022409947078       -1.04052220631760       -0.83461923860788
H           -4.30944617477800        0.85937081502376       -0.00315065113308
H           -3.30983297539266        2.45280008431078        1.59565259365993
H           -0.98559087697116        2.12379061271701        2.36345802414561
H            0.33166875213494        0.22487858887379        1.52753951702219
28
 energy: -39.514080533136 gnorm: 0.000388934641 xtb: 6.7.1 (edcfbbe)
C           -1.11656712006195       -3.01730780260924       -0.25690671380235
C           -0.43849465776230       -1.68216812599015       -0.20950123621713
N            0.77639081986649       -1.62149603577857       -0.56359742128694
C            1.53986931783681       -0.48419091502481       -0.71296029115734
C            2.79415188326400       -0.42767771354653       -0.09909327081598
C            3.62553436947930        0.65349343065208       -0.31092613176239
C            3.23915915101095        1.68162655448393       -1.15698689760285
C            2.00799501135739        1.62042508379073       -1.78927266348577
C            1.15999917649969        0.55269054845466       -1.56978845934267
C           -1.23919603195871       -0.53888119168926        0.28689829631419
C           -2.55610459898499       -0.35387751897544       -0.12917984646739
C           -3.29196252216574        0.72178109798068        0.33378262288927
C           -2.73118299465958        1.61659626598443        1.23029682294471
C           -1.42651399548456        1.43383967035205        1.65900665430768
C           -0.68329841894143        0.36788066934041        1.18717821399327
H           -0.37233475902877       -3.80377122308922       -0.34572034033850
H           -1.72069099125667       -3.17202781979058        0.63456862220175
H           -1.77183060736516       -3.06671213960151       -1.12575561929976
H            3.09045307333105       -1.23317778102355        0.55740997323321
H            4.58746011094301        0.69163988123765        0.18105145527705
H            3.89609852947663        2.52231305051255       -1.32627024124761
H            1.70212306771538        2.41514942005613       -2.45546762539920
H            0.20065808169306        0.50155712100226       -2.06647077132324
H           -3.00040628051719       -1.04050533750706       -0.83461636323639
H           -4.30883406493916        0.86065026186643       -0.00476480244322
H           -3.30924465947423        2.45339845543423        1.59454163604714
H           -0.98486531882818        2.12452408562452        2.36267653763373
H            0.33163442875474        0.22422800785418        1.52912581068737
28
 energy: -39.514087298906 gnorm: 0.000770103979 xtb: 6.7.1 (edcfbbe)
C           -1.11628695118558       -3.01860477789221       -0.25821150515286
C           -0.43845521242941       -1.68341442208013       -0.20768094291574
N            0.77617100384969       -1.62170966581692       -0.56244947065715
C            1.53937620305532       -0.48435550462454       -0.71143147209152
C            2.79328051363551       -0.42628653422215       -0.09688385450334
C            3.62438646203754        0.65491321721346       -0.30974400805915
C            3.23817703933856        1.68185028925323       -1.15735658019399
C            2.00733625726063        1.61926176238915       -1.79019061680610
C            1.15984312397355        0.55137378384845       -1.56984509802447
C           -1.23913217356971       -0.54047895667738        0.28942190848870
C           -2.55552144331889       -0.35432108014331       -0.12856227244718
C           -3.29060213725547        0.72253852225489        0.33261005819961
C           -2.72958359671264        1.61760472616601        1.22895873754619
C           -1.42558755902898        1.43404976826094        1.65909935844745
C           -0.68301962424287        0.36657349095866        1.18914798121562
H           -0.37303859257836       -3.80393394906556       -0.35897935251971
H           -1.71431375759410       -3.17933082613555        0.63641741023287
H           -1.77932424777343       -3.06034813875520       -1.12161678563324
H            3.09007323751087       -1.23029925279469        0.56132437502885
H            4.58588724566691        0.69453511112714        0.18327388123307
H            3.89483195995275        2.52276379100753       -1.32706954366748
H            1.70172694780819        2.41279125045532       -2.45785268778762
H            0.20071940586624        0.49911212061697       -2.06719392759746
H           -3.00035101236694       -1.04037936743542       -0.83423622815932
H           -4.30706815753844        0.86271527366622       -0.00691848966621
H           -3.30746003976820        2.45507765593258        1.59205530012787
H           -0.98351823677186        2.12567434312815        2.36143362625118
H            0.33145334197900        0.22262736936536        1.53173814941179
28
 energy: -39.514097275051 gnorm: 0.001208880679 xtb: 6.7.1 (edcfbbe)
C           -1.11611299157614       -3.02070534371837       -0.26137413018487
C           -0.43861959960203       -1.68566718348848       -0.20540765586202
N            0.77581407596872       -1.62223185082285       -0.56044520243771
C            1.53855923150463       -0.48471837130030       -0.70844581036189
C            2.79094985064130       -0.42292134512389       -0.09125344071243
C            3.62113627187977        0.65870007031613       -0.30580653286591
C            3.23580343457346        1.68250372667323       -1.15762739972532
C            2.00626293627783        1.61649327065038       -1.79268917927820
C            1.15971778129460        0.54835833506588       -1.57048793403326
C           -1.23904659074022       -0.54303305205687        0.29283686205957
C           -2.55439455543722       -0.35457885524838       -0.12769178568143
C           -3.28786808259216        0.72438238452644        0.33078295417667
C           -2.72615401021951        1.61995715285831        1.22637698483074
C           -1.42339879771419        1.43436688614252        1.65884519010651
C           -0.68254677382983        0.36407268368163        1.19208252309493
H           -0.37446991869476       -3.80395156039358       -0.38815867025305
H           -1.69685392489236       -3.19453030687854        0.64266386123174
H           -1.79719337887917       -3.04932439912471       -1.11178668837576
H            3.08831360171925       -1.22420598223743        0.57009217351762
H            4.58198283467876        0.70062802102159        0.18834799816111
H            3.89210096664980        2.52336547802284       -1.32895975438266
H            1.70083006960487        2.40777093913340       -2.46309244941548
H            0.20128651534236        0.49371838714836       -2.06903781555063
H           -3.00011625316319       -1.03994294638700       -0.83341585333142
H           -4.30317596145862        0.86725760097157       -0.01107653885601
H           -3.30273385564890        2.45977227306248        1.58618626413050
H           -0.98080972734729        2.12629387472607        2.36051849287003
H            0.33073685146012        0.21817011278060        1.53728148742928
28
 energy: -39.514103810691 gnorm: 0.000981898921 xtb: 6.7.1 (edcfbbe)
C           -1.11596086138360       -3.02201350924745       -0.26350675636194
C           -0.43916967925679       -1.68702123859005       -0.20593977937736
N            0.77555184047628       -1.62260402341489       -0.55972057732832
C            1.53785307797597       -0.48470020596087       -0.70634629311483
C            2.78879344490284       -0.42019866790573       -0.08666130331556
C            3.61850224335228        0.66155419475000       -0.30268973659259
C            3.23390234093732        1.68299847501432       -1.15762002000415
C            2.00543159240545        1.61460139471887       -1.79447486613957
C            1.15957683131345        0.54618620221892       -1.57132003681924
C           -1.23933823120591       -0.54460148145300        0.29348202155632
C           -2.55392386946658       -0.35384492698191       -0.12796283938591
C           -3.28557214477885        0.72705252873464        0.32885869537260
C           -2.72299174169401        1.62228068569021        1.22417535311565
C           -1.42156235039363        1.43338969478967        1.65916519975491
C           -0.68249932491120        0.36134211215946        1.19377053906990
H           -0.37547861492270       -3.80320022573829       -0.41048183163951
H           -1.67995574385719       -3.20568718369394        0.64936896793494
H           -1.81225602426116       -3.04383859982161       -1.10166737853687
H            3.08548822945900       -1.21926586590085        0.57763850320022
H            4.57773242372416        0.70614499586759        0.19420498034778
H            3.88974148628331        2.52397640892963       -1.32979280073790
H            1.70059989691930        2.40363957869305       -2.46783470212514
H            0.20237846589563        0.48909458016563       -2.07177836954243
H           -3.00036133115438       -1.03875032660338       -0.83361686108454
H           -4.30048268232982        0.87107017839555       -0.01343918935756
H           -3.29812709389430        2.46369565923134        1.58247027873340
H           -0.97814056301134        2.12488663281506        2.36083158805115
H            0.33026838267639        0.21381293313907        1.54014516462718
28
 energy: -39.514108882739 gnorm: 0.000416169693 xtb: 6.7.1 (edcfbbe)
C           -1.11573038428021       -3.02267500686463       -0.26389106297157
C           -0.43980424338218       -1.68747145609654       -0.20822776301568
N            0.77545278057351       -1.62305557919930       -0.56009316972373
C            1.53737081688803       -0.48467810032015       -0.70606764093972
C            2.78678335355211       -0.41832334958559       -0.08363585386172
C            3.61601966891742        0.66384368505662       -0.29954983390824
C            3.23238040509577        1.68360729013518       -1.15681795251716
C            2.00528227159020        1.61343045248653       -1.79605678117862
C            1.15973814577226        0.54474075167760       -1.57305577976998
C           -1.23974163666655       -0.54475101125090        0.29120567815784
C           -2.55397965572636       -0.35227076600705       -0.12950860460502
C           -3.28439481971505        0.72918580685503        0.32811651931860
C           -2.72098390868675        1.62323725384672        1.22377264724717
C           -1.42010205816313        1.43180999980993        1.65935852178523
C           -0.68239897195095        0.35950796328038        1.19308205807791
H           -0.37577908210538       -3.80224009559775       -0.42147423240658
H           -1.66711578868361       -3.21060671983475        0.65547265357362
H           -1.82180638422395       -3.04389564114115       -1.09321186167361
H            3.08239085786865       -1.21656574167332        0.58202331314547
H            4.57417021024617        0.70967777670834        0.19899713844321
H            3.88806557021557        2.52453432540892       -1.32937630950053
H            1.70093918179099        2.40136693219640       -2.47096506710022
H            0.20359201921675        0.48619720270047       -2.07496504445513
H           -3.00077694873405       -1.03631187144583       -0.83573342796897
H           -4.29883943257230        0.87435626252134       -0.01475985444679
H           -3.29451231637538        2.46578405158052        1.58182512845059
H           -0.97619223436634        2.12161135922381        2.36252265401806
H            0.32997258370466        0.20995422553024        1.54027187812622
28
 energy: -39.514111612058 gnorm: 0.000391089974 xtb: 6.7.1 (edcfbbe)
C           -1.11532274933055       -3.02344999566059       -0.26289661911338
C           -0.44011284491766       -1.68782469499743       -0.21028378836971
N            0.77549516284558       -1.62369111838609       -0.56106668446450
C            1.53691654984690       -0.48479250862008       -0.70698860948460
C            2.78491969351877       -0.41709327303720       -0.08193248968127
C            3.61368895684131        0.66563252768738       -0.29679344655341
C            3.23101744425748        1.68428928900403       -1.15577310014730
C            2.00530531104044        1.61274325771963       -1.79749711346472
C            1.15998188328632        0.54364156360841       -1.57538959202480
C           -1.24005818449526       -0.54473308431013        0.28849145918360
C           -2.55388134570566       -0.35018610445609       -0.13221535550803
C           -3.28331935897478        0.73154769207986        0.32676430623464
C           -2.71936237582072        1.62359844342785        1.22388863933595
C           -1.41873773608852        1.42993538567023        1.65970894716183
C           -0.68212630185787        0.35768457174866        1.19205385963725
H           -0.37561640928921       -3.80185248354197       -0.42918021185418
H           -1.65597829931890       -3.21355953063077        0.66238595382042
H           -1.83049278104952       -3.04454397044700       -1.08429902440251
H            3.07910659517791       -1.21463238542939        0.58518421361470
H            4.57051293726547        0.71278515432638        0.20413600420394
H            3.88635165965908        2.52562367955632       -1.32763438340498
H            1.70179727884589        2.39985973590912       -2.47375486635203
H            0.20497526920748        0.48383449708231       -2.07921156809248
H           -3.00112230087147       -1.03302833121274       -0.83938125316916
H           -4.29771174742496        0.87752558987997       -0.01591202250476
H           -3.29186787347740        2.46625797969471        1.58324253470792
H           -0.97444306512247        2.11786909253352        2.36450353962522
H            0.33008463175222        0.20655902080216        1.53910862136700
28
 energy: -39.514112958687 gnorm: 0.000286966445 xtb: 6.7.1 (edcfbbe)
C           -1.11504840060772       -3.02380949369490       -0.26151537563534
C           -0.44012438459667       -1.68789498064491       -0.21128167375893
N            0.77549082461219       -1.62407653334244       -0.56203642041362
C            1.53659411333778       -0.48486633482784       -0.70810969807876
C            2.78388572477877       -0.41666310973787       -0.08163596929700
C            3.61245699387300        0.66639029677077       -0.29548723969059
C            3.23031415814371        1.68479715659714       -1.15501285531618
C            2.00547562803786        1.61260834881008       -1.79829270186936
C            1.16026800203090        0.54319205665884       -1.57711095811870
C           -1.24003874293993       -0.54453987838394        0.28695740545816
C           -2.55358745480280       -0.34905345636819       -0.13398372978517
C           -3.28281120953188        0.73236867730556        0.32618696651880
C           -2.71883654935631        1.62314033004697        1.22452180314566
C           -1.41824416403913        1.42880001946187        1.66017896501301
C           -0.68189611002086        0.35686950680501        1.19145295153460
H           -0.37591198255975       -3.80198722001321       -0.43048355508289
H           -1.65189668562609       -3.21395027649784        0.66583943047255
H           -1.83361681082510       -3.04521901500035       -1.07968598699829
H            3.07755653514580       -1.21421799073002        0.58568959434204
H            4.56870024429955        0.71397381935017        0.20652077165182
H            3.88546917989604        2.52643532172257       -1.32615040089488
H            1.70250917922784        2.39957945046727       -2.47494875330325
H            0.20582167962422        0.48303425525437       -2.08197263686947
H           -3.00084052135302       -1.03067149148262       -0.84235140086932
H           -4.29693872519602        0.87930103515641       -0.01693713943343
H           -3.29112383449843        2.46553158942555        1.58488995214144
H           -0.97382405581903        2.11597046330567        2.36561181382522
H            0.33019736856499        0.20495745358698        1.53840479161252
28
 energy: -39.514114038641 gnorm: 0.000170296968 xtb: 6.7.1 (edcfbbe)
C           -1.11494575636704       -3.02412529570561       -0.26009024816807
C           -0.43990842048164       -1.68817977219645       -0.21154392039414
N            0.77547228361240       -1.62456392239807       -0.56310967006987
C            1.53631039377018       -0.48509848770406       -0.70940516781845
C            2.78295828252288       -0.41635766765300       -0.08164146529113
C            3.61123261337423        0.66711421334592       -0.29436872285804
C            3.22955863248327        1.68536037029123       -1.15433604891889
C            2.00557291066510        1.61248121983330       -1.79913284604406
C            1.16055966507410        0.54267802902741       -1.57888589727739
C           -1.23974954826522       -0.54455709646207        0.28625111102268
C           -2.55282965513120       -0.34805032212906       -0.13572515128521
C           -3.28200469612492        0.73310196887317        0.32517964325337
C           -2.71833214401836        1.62266880909812        1.22493125129400
C           -1.41788087154224        1.42787487991129        1.66077186256957
C           -0.68163276888363        0.35606281164612        1.19151525761649
H           -0.37651962194319       -3.80222245267644       -0.43217579526358
H           -1.64849311420314       -3.21448173211491        0.66923186272448
H           -1.83687861103100       -3.04473231209569       -1.07536579213877
H            3.07630215078232       -1.21379638796032        0.58599315238757
H            4.56696680990607        0.71511586283046        0.20861804291881
H            3.88447577792500        2.52737797850651       -1.32462600329852
H            1.70311373341405        2.39932386807949       -2.47615161916265
H            0.20666595365788        0.48219331829523       -2.08483372371879
H           -3.00000094798256       -1.02854410086748       -0.84524515819160
H           -4.29589969925322        0.88086828597725       -0.01833551074821
H           -3.29077054154582        2.46460276308205        1.58617283797733
H           -0.97359136282462        2.11437066661993        2.36690006135098
H            0.33024855221021        0.20351450454679        1.53866560783275
28
 energy: -39.514114880695 gnorm: 0.000159079530 xtb: 6.7.1 (edcfbbe)
C           -1.11493246169496       -3.02434938901505       -0.25847892957217
C           -0.43965156966789       -1.68845074317590       -0.21186937233285
N            0.77537188407082       -1.62501437088633       -0.56459955919296
C            1.53603615022926       -0.48533910046370       -0.71085731151292
C            2.78208218923789       -0.41615924452769       -0.08193110938527
C            3.61008994668485        0.66769683764391       -0.29361586935155
C            3.22879097501921        1.68593769571406       -1.15379071470669
C            2.00559893195830        1.61245013973988       -1.79998423797325
C            1.16084820147973        0.54219159529875       -1.58076991834871
C           -1.23922161239445       -0.54451588837311        0.28579145925847
C           -2.55175666905970       -0.34700696532132       -0.13748010686633
C           -3.28099925526402        0.73386136109997        0.32394507581735
C           -2.71785754271162        1.62221347210241        1.22529674203451
C           -1.41775614515698        1.42678631495117        1.66184832784345
C           -0.68143970809368        0.35515034372718        1.19214512513352
H           -0.37739982478805       -3.80258263521054       -0.43292912015005
H           -1.64582752178206       -3.21458241222708        0.67235968344922
H           -1.83957330708698       -3.04449763469833       -1.07125025449610
H            3.07517035406302       -1.21350909093617        0.58594136503375
H            4.56518900825266        0.71622340257984        0.21057291608909
H            3.88334791456748        2.52846748113167       -1.32298111393097
H            1.70357501271704        2.39918760220764       -2.47731223586619
H            0.20757254143933        0.48135181579816       -2.08789726556584
H           -2.99858042921823       -1.02638167765435       -0.84830458607663
H           -4.29454359777572        0.88250968208298       -0.02026442130430
H           -3.29056938858191        2.46371327721437        1.58714429404385
H           -0.97373654430587        2.11261913852869        2.36877085912758
H            0.33017246766241        0.20202899266999        1.53975822910263
28
 energy: -39.514115444509 gnorm: 0.000153488770 xtb: 6.7.1 (edcfbbe)
C           -1.11494993025111       -3.02456148288861       -0.25699734123576
C           -0.43942745432457       -1.68876159784450       -0.21219589659412
N            0.77520911194062       -1.62544888120621       -0.56614829736288
C            1.53579327981091       -0.48563968113093       -0.71233133235942
C            2.78117564466071       -0.41592260855165       -0.08216990145846
C            3.60882433440475        0.66840577310282       -0.29280553558497
C            3.22788496773846        1.68658075962085       -1.15322475891512
C            2.00550688266788        1.61240468861708       -1.80087541202395
C            1.16108176219750        0.54164882288508       -1.58269183995295
C           -1.23865533917772       -0.54453593479528        0.28552492564438
C           -2.55058786838485       -0.34592249474859       -0.13914590999332
C           -3.27982279308031        0.73482581018219        0.32250333356544
C           -2.71726304507095        1.62196322978160        1.22544859564753
C           -1.41768692861323        1.42562186423443        1.66307087012353
C           -0.68130940776407        0.35410900124604        1.19308002942657
H           -0.37809870432147       -3.80289132472092       -0.43375525036694
H           -1.64296238168291       -3.21464269912776        0.67559246023375
H           -1.84235490307852       -3.04444402738358       -1.06733920649690
H            3.07406116687756       -1.21320943630186        0.58587111726219
H            4.56342500917999        0.71729154549036        0.21229381955551
H            3.88216142565007        2.52950833584469       -1.32153601600354
H            1.70380036860516        2.39904145598492       -2.47845349031705
H            0.20835569533254        0.48044589574592       -2.09082292379269
H           -2.99689630274315       -1.02426494010182       -0.85128857636541
H           -4.29291315153067        0.88438085950286       -0.02266820222433
H           -3.29015111392076        2.46318326101518        1.58766786348572
H           -0.97410779719723        2.11055473733038        2.37113517771824
H            0.32990747187526        0.20027906821842        1.54151964868563
28
 energy: -39.514115788339 gnorm: 0.000120704025 xtb: 6.7.1 (edcfbbe)
C           -1.11490206134583       -3.02480232588162       -0.25573684113112
C           -0.43929910881728       -1.68902767392914       -0.21253496102872
N            0.77502760408602       -1.62575548773845       -0.56743443821295
C            1.53552819581467       -0.48582321745978       -0.71347980789272
C            2.78041074889365       -0.41572954381722       -0.08244746906083
C            3.60778808097064        0.66894726511120       -0.29236871306255
C            3.22707972916349        1.68707210204333       -1.15293163784543
C            2.00528298434079        1.61241056812716       -1.80160620055343
C            1.16112189633026        0.54128565610843       -1.58416707852812
C           -1.23821392620299       -0.54454750024220        0.28524911326203
C           -2.54954035014290       -0.34477963851230       -0.14074106158870
C           -3.27869355284120        0.73593980637785        0.32107015021667
C           -2.71665972784223        1.62187837716881        1.22553156367089
C           -1.41765450537879        1.42444960304126        1.66432099027755
C           -0.68129624582379        0.35300271567622        1.19409587784726
H           -0.37848862273603       -3.80322417832629       -0.43386714147943
H           -1.64068689835370       -3.21457734404502        0.67815596882983
H           -1.84423850904596       -3.04500338759417       -1.06426424585127
H            3.07306474586018       -1.21292749450516        0.58580246705145
H            4.56184742578853        0.71827617364203        0.21371390875068
H            3.88100731135346        2.53043561915335       -1.32038559476350
H            1.70379013734586        2.39895814572110       -2.47938824646862
H            0.20891074289315        0.47963973909631       -2.09319469443519
H           -2.99539541866045       -1.02236359689001       -0.85389084285086
H           -4.29132106688398        0.88632630048685       -0.02507248100927
H           -3.28950562334118        2.46306610168139        1.58788539163554
H           -0.97448869355292        2.10845563819867        2.37355140101970
H            0.32952470792846        0.19841757730852        1.54339257350176
28
 energy: -39.514115980373 gnorm: 0.000065611458 xtb: 6.7.1 (edcfbbe)
C           -1.11477848567405       -3.02514213101508       -0.25459497577321
C           -0.43925924157905       -1.68931563132850       -0.21290582704375
N            0.77484549889684       -1.62602345406872       -0.56847022781403
C            1.53523421601418       -0.48596688084260       -0.71442325164344
C            2.77965179378555       -0.41544293209787       -0.08256289124015
C            3.60673580783219        0.66958775764114       -0.29185795115193
C            3.22619446310555        1.68760618824207       -1.15260046083582
C            2.00492317339553        1.61242913614310       -1.80222293981150
C            1.16103753738805        0.54095214737222       -1.58542241026458
C           -1.23792364200823       -0.54464886957403        0.28497653436574
C           -2.54866895368251       -0.34371854807742       -0.14217661337205
C           -3.27756657578249        0.73717374288129        0.31963404819232
C           -2.71590872056025        1.62199974149323        1.22540591101706
C           -1.41754831077709        1.42326407199274        1.66550375646284
C           -0.68134713620327        0.35178453339486        1.19510222241764
H           -0.37854207984753       -3.80356904767773       -0.43372747680422
H           -1.63865403919134       -3.21460918324592        0.68045575576852
H           -1.84571368601616       -3.04583295679297       -1.06166119853007
H            3.07216943992644       -1.21261139002338        0.58577147477257
H            4.56047062381141        0.71916471338084        0.21477725750516
H            3.87992557452216        2.53120077943188       -1.31961356672487
H            1.70358978677417        2.39886905690795       -2.48020746484356
H            0.20917811902569        0.47896244730405       -2.09502870546517
H           -2.99404949989167       -1.02042733612365       -0.85646642087971
H           -4.28970329354211        0.88847954782820       -0.02752662469841
H           -3.28861422217617        2.46319125387383        1.58795470622657
H           -0.97473756940604        2.10631563206874        2.37588859126810
H            0.32905942166013        0.19632761091288        1.54525669920065
28
 energy: -39.514116070165 gnorm: 0.000050480524 xtb: 6.7.1 (edcfbbe)
C           -1.11467653591630       -3.02536409978473       -0.25415816161439
C           -0.43925552742663       -1.68949261647342       -0.21296138604753
N            0.77479390591638       -1.62614224874313       -0.56865870993361
C            1.53505478360858       -0.48598940217141       -0.71463555777946
C            2.77936480395441       -0.41529448743454       -0.08260962449037
C            3.60633239293375        0.66984292320801       -0.29181740636785
C            3.22576537705378        1.68779028600162       -1.15262047618298
C            2.00459484593877        1.61244544815414       -1.80240421636302
C            1.16082152524180        0.54086221560926       -1.58570080827667
C           -1.23785298700814       -0.54472329967336        0.28482097677482
C           -2.54826691346070       -0.34313501385189       -0.14294782126328
C           -3.27699416731150        0.73785636428127        0.31891750835399
C           -2.71549911953110        1.62208001514013        1.22535446414617
C           -1.41744839752024        1.42267948438568        1.66604587356528
C           -0.68140595251847        0.35113791474577        1.19558167007444
H           -0.37838828646228       -3.80379406837510       -0.43319789785664
H           -1.63815113551323       -3.21457002440857        0.68116169312744
H           -1.84586350918737       -3.04646858562055       -1.06098407383629
H            3.07185602227593       -1.21241485958596        0.58579007382413
H            4.55991045696827        0.71962297942202        0.21508277977732
H            3.87934781299887        2.53152772296692       -1.31947132800415
H            1.70325364880011        2.39884237390842       -2.48043797160482
H            0.20907807138603        0.47868563782354       -2.09548132641153
H           -2.99351427650967       -1.01951220718300       -0.85763143255280
H           -4.28886070422954        0.88969270278848       -0.02877502666047
H           -3.28797830791167        2.46347021189629        1.58779592110274
H           -0.97477402734112        2.10525301471674        2.37697871305889
H            0.32875620057119        0.19511161825851        1.54622150174133
