Molecule has no symmetry elements
It seems to be the C1 point group
      -----------------------------------------------------------
     |                   =====================                   |
     |                        T H E R M O                        |
     |                   =====================                   |
     |                         S. Ehlert                         |
     |          Mulliken Center for Theoretical Chemistry        |
     |                    University of Bonn                     |
      -----------------------------------------------------------

   * xtb-thermo version 6.7.1 (edcfbbe) compiled by 'VssAdministrator@runnervm171ch' on 2026-06-10

 * started run on 2026/09/10 at 23:26:53.343     
eigval :       -0.02    -0.02    -0.00     0.01     0.01     0.02
eigval :       32.85    51.86    58.59    90.48   120.37   135.16
eigval :      189.76   235.66   282.34   346.95   367.10   373.00
eigval :      399.47   460.70   486.64   518.79   574.75   588.08
eigval :      595.36   611.94   664.13   675.07   723.32   758.03
eigval :      765.83   834.54   866.76   873.15   881.90   901.91
eigval :      921.47   924.85   927.13   931.71   972.59   979.88
eigval :      999.97  1026.68  1079.74  1082.88  1105.04  1116.78
eigval :     1126.37  1180.03  1180.92  1189.92  1201.69  1256.39
eigval :     1269.57  1280.58  1283.65  1314.21  1317.78  1381.30
eigval :     1426.98  1434.22  1455.05  1462.94  1466.15  1469.74
eigval :     1569.13  1578.55  1592.27  1594.59  1708.58  3007.24
eigval :     3025.67  3057.86  3059.87  3064.68  3070.28  3070.87
eigval :     3073.24  3079.38  3081.12  3085.23  3086.78  3091.11

c1  symmetry found (for desy threshold:  0.10E+00) used in thermo

          ...................................................
          :                      SETUP                      :
          :.................................................:
          :  # frequencies                          78      :
          :  # imaginary freq.                       0      :
          :  linear?                             false      :
          :  only rotor calc.                    false      :
          :  symmetry                               c1      :
          :  rotational number                       1      :
          :  scaling factor                  1.0000000      :
          :  rotor cutoff                   50.0000000 cm⁻¹ :
          :  imag. cutoff                  -20.0000000 cm⁻¹ :
          :.................................................:

    mode    ω/cm⁻¹     T·S(HO)/kcal·mol⁻¹    T·S(FR)/kcal·mol⁻¹   T·S(vib)
   ------------------------------------------------------------------------
       1     32.85    -1.68430 ( 15.71%)    -1.18081 ( 84.29%)    -1.25992
       2     51.86    -1.41476 ( 53.65%)    -1.04563 ( 46.35%)    -1.24366
       3     58.59    -1.34293 ( 65.34%)    -1.00951 ( 34.66%)    -1.22736
       4     90.48    -1.08815 ( 91.47%)    -0.88080 (  8.53%)    -1.07047
       5    120.37    -0.92261 ( 97.11%)    -0.79625 (  2.89%)    -0.91895
       6    135.16    -0.85609 ( 98.16%)    -0.76193 (  1.84%)    -0.85436
       7    189.76    -0.66493 ( 99.52%)    -0.66142 (  0.48%)    -0.66492
       8    235.66    -0.54722 ( 99.80%)    -0.59724 (  0.20%)    -0.54732
       9    282.34    -0.45302 ( 99.90%)    -0.54371 (  0.10%)    -0.45311
   ------------------------------------------------------------------------

   temp. (K)  partition function   enthalpy   heat capacity  entropy
                                   cal/mol     cal/K/mol   cal/K/mol   J/K/mol
 298.15  VIB  0.286E+05             6515.753     43.630     39.787
         ROT  0.215E+07              888.752      2.981     31.953
         INT  0.614E+11             7404.505     46.611     71.741
         TR   0.264E+28             1481.254      4.968     41.694
         TOT                        8885.7594    51.5795   113.4342   474.6088

       T/K    H(0)-H(T)+PV         H(T)/Eh          T*S/Eh         G(T)/Eh
   ------------------------------------------------------------------------
normal termination of xtb
    298.15    0.141604E-01    0.237710E+00    0.538963E-01    0.183814E+00
   ------------------------------------------------------------------------

         :::::::::::::::::::::::::::::::::::::::::::::::::::::
         ::                  THERMODYNAMIC                  ::
         :::::::::::::::::::::::::::::::::::::::::::::::::::::
         :: total free energy           0.183814155541 Eh   ::
         ::.................................................::
         :: total energy                0.000000000000 Eh   ::
         :: zero point energy           0.223550062438 Eh   ::
         :: G(RRHO) w/o ZPVE           -0.039735906897 Eh   ::
         :: G(RRHO) contrib.            0.183814155541 Eh   ::
         :::::::::::::::::::::::::::::::::::::::::::::::::::::

------------------------------------------------------------------------
 * finished run on 2026/09/10 at 23:26:53.372     
------------------------------------------------------------------------
 total:
 * wall-time:     0 d,  0 h,  0 min,  0.029 sec
 *  cpu-time:     0 d,  0 h,  0 min,  0.000 sec
 * ratio c/w:     0.000 speedup

