Molecule has no symmetry elements
It seems to be the C1 point group
      -----------------------------------------------------------
     |                   =====================                   |
     |                        T H E R M O                        |
     |                   =====================                   |
     |                         S. Ehlert                         |
     |          Mulliken Center for Theoretical Chemistry        |
     |                    University of Bonn                     |
      -----------------------------------------------------------

   * xtb-thermo version 6.7.1 (edcfbbe) compiled by 'VssAdministrator@runnervm171ch' on 2026-06-10

 * started run on 2026/09/10 at 23:26:53.392     
eigval :       -0.02    -0.02    -0.00     0.01     0.01     0.02
eigval :       32.85    51.86    58.59    90.48   120.37   135.16
eigval :      189.76   235.66   282.34   346.95   367.10   373.00
eigval :      399.47   460.70   486.64   518.79   574.75   588.08
eigval :      595.36   611.94   664.13   675.07   723.32   758.03
eigval :      765.83   834.54   866.76   873.15   881.90   901.91
eigval :      921.47   924.85   927.13   931.71   972.59   979.88
eigval :      999.97  1026.68  1079.74  1082.88  1105.04  1116.78
eigval :     1126.37  1180.03  1180.92  1189.92  1201.69  1256.39
eigval :     1269.57  1280.58  1283.65  1314.21  1317.78  1381.30
eigval :     1426.98  1434.22  1455.05  1462.94  1466.15  1469.74
eigval :     1569.13  1578.55  1592.27  1594.59  1708.58  3007.24
eigval :     3025.67  3057.86  3059.87  3064.68  3070.28  3070.87
eigval :     3073.24  3079.38  3081.12  3085.23  3086.78  3091.11

c1  symmetry found (for desy threshold:  0.10E+00) used in thermo

          ...................................................
          :                      SETUP                      :
          :.................................................:
          :  # frequencies                          78      :
          :  # imaginary freq.                       0      :
          :  linear?                             false      :
          :  only rotor calc.                    false      :
          :  symmetry                               c1      :
          :  rotational number                       1      :
          :  scaling factor                  1.0000000      :
          :  rotor cutoff                  100.0000000 cm⁻¹ :
          :  imag. cutoff                  -20.0000000 cm⁻¹ :
          :.................................................:

    mode    ω/cm⁻¹     T·S(HO)/kcal·mol⁻¹    T·S(FR)/kcal·mol⁻¹   T·S(vib)
   ------------------------------------------------------------------------
       1     32.85    -1.68430 (  1.15%)    -1.18081 ( 98.85%)    -1.18661
       2     51.86    -1.41476 (  6.75%)    -1.04563 ( 93.25%)    -1.07053
       3     58.59    -1.34293 ( 10.54%)    -1.00951 ( 89.46%)    -1.04466
       4     90.48    -1.08815 ( 40.13%)    -0.88080 ( 59.87%)    -0.96400
       5    120.37    -0.92261 ( 67.73%)    -0.79625 ( 32.27%)    -0.88184
       6    135.16    -0.85609 ( 76.94%)    -0.76193 ( 23.06%)    -0.83438
       7    189.76    -0.66493 ( 92.84%)    -0.66142 (  7.16%)    -0.66468
       8    235.66    -0.54722 ( 96.86%)    -0.59724 (  3.14%)    -0.54879
       9    282.34    -0.45302 ( 98.45%)    -0.54371 (  1.55%)    -0.45442
   ------------------------------------------------------------------------

   temp. (K)  partition function   enthalpy   heat capacity  entropy
                                   cal/mol     cal/K/mol   cal/K/mol   J/K/mol
 298.15  VIB  0.286E+05             6515.753     41.420     37.824
         ROT  0.215E+07              888.752      2.981     31.953
         INT  0.614E+11             7404.505     44.401     69.778
         TR   0.264E+28             1481.254      4.968     41.694
         TOT                        8885.7594    49.3692   111.4714   466.3962

       T/K    H(0)-H(T)+PV         H(T)/Eh          T*S/Eh         G(T)/Eh
   ------------------------------------------------------------------------
normal termination of xtb
    298.15    0.141604E-01    0.237710E+00    0.529636E-01    0.184747E+00
   ------------------------------------------------------------------------

         :::::::::::::::::::::::::::::::::::::::::::::::::::::
         ::                  THERMODYNAMIC                  ::
         :::::::::::::::::::::::::::::::::::::::::::::::::::::
         :: total free energy           0.184746778340 Eh   ::
         ::.................................................::
         :: total energy                0.000000000000 Eh   ::
         :: zero point energy           0.223550062438 Eh   ::
         :: G(RRHO) w/o ZPVE           -0.038803284098 Eh   ::
         :: G(RRHO) contrib.            0.184746778340 Eh   ::
         :::::::::::::::::::::::::::::::::::::::::::::::::::::

------------------------------------------------------------------------
 * finished run on 2026/09/10 at 23:26:53.420     
------------------------------------------------------------------------
 total:
 * wall-time:     0 d,  0 h,  0 min,  0.028 sec
 *  cpu-time:     0 d,  0 h,  0 min,  0.000 sec
 * ratio c/w:     0.000 speedup

