      -----------------------------------------------------------
     |                   =====================                   |
     |                        T H E R M O                        |
     |                   =====================                   |
     |                         S. Ehlert                         |
     |          Mulliken Center for Theoretical Chemistry        |
     |                    University of Bonn                     |
      -----------------------------------------------------------

   * xtb-thermo version 6.7.1 (edcfbbe) compiled by 'VssAdministrator@runnervm171ch' on 2026-06-10

 * started run on 2026/09/10 at 23:26:53.995     
eigval :       -0.02    -0.01     0.00     0.02     0.02     0.02
eigval :       12.14    15.66    20.61    22.79    27.49    30.82
eigval :       35.52    38.00    42.11    43.89    48.93    50.32
eigval :       53.77    56.11    59.02    64.15    67.99    69.00
eigval :       73.90    77.69    82.93    84.10    87.73    92.60
eigval :       94.99    99.08   101.54   102.18   104.36   111.92
eigval :      113.14   121.39   133.71   138.98   143.54   152.20
eigval :      153.20   155.62   158.79   164.02   172.83   175.41
eigval :      187.02   196.20   197.33   209.56   211.10   214.96
eigval :      232.54   245.43   253.71   262.44   275.66   278.51
eigval :      283.12   285.68   292.50   297.44   300.89   307.21
eigval :      307.97   310.98   318.92   328.38   331.43   335.51
eigval :      336.63   340.79   348.04   362.32   373.12   380.02
eigval :      382.71   385.36   388.93   400.13   404.46   419.78
eigval :      426.12   443.48   443.91   449.90   454.91   459.15
eigval :      473.80   487.44   499.00   500.96   510.95   513.01
eigval :      528.02   528.68   529.68   539.46   541.11   547.02
eigval :      548.91   556.57   565.41   575.96   585.27   586.98
eigval :      587.93   588.78   590.54   599.65   611.68   628.64
eigval :      629.13   633.53   636.95   643.23   650.24   660.39
eigval :      666.15   668.00   671.68   683.91   691.43   693.37
eigval :      700.05   701.61   708.15   725.46   732.57   748.17
eigval :      754.42   762.14   764.82   765.05   768.04   772.40
eigval :      773.11   784.06   785.62   821.28   832.58   835.17
eigval :      851.65   860.00   863.86   866.88   869.14   873.99
eigval :      876.37   878.23   882.16   885.23   903.58   904.45
eigval :      909.06   913.61   914.64   915.18   917.52   922.65
eigval :      926.14   926.51   928.22   930.12   930.36   930.50
eigval :      934.39   939.70   941.91   943.59   950.54   962.03
eigval :      963.31   968.92   972.75   974.20   983.87   985.64
eigval :      999.35  1002.21  1024.35  1027.13  1028.59  1030.56
eigval :     1032.76  1053.06  1072.73  1081.23  1082.13  1083.05
eigval :     1084.06  1085.65  1087.44  1092.21  1095.11  1096.52
eigval :     1119.37  1121.48  1124.41  1125.32  1127.59  1127.92
eigval :     1130.87  1144.18  1150.33  1151.21  1160.98  1168.30
eigval :     1177.13  1178.08  1179.09  1179.27  1180.08  1181.20
eigval :     1182.10  1191.61  1193.67  1198.97  1204.27  1206.95
eigval :     1207.51  1208.48  1212.54  1216.96  1220.39  1229.40
eigval :     1248.55  1251.92  1252.08  1265.51  1267.01  1270.20
eigval :     1280.65  1280.85  1286.56  1289.66  1290.79  1296.75
eigval :     1309.69  1314.45  1318.45  1321.38  1328.71  1336.15
eigval :     1346.07  1357.11  1363.62  1380.17  1381.53  1385.03
eigval :     1385.07  1388.22  1388.38  1393.67  1395.08  1413.72
eigval :     1414.85  1415.03  1420.92  1426.49  1427.98  1431.67
eigval :     1436.40  1439.88  1441.99  1447.70  1450.83  1452.38
eigval :     1454.39  1459.46  1460.71  1462.06  1464.13  1465.37
eigval :     1467.93  1471.97  1479.11  1481.35  1486.80  1486.93
eigval :     1490.03  1546.20  1553.31  1554.65  1567.12  1574.15
eigval :     1575.60  1577.47  1581.43  1582.93  1585.52  1594.04
eigval :     1598.22  1603.79  1606.32  1606.71  1616.28  1657.81
eigval :     1672.17  1693.16  2761.03  2876.58  2956.25  2966.57
Refinement of some symmetry elements was terminated before convergence was reached.
Some symmetry elements may remain unidentified.
Molecule has no symmetry elements
It seems to be the C1 point group
eigval :     2970.62  2980.53  2984.64  2997.00  3001.08  3007.17
eigval :     3013.18  3027.99  3031.82  3036.37  3040.90  3044.46
eigval :     3063.42  3066.10  3067.72  3068.52  3069.12  3070.31
eigval :     3072.39  3073.41  3074.73  3075.87  3077.65  3077.90
eigval :     3081.35  3083.41  3084.97  3085.56  3087.56  3089.34
eigval :     3090.58  3091.56  3092.90  3092.97  3095.82  3099.94
eigval :     3100.60  3105.82  3107.87  3114.55  3117.72  3127.74
eigval :     3144.75  3151.16  3362.66

c1  symmetry found (for desy threshold:  0.10E+00) used in thermo

          ...................................................
          :                      SETUP                      :
          :.................................................:
          :  # frequencies                         345      :
          :  # imaginary freq.                       0      :
          :  linear?                             false      :
          :  only rotor calc.                    false      :
          :  symmetry                               c1      :
          :  rotational number                       1      :
          :  scaling factor                  1.0000000      :
          :  rotor cutoff                   50.0000000 cm⁻¹ :
          :  imag. cutoff                  -20.0000000 cm⁻¹ :
          :.................................................:

    mode    ω/cm⁻¹     T·S(HO)/kcal·mol⁻¹    T·S(FR)/kcal·mol⁻¹   T·S(vib)
   ------------------------------------------------------------------------
       1     12.14    -2.27375 (  0.35%)    -1.47592 ( 99.65%)    -1.47868
       2     15.66    -2.12284 (  0.95%)    -1.40044 ( 99.05%)    -1.40733
       3     20.61    -1.96023 (  2.81%)    -1.31909 ( 97.19%)    -1.33708
       4     22.79    -1.90072 (  4.14%)    -1.28931 ( 95.86%)    -1.31460
       5     27.49    -1.78976 (  8.37%)    -1.23377 ( 91.63%)    -1.28031
       6     30.82    -1.72217 ( 12.61%)    -1.19992 ( 87.39%)    -1.26577
       7     35.52    -1.63817 ( 20.30%)    -1.15783 ( 79.70%)    -1.25534
       8     38.00    -1.59829 ( 25.02%)    -1.13784 ( 74.98%)    -1.25303
       9     42.11    -1.53764 ( 33.47%)    -1.10742 ( 66.53%)    -1.25142
      10     43.89    -1.51325 ( 37.24%)    -1.09518 ( 62.76%)    -1.25089
      11     48.93    -1.44908 ( 47.83%)    -1.06296 ( 52.17%)    -1.24766
      12     50.32    -1.43251 ( 50.64%)    -1.05464 ( 49.36%)    -1.24600
      13     53.77    -1.39346 ( 57.22%)    -1.03501 ( 42.78%)    -1.24011
      14     56.11    -1.36832 ( 61.34%)    -1.02236 ( 38.66%)    -1.23456
      15     59.02    -1.33862 ( 66.00%)    -1.00742 ( 34.00%)    -1.22601
      16     64.15    -1.28962 ( 73.04%)    -0.98274 ( 26.96%)    -1.20688
      17     67.99    -1.25542 ( 77.37%)    -0.96550 ( 22.63%)    -1.18981
      18     69.00    -1.24673 ( 78.39%)    -0.96111 ( 21.61%)    -1.18501
      19     73.90    -1.20648 ( 82.68%)    -0.94079 ( 17.32%)    -1.16046
      20     77.69    -1.17724 ( 85.35%)    -0.92600 ( 14.65%)    -1.14045
      21     82.93    -1.13902 ( 88.33%)    -0.90665 ( 11.67%)    -1.11190
      22     84.10    -1.13085 ( 88.89%)    -0.90252 ( 11.11%)    -1.10549
      23     87.73    -1.10615 ( 90.46%)    -0.88999 (  9.54%)    -1.08552
      24     92.60    -1.07467 ( 92.16%)    -0.87399 (  7.84%)    -1.05894
      25     94.99    -1.05977 ( 92.87%)    -0.86642 (  7.13%)    -1.04599
      26     99.08    -1.03526 ( 93.91%)    -0.85394 (  6.09%)    -1.02422
      27    101.54    -1.02105 ( 94.45%)    -0.84669 (  5.55%)    -1.01137
      28    102.18    -1.01735 ( 94.58%)    -0.84480 (  5.42%)    -1.00799
      29    104.36    -1.00511 ( 94.99%)    -0.83856 (  5.01%)    -0.99678
      30    111.92    -0.96461 ( 96.17%)    -0.81784 (  3.83%)    -0.95899
      31    113.14    -0.95834 ( 96.33%)    -0.81463 (  3.67%)    -0.95306
      32    121.39    -0.91775 ( 97.20%)    -0.79379 (  2.80%)    -0.91428
      33    133.71    -0.86224 ( 98.08%)    -0.76515 (  1.92%)    -0.86038
      34    138.98    -0.84016 ( 98.35%)    -0.75371 (  1.65%)    -0.83874
normal termination of xtb
      35    143.54    -0.82175 ( 98.55%)    -0.74414 (  1.45%)    -0.82063
      36    152.20    -0.78848 ( 98.85%)    -0.72678 (  1.15%)    -0.78777
      37    153.20    -0.78477 ( 98.88%)    -0.72485 (  1.12%)    -0.78410
      38    155.62    -0.77589 ( 98.95%)    -0.72020 (  1.05%)    -0.77531
      39    158.79    -0.76450 ( 99.03%)    -0.71422 (  0.97%)    -0.76401
      40    164.02    -0.74626 ( 99.14%)    -0.70463 (  0.86%)    -0.74590
      41    172.83    -0.71689 ( 99.30%)    -0.68912 (  0.70%)    -0.71669
      42    175.41    -0.70862 ( 99.34%)    -0.68473 (  0.66%)    -0.70846
      43    187.02    -0.67298 ( 99.49%)    -0.66575 (  0.51%)    -0.67294
      44    196.20    -0.64653 ( 99.58%)    -0.65156 (  0.42%)    -0.64655
      45    197.33    -0.64337 ( 99.59%)    -0.64986 (  0.41%)    -0.64340
      46    209.56    -0.61047 ( 99.68%)    -0.63204 (  0.32%)    -0.61054
      47    211.10    -0.60648 ( 99.69%)    -0.62987 (  0.31%)    -0.60656
      48    214.96    -0.59663 ( 99.71%)    -0.62450 (  0.29%)    -0.59671
      49    232.54    -0.55433 ( 99.79%)    -0.60121 (  0.21%)    -0.55443
      50    245.43    -0.52570 ( 99.83%)    -0.58524 (  0.17%)    -0.52580
      51    253.71    -0.50824 ( 99.85%)    -0.57540 (  0.15%)    -0.50834
      52    262.44    -0.49060 ( 99.87%)    -0.56538 (  0.13%)    -0.49069
      53    275.66    -0.46525 ( 99.89%)    -0.55082 (  0.11%)    -0.46534
      54    278.51    -0.45999 ( 99.90%)    -0.54778 (  0.10%)    -0.46008
      55    283.12    -0.45163 ( 99.90%)    -0.54291 (  0.10%)    -0.45172
      56    285.68    -0.44706 ( 99.91%)    -0.54025 (  0.09%)    -0.44715
      57    292.50    -0.43513 ( 99.91%)    -0.53325 (  0.09%)    -0.43521
      58    297.44    -0.42673 ( 99.92%)    -0.52829 (  0.08%)    -0.42681
   ------------------------------------------------------------------------

   temp. (K)  partition function   enthalpy   heat capacity  entropy
                                   cal/mol     cal/K/mol   cal/K/mol   J/K/mol
 298.15  VIB  0.155E+30            37652.228    225.269    239.055
         ROT  0.118E+09              888.752      2.981     39.915
         INT  0.183E+38            38540.980    228.250    278.970
         TR   0.270E+29             1481.254      4.968     46.315
         TOT                       40022.2341   233.2183   325.2855  1360.9946

       T/K    H(0)-H(T)+PV         H(T)/Eh          T*S/Eh         G(T)/Eh
   ------------------------------------------------------------------------
    298.15    0.637795E-01    0.965929E+00    0.154554E+00    0.811375E+00
   ------------------------------------------------------------------------

         :::::::::::::::::::::::::::::::::::::::::::::::::::::
         ::                  THERMODYNAMIC                  ::
         :::::::::::::::::::::::::::::::::::::::::::::::::::::
         :: total free energy           0.811375148306 Eh   ::
         ::.................................................::
         :: total energy                0.000000000000 Eh   ::
         :: zero point energy           0.902149299162 Eh   ::
         :: G(RRHO) w/o ZPVE           -0.090774150856 Eh   ::
         :: G(RRHO) contrib.            0.811375148306 Eh   ::
         :::::::::::::::::::::::::::::::::::::::::::::::::::::

------------------------------------------------------------------------
 * finished run on 2026/09/10 at 23:26:54.291     
------------------------------------------------------------------------
 total:
 * wall-time:     0 d,  0 h,  0 min,  0.295 sec
 *  cpu-time:     0 d,  0 h,  0 min,  0.094 sec
 * ratio c/w:     0.317 speedup

