
==============================================================================
  MODULE 12A — non-equilibrium dissipative simulation & telemetry injection
==============================================================================
   [    0.0 s] passive 0-D telemetry (limit cycle, f = 1.1) ...
   [   20.2 s] factorial impulse interventions (single-variable kicks, basin-clipped) ...
   [   38.0 s] blind noise calibration sigma_hat/sigma_true = [0.998 0.999 0.998]  (1.000 = perfect)
   [   38.2 s] 1-D reaction-diffusion Oregonator (spatial telemetry) ...

==============================================================================
  MODULE 12B — physics-informed sparse symbolic regression (weak-form STRidge + Onsager gate)
==============================================================================
   [   72.5 s] weak-form features: library = 44 candidate terms (poly d<=4 + rational K-grid), Simpson split-sample windows ...
   [   83.5 s] conditioning prune: dropped 3 near-collinear columns ['u4', 'u/(2+u)', 'w/(2+w)']
   [  108.9 s] operative windows: 115996 | library after prune: 41 | cond(G) = 3.85e+06 | ||GN||/||G|| = 0.0469
   [  108.9 s] Pareto + arbitration selection for du/dt ...
      knee k = 9 | arbitration winner: ['u', 'u2', 'uv', 'v']
      coefficients: u:+10.09316, u2:-10.13088, uv:-10.03956, v:+0.02480
      support exact: True | max coeff err = 1.31% | arb ratio (1%) = 3.00x
   [  241.4 s] Pareto + arbitration selection for dv/dt ...
      knee k = 11 | arbitration winner: ['uv', 'v', 'w']
      coefficients: uv:-100.08409, v:-0.25370, w:+110.11606
      support exact: True | max coeff err = 1.48% | arb ratio (1%) = 0.97x
   [  364.6 s] Pareto + arbitration selection for dw/dt ...
      knee k = 2 | arbitration winner: ['u', 'w']
      coefficients: u:+0.99967, w:-0.99957
      support exact: True | max coeff err = 0.04% | arb ratio (1%) = 1.00x

==============================================================================
  DISCOVERED SYMBOLIC LAWS (terminal logging)
==============================================================================

   du/dt = -10.130879914896*u**2 - 10.0395623709536*u*v + 10.0931607309333*u + 0.024800427899129*v

   dv/dt = -100.084093318949*u*v - 0.25370328954291*v + 110.116064087303*w

   dw/dt = 0.999672870336102*u - 0.999566839085215*w

   [  540.3 s] integrating discovered ODE system (structural fidelity) ...
      limit-cycle period: true = 10.1203 tau | discovered = 10.0885 tau | rel err 0.31%
   [  549.9 s] PDE discovery on 1-D reaction-diffusion telemetry (Laplacian pipeline + same estimator) ...
   [  615.6 s] RD windows: 79872
      RD du/dt: ['u', 'u2', 'uv', 'v']
      coefficients: u:+9.02114, u2:-8.95285, uv:-9.32757, v:+0.02346
      RD dv/dt: ['uv', 'v', 'w']
      coefficients: uv:-95.14093, v:-0.25660, w:+106.01677
      RD dw/dt: ['u', 'w']
      coefficients: u:+1.00006, w:-1.00038
      diffusion: D_u: < 2 sigma (not resolved) | D_v: < 2 sigma (not resolved)
   [  615.6 s] Onsager gate: near-steady-state refinement at f = 2.8 (excitable regime) ...
      near-steady-state (f = 2.8): Onsager asymmetry 0.000, min eig(L_sym) = -0.01523, tr(J) = -11.341
      oscillatory regime (f = 1.1):   Onsager asymmetry 0.000, min eig(L_sym) = -60.71, tr(J) = -6.169

==============================================================================
  MODULE 12C — autonomous Hamiltonian & Lyapunov functional extraction
==============================================================================
   [  621.2 s] training Hamiltonian core H(x): gradH . f = 0 on the attractor band ...
      [  624.2 s] step     0  loss = 7.155e-02
      [  646.4 s] step   500  loss = 9.580e-04
      [  670.9 s] step  1000  loss = 4.237e-04
