28
 energy: -39.507173286614 gnorm: 0.060361595864 xtb: 6.7.1 (edcfbbe)
C           -0.07984557460000       -0.11131653610000       -1.71985003630000
C           -0.41976717540000        0.01361478540000       -0.24523188070000
N            0.47077164050000        0.07338029420000        0.70382260690000
C            1.83474515440000        0.00508582850000        0.39683001790000
C            2.47150629060000       -1.23135935860000        0.26187436690000
C            3.83691438860000       -1.29661359930000       -0.02290913340000
C            4.57580645530000       -0.12202161780000       -0.16056991560000
C            3.95197497900000        1.11552483110000       -0.00589413900000
C            2.58637135170000        1.17661828810000        0.27898428640000
C           -1.86559001100000        0.05753682260000        0.13899672620000
C           -2.85258379570000       -0.54746700540000       -0.64819442920000
C           -4.19315826730000       -0.49096033300000       -0.25719241650000
C           -4.55220554460000        0.16161621590000        0.92166793440000
C           -3.57260664250000        0.75378843420000        1.71681256640000
C           -2.23239032570000        0.69897320720000        1.32944891770000
H            0.16187252680000       -1.15318149490000       -1.94817289150000
H           -0.90850700230000        0.21316273160000       -2.35428444860000
H            0.77333248020000        0.52228114910000       -1.97619931960000
H            1.89789796160000       -2.14545126200000        0.38496888140000
H            4.32308948190000       -2.26251501760000       -0.12886407190000
H            5.63962924810000       -0.17116990900000       -0.37803489310000
H            4.52759647200000        2.03226783980000       -0.09972351090000
H            2.10103315620000        2.13916602640000        0.41188496170000
H           -2.59917724410000       -1.08446233830000       -1.55734360230000
H           -4.95781214030000       -0.96311634340000       -0.86920520380000
H           -5.59534771190000        0.20191611260000        1.22543603610000
H           -3.84890585320000        1.25516286810000        2.64088470820000
H           -1.47464429830000        1.15953938040000        1.96005788230000
28
 energy: -39.511123031941 gnorm: 0.019015453787 xtb: 6.7.1 (edcfbbe)
C           -0.08910038144451       -0.10709403742188       -1.71507718152261
C           -0.42514598983793        0.01086614633601       -0.25019621628882
N            0.45962453830218        0.07029307495210        0.66723687116645
C            1.82230544896294        0.00570302921905        0.37271557256389
C            2.46471769116540       -1.22716478896712        0.25321432760361
C            3.82407077261230       -1.28701782258750       -0.00834389516979
C            4.56088327004488       -0.12072985872277       -0.14678669440990
C            3.93771699902419        1.10810515200207        0.00821599028761
C            2.57922944827471        1.17381778937823        0.27411948103521
C           -1.85280847929863        0.05222691152978        0.14566918178825
C           -2.84196308218583       -0.54323856666334       -0.63772433351600
C           -4.17233062179691       -0.48939804703545       -0.24894321245956
C           -4.53294042553645        0.16071967916850        0.92091286366076
C           -3.55644189688588        0.74863949258558        1.71072504562941
C           -2.22490500660903        0.69148124316259        1.32903957911839
H            0.15664206617655       -1.14340710390673       -1.94774178916129
H           -0.91884375712925        0.21520860280795       -2.34193482626940
H            0.78183305938203        0.50681644206052       -1.94947826205779
H            1.89128504021202       -2.13806105132407        0.36558549926569
H            4.30711677987554       -2.24877868456357       -0.12003972485789
H            5.61878284826847       -0.16942146054837       -0.37120073128581
H            4.50976627899160        2.02113855937217       -0.09116115332314
H            2.09328942716305        2.13323059129575        0.39419236029718
H           -2.58783936080518       -1.07535864060457       -1.54382660349838
H           -4.93216120560702       -0.95720869181403       -0.86152285451436
H           -5.57288594726548        0.20520746762877        1.21846965673109
H           -3.83353585315663        1.25202407163774        2.62740264486170
H           -1.46636166089713        1.15140050082259        1.94647840442551
28
 energy: -39.511665911632 gnorm: 0.007795712892 xtb: 6.7.1 (edcfbbe)
C           -0.10170324254289       -0.10524140826899       -1.72178584240808
C           -0.42876371664798        0.00781378144923       -0.25672384140237
N            0.45725578486856        0.06787565655658        0.64615567148784
C            1.81730312094770        0.00650787764874        0.36802534716015
C            2.45953292808913       -1.22589704157194        0.24855864132312
C            3.81650230512766       -1.28307907540130       -0.00278678636615
C            4.55513990795861       -0.11924539286428       -0.13449861120267
C            3.92916443123605        1.10694925891733        0.01476800063212
C            2.57335112233020        1.17477141627140        0.27148034504151
C           -1.84526887838129        0.05078419347513        0.14541930084287
C           -2.83667631789134       -0.54455959092273       -0.63296227093565
C           -4.16217961362614       -0.49068916787686       -0.24307250021419
C           -4.52107438649792        0.16120453144919        0.92422492212625
C           -3.54264477201168        0.74723883420040        1.71079317310792
C           -2.21571948554149        0.68901234459383        1.32812222145158
H            0.13794057123954       -1.14111924063697       -1.96154085635242
H           -0.92505144752980        0.22652576454015       -2.34761729597353
H            0.78268875085630        0.49357805471539       -1.94170334424277
H            1.88157938526709       -2.13412249054134        0.34752860828921
H            4.29944216595409       -2.24417108115888       -0.10646562595146
H            5.61264883784302       -0.16762847308316       -0.35000019270075
H            4.50067306995610        2.01944169143238       -0.07643764805134
H            2.08285280446291        2.13181975957593        0.38014448253345
H           -2.58002062293820       -1.07523288817515       -1.53737388223508
H           -4.92002442126573       -0.95802361029504       -0.85510574423629
H           -5.55894401352086        0.20886752895692        1.22058461762831
H           -3.81751226943424        1.25264593882445        2.62489344179736
H           -1.45049199830735        1.14397282798961        1.93737566895113
28
 energy: -39.511838774994 gnorm: 0.004798291977 xtb: 6.7.1 (edcfbbe)
C           -0.11115714141461       -0.10421708151908       -1.73354311656128
C           -0.43263971511215        0.00649120400948       -0.26613512304137
N            0.45873544911489        0.06673735616959        0.63073880332288
C            1.81572540878928        0.00716995395037        0.36030750696064
C            2.45812212834377       -1.22581491298840        0.24355122482607
C            3.81703611117828       -1.28197006575720        0.00600588687164
C            4.55735291668586       -0.11789933777183       -0.11769213870216
C            3.92877986272593        1.10809932254288        0.02506891984562
C            2.57114593455891        1.17648979707522        0.26872198542354
C           -1.84377682872650        0.04833812465181        0.14304085096975
C           -2.83784006071586       -0.54776981552209       -0.63141575480162
C           -4.16129904748144       -0.49265304374574       -0.23755475388699
C           -4.51588316117070        0.16217294466072        0.92984350098757
C           -3.53412983894824        0.74766283986706        1.71337901459821
C           -2.20917647756006        0.68689308301087        1.32743715665686
H            0.11457760747324       -1.14231721164470       -1.97987390512103
H           -0.93007961021417        0.24186842773218       -2.35626033397887
H            0.78246437813618        0.48248489480354       -1.94896238204642
H            1.87630100778949       -2.13230289601403        0.33448389022295
H            4.29980472525673       -2.24331708421356       -0.09634331254982
H            5.61574181162777       -0.16582603235377       -0.32596976964764
H            4.49957930232339        2.02128058724643       -0.06397354728095
H            2.07654687832932        2.13199002564361        0.37112737520509
H           -2.58023835333683       -1.07884443513809       -1.53522848223535
H           -4.92007998818372       -0.96113872061020       -0.84707057184860
H           -5.55245741489578        0.21222282532031        1.22832326652923
H           -3.80565570680222        1.25437584352555        2.62760132844772
H           -1.43750017777069        1.13979340686911        1.93039248093450
28
 energy: -39.512037351013 gnorm: 0.003899561380 xtb: 6.7.1 (edcfbbe)
C           -0.12493626616414       -0.10296699575259       -1.75236066865583
C           -0.43815471333567        0.00410706046792       -0.28118964563894
N            0.46189422610048        0.06527300623956        0.60864820207910
C            1.81532793247546        0.00814296175137        0.34813207962596
C            2.45901477370474       -1.22564302696272        0.23581223913548
C            3.82120002092884       -1.28059610152706        0.01720667930216
C            4.56324670100221       -0.11540792358271       -0.09378659962482
C            3.93140654182548        1.11072615962967        0.03954208570938
C            2.57046958327747        1.17909186115315        0.26500258116185
C           -1.84398039493731        0.04396799371367        0.13841846067886
C           -2.84229879170793       -0.55390149353329       -0.62999462396989
C           -4.16361513389744       -0.49638839058806       -0.22892514426122
C           -4.51050499251817        0.16349258420127        0.93882873834543
C           -3.52362694766444        0.74844160059386        1.71761474318305
C           -2.20080570545499        0.68407435325221        1.32564016659101
H            0.06919226303491       -1.14602017790821       -2.01019418201390
H           -0.93712118461631        0.27275933211740       -2.36766176443835
H            0.78411582273036        0.46118913087858       -1.96522616285231
H            1.87257944254802       -2.13019903899808        0.31623750261699
H            4.30519426813128       -2.24224944379681       -0.08085736112676
H            5.62484061907901       -0.16257484844789       -0.28524906252400
H            4.50240008516677        2.02492674793647       -0.04314087779319
H            2.07071380413429        2.13270539429407        0.36006459075105
H           -2.58455235923431       -1.08633887126553       -1.53326356212390
H           -4.92555723671178       -0.96640777610258       -0.83362350423116
H           -5.54569169177861        0.21829792701707        1.24107501233419
H           -3.79020686618232        1.25758961344325        2.63233517486950
H           -1.42054379993581        1.13390836157603        1.92091490297056
28
 energy: -39.512196711318 gnorm: 0.006542626795 xtb: 6.7.1 (edcfbbe)
C           -0.13918689304638       -0.10266907501718       -1.77082501249619
C           -0.44253563928141        0.00197746819046       -0.29649218639444
N            0.46400768682177        0.06426186874843        0.58755945122411
C            1.81604255573964        0.00916076487701        0.33497389195298
C            2.46212942158801       -1.22480638615343        0.22754917257495
C            3.82752203754143       -1.27875560828764        0.02778346287163
C            4.57057249326322       -0.11252221052120       -0.07015268377825
C            3.93612979781992        1.11349789449973        0.05450409975649
C            2.57187115804360        1.18115674598450        0.26174056312391
C           -1.84526752820736        0.03980538209839        0.13274831688179
C           -2.84816106656027       -0.55919052114736       -0.62945754103385
C           -4.16745735878269       -0.49948825370771       -0.22044686401198
C           -4.50621097328968        0.16435726475539        0.94782631647794
C           -3.51435031141658        0.74878373162168        1.72125779280834
C           -2.19353768625122        0.68143315596406        1.32242679797178
H            0.01657959822227       -1.15050051124841       -2.04037855239209
H           -0.94395714628813        0.30649279666566       -2.37699555656635
H            0.78639215467498        0.43441324867403       -1.98475588422905
H            1.87330912327550       -2.12858508153028        0.29901888638903
H            4.31348215131686       -2.24023551112853       -0.06571910569207
H            5.63549905549365       -0.15886100025171       -0.24467966253926
H            4.50791233608687        2.02831307490225       -0.02042096273534
H            2.06898450597000        2.13364898603804        0.35151577676373
H           -2.59301637615892       -1.09273200942726       -1.53304810257756
H           -4.93370118848727       -0.97073216577679       -0.81924179304959
H           -5.53996258678558        0.22264590040936        1.25523455093169
H           -3.77584450126097        1.25968400336894        2.63684526154060
H           -1.40724482004115        1.12944604719963        1.91162956632747
28
 energy: -39.512361218122 gnorm: 0.007049557799 xtb: 6.7.1 (edcfbbe)
C           -0.15426250380544       -0.10373950897946       -1.78893155519170
C           -0.44568790262274       -0.00015494015300       -0.31205098802538
N            0.46517121598457        0.06395082557306        0.56743752943696
C            1.81778741177342        0.01040830944852        0.32150516046532
C            2.46673392328508       -1.22312163325724        0.21890971348526
C            3.83488081424367       -1.27625378682753        0.03748791891789
C            4.57850434198461       -0.10922573518260       -0.04701724505499
C            3.94196747528345        1.11640509712357        0.07012074703823
C            2.57472775843714        1.18284308544036        0.25919616661557
C           -1.84697177724003        0.03628863808378        0.12598695055901
C           -2.85474957196616       -0.56282444480143       -0.62985302366677
C           -4.17182530478101       -0.50177458152383       -0.21213108425991
C           -4.50230080060775        0.16409596300822        0.95732179069263
C           -3.50547726722616        0.74831088837786        1.72453896595746
C           -2.18684490355299        0.67911384283836        1.31769504042469
H           -0.04214067460878       -1.15507895973436       -2.06958561348703
H           -0.95003348864558        0.34064693076912       -2.38455567451775
H            0.78857847035333        0.40128410183935       -2.00722448587860
H            1.87751317580403       -2.12732038803824        0.28161225363768
H            4.32318236557203       -2.23720279966110       -0.05086409237240
H            5.64660385310959       -0.15475803113550       -0.20420580496191
H            4.51487683133078        2.03150021421599        0.00490539600256
H            2.07057460615207        2.13503835147883        0.34490651386956
H           -2.60510499223593       -1.09662952936065       -1.53495548502835
H           -4.94307220845644       -0.97328713735973       -0.80469045313291
H           -5.53441920900909        0.22459999406907        1.27099648655501
H           -3.76145202718746        1.26040125732373        2.64124706178353
H           -1.39675961136803        1.12648397622494        1.90219781023689
28
 energy: -39.512552236039 gnorm: 0.005491167340 xtb: 6.7.1 (edcfbbe)
C           -0.17225227709363       -0.10737302867711       -1.81009146389132
C           -0.44828884520748       -0.00276441733567       -0.33111035794982
N            0.46540816700461        0.06476589111405        0.54421281786626
C            1.82017292745505        0.01236053699149        0.30491273898739
C            2.47229751605011       -1.22015800953320        0.20774059496902
C            3.84340006163610       -1.27252156609613        0.04837206577423
C            4.58778110282082       -0.10499400172676       -0.01925150835025
C            3.94892748150984        1.11993902352086        0.08971306912074
C            2.57852405576944        1.18472344753478        0.25684264335306
C           -1.84883294287450        0.03332624276927        0.11655116903111
C           -2.86298739615708       -0.56428512834909       -0.63159653950372
C           -4.17689913096719       -0.50283560393355       -0.20253953101876
C           -4.49736815447465        0.16253663489431        0.96968303864066
C           -3.49432392915561        0.74662732351781        1.72847396108827
C           -2.17878531841671        0.67670125421856        1.31050218498776
H           -0.11285405977375       -1.16018378280094       -2.10140193831967
H           -0.95553154380576        0.37650218627283       -2.39272447512021
H            0.78925659314732        0.35714808245327       -2.03643386817695
H            1.88427493845566       -2.12593535813506        0.25958201949074
H            4.33431007074174       -2.23265720780921       -0.03374273056967
H            5.65909891162366       -0.14970659715975       -0.15602780172710
H            4.52314225875533        2.03511591951799        0.03782133076697
H            2.07447898357284        2.13736308572328        0.33848427790934
H           -2.62310535653711       -1.09688746183014       -1.54009941274554
H           -4.95435932405922       -0.97360116211917       -0.78776384669740
H           -5.52698680409561        0.22316698177104        1.29254142386032
H           -3.74270296318265        1.25902672990801        2.64714389257284
H           -1.38579502274139        1.12459998509837        1.89020624575239
28
 energy: -39.512724675757 gnorm: 0.003966257755 xtb: 6.7.1 (edcfbbe)
C           -0.19210125236206       -0.11496474043958       -1.83472629594963
C           -0.45086072604659       -0.00572862399869       -0.35430144270115
N            0.46474277413514        0.06704421658502        0.51699261247162
C            1.82228207557199        0.01528342269047        0.28509365659453
C            2.47724642833172       -1.21587619240724        0.19338250488229
C            3.85140400217373       -1.26735455217020        0.06040199724316
C            4.59696813364631       -0.09972793789200        0.01375604218254
C            3.95534273837273        1.12425998121839        0.11375690413645
C            2.58182165519805        1.18732977981804        0.25478671597343
C           -1.85028313954754        0.03188689077161        0.10390704424961
C           -2.87262389327683       -0.56225860462451       -0.63514051572328
C           -4.18200981918610       -0.50200546456378       -0.19153988284325
C           -4.49035993200073        0.15933171201891        0.98592409772669
C           -3.47946144194260        0.74323445774389        1.73385068321724
C           -2.16839939967295        0.67427228126043        1.30102030741288
H           -0.19187144634154       -1.16669868794706       -2.13413854533379
H           -0.95820618979813        0.41123612573461       -2.40368736298900
H            0.78873156999148        0.30181444115203       -2.07094289151885
H            1.89126828282794       -2.12389858770338        0.23111680297837
H            4.34470368920888       -2.22664330242885       -0.01460342953635
H            5.67138237238688       -0.14368419515845       -0.09890277790536
H            4.53055002655710        2.03950673256515        0.07861297142622
H            2.07841956462163        2.14078701635668        0.33152838151435
H           -2.64634957174323       -1.09162702729761       -1.54904418912732
H           -4.96647706029169       -0.97077678871232       -0.76889002945324
H           -5.51631827943111        0.21755615537068        1.32117028651137
H           -3.71753041679651        1.25455489428087        2.65572941338818
H           -1.37201074458568        1.12314659757703        1.87488694127318
28
 energy: -39.512833043902 gnorm: 0.003122722633 xtb: 6.7.1 (edcfbbe)
C           -0.20664753980046       -0.12510936992191       -1.85618735351675
C           -0.45326803014667       -0.00834672205836       -0.37539733240613
N            0.46348676709784        0.07080619940143        0.49297593246628
C            1.82297408520628        0.01868090830118        0.26788804163114
C            2.47946195448490       -1.21150283604729        0.18003165279454
C            3.85572418952332       -1.26233149337416        0.07032515894673
C            4.60231716982435       -0.09498844929281        0.04278003608701
C            3.95852802667159        1.12831880935022        0.13553205603594
C            2.58299745824792        1.19045221499491        0.25368404945744
C           -1.85097300751054        0.03221583967420        0.09149490069181
C           -2.88130245425120       -0.55706915919997       -0.63976979615775
C           -4.18596664335176       -0.49892439477703       -0.18222780399460
C           -4.48281835247054        0.15588074354523        1.00177146011104
C           -3.46440845516209        0.73890820203327        1.73973200210015
C           -2.15810277789300        0.67205980839871        1.29240882539795
H           -0.25156202011472       -1.17286367463607       -2.15774219529392
H           -0.95542708906358        0.43127288764978       -2.41674860237179
H            0.78615022223056        0.25334095531156       -2.10007834526513
H            1.89510429239320       -2.12114585466203        0.20416832070327
H            4.35023173801780       -2.22118557343848        0.00058575958678
H            5.67859429279715       -0.13858877846113       -0.04895598302757
H            4.53396887429545        2.04365726744694        0.11524261927391
H            2.07997625134095        2.14445207516876        0.32613641801117
H           -2.66803311932994       -1.08161685078939       -1.55953925808398
H           -4.97634965694799       -0.96498124060846       -0.75342570896904
H           -5.50485279479608        0.20989629705320        1.34934912475620
H           -3.69209742995761        1.24750658822394        2.66559423080295
H           -1.35770595133483        1.12120560051398        1.86037179033342
28
 energy: -39.512890940607 gnorm: 0.005616145136 xtb: 6.7.1 (edcfbbe)
C           -0.22071789568331       -0.13928758833108       -1.88025144858428
C           -0.45669494217437       -0.01014095984406       -0.39930213875784
N            0.46213706154823        0.07541391622908        0.46523965454163
C            1.82241968572090        0.02304996018946        0.24947414559962
C            2.48011147127506       -1.20629923359446        0.16427539522550
C            3.85826517269961       -1.25594292869797        0.08070036417483
C            4.60559534143908       -0.08881351635860        0.07506226227153
C            3.95936126511792        1.13377724020620        0.16047848084626
C            2.58220492631565        1.19508905838580        0.25354400484716
C           -1.85103359100760        0.03438116672804        0.07711059907970
C           -2.89042301591136       -0.54887282816201       -0.64584332742598
C           -4.18929198699880       -0.49412377445373       -0.17216011744169
C           -4.47270394941091        0.15182414758890        1.02011140554678
C           -3.44576087438469        0.73281810289052        1.74757974447548
C           -2.14534870088876        0.66914635591887        1.28382290563088
H           -0.32284981014547       -1.18538384228457       -2.18312276462347
H           -0.94651507003812        0.45716132306032       -2.43426816764901
H            0.79154390102368        0.19043313886346       -2.12834212683414
H            1.89649487218931       -2.11676776242961        0.17210700499628
H            4.35372797187924       -2.21448965591703        0.01568754964145
H            5.68338449331499       -0.13187769542732        0.00628657624965
H            4.53432348736229        2.04947860460916        0.15605842681090
H            2.07808399580911        2.14884003779744        0.32079478836150
H           -2.69030716398092       -1.06692595012553       -1.57214170328872
H           -4.98584803012755       -0.95677378870807       -0.73722214580325
H           -5.49000937192912        0.20072855985221        1.38148095999590
H           -3.66151383272344        1.23697458859122        2.67860657455771
H           -1.33863541029029        1.11658332322362        1.84423309765688
28
 energy: -39.512957829346 gnorm: 0.003582122348 xtb: 6.7.1 (edcfbbe)
C           -0.22512414011343       -0.15555996780385       -1.89657064235373
C           -0.45965874627112       -0.01184926207016       -0.41695772153937
N            0.45992117462700        0.08283198882988        0.44596945018954
C            1.82006218740197        0.02818734665766        0.23733258144442
C            2.47724363531682       -1.20117636778393        0.15246085298040
C            3.85566420944419       -1.25073943854185        0.08628800294306
C            4.60322721657016       -0.08434425669765        0.09657873360211
C            3.95650426061668        1.13831132767733        0.17855534118482
C            2.57933334947077        1.20019530208700        0.25472708775817
C           -1.85090786261639        0.03771186024443        0.06501547454113
C           -2.89806371512395       -0.53749482789479       -0.65300490600116
C           -4.19181382772364       -0.48612049480621       -0.16602792451138
C           -4.46365550426079        0.14855878779375        1.03519542108049
C           -3.42967161584248        0.72580033142301        1.75540525197671
C           -2.13462893307816        0.66594390600433        1.27789301997424
H           -0.35163582512502       -1.19444327903667       -2.19191168178553
H           -0.93167516160171        0.45312586078731       -2.45383035390250
H            0.78985911134298        0.14856429583314       -2.14605618744535
H            1.89364917288019       -2.11126724799674        0.14810490313913
H            4.35062494213054       -2.20959010880207        0.02292704680921
H            5.68087785013055       -0.12776993840418        0.04337762805859
H            4.53080272505972        2.05402258703546        0.18571548126462
H            2.07432646085891        2.15342803196891        0.31968280646825
H           -2.70864428775935       -1.04722532929763       -1.58593618363195
H           -4.99312252518811       -0.94398960904203       -0.72788990291304
H           -5.47660741746625        0.19150412331278        1.40839360325196
H           -3.63507078325800        1.22336042866531        2.69224922746106
H           -1.32181595042167        1.11002394965777        1.83231359005748
28
 energy: -39.512988216365 gnorm: 0.002133053144 xtb: 6.7.1 (edcfbbe)
C           -0.22930992679542       -0.16736210109892       -1.90809780691982
C           -0.46228510205179       -0.01258193009907       -0.42897518373876
N            0.45895901396332        0.08826817342549        0.43173644302851
C            1.81851474739641        0.03239804490209        0.22883364662667
C            2.47582672990051       -1.19711697703468        0.14372948522520
C            3.85495538598353       -1.24663462349713        0.08998055408594
C            4.60270429224004       -0.08041884790206        0.11167960380094
C            3.95566593921759        1.14238856215314        0.19154411599181
C            2.57785114983107        1.20452942061917        0.25564729156898
C           -1.85129440436239        0.03931700906424        0.05749176336490
C           -2.90351201392587       -0.53026108850560       -0.65772676500895
C           -4.19407366264091       -0.48049435552842       -0.16208724687354
C           -4.45766259315997        0.14721185217045        1.04465059552172
C           -3.41891071251926        0.72051568898986        1.76128641336636
C           -2.12723849684542        0.66241840076233        1.27522187020881
H           -0.38399780025686       -1.20539977064210       -2.20136005837293
H           -0.92056228118357        0.45928848453235       -2.46769942666783
H            0.79505483245716        0.11070325478336       -2.15682895868793
H            1.89130169927966       -2.10646327153099        0.13097229072897
H            4.35009645017414       -2.20554124736178        0.02721941880503
H            5.68092298089094       -0.12395158807478        0.06951524063633
H            4.53013512583265        2.05804563630160        0.20674600969930
H            2.07155857082172        2.15702713456067        0.31973999995409
H           -2.71996275479711       -1.03403963370475       -1.59503281299616
H           -4.99917115611933       -0.93489636758083       -0.72150667012557
H           -5.46792675943324        0.18752393390372        1.42513611509968
H           -3.61788096284322        1.21309863389817        2.70218746170657
H           -1.30975829105395        1.10242757229485        1.82599661007314
28
 energy: -39.513015008910 gnorm: 0.001345619888 xtb: 6.7.1 (edcfbbe)
C           -0.22724701696254       -0.17668448965968       -1.90987563890969
C           -0.46390043818478       -0.01301539310869       -0.43166347854323
N            0.45837469020200        0.09343580530961        0.42792978241985
C            1.81682014322275        0.03623326620968        0.22810419964805
C            2.47366115878375       -1.19389961468858        0.14057912476419
C            3.85258971564040       -1.24409671769763        0.08857924075648
C            4.60021364242433       -0.07806975610077        0.11354542378646
C            3.95415804429225        1.14531254744204        0.19512175726286
C            2.57662419201088        1.20826607505939        0.25799091994577
C           -1.85186030717442        0.04003350902644        0.05544166822233
C           -2.90601729849321       -0.52434006341170       -0.66109761714376
C           -4.19555295552308       -0.47455209374697       -0.16300329477108
C           -4.45531286795457        0.14806998634493        1.04673130148037
C           -3.41465774527982        0.71590396859457        1.76514307365938
C           -2.12421571732198        0.65788187135230        1.27704031341251
H           -0.38955015684493       -1.21501912944025       -2.19999735811718
H           -0.91036216771098        0.45349135507535       -2.47656965575366
H            0.80052533602759        0.09152696607596       -2.15393724099547
H            1.88733962626870       -2.10174672754775        0.12559749869875
H            4.34761909002611       -2.20315009545752        0.02400202985281
H            5.67828529247834       -0.12209493220531        0.07283099872768
H            4.52919883811082        2.06054288025989        0.21211453085611
H            2.06906866050159        2.15997437181197        0.32365134905686
H           -2.72301336394075       -1.02360989060587       -1.60061003578604
H           -5.00260781790789       -0.92514690785341       -0.72287516151034
H           -5.46468091083764        0.18858035762445        1.42890503358729
H           -3.61167907979731        1.20389895531621        2.70869418311987
H           -1.30382058605514        1.09227389582171        1.82762705237430
28
 energy: -39.513053912393 gnorm: 0.003294829577 xtb: 6.7.1 (edcfbbe)
C           -0.21981588633835       -0.19620763314347       -1.90677784495599
C           -0.46584596135705       -0.01453608301314       -0.43125297742966
N            0.45693762236500        0.10493522908822        0.42720432171176
C            1.81382640724541        0.04486508212041        0.23086833937279
C            2.46878145466964       -1.18658369070422        0.13614029053059
C            3.84760695887637       -1.23882823411450        0.08164411947885
C            4.59638938210802       -0.07344884132793        0.10953245714048
C            3.95302264414169        1.15118714353424        0.19773016325382
C            2.57577169182130        1.21606952711084        0.26440175372512
C           -1.85325291459374        0.04018762237997        0.05461113330166
C           -2.90981633009680       -0.51225374884985       -0.66797989875155
C           -4.19922405606613       -0.46056781791183       -0.16905521000178
C           -4.45449199125528        0.15136530548378        1.04663654962245
C           -3.41106386144338        0.70602902303454        1.77228927601948
C           -2.12125629803532        0.64651156692003        1.28370365584190
H           -0.38585975556235       -1.23626782948372       -2.18781188821013
H           -0.89260706803927        0.43068338639157       -2.48855220338686
H            0.81180409304111        0.06021075664700       -2.14295781938476
H            1.87837983765861       -2.09187087092089        0.11912034754102
H            4.34175277183192       -2.19813488943278        0.01097354875293
H            5.67427903307394       -0.11881788801331        0.06505006139901
H            4.53024384465760        2.06515828077571        0.21568912756569
H            2.06716717267830        2.16688044222422        0.33585430804771
H           -2.72635059712203       -1.00252262772073       -1.61209456204581
H           -5.00932972193794       -0.90153016285348       -0.73252367322385
H           -5.46365301405978        0.19436298181606        1.42918698656256
H           -3.60665038021563        1.18434505395547        2.72109208776890
H           -1.29674507804542        1.06877891580824        1.83727754985510
28
 energy: -39.513081005880 gnorm: 0.003327918105 xtb: 6.7.1 (edcfbbe)
C           -0.21761848812599       -0.20840308059377       -1.90474709601271
C           -0.46577389717609       -0.01663131182152       -0.43082464505490
N            0.45638573869538        0.11152808356319        0.42741383805512
C            1.81338096596278        0.05009011547367        0.23200223255064
C            2.46713153801658       -1.18171844417421        0.13354035753670
C            3.84578489422201       -1.23521371843182        0.07741815357704
C            4.59574242846842       -0.07057252920493        0.10707900507670
C            3.95372728755604        1.15446816343425        0.19959555336067
C            2.57670772987500        1.22041594366256        0.26870753409410
C           -1.85355266668770        0.03958202313150        0.05412566313111
C           -2.91179793219950       -0.50511100306204       -0.67203793479974
C           -4.20132804958267       -0.45192845785210       -0.17314328736423
C           -4.45488521600765        0.15316900167056        1.04643319122302
C           -3.40971397033011        0.70000788316885        1.77580760898768
C           -2.12004426892292        0.63950779905239        1.28682715990081
H           -0.38820468138235       -1.24957719497271       -2.18031076480849
H           -0.88584425040571        0.41879846063772       -2.49185694785202
H            0.81566827206812        0.04101898045705       -2.13973905903759
H            1.87566428361751       -2.08643756221668        0.11499352546601
H            4.33917415843673       -2.19466053452406        0.00394305046639
H            5.67375396173182       -0.11682206248674        0.06087823665069
H            4.53222025403144        2.06770847365186        0.21934355177544
H            2.06895440524766        2.17149632846375        0.34321741532919
H           -2.72999369424754       -0.99024860844585       -1.61933607554156
H           -5.01300379203199       -0.88632356384840       -0.73944968980846
H           -5.46406802609114        0.19723927008728        1.42935111254415
H           -3.60417307007012        1.17275685073489        2.72776011658409
H           -1.29429391466752        1.05586069424578        1.84300819407155
28
 energy: -39.513146602303 gnorm: 0.002427428842 xtb: 6.7.1 (edcfbbe)
C           -0.21384008465503       -0.23476793885580       -1.89634569666117
C           -0.46419534556976       -0.02168124116443       -0.42604552937520
N            0.45605528902628        0.12623311046469        0.43160470737303
C            1.81372568049513        0.06173959421412        0.23504084983386
C            2.46452858101330       -1.17073558185650        0.12816869068292
C            3.84313255009219       -1.22728642645504        0.06672065303780
C            4.59622914241222       -0.06460451149864        0.09847236516393
C            3.95707166553838        1.16114175403778        0.20166058008726
C            2.58025427393054        1.22963412876041        0.27803711428649
C           -1.85361554287110        0.03667864453407        0.05598455673508
C           -2.91460435357375       -0.49002073671902       -0.67979205948503
C           -4.20539666389615       -0.43211345541596       -0.18441822723547
C           -4.45802562505898        0.15824292696367        1.04273778210050
C           -3.41015010177519        0.68648216868642        1.78219728349476
C           -2.11969960845286        0.62264932969505        1.29542730401334
H           -0.39068227465515       -1.27858885229258       -2.15881224699098
H           -0.87618199400193        0.38936927234685       -2.49288488034022
H            0.82151072082228        0.00350801665255       -2.13251866728260
H            1.87179325803101       -2.07481276102130        0.10791125366801
H            4.33430343336433       -2.18719099808962       -0.01355318163047
H            5.67408186972533       -0.11296567392809        0.04474545510097
H            4.53815512891243        2.07270420625433        0.22421381603759
H            2.07599058644472        2.18198562196574        0.36048971794498
H           -2.73638343024279       -0.96446508313824       -1.63341817175191
H           -5.01937201644794       -0.85105009256549       -0.75906966818997
H           -5.46805575613467        0.20567690142125        1.42366896763724
H           -3.60348731157487        1.14769000058053        2.74015135603811
H           -1.29314207089746        1.02654767622377        1.85962587580852
28
 energy: -39.513221539414 gnorm: 0.002576025739 xtb: 6.7.1 (edcfbbe)
C           -0.20936192000643       -0.27944352715940       -1.88305879556349
C           -0.46167972684328       -0.03010487100860       -0.41882559344605
N            0.45615496772903        0.14978638834349        0.43648062089545
C            1.81470207653337        0.08071981592440        0.23803780041845
C            2.46074864975733       -1.15275102684768        0.11719001858487
C            3.83885103466227       -1.21380800352355        0.04851709102449
C            4.59664681088766       -0.05427584420267        0.08587766261242
C            3.96198685976761        1.17237755815094        0.20637700044922
C            2.58587571931812        1.24481751314419        0.29278960551573
C           -1.85305210358847        0.03256588943772        0.05880262901572
C           -2.91851904194868       -0.46465583724459       -0.69210956527540
C           -4.21098486095355       -0.39946316181523       -0.20200826787842
C           -4.46228114607749        0.16669431013593        1.03726223835019
C           -3.41022226440009        0.66440983951061        1.79262536763806
C           -2.11869025384097        0.59531486948169        1.30940790591497
H           -0.40209047401596       -1.32667435861156       -2.12317898051520
H           -0.85999406833140        0.34350418885380       -2.49433472038882
H            0.83062507894752       -0.06256327257433       -2.12283420765323
H            1.86622637341613       -2.05585272881779        0.09173438340326
H            4.32619761181076       -2.17468895756723       -0.04202171827513
H            5.67450177145475       -0.10586484344217        0.02414081506813
H            4.54673864788221        2.08151443060281        0.23610508304546
H            2.08720959761920        2.19902053518234        0.38771922305159
H           -2.74634853281846       -0.92110335922322       -1.65581619645426
H           -5.02809680139132       -0.79316336452467       -0.79065529869585
H           -5.47347076010767        0.21933125199878        1.41452165869281
H           -3.60110886993072        1.10637584210434        2.76043980282075
H           -1.29056437553093        0.97798072349228        1.88681443774554
28
 energy: -39.513266251223 gnorm: 0.003239544767 xtb: 6.7.1 (edcfbbe)
C           -0.20577880641268       -0.32327049476756       -1.87022692259146
C           -0.45961842556186       -0.03772640653023       -0.41251455298894
N            0.45662368072538        0.17170126959025        0.43872671375775
C            1.81542334320038        0.09848317428624        0.23870743319497
C            2.45691015085828       -1.13586240083274        0.10366090359064
C            3.83484362953850       -1.20085050939666        0.03082552883274
C            4.59693820598755       -0.04422646851219        0.07666761755529
C            3.96648236254244        1.18307558927000        0.21314166465637
C            2.59070256882848        1.25912181972908        0.30579671595927
C           -1.85204752192095        0.02964318764941        0.06141644170941
C           -2.92111770839774       -0.43990463538448       -0.70295888024810
C           -4.21489781196935       -0.36822932782322       -0.21739473939340
C           -4.46544503684383        0.17491969529249        1.03253114699554
C           -3.41018912071773        0.64394143632609        1.80204479759742
C           -2.11770444967891        0.57008609158167        1.32226083129880
H           -0.41608822856595       -1.37242615473200       -2.08864181854546
H           -0.84411275737522        0.29882151790647       -2.49559112392051
H            0.83779766744426       -0.12698353057859       -2.11310321537908
H            1.86030314800292       -2.03748387626691        0.07163957134288
H            4.31814084782789       -2.16270198703668       -0.07070140120481
H            5.67415762853510       -0.09862857304787        0.00851772938316
H            4.55421338831938        2.08997903996351        0.25059616942739
H            2.09669566191023        2.21445453124947        0.41262814332771
H           -2.75361938280144       -0.87821071654372       -1.67593209269247
H           -5.03392750174921       -0.73890056315084       -0.81868178448324
H           -5.47759872613064        0.23169147382396        1.40645058013668
H           -3.59895531080601        1.06721435409894        2.77881367958859
H           -1.28813149478868        0.93227246363682        1.91132086319404
28
 energy: -39.513298893150 gnorm: 0.002252632276 xtb: 6.7.1 (edcfbbe)
C           -0.20464318396671       -0.35278137528370       -1.86135302972348
C           -0.45865079723263       -0.04272153249459       -0.40897984422304
N            0.45727939926430        0.18558887630637        0.43743612595042
C            1.81588155049389        0.10976260969705        0.23722505953432
C            2.45457859231966       -1.12490256456171        0.09206523924544
C            3.83217579525360       -1.19211308463115        0.01785695443178
C            4.59661247306652       -0.03746276326714        0.07193499483801
C            3.96890437700804        1.18991335706797        0.21891696814417
C            2.59350665074250        1.26812942856459        0.31352616063817
C           -1.85107052351532        0.02840530493796        0.06311422503626
C           -2.92177896343348       -0.42318797651925       -0.70904133079141
C           -4.21612876951299       -0.34781934843512       -0.22590996844879
C           -4.46665707355006        0.18017646394310        1.03008414680912
C           -3.41015020023285        0.63082548498595        1.80761088170870
C           -2.11711404024782        0.55417784670919        1.32999682546117
H           -0.42831583727141       -1.40129765636101       -2.06490803696465
H           -0.83357662487949        0.26872080623260       -2.49649172749027
H            0.84161401832129       -0.17131915534247       -2.10542504897092
H            1.85623580788761       -2.02505109953006        0.05354361659474
H            4.31280412551620       -2.15444870956120       -0.09133934909706
H            5.67369151432990       -0.09350685213122        0.00367970874377
H            4.55848133321406        2.09535897535841        0.26407442769878
H            2.10190958007990        2.22354357391789        0.42822435296109
H           -2.75606731550782       -0.84870972340978       -1.68747493428195
H           -5.03539618841452       -0.70406313611600       -0.83470209575182
H           -5.47934876589259        0.23936249141694        1.40178688580588
H           -3.59799482707704        1.04262464567056        2.78896506915632
H           -1.28678210676209        0.90279511263662        1.92558372308639
28
 energy: -39.513323187271 gnorm: 0.001613466645 xtb: 6.7.1 (edcfbbe)
C           -0.20552983723057       -0.38040574128474       -1.85601084554047
C           -0.45877985848826       -0.04767260306493       -0.40892540326390
N            0.45809976136986        0.19854362766926        0.43134773223311
C            1.81612732485298        0.11993706915100        0.23283005896365
C            2.45304545002099       -1.11478010355080        0.07846204933252
C            3.83073867772583       -1.18367640794297        0.00747481183298
C            4.59665516681366       -0.03071858893402        0.07357399581924
C            3.97090430526136        1.19652208671649        0.22845780484952
C            2.59549677414951        1.27640536104584        0.31973777014859
C           -1.85055520591334        0.02682089788429        0.06340082276056
C           -2.92364300770039       -0.40801546617268       -0.71459347876806
C           -4.21781375456039       -0.32918323586649       -0.23188448792793
C           -4.46612031422093        0.18509380576375        1.02990600660697
C           -3.40754823359505        0.61899251380060        1.81334396270473
C           -2.11464426514478        0.53956138019459        1.33605432524784
H           -0.44751754202887       -1.42658630810335       -2.04708263539934
H           -0.82222467171850        0.24375508182422       -2.50077491595206
H            0.84421591496877       -0.21729766336009       -2.09953265886333
H            1.85286377700809       -2.01309273239604        0.03156183306109
H            4.30956215887146       -2.14600717806540       -0.10929281972808
H            5.67317612514255       -0.08798716296758        0.00765772568647
H            4.56156623246790        2.10048969010578        0.28175340268011
H            2.10458073023971        2.23117210138571        0.44046405159058
H           -2.75978917142322       -0.82146665695680       -1.69801800060093
H           -5.03813455728430       -0.67245500687998       -0.84602340809444
H           -5.47873776803785        0.24628514560659        1.40117880621348
H           -3.59344037424205        1.02052726580219        2.79903074580954
H           -1.28255383730351        0.87523882839645        1.93590274869866
28
 energy: -39.513330790062 gnorm: 0.000512633448 xtb: 6.7.1 (edcfbbe)
C           -0.20585781796004       -0.38025464096125       -1.85604349843394
C           -0.45911774565510       -0.04633378536169       -0.40955711878100
N            0.45829446869962        0.19868711811769        0.43021862147770
C            1.81607719526339        0.11971335130326        0.23231480915247
C            2.45374255207584       -1.11468564160616        0.07693754252806
C            3.83135483120596       -1.18338183062624        0.00624719249453
C            4.59648419488736       -0.03055616160876        0.07436234883233
C            3.97045605686025        1.19663282950627        0.22927529659811
C            2.59519010498533        1.27623738063798        0.31963785413329
C           -1.85093387796865        0.02762092644020        0.06335833760210
C           -2.92380011634145       -0.40825953009779       -0.71424554861719
C           -4.21803394566514       -0.32964442365038       -0.23145154794065
C           -4.46581088007285        0.18526070717581        1.02995078124819
C           -3.40729947701855        0.61939231378614        1.81341020759342
C           -2.11427793243694        0.54001761479824        1.33614067642131
H           -0.45228822748542       -1.42405793646491       -2.04715573942980
H           -0.81851055212735        0.24443892844558       -2.50308047816446
H            0.84383469689042       -0.22318080162382       -2.09773683208407
H            1.85360703116257       -2.01271784695381        0.02910618757894
H            4.31107762724245       -2.14519506473605       -0.11111967947826
H            5.67323874133062       -0.08781553071381        0.01023000992891
H            4.56108019670538        2.10039797413789        0.28428379145705
H            2.10330884624358        2.23050075015225        0.44104743864133
H           -2.75901079441608       -0.82219124714718       -1.69724057035702
H           -5.03870730892095       -0.67319148345213       -0.84499295319364
H           -5.47849913928760        0.24705435264097        1.40111693408313
H           -3.59364082904164        1.02101080186486        2.79900493638978
H           -1.28195789915436        0.87450087579774        1.93598100042049
28
 energy: -39.513334906047 gnorm: 0.000457670901 xtb: 6.7.1 (edcfbbe)
C           -0.20654355580875       -0.38111258305260       -1.85666532148227
C           -0.45953950043705       -0.04666700769676       -0.41034877476184
N            0.45852537310788        0.19778029367856        0.42880079601230
C            1.81610522940746        0.11918108432613        0.23133576210489
C            2.45447669510231       -1.11475422137402        0.07487453389861
C            3.83217137779712       -1.18287306603806        0.00535311461231
C            4.59665007878587       -0.02981483172493        0.07583739220442
C            3.97012332776993        1.19709212495019        0.23153411869551
C            2.59482479386173        1.27601483279097        0.32036582102198
C           -1.85123640667542        0.02797919124310        0.06319347084670
C           -2.92409499086586       -0.40827816946511       -0.71412080788118
C           -4.21821926317113       -0.32978084757945       -0.23100511689370
C           -4.46539022352514        0.18585992012221        1.03017838022522
C           -3.40679566258630        0.62006481753527        1.81350173998206
C           -2.11381281843956        0.54049205679638        1.33608201056845
H           -0.45946417990091       -1.42329645215814       -2.04815033992300
H           -0.81466455798072        0.24736820100627       -2.50441731008456
H            0.84434144983293       -0.23024334387024       -2.09650056777991
H            1.85446441472204       -2.01278812349632        0.02550136323878
H            4.31269106682885       -2.14412413496457       -0.11332253457766
H            5.67354501234496       -0.08661976235882        0.01279726854346
H            4.56051275219784        2.10090777894581        0.28766886283495
H            2.10186070014164        2.22973807013725        0.44192047009639
H           -2.75877611248258       -0.82240803429639       -1.69691125806963
H           -5.03918518635467       -0.67412666192022       -0.84369022390021
H           -5.47799970314413        0.24785593894027        1.40163605627450
H           -3.59336301676773        1.02169683076398        2.79905178832760
H           -1.28120709375997        0.87485609856014        1.93549930596694
28
 energy: -39.513341091217 gnorm: 0.000687567291 xtb: 6.7.1 (edcfbbe)
C           -0.20886631694603       -0.38414894472708       -1.85872687696344
C           -0.46029361252060       -0.04847498816938       -0.41232139570860
N            0.45897348824149        0.19585104595499        0.42551448932239
C            1.81631142329524        0.11807187974344        0.22934810824974
C            2.45623230409438       -1.11477699240525        0.07025061762676
C            3.83416201294608       -1.18126255110741        0.00329243644731
C            4.59728483435338       -0.02759743486843        0.07926767768092
C            3.96931679252451        1.19844323395792        0.23674011759643
C            2.59388477017926        1.27565043029267        0.32255568552168
C           -1.85146575495755        0.02751443442568        0.06272449614940
C           -2.92491155302160       -0.40881116324496       -0.71373275420860
C           -4.21860363874408       -0.32999089149187       -0.22961813772182
C           -4.46425261287488        0.18675948601274        1.03142908327433
C           -3.40510200458734        0.62175386824156        1.81357517976939
C           -2.11244361969755        0.54140431651590        1.33539529846061
H           -0.47762226366018       -1.42221343227541       -2.05293052197167
H           -0.80594009250707        0.25523964729175       -2.50662728553763
H            0.84494847799855       -0.24852320088498       -2.09573777346996
H            1.85688823452806       -2.01312114952253        0.01664365098012
H            4.31625255978972       -2.14145113700217       -0.11752983703512
H            5.67444028135902       -0.08319502375493        0.01931706386409
H            4.55901018029330        2.10243537660470        0.29724517636356
H            2.09889755958967        2.22819791568488        0.44525437909536
H           -2.75961490977564       -0.82256753001018       -1.69664024019785
H           -5.04036970712054       -0.67478105306663       -0.84093061316551
H           -5.47654012705342        0.24950958854900        1.40373757369962
H           -3.59149724567495        1.02418017678164        2.79882701249655
H           -1.27907946005060        0.87590409227522        1.93367738948306
28
 energy: -39.513344044255 gnorm: 0.000569670634 xtb: 6.7.1 (edcfbbe)
C           -0.21062289819022       -0.38697099952924       -1.86042542813758
C           -0.46053700710177       -0.05099653212212       -0.41380614567814
N            0.45908771720246        0.19459047275136        0.42321350991679
C            1.81649271221702        0.11757496202439        0.22780229336498
C            2.45744595060956       -1.11450944311392        0.06705887248001
C            3.83556373857884       -1.17982843719034        0.00224035443966
C            4.59787691583594       -0.02583539864601        0.08194767861586
C            3.96880081642627        1.19940499948731        0.24122480522787
C            2.59317820736783        1.27548739134567        0.32491527818515
C           -1.85134172352231        0.02643480666952        0.06192948357634
C           -2.92576869797803       -0.40899172250715       -0.71374157622233
C           -4.21901269061250       -0.32935207090032       -0.22865954102780
C           -4.46352136739087        0.18780161940503        1.03248767410604
C           -3.40352481444877        0.62266569793489        1.81354282719480
C           -2.11128320283589        0.54128819789491        1.33445430990622
H           -0.48936236759378       -1.42189375677490       -2.05735733380039
H           -0.80095652344561        0.26000202123386       -2.50712979629768
H            0.84468809863079       -0.26080552927204       -2.09650775233381
H            1.85896538058019       -2.01330363812936        0.01097019288291
H            4.31839639655178       -2.13946456083649       -0.12004671899750
H            5.67510245238501       -0.08049035143322        0.02308778066871
H            4.55772927624339        2.10376290098344        0.30387440799792
H            2.09738150853076        2.22743626827490        0.44876981715864
H           -2.76164336112997       -0.82290407205348       -1.69677323465224
H           -5.04135706250996       -0.67407255504540       -0.83922834638566
H           -5.47541585233645        0.25060374840136        1.40580625844952
H           -3.58898165004177        1.02612993245395        2.79855210701700
H           -1.27737995202131        0.87623604849426        1.93179822244584
28
 energy: -39.513345907712 gnorm: 0.000229427857 xtb: 6.7.1 (edcfbbe)
C           -0.21179465289261       -0.38971959883492       -1.86179539228409
C           -0.46051203495602       -0.05311750784027       -0.41511446990759
N            0.45893610494845        0.19437733322525        0.42158138998833
C            1.81658870163286        0.11763544878149        0.22705528426606
C            2.45814288509855       -1.11394559651633        0.06498543813926
C            3.83639627380915       -1.17850151457764        0.00134697599485
C            4.59827450669932       -0.02435610279855        0.08328846398568
C            3.96843973864011        1.20027048236206        0.24399467868478
C            2.59268638676935        1.27561793607741        0.32697034148991
C           -1.85111203284887        0.02486270169218        0.06104700770752
C           -2.92661031965216       -0.40941216259104       -0.71384069229980
C           -4.21945325916233       -0.32851284257062       -0.22788699697722
C           -4.46298742292118        0.18866879029332        1.03347097583606
C           -3.40205364127926        0.62318440272957        1.81342278499410
C           -2.11026950477350        0.54058593830023        1.33340299679943
H           -0.49643882758599       -1.42250799153177       -2.06057831164292
H           -0.79838513913151        0.26187367904509       -2.50718469525453
H            0.84413112246332       -0.26899762007000       -2.09788627229637
H            1.86042343146279       -2.01311355991211        0.00688096400904
H            4.31950307956010       -2.13793344089576       -0.12152381741799
H            5.67556752729242       -0.07848139655658        0.02570131464057
H            4.55679529422618        2.10482922822752        0.30960801531677
H            2.09685192799291        2.22728857591044        0.45252521380769
H           -2.76425815616167       -0.82303689439339       -1.69731758187493
H           -5.04236199787190       -0.67203301237152       -0.83839035426297
H           -5.47456434406796        0.25215784416177        1.40744229040571
H           -3.58608541092250        1.02716167459042        2.79849067299826
H           -1.27585023636742        0.87515520586464        1.93030377525553
28
 energy: -39.513346667913 gnorm: 0.000167759375 xtb: 6.7.1 (edcfbbe)
C           -0.21217444931993       -0.39165216582064       -1.86242542797637
C           -0.46042499051746       -0.05429262701331       -0.41585879799665
N            0.45872535480857        0.19470928095871        0.42072524926489
C            1.81653096368302        0.11808016038395        0.22655504440843
C            2.45827401445465       -1.11327842648341        0.06365517010523
C            3.83658177384991       -1.17762495500509        0.00069648183512
C            4.59837986083886       -0.02354669977943        0.08416124123905
C            3.96830557302304        1.20078107126265        0.24598403733172
C            2.59245910291735        1.27592312997830        0.32841986582467
C           -1.85100141253847        0.02393756141345        0.06040687750400
C           -2.92717892976723       -0.40918480986276       -0.71416872191856
C           -4.21980742484446       -0.32730723533755       -0.22770488273389
C           -4.46271572682392        0.18950950618578        1.03391378968828
C           -3.40109402500581        0.62280566558581        1.81359803694478
C           -2.10960329793738        0.53936011677559        1.33299631178047
H           -0.49823337869306       -1.42382748268837       -2.06138770934959
H           -0.79805005247955        0.26078699984728       -2.50750553293300
H            0.84373983437791       -0.27231800253219       -2.09895583677636
H            1.86091803605366       -2.01260714152207        0.00479165185098
H            4.31967478320461       -2.13702633031494       -0.12252763308115
H            5.67566247526016       -0.07748744232945        0.02654879506700
H            4.55635109935487        2.10545811998265        0.31249969341702
H            2.09684835706889        2.22755609648331        0.45501855658045
H           -2.76603964708408       -0.82290723591774       -1.69783147065074
H           -5.04307069485911       -0.67001642899243       -0.83821360935426
H           -5.47412501295120        0.25363791355083        1.40817634544667
H           -3.58408958574964        1.02708700307306        2.79873256938601
H           -1.27484260032357        0.87344435791889        1.92969990519692
28
 energy: -39.513347338985 gnorm: 0.000256531015 xtb: 6.7.1 (edcfbbe)
C           -0.21236008176050       -0.39372013853490       -1.86274140976415
C           -0.46040080163807       -0.05512157113065       -0.41647194215000
N            0.45853292857152        0.19539424666130        0.41991707242608
C            1.81642684847541        0.11875084158864        0.22612696044205
C            2.45822228135321       -1.11247340296576        0.06241283315098
C            3.83655920275323       -1.17679944763493        0.00000037568020
C            4.59835752973719       -0.02282782760161        0.08463583452203
C            3.96824131496191        1.20133639154041        0.24743273338461
C            2.59235187647382        1.27641237929786        0.32958706461067
C           -1.85097406523628        0.02329000358989        0.05990624317005
C           -2.92763897394871       -0.40875878223947       -0.71454280233409
C           -4.22011602739361       -0.32603356923449       -0.22770963056040
C           -4.46247072661666        0.19045640863758        1.03413269543095
C           -3.40031132292663        0.62243517232283        1.81381756807806
C           -2.10903008626591        0.53817842839152        1.33283576167249
H           -0.49875951422093       -1.42591466279951       -2.06088256855525
H           -0.79826026685700        0.25833683290581       -2.50819829587672
H            0.84349429429317       -0.27477301424481       -2.09963296830563
H            1.86097505391324       -2.01179599269509        0.00252768416629
H            4.31960761296573       -2.13614552567371       -0.12386727425220
H            5.67566827978641       -0.07677683044191        0.02744858309813
H            4.55620721528582        2.10596283100759        0.31534617145914
H            2.09691323186397        2.22799874333276        0.45717841203243
H           -2.76736270770107       -0.82210206096171       -1.69851913319211
H           -5.04374879308625       -0.66761061554728       -0.83837079752698
H           -5.47376443734634        0.25521656423101        1.40858302023642
H           -3.58247691706702        1.02603286888793        2.79938340968051
H           -1.27388294836904        0.87105172911156        1.92966439937757
28
 energy: -39.513348557000 gnorm: 0.000326793954 xtb: 6.7.1 (edcfbbe)
C           -0.21258752605041       -0.39781094993706       -1.86298324941116
C           -0.46047233560418       -0.05608454350304       -0.41747567819086
N            0.45828840900179        0.19710869028627        0.41836358717925
C            1.81623419561256        0.12026819528567        0.22522771617486
C            2.45791725251811       -1.11080644179270        0.05980162925799
C            3.83628607086332       -1.17532161058778       -0.00168159416614
C            4.59824833552623       -0.02165395852511        0.08555108559690
C            3.96828171717266        1.20235944305862        0.25006957471528
C            2.59234742045441        1.27754395472313        0.33144950664592
C           -1.85099938918121        0.02250319346060        0.05922894268918
C           -2.92839346429086       -0.40726162134260       -0.71540728143582
C           -4.22066094503086       -0.32322116470459       -0.22809599790558
C           -4.46202636476266        0.19190804045305        1.03446455847100
C           -3.39903469035838        0.62102265401470        1.81461372759524
C           -2.10806007031654        0.53567955201367        1.33308232702028
H           -0.49840442736425       -1.43068636013745       -2.05854558369440
H           -0.79919772617695        0.25221556285456       -2.50987293570066
H            0.84306229315929       -0.27861344992806       -2.10056604363149
H            1.86057584227332       -2.00994570671504       -0.00184260277927
H            4.31922854984595       -2.13458916817339       -0.12654268437069
H            5.67560927466090       -0.07577943979907        0.02923710935374
H            4.55634311154258        2.10674205358810        0.32031260063384
H            2.09710682293085        2.22903220687000        0.46053772263080
H           -2.76917490882984       -0.81974349422164       -1.69992580409267
H           -5.04492441081481       -0.66285485476856       -0.83900427649501
H           -5.47318872979207        0.25804833448345        1.40903521713983
H           -3.58015036490709        1.02350258858633        2.80082657332006
H           -1.27225394208125        0.86643829425878        1.93014185355072
28
 energy: -39.513349802959 gnorm: 0.000267208488 xtb: 6.7.1 (edcfbbe)
C           -0.21302208158964       -0.40308607438162       -1.86300473348788
C           -0.46069601049162       -0.05737503332362       -0.41841510791050
N            0.45820877098954        0.19907180996488        0.41634671598510
C            1.81609281564624        0.12204461777148        0.22386958604951
C            2.45769988523931       -1.10882318538086        0.05630016384374
C            3.83611292309284       -1.17353099145127       -0.00376888963170
C            4.59819642913105       -0.02020627098310        0.08689325183522
C            3.96837594374850        1.20363532158101        0.25344023758552
C            2.59240423415861        1.27893621817422        0.33351262182499
C           -1.85105315086817        0.02188403669830        0.05874675787523
C           -2.92919118479703       -0.40506668591898       -0.71639639515342
C           -4.22125897142418       -0.31975355573890       -0.22872954366908
C           -4.46156251925260        0.19375144589245        1.03468054151311
C           -3.39776383972282        0.61950995721598        1.81559364540082
C           -2.10702906622333        0.53296029953761        1.33370318827477
H           -0.49807067645780       -1.43690359908838       -2.05511649994750
H           -0.80031347109512        0.24431822724060       -2.51196219477467
H            0.84246368638418       -0.28372161944689       -2.10128283319304
H            1.86014667507516       -2.00766698396393       -0.00778971349978
H            4.31904809932982       -2.13255936947241       -0.13049855380421
H            5.67560847607268       -0.07447082056675        0.03160842367605
H            4.55664713372573        2.10766406872971        0.32635073046089
H            2.09708524019288        2.23016617104171        0.46422192365876
H           -2.77072486394451       -0.81591997235309       -1.70171026736543
H           -5.04625375382617       -0.65675584192160       -0.84010975397874
H           -5.47256848679870        0.26099881294219        1.40949864503810
H           -3.57809799119655        1.01995183940931        2.80277831947118
H           -1.27048424509767        0.86094717759282        1.93123973402414
28
 energy: -39.513350490423 gnorm: 0.000129880241 xtb: 6.7.1 (edcfbbe)
C           -0.21346612702458       -0.40715036766898       -1.86279061231263
C           -0.46093635149477       -0.05818358841761       -0.41891429275812
N            0.45830169496576        0.20036023225046        0.41487707927446
C            1.81609644914810        0.12314265450791        0.22290404509841
C            2.45774957067534       -1.10748926382899        0.05346892374467
C            3.83619610838926       -1.17218703299971       -0.00573508384508
C            4.59826393773994       -0.01907446412627        0.08764069366617
C            3.96843876174800        1.20457921712546        0.25578755257136
C            2.59246813491418        1.27983912469827        0.33498512384244
C           -1.85108697184908        0.02168568960245        0.05862887804502
C           -2.92970813295236       -0.40296769718916       -0.71715917251015
C           -4.22167626471914       -0.31692115311234       -0.22943973283498
C           -4.46130845566757        0.19479156598145        1.03483492819373
C           -3.39706019096606        0.61814567090610        1.81644369240237
C           -2.10642080060903        0.53105428079167        1.33441791450871
H           -0.49848905087619       -1.44152306802555       -2.05235245912990
H           -0.80077618650051        0.23869152641015       -2.51328438995671
H            0.84202680620868       -0.28821812164606       -2.10139003867954
H            1.86011598252098       -2.00615034996617       -0.01250613956698
H            4.31927103004826       -2.13098221556351       -0.13364068860856
H            5.67574476936949       -0.07335587734073        0.03356410509409
H            4.55687038951068        2.10833306754265        0.33091047758524
H            2.09687364721739        2.23077507596613        0.46675325047718
H           -2.77143422408154       -0.81263548552855       -1.70297678017997
H           -5.04708762031055       -0.65225626691892       -0.84115421870072
H           -5.47224006483640        0.26276387778071        1.40974255064228
H           -3.57723500477185        1.01753563280488        2.80408353280403
H           -1.26949183579581        0.85739733576510        1.93230086123434
28
 energy: -39.513350632405 gnorm: 0.000183860473 xtb: 6.7.1 (edcfbbe)
C           -0.21391017245952       -0.41121466095634       -1.86257649113738
C           -0.46117669249793       -0.05899214351160       -0.41941347760573
N            0.45839461894198        0.20164865453604        0.41340744256381
C            1.81610008264996        0.12424069124435        0.22193850414731
C            2.45779925611137       -1.10615534227712        0.05063768364559
C            3.83627929368569       -1.17084307454815       -0.00770127805846
C            4.59833144634883       -0.01794265726943        0.08838813549712
C            3.96850157974750        1.20552311266992        0.25813486755720
C            2.59253203566975        1.28074203122232        0.33645762585989
C           -1.85112079282999        0.02148734250661        0.05851099821482
C           -2.93022508110768       -0.40086870845934       -0.71792194986688
C           -4.22209355801410       -0.31408875048577       -0.23014992200088
C           -4.46105439208254        0.19583168607045        1.03498931487435
C           -3.39635654220931        0.61678138459622        1.81729373940392
C           -2.10581253499472        0.52914826204573        1.33513264074265
H           -0.49890742529459       -1.44614253696273       -2.04958841831230
H           -0.80123890190590        0.23306482557969       -2.51460658513874
H            0.84158992603317       -0.29271462384523       -2.10149724416605
H            1.86008528996680       -2.00463371596840       -0.01722256563418
H            4.31949396076671       -2.12940506165461       -0.13678282341290
H            5.67588106266631       -0.07224093411471        0.03551978651214
H            4.55709364529563        2.10900206635559        0.33547022470959
H            2.09666205424189        2.23138398089055        0.46928457729560
H           -2.77214358421857       -0.80935099870401       -1.70424329299451
H           -5.04792148679493       -0.64775669191624       -0.84219868342269
H           -5.47191164287411        0.26452894261923        1.40998645624645
H           -3.57637201834714        1.01511942620044        2.80538874613688
H           -1.26849942649395        0.85384749393738        1.93336198844454
28
 energy: -39.513350825295 gnorm: 0.000098991442 xtb: 6.7.1 (edcfbbe)
C           -0.21402551151648       -0.41139055887936       -1.86249743969311
C           -0.46116832661285       -0.05914531627960       -0.41930391340571
N            0.45847226502753        0.20145570368032        0.41344205904527
C            1.81616858727147        0.12406675330050        0.22189299469240
C            2.45799344104566       -1.10623977392804        0.05053274183596
C            3.83649700155309       -1.17078641923856       -0.00769770983197
C            4.59846056438791       -0.01784831552951        0.08864501849620
C            3.96849201805978        1.20553508984352        0.25846529786576
C            2.59250026596820        1.28062703078191        0.33658161724513
C           -1.85110468239602        0.02161319896045        0.05855520379857
C           -2.93018997417373       -0.40087905495491       -0.71784436026927
C           -4.22206071585080       -0.31429375657979       -0.23008267077475
C           -4.46113304922722        0.19582500475746        1.03495709067425
C           -3.39649794980462        0.61713004288740        1.81713568466462
C           -2.10591813685525        0.52954970200041        1.33503037410451
H           -0.50010821530673       -1.44591247098549       -2.04978524676813
H           -0.80051214593615        0.23367954048329       -2.51447742695365
H            0.84162052576618       -0.29402041978404       -2.10126536252676
H            1.86042514303661       -2.00480440576661       -0.01741480155780
H            4.31976293794160       -2.12926775092832       -0.13726408261598
H            5.67596730955976       -0.07197064569851        0.03516854903871
H            4.55695316935335        2.10909702642472        0.33546343112865
H            2.09655838249862        2.23120401190996        0.46959938051957
H           -2.77212247545873       -0.80891327218835       -1.70435730079568
H           -5.04785730008281       -0.64768183813152       -0.84232985977853
H           -5.47196946971240        0.26408789071398        1.41007466374878
H           -3.57653360863381        1.01506699124160        2.80539403795841
H           -1.26867004990154        0.85421601168795        1.93338203025569
28
 energy: -39.513350930020 gnorm: 0.000064436213 xtb: 6.7.1 (edcfbbe)
C           -0.21405702301769       -0.41160945584863       -1.86233329290982
C           -0.46111527223063       -0.05934607028702       -0.41911925331262
N            0.45850930732753        0.20120263357130        0.41365359072316
C            1.81622890752067        0.12383233668105        0.22204243363035
C            2.45820627802422       -1.10635303836645        0.05053615430519
C            3.83672514494224       -1.17069177559656       -0.00785559261858
C            4.59856000352673       -0.01767936879126        0.08839127563723
C            3.96842964200700        1.20557961094627        0.25850570140686
C            2.59243452462510        1.28046321562902        0.33684149265579
C           -1.85108403835871        0.02178450027079        0.05856358947198
C           -2.93017035048259       -0.40060868772046       -0.71791017929931
C           -4.22205466213912       -0.31420737633993       -0.23016958902798
C           -4.46124496643637        0.19576694858288        1.03491427001440
C           -3.39665117449630        0.61722975037641        1.81705884301396
C           -2.10603965778195        0.52979233415399        1.33497547426209
H           -0.50148964833906       -1.44564987805867       -2.04993797659313
H           -0.79952325839099        0.23442890341430       -2.51426548220847
H            0.84177313682338       -0.29559929567195       -2.10086599865063
H            1.86084317108780       -2.00504436420855       -0.01750045610457
H            4.32005306527636       -2.12910204405999       -0.13773078385707
H            5.67606160681599       -0.07163947532580        0.03470967479985
H            4.55674304794287        2.10923465236563        0.33556149001018
H            2.09644689175615        2.23097947116002        0.47008785814385
H           -2.77214831538944       -0.80850239864194       -1.70448639779894
H           -5.04775904048670       -0.64765286155218       -0.84250940547132
H           -5.47207238720847        0.26358602345893        1.41012676004313
H           -3.57669553761676        1.01512890770809        2.80533205877797
H           -1.26890939530064        0.85467680195157        1.93338374105756
28
 energy: -39.513351002082 gnorm: 0.000046102800 xtb: 6.7.1 (edcfbbe)
C           -0.21397163872298       -0.41199759186170       -1.86203669621626
C           -0.46104221667704       -0.05943770679836       -0.41889052005494
N            0.45851100831558        0.20102415291556        0.41399287392097
C            1.81626473455595        0.12362267282059        0.22232471578834
C            2.45838685846000       -1.10642765827773        0.05047839493333
C            3.83691693985309       -1.17052794223058       -0.00832355445857
C            4.59862301517836       -0.01743394720011        0.08797290849888
C            3.96833223044793        1.20567965211846        0.25853454433061
C            2.59234184626006        1.28032311912657        0.33722926854098
C           -1.85106244995729        0.02185817342761        0.05861953968139
C           -2.93013553389495       -0.40027664903049       -0.71802394792499
C           -4.22205559820054       -0.31395523936793       -0.23036385169693
C           -4.46136041624090        0.19565221833195        1.03484959419742
C           -3.39682284141691        0.61718373288257        1.81702429629539
C           -2.10617317340710        0.52984933407676        1.33500182278183
H           -0.50290461866645       -1.44555894915120       -2.04989262516303
H           -0.79829772891823        0.23502685243629       -2.51400909060190
H            0.84207965094520       -0.29748171636075       -2.10024542812862
H            1.86123676821066       -2.00526066790405       -0.01749541406844
H            4.32033008173215       -2.12887407129652       -0.13834654573211
H            5.67611644960727       -0.07120510615021        0.03395044959949
H            4.55648331820918        2.10943742579683        0.33561180002897
H            2.09629986362984        2.23076232195429        0.47079336067613
H           -2.77216131655213       -0.80790264061841       -1.70471816795255
H           -5.04768473746462       -0.64725961836362       -0.84288999149864
H           -5.47221394662267        0.26331048606432        1.41001788345000
H           -3.57688724727216        1.01508569008989        2.80529319667567
H           -1.26914930139067        0.85478367237083        1.93354118419876
