      -----------------------------------------------------------
     |                   =====================                   |
     |                        T H E R M O                        |
     |                   =====================                   |
     |                         S. Ehlert                         |
     |          Mulliken Center for Theoretical Chemistry        |
     |                    University of Bonn                     |
      -----------------------------------------------------------

   * xtb-thermo version 6.7.1 (edcfbbe) compiled by 'VssAdministrator@runnervm171ch' on 2026-06-10

 * started run on 2026/09/10 at 23:26:55.229     
eigval :       -0.02    -0.01     0.01     0.01     0.02     0.02
eigval :        6.27    12.87    16.95    18.07    23.03    25.59
eigval :       28.69    33.93    42.59    43.64    46.28    48.84
eigval :       52.34    54.06    62.84    63.88    68.61    70.57
eigval :       73.27    78.49    80.16    81.56    85.46    86.30
eigval :       88.94    96.22    98.40   101.72   103.26   107.41
eigval :      114.44   122.35   131.12   139.64   141.55   144.68
eigval :      148.28   149.82   150.11   165.98   171.32   177.72
eigval :      178.52   182.06   184.32   189.36   210.65   212.87
eigval :      227.22   236.33   244.04   251.31   267.81   270.38
eigval :      277.13   288.56   289.93   296.39   300.86   305.43
eigval :      315.30   316.88   325.74   326.38   331.26   333.33
eigval :      335.30   341.36   357.80   368.74   370.08   373.95
eigval :      376.81   381.41   384.84   387.53   398.30   409.03
eigval :      426.85   433.94   440.32   443.37   464.00   469.10
eigval :      475.19   488.70   493.96   501.24   503.82   512.90
eigval :      515.25   521.79   524.25   526.88   539.38   546.78
eigval :      549.95   554.89   565.05   573.22   585.50   585.97
eigval :      587.67   588.68   589.52   593.66   622.76   627.60
eigval :      631.17   633.28   641.08   651.07   659.24   664.37
eigval :      666.28   668.25   671.41   682.58   682.80   695.36
eigval :      704.12   710.33   720.13   729.72   740.95   748.74
eigval :      757.72   758.25   760.13   765.47   768.94   770.94
eigval :      776.95   784.80   787.74   796.24   824.82   834.11
eigval :      839.86   852.29   860.36   864.98   865.04   871.27
eigval :      871.82   876.41   876.98   879.89   884.00   898.05
eigval :      899.90   905.48   907.45   910.99   913.60   915.58
eigval :      918.67   921.11   926.20   926.32   926.75   929.19
eigval :      929.59   932.82   934.91   938.78   940.16   953.17
eigval :      961.21   966.15   969.17   971.64   984.33   986.08
eigval :      991.31   994.39  1001.31  1009.93  1013.26  1018.57
eigval :     1024.36  1027.99  1034.34  1072.56  1081.60  1082.31
eigval :     1083.40  1083.85  1084.05  1086.83  1091.77  1098.90
eigval :     1102.05  1118.83  1121.47  1121.58  1126.10  1126.78
eigval :     1131.48  1132.67  1146.65  1151.17  1152.50  1164.45
eigval :     1168.91  1173.18  1174.89  1178.05  1179.94  1180.65
eigval :     1181.24  1181.87  1187.58  1194.60  1198.96  1203.01
eigval :     1205.70  1207.47  1207.81  1212.41  1214.41  1236.81
eigval :     1245.52  1248.35  1250.69  1256.79  1260.85  1269.26
eigval :     1277.47  1282.33  1282.91  1287.11  1290.40  1294.58
eigval :     1295.23  1312.19  1314.89  1319.03  1321.33  1326.24
eigval :     1334.46  1341.95  1364.63  1367.75  1382.29  1383.85
eigval :     1385.47  1388.27  1391.19  1394.27  1399.34  1413.90
eigval :     1414.79  1416.77  1425.17  1428.49  1429.93  1433.12
eigval :     1437.45  1439.86  1441.87  1443.54  1447.29  1450.16
eigval :     1460.15  1461.87  1464.60  1467.20  1467.42  1468.79
eigval :     1472.47  1481.34  1482.65  1483.21  1483.51  1488.54
eigval :     1491.73  1548.93  1554.74  1572.13  1573.48  1576.18
eigval :     1577.83  1581.54  1584.55  1586.45  1594.15  1599.17
eigval :     1600.33  1606.24  1606.61  1615.09  1648.93  1654.69
eigval :     1672.91  1700.90  2289.72  2862.57  2957.65  2964.64
Refinement of some symmetry elements was terminated before convergence was reached.
Some symmetry elements may remain unidentified.
Molecule has no symmetry elements
It seems to be the C1 point group
eigval :     2978.74  2984.65  3004.83  3013.40  3021.42  3024.49
eigval :     3026.47  3028.79  3035.65  3037.62  3041.73  3043.97
eigval :     3045.23  3056.70  3061.25  3066.43  3067.13  3069.37
eigval :     3070.00  3070.03  3070.85  3072.26  3073.03  3074.41
eigval :     3075.77  3076.46  3076.69  3077.82  3080.25  3081.10
eigval :     3081.46  3084.84  3084.99  3086.22  3086.68  3091.27
eigval :     3092.73  3093.08  3094.24  3094.35  3097.40  3100.80
eigval :     3101.10  3160.99  3413.15

c1  symmetry found (for desy threshold:  0.10E+00) used in thermo

          ...................................................
          :                      SETUP                      :
          :.................................................:
          :  # frequencies                         345      :
          :  # imaginary freq.                       0      :
          :  linear?                             false      :
          :  only rotor calc.                    false      :
          :  symmetry                               c1      :
          :  rotational number                       1      :
          :  scaling factor                  1.0000000      :
          :  rotor cutoff                   50.0000000 cm⁻¹ :
          :  imag. cutoff                  -20.0000000 cm⁻¹ :
          :.................................................:

    mode    ω/cm⁻¹     T·S(HO)/kcal·mol⁻¹    T·S(FR)/kcal·mol⁻¹   T·S(vib)
   ------------------------------------------------------------------------
       1      6.27    -2.66457 (  0.02%)    -1.67134 ( 99.98%)    -1.67159
       2     12.87    -2.23918 (  0.44%)    -1.45864 ( 99.56%)    -1.46204
       3     16.95    -2.07605 (  1.30%)    -1.37704 ( 98.70%)    -1.38615
       4     18.07    -2.03801 (  1.68%)    -1.35801 ( 98.32%)    -1.36942
       5     23.03    -1.89449 (  4.31%)    -1.28620 ( 95.69%)    -1.31239
       6     25.59    -1.83202 (  6.42%)    -1.25492 ( 93.58%)    -1.29200
       7     28.69    -1.76441 (  9.78%)    -1.22108 ( 90.22%)    -1.27423
       8     33.93    -1.66517 ( 17.50%)    -1.17136 ( 82.50%)    -1.25780
       9     42.59    -1.53101 ( 34.48%)    -1.10409 ( 65.52%)    -1.25129
      10     43.64    -1.51655 ( 36.72%)    -1.09684 ( 63.28%)    -1.25097
      11     46.28    -1.48195 ( 42.32%)    -1.07947 ( 57.68%)    -1.24981
      12     48.84    -1.45009 ( 47.66%)    -1.06347 ( 52.34%)    -1.24775
      13     52.34    -1.40939 ( 54.55%)    -1.04302 ( 45.45%)    -1.24289
      14     54.06    -1.39026 ( 57.75%)    -1.03340 ( 42.25%)    -1.23948
      15     62.84    -1.30172 ( 71.39%)    -0.98884 ( 28.61%)    -1.21219
      16     63.88    -1.29206 ( 72.71%)    -0.98397 ( 27.29%)    -1.20798
      17     68.61    -1.25012 ( 78.00%)    -0.96282 ( 22.00%)    -1.18691
      18     70.57    -1.23355 ( 79.87%)    -0.95446 ( 20.13%)    -1.17738
      19     73.27    -1.21153 ( 82.18%)    -0.94334 ( 17.82%)    -1.16374
      20     78.49    -1.17119 ( 85.86%)    -0.92294 ( 14.14%)    -1.13610
      21     80.16    -1.15887 ( 86.85%)    -0.91671 ( 13.15%)    -1.12704
      22     81.56    -1.14879 ( 87.62%)    -0.91160 ( 12.38%)    -1.11943
      23     85.46    -1.12147 ( 89.51%)    -0.89776 ( 10.49%)    -1.09801
      24     86.30    -1.11573 ( 89.87%)    -0.89485 ( 10.13%)    -1.09337
      25     88.94    -1.09816 ( 90.92%)    -0.88593 (  9.08%)    -1.07889
      26     96.22    -1.05233 ( 93.20%)    -0.86263 (  6.80%)    -1.03944
      27     98.40    -1.03929 ( 93.75%)    -0.85599 (  6.25%)    -1.02783
      28    101.72    -1.02002 ( 94.48%)    -0.84617 (  5.52%)    -1.01043
      29    103.26    -1.01125 ( 94.79%)    -0.84169 (  5.21%)    -1.00242
      30    107.41    -0.98842 ( 95.52%)    -0.83003 (  4.48%)    -0.98132
      31    114.44    -0.95175 ( 96.48%)    -0.81125 (  3.52%)    -0.94681
      32    122.35    -0.91319 ( 97.29%)    -0.79144 (  2.71%)    -0.90988
      33    131.12    -0.87342 ( 97.93%)    -0.77093 (  2.07%)    -0.87130
      34    139.64    -0.83746 ( 98.38%)    -0.75230 (  1.62%)    -0.83608
normal termination of xtb
      35    141.55    -0.82969 ( 98.47%)    -0.74827 (  1.53%)    -0.82844
      36    144.68    -0.81724 ( 98.59%)    -0.74179 (  1.41%)    -0.81618
      37    148.28    -0.80329 ( 98.72%)    -0.73452 (  1.28%)    -0.80241
      38    149.82    -0.79742 ( 98.77%)    -0.73146 (  1.23%)    -0.79661
      39    150.11    -0.79629 ( 98.78%)    -0.73087 (  1.22%)    -0.79550
      40    165.98    -0.73955 ( 99.18%)    -0.70110 (  0.82%)    -0.73924
      41    171.32    -0.72179 ( 99.28%)    -0.69172 (  0.72%)    -0.72158
      42    177.72    -0.70132 ( 99.38%)    -0.68086 (  0.62%)    -0.70119
      43    178.52    -0.69881 ( 99.39%)    -0.67952 (  0.61%)    -0.69869
      44    182.06    -0.68787 ( 99.43%)    -0.67370 (  0.57%)    -0.68779
      45    184.32    -0.68103 ( 99.46%)    -0.67005 (  0.54%)    -0.68097
      46    189.36    -0.66608 ( 99.52%)    -0.66206 (  0.48%)    -0.66606
      47    210.65    -0.60764 ( 99.68%)    -0.63050 (  0.32%)    -0.60771
      48    212.87    -0.60194 ( 99.70%)    -0.62740 (  0.30%)    -0.60202
      49    227.22    -0.56673 ( 99.77%)    -0.60807 (  0.23%)    -0.56683
      50    236.33    -0.54572 ( 99.80%)    -0.59643 (  0.20%)    -0.54582
      51    244.04    -0.52870 ( 99.82%)    -0.58692 (  0.18%)    -0.52880
      52    251.31    -0.51323 ( 99.84%)    -0.57822 (  0.16%)    -0.51333
      53    267.81    -0.48010 ( 99.88%)    -0.55937 (  0.12%)    -0.48020
      54    270.38    -0.47519 ( 99.88%)    -0.55655 (  0.12%)    -0.47529
      55    277.13    -0.46252 ( 99.89%)    -0.54924 (  0.11%)    -0.46262
      56    288.56    -0.44198 ( 99.91%)    -0.53728 (  0.09%)    -0.44206
      57    289.93    -0.43959 ( 99.91%)    -0.53587 (  0.09%)    -0.43968
      58    296.39    -0.42851 ( 99.92%)    -0.52934 (  0.08%)    -0.42859
   ------------------------------------------------------------------------

   temp. (K)  partition function   enthalpy   heat capacity  entropy
                                   cal/mol     cal/K/mol   cal/K/mol   J/K/mol
 298.15  VIB  0.223E+31            37951.465    225.635    242.640
         ROT  0.132E+09              888.752      2.981     40.143
         INT  0.295E+39            38840.217    228.616    282.783
         TR   0.270E+29             1481.254      4.968     46.315
         TOT                       40321.4713   233.5839   329.0980  1376.9458

       T/K    H(0)-H(T)+PV         H(T)/Eh          T*S/Eh         G(T)/Eh
   ------------------------------------------------------------------------
    298.15    0.642564E-01    0.963407E+00    0.156365E+00    0.807042E+00
   ------------------------------------------------------------------------

         :::::::::::::::::::::::::::::::::::::::::::::::::::::
         ::                  THERMODYNAMIC                  ::
         :::::::::::::::::::::::::::::::::::::::::::::::::::::
         :: total free energy           0.807041909958 Eh   ::
         ::.................................................::
         :: total energy                0.000000000000 Eh   ::
         :: zero point energy           0.899150613110 Eh   ::
         :: G(RRHO) w/o ZPVE           -0.092108703152 Eh   ::
         :: G(RRHO) contrib.            0.807041909958 Eh   ::
         :::::::::::::::::::::::::::::::::::::::::::::::::::::

------------------------------------------------------------------------
 * finished run on 2026/09/10 at 23:26:55.510     
------------------------------------------------------------------------
 total:
 * wall-time:     0 d,  0 h,  0 min,  0.281 sec
 *  cpu-time:     0 d,  0 h,  0 min,  0.125 sec
 * ratio c/w:     0.445 speedup

