Molecule has no symmetry elements
It seems to be the C1 point group
      -----------------------------------------------------------
     |                   =====================                   |
     |                        T H E R M O                        |
     |                   =====================                   |
     |                         S. Ehlert                         |
     |          Mulliken Center for Theoretical Chemistry        |
     |                    University of Bonn                     |
      -----------------------------------------------------------

   * xtb-thermo version 6.7.1 (edcfbbe) compiled by 'VssAdministrator@runnervm171ch' on 2026-06-10

 * started run on 2026/09/10 at 23:26:52.711     
eigval :       -0.02    -0.02     0.01     0.01     0.02     0.03
eigval :       27.49    42.96    48.71    51.13    93.54   100.42
eigval :      136.75   168.88   205.28   245.00   295.85   345.07
eigval :      364.81   366.19   371.07   414.98   453.67   481.07
eigval :      509.31   573.42   588.20   609.00   612.19   663.23
eigval :      677.73   688.37   757.50   799.00   821.72   849.91
eigval :      864.07   869.54   881.42   913.22   919.55   923.67
eigval :      927.33   976.03   997.15  1007.91  1010.74  1027.28
eigval :     1029.90  1079.44  1106.62  1117.08  1150.24  1180.98
eigval :     1190.15  1203.38  1237.99  1260.79  1275.96  1280.84
eigval :     1283.43  1316.65  1320.39  1380.07  1402.23  1404.39
eigval :     1433.93  1455.51  1463.28  1466.42  1476.90  1479.64
eigval :     1492.28  1568.39  1570.40  1592.93  1601.07  1703.68
eigval :     2993.02  3007.81  3027.10  3028.08  3039.30  3057.21
eigval :     3058.89  3062.94  3066.90  3069.82  3069.99  3076.95
eigval :     3083.60  3085.80  3086.52

c1  symmetry found (for desy threshold:  0.10E+00) used in thermo

          ...................................................
          :                      SETUP                      :
          :.................................................:
          :  # frequencies                          87      :
          :  # imaginary freq.                       0      :
          :  linear?                             false      :
          :  only rotor calc.                    false      :
          :  symmetry                               c1      :
          :  rotational number                       1      :
          :  scaling factor                  1.0000000      :
          :  rotor cutoff                   50.0000000 cm⁻¹ :
          :  imag. cutoff                  -20.0000000 cm⁻¹ :
          :.................................................:

    mode    ω/cm⁻¹     T·S(HO)/kcal·mol⁻¹    T·S(FR)/kcal·mol⁻¹   T·S(vib)
   ------------------------------------------------------------------------
       1     27.49    -1.78966 (  8.38%)    -1.23358 ( 91.62%)    -1.28016
       2     42.96    -1.52586 ( 35.27%)    -1.10142 ( 64.73%)    -1.25113
       3     48.71    -1.45176 ( 47.38%)    -1.06423 ( 52.62%)    -1.24785
       4     51.13    -1.42310 ( 52.24%)    -1.04984 ( 47.76%)    -1.24482
       5     93.54    -1.06875 ( 92.45%)    -0.87095 (  7.55%)    -1.05382
       6    100.42    -1.02748 ( 94.21%)    -0.84993 (  5.79%)    -1.01720
       7    136.75    -0.84938 ( 98.24%)    -0.75846 (  1.76%)    -0.84779
       8    168.88    -0.72986 ( 99.24%)    -0.69596 (  0.76%)    -0.72960
       9    205.28    -0.62171 ( 99.65%)    -0.63813 (  0.35%)    -0.62177
      10    245.00    -0.52660 ( 99.83%)    -0.58573 (  0.17%)    -0.52671
      11    295.85    -0.42942 ( 99.92%)    -0.52987 (  0.08%)    -0.42951
   ------------------------------------------------------------------------

   temp. (K)  partition function   enthalpy   heat capacity  entropy
                                   cal/mol     cal/K/mol   cal/K/mol   J/K/mol
 298.15  VIB  0.480E+06             7699.143     48.791     47.820
         ROT  0.291E+07              888.752      2.981     32.560
         INT  0.140E+13             8587.895     51.772     80.381
         TR   0.293E+28             1481.254      4.968     41.900
normal termination of xtb
         TOT                       10069.1493    56.7399   122.2810   511.6235

       T/K    H(0)-H(T)+PV         H(T)/Eh          T*S/Eh         G(T)/Eh
   ------------------------------------------------------------------------
    298.15    0.160462E-01    0.266689E+00    0.580996E-01    0.208589E+00
   ------------------------------------------------------------------------

         :::::::::::::::::::::::::::::::::::::::::::::::::::::
         ::                  THERMODYNAMIC                  ::
         :::::::::::::::::::::::::::::::::::::::::::::::::::::
         :: total free energy           0.208588880004 Eh   ::
         ::.................................................::
         :: total energy                0.000000000000 Eh   ::
         :: zero point energy           0.250642295354 Eh   ::
         :: G(RRHO) w/o ZPVE           -0.042053415349 Eh   ::
         :: G(RRHO) contrib.            0.208588880004 Eh   ::
         :::::::::::::::::::::::::::::::::::::::::::::::::::::

------------------------------------------------------------------------
 * finished run on 2026/09/10 at 23:26:52.740     
------------------------------------------------------------------------
 total:
 * wall-time:     0 d,  0 h,  0 min,  0.029 sec
 *  cpu-time:     0 d,  0 h,  0 min,  0.016 sec
 * ratio c/w:     0.545 speedup

