      -----------------------------------------------------------
     |                   =====================                   |
     |                        T H E R M O                        |
     |                   =====================                   |
     |                         S. Ehlert                         |
     |          Mulliken Center for Theoretical Chemistry        |
     |                    University of Bonn                     |
      -----------------------------------------------------------

   * xtb-thermo version 6.7.1 (edcfbbe) compiled by 'VssAdministrator@runnervm171ch' on 2026-06-10

 * started run on 2026/09/11 at 00:07:26.968     
eigval :       -0.02    -0.01    -0.01     0.01     0.01     0.02
eigval :        7.46    11.28    15.12    18.89    20.09    24.09
eigval :       28.74    31.34    36.24    41.75    45.16    47.56
eigval :       48.84    51.69    53.24    56.66    59.69    64.94
eigval :       67.50    73.08    74.32    76.23    80.65    82.82
eigval :       85.36    88.63    89.73    98.86   107.55   117.92
eigval :      122.80   128.57   141.06   143.71   144.21   150.89
eigval :      154.88   157.67   161.59   176.93   177.75   181.81
eigval :      183.63   191.44   203.48   207.71   210.82   216.77
eigval :      231.76   236.54   246.77   266.33   272.25   274.76
eigval :      276.31   281.14   290.22   294.10   297.45   308.85
eigval :      316.23   317.37   322.80   324.43   326.36   336.14
eigval :      336.63   350.97   351.44   360.93   361.48   373.21
eigval :      374.06   378.42   394.87   416.13   417.31   427.57
eigval :      440.41   444.74   455.14   461.95   467.17   484.85
eigval :      494.06   497.02   503.84   508.84   513.79   521.75
eigval :      525.92   529.06   534.24   539.11   542.67   543.30
eigval :      545.05   558.16   563.57   574.96   581.19   587.20
eigval :      587.45   599.70   602.84   604.12   610.69   621.27
eigval :      632.12   634.54   637.73   651.12   658.97   666.36
eigval :      675.86   678.14   683.41   697.59   702.65   704.49
eigval :      719.18   721.87   726.88   732.50   745.55   759.84
eigval :      761.51   762.89   769.95   771.13   773.00   781.77
eigval :      783.10   789.09   790.53   816.47   819.94   836.65
eigval :      848.27   853.66   858.19   860.93   863.37   864.50
eigval :      875.61   877.35   878.11   878.63   879.82   898.93
eigval :      902.34   905.46   907.62   912.81   915.95   916.72
eigval :      917.46   923.13   926.58   926.70   927.97   928.50
eigval :      929.72   929.97   931.00   934.74   937.13   963.88
eigval :      969.20   975.09   976.53   988.18   990.39  1001.88
eigval :     1010.42  1012.07  1016.81  1019.15  1024.93  1026.91
eigval :     1031.72  1061.54  1066.05  1080.70  1083.67  1084.17
eigval :     1084.44  1087.96  1100.15  1109.91  1114.71  1117.43
eigval :     1121.81  1122.40  1125.46  1126.59  1134.32  1141.01
eigval :     1143.97  1148.83  1149.43  1152.98  1157.90  1160.03
eigval :     1161.32  1174.42  1178.45  1180.45  1181.16  1181.65
eigval :     1183.60  1189.72  1193.30  1199.43  1201.53  1203.18
eigval :     1205.99  1206.05  1223.59  1230.12  1234.32  1246.40
eigval :     1247.26  1250.33  1256.76  1257.94  1264.47  1265.33
eigval :     1276.36  1282.68  1282.90  1284.31  1286.98  1289.07
eigval :     1298.97  1312.64  1315.33  1319.05  1319.85  1322.31
eigval :     1337.52  1347.96  1356.56  1372.29  1381.00  1382.87
eigval :     1383.35  1388.94  1390.15  1391.69  1396.41  1396.68
eigval :     1406.52  1412.37  1415.97  1421.77  1427.84  1429.76
eigval :     1439.47  1442.81  1444.11  1445.80  1446.72  1447.65
eigval :     1448.52  1452.50  1458.06  1462.98  1467.03  1469.04
eigval :     1470.06  1472.24  1475.65  1480.44  1482.24  1490.65
eigval :     1495.22  1548.21  1556.12  1570.64  1576.61  1579.75
eigval :     1584.00  1588.13  1589.46  1594.98  1598.95  1606.33
eigval :     1606.78  1610.58  1642.37  1646.47  1660.71  1680.15
eigval :     1689.09  1689.54  1926.84  2838.77  2873.24  2941.10
Refinement of some symmetry elements was terminated before convergence was reached.
Some symmetry elements may remain unidentified.
Molecule has no symmetry elements
It seems to be the C1 point group
eigval :     2965.76  2975.48  2982.81  2988.82  2999.76  3006.60
eigval :     3010.15  3012.72  3023.97  3026.02  3030.77  3033.33
eigval :     3033.68  3040.87  3050.65  3064.81  3066.30  3067.63
eigval :     3068.64  3068.77  3070.18  3070.21  3074.30  3074.91
eigval :     3075.63  3076.09  3076.51  3076.73  3077.14  3078.80
eigval :     3083.00  3083.14  3083.24  3083.31  3085.59  3086.83
eigval :     3088.58  3091.51  3092.19  3093.49  3093.73  3094.51
eigval :     3095.50  3112.14  3413.48

c1  symmetry found (for desy threshold:  0.10E+00) used in thermo

          ...................................................
          :                      SETUP                      :
          :.................................................:
          :  # frequencies                         345      :
          :  # imaginary freq.                       0      :
          :  linear?                             false      :
          :  only rotor calc.                    false      :
          :  symmetry                               c1      :
          :  rotational number                       1      :
          :  scaling factor                  1.0000000      :
          :  rotor cutoff                  100.0000000 cm⁻¹ :
          :  imag. cutoff                  -20.0000000 cm⁻¹ :
          :.................................................:

    mode    ω/cm⁻¹     T·S(HO)/kcal·mol⁻¹    T·S(FR)/kcal·mol⁻¹   T·S(vib)
   ------------------------------------------------------------------------
       1      7.46    -2.56187 (  0.00%)    -1.62000 (100.00%)    -1.62003
       2     11.28    -2.31717 (  0.02%)    -1.49764 ( 99.98%)    -1.49778
       3     15.12    -2.14353 (  0.05%)    -1.41080 ( 99.95%)    -1.41118
       4     18.89    -2.01190 (  0.13%)    -1.34495 ( 99.87%)    -1.34580
       5     20.09    -1.97528 (  0.16%)    -1.32663 ( 99.84%)    -1.32768
       6     24.09    -1.86778 (  0.34%)    -1.27283 ( 99.66%)    -1.27483
       7     28.74    -1.76337 (  0.68%)    -1.22055 ( 99.32%)    -1.22423
       8     31.34    -1.71220 (  0.96%)    -1.19493 ( 99.04%)    -1.19987
       9     36.24    -1.62627 (  1.70%)    -1.15187 ( 98.30%)    -1.15991
      10     41.75    -1.54268 (  2.95%)    -1.10995 ( 97.05%)    -1.12271
      11     45.16    -1.49637 (  3.99%)    -1.08671 ( 96.01%)    -1.10307
      12     47.56    -1.46577 (  4.87%)    -1.07135 ( 95.13%)    -1.09055
      13     48.84    -1.45011 (  5.38%)    -1.06348 ( 94.62%)    -1.08430
      14     51.69    -1.41675 (  6.66%)    -1.04672 ( 93.34%)    -1.07137
      15     53.24    -1.39934 (  7.43%)    -1.03797 ( 92.57%)    -1.06484
      16     56.66    -1.36264 (  9.34%)    -1.01951 ( 90.66%)    -1.05157
      17     59.69    -1.33199 ( 11.26%)    -1.00409 ( 88.74%)    -1.04102
      18     64.94    -1.28238 ( 15.10%)    -0.97909 ( 84.90%)    -1.02489
      19     67.50    -1.25970 ( 17.19%)    -0.96766 ( 82.81%)    -1.01785
      20     73.08    -1.21309 ( 22.19%)    -0.94413 ( 77.81%)    -1.00381
      21     74.32    -1.20316 ( 23.38%)    -0.93911 ( 76.62%)    -1.00085
      22     76.23    -1.18831 ( 25.25%)    -0.93160 ( 74.75%)    -0.99641
      23     80.65    -1.15535 ( 29.73%)    -0.91493 ( 70.27%)    -0.98640
      24     82.82    -1.13982 ( 31.99%)    -0.90706 ( 68.01%)    -0.98153
      25     85.36    -1.12211 ( 34.68%)    -0.89808 ( 65.32%)    -0.97579
      26     88.63    -1.10019 ( 38.16%)    -0.88696 ( 61.84%)    -0.96833
      27     89.73    -1.09300 ( 39.33%)    -0.88331 ( 60.67%)    -0.96578
      28     98.86    -1.03655 ( 48.86%)    -0.85460 ( 51.14%)    -0.94349
      29    107.55    -0.98765 ( 57.23%)    -0.82964 ( 42.77%)    -0.92007
      30    117.92    -0.93444 ( 65.91%)    -0.80237 ( 34.09%)    -0.88942
      31    122.80    -0.91110 ( 69.46%)    -0.79037 ( 30.54%)    -0.87422
      32    128.57    -0.88471 ( 73.21%)    -0.77677 ( 26.79%)    -0.85579
      33    141.06    -0.83166 ( 79.84%)    -0.74929 ( 20.16%)    -0.81505
      34    143.71    -0.82108 ( 81.01%)    -0.74379 ( 18.99%)    -0.80640
normal termination of xtb
      35    144.21    -0.81910 ( 81.22%)    -0.74276 ( 18.78%)    -0.80476
      36    150.89    -0.79337 ( 83.83%)    -0.72934 ( 16.17%)    -0.78302
      37    154.88    -0.77857 ( 85.20%)    -0.72160 ( 14.80%)    -0.77014
      38    157.67    -0.76851 ( 86.07%)    -0.71633 ( 13.93%)    -0.76124
      39    161.59    -0.75464 ( 87.21%)    -0.70904 ( 12.79%)    -0.74880
      40    176.93    -0.70379 ( 90.74%)    -0.68217 (  9.26%)    -0.70178
      41    177.75    -0.70124 ( 90.89%)    -0.68082 (  9.11%)    -0.69938
      42    181.81    -0.68865 ( 91.61%)    -0.67412 (  8.39%)    -0.68743
      43    183.63    -0.68312 ( 91.92%)    -0.67117 (  8.08%)    -0.68215
      44    191.44    -0.66007 ( 93.07%)    -0.65884 (  6.93%)    -0.65998
      45    203.48    -0.62654 ( 94.49%)    -0.64076 (  5.51%)    -0.62732
      46    207.71    -0.61529 ( 94.90%)    -0.63466 (  5.10%)    -0.61628
      47    210.82    -0.60719 ( 95.18%)    -0.63026 (  4.82%)    -0.60831
      48    216.77    -0.59210 ( 95.67%)    -0.62202 (  4.33%)    -0.59340
      49    231.76    -0.55612 ( 96.65%)    -0.60221 (  3.35%)    -0.55767
      50    236.54    -0.54524 ( 96.90%)    -0.59616 (  3.10%)    -0.54682
      51    246.77    -0.52281 ( 97.37%)    -0.58362 (  2.63%)    -0.52441
      52    266.33    -0.48298 ( 98.05%)    -0.56103 (  1.95%)    -0.48450
      53    272.25    -0.47164 ( 98.21%)    -0.55451 (  1.79%)    -0.47312
      54    274.76    -0.46693 ( 98.28%)    -0.55179 (  1.72%)    -0.46839
      55    276.31    -0.46404 ( 98.31%)    -0.55012 (  1.69%)    -0.46549
      56    281.14    -0.45520 ( 98.42%)    -0.54499 (  1.58%)    -0.45661
      57    290.22    -0.43908 ( 98.61%)    -0.53558 (  1.39%)    -0.44042
      58    294.10    -0.43239 ( 98.68%)    -0.53164 (  1.32%)    -0.43370
      59    297.45    -0.42671 ( 98.74%)    -0.52828 (  1.26%)    -0.42799
      60    308.85    -0.40802 ( 98.91%)    -0.51714 (  1.09%)    -0.40920
   ------------------------------------------------------------------------

   temp. (K)  partition function   enthalpy   heat capacity  entropy
                                   cal/mol     cal/K/mol   cal/K/mol   J/K/mol
 298.15  VIB  0.440E+31            37706.583    210.339    230.133
         ROT  0.168E+09              888.752      2.981     40.617
         INT  0.738E+39            38595.336    213.320    270.750
         TR   0.270E+29             1481.254      4.968     46.315
         TOT                       40076.5896   218.2877   317.0651  1326.6004

       T/K    H(0)-H(T)+PV         H(T)/Eh          T*S/Eh         G(T)/Eh
   ------------------------------------------------------------------------
    298.15    0.638661E-01    0.963587E+00    0.150648E+00    0.812939E+00
   ------------------------------------------------------------------------

         :::::::::::::::::::::::::::::::::::::::::::::::::::::
         ::                  THERMODYNAMIC                  ::
         :::::::::::::::::::::::::::::::::::::::::::::::::::::
         :: total free energy           0.812939323881 Eh   ::
         ::.................................................::
         :: total energy                0.000000000000 Eh   ::
         :: zero point energy           0.899721080704 Eh   ::
         :: G(RRHO) w/o ZPVE           -0.086781756823 Eh   ::
         :: G(RRHO) contrib.            0.812939323881 Eh   ::
         :::::::::::::::::::::::::::::::::::::::::::::::::::::

------------------------------------------------------------------------
 * finished run on 2026/09/11 at 00:07:27.372     
------------------------------------------------------------------------
 total:
 * wall-time:     0 d,  0 h,  0 min,  0.404 sec
 *  cpu-time:     0 d,  0 h,  0 min,  0.047 sec
 * ratio c/w:     0.116 speedup

