      -----------------------------------------------------------
     |                   =====================                   |
     |                        T H E R M O                        |
     |                   =====================                   |
     |                         S. Ehlert                         |
     |          Mulliken Center for Theoretical Chemistry        |
     |                    University of Bonn                     |
      -----------------------------------------------------------

   * xtb-thermo version 6.7.1 (edcfbbe) compiled by 'VssAdministrator@runnervm171ch' on 2026-06-10

 * started run on 2026/09/10 at 23:26:54.610     
eigval :       -0.02    -0.02    -0.01     0.01     0.01     0.01
eigval :        6.64    13.18    18.96    24.65    27.12    30.07
eigval :       32.27    34.70    37.54    41.21    42.55    47.94
eigval :       54.06    57.71    61.97    62.72    65.48    67.17
eigval :       68.21    71.03    77.34    79.97    81.89    82.94
eigval :       85.05    91.97    97.71   101.69   109.58   112.02
eigval :      118.29   126.19   136.12   138.55   144.12   146.68
eigval :      155.17   160.39   165.79   171.05   174.17   183.68
eigval :      191.21   195.86   199.76   209.97   215.01   227.40
eigval :      232.39   244.66   251.10   262.12   272.84   275.66
eigval :      279.60   283.71   288.93   295.81   296.71   305.25
eigval :      315.38   316.38   324.75   327.31   330.83   336.52
eigval :      339.53   347.17   352.90   366.69   371.34   372.26
eigval :      381.72   385.55   387.98   389.73   411.30   421.29
eigval :      440.73   443.70   446.54   452.85   463.47   473.09
eigval :      478.46   489.59   493.91   501.51   509.43   515.53
eigval :      525.63   529.74   531.89   540.03   543.21   546.95
eigval :      552.64   555.72   571.00   574.91   585.24   585.72
eigval :      586.59   588.20   588.43   617.99   623.37   625.17
eigval :      631.15   632.03   639.12   641.52   653.99   664.66
eigval :      666.81   669.45   669.81   683.01   690.63   695.04
eigval :      704.90   705.68   710.53   728.61   731.71   748.68
eigval :      754.61   758.46   761.58   766.00   769.15   771.39
eigval :      773.83   787.13   789.45   820.10   834.59   837.85
eigval :      852.96   860.93   862.88   865.82   871.95   873.82
eigval :      875.70   877.11   877.47   880.27   898.21   901.27
eigval :      908.45   912.91   913.83   914.84   917.26   924.82
eigval :      926.57   927.34   928.46   929.09   929.34   930.16
eigval :      930.72   937.53   939.06   942.88   960.59   965.82
eigval :      969.05   970.92   974.92   976.55   986.46   989.00
eigval :     1000.30  1016.27  1027.89  1029.34  1033.12  1035.48
eigval :     1037.87  1048.14  1069.17  1081.36  1081.77  1082.99
eigval :     1083.94  1084.05  1084.56  1094.93  1095.58  1096.19
eigval :     1117.15  1119.47  1120.75  1124.59  1125.08  1127.26
eigval :     1131.28  1142.25  1150.40  1151.76  1160.20  1168.92
eigval :     1169.62  1178.29  1178.78  1179.07  1180.72  1181.15
eigval :     1181.90  1188.77  1191.48  1194.76  1197.90  1201.35
eigval :     1206.03  1207.80  1210.01  1222.55  1225.95  1227.92
eigval :     1248.23  1250.74  1261.88  1272.27  1273.80  1273.90
eigval :     1281.02  1282.22  1284.87  1291.16  1292.65  1297.90
eigval :     1312.38  1316.62  1319.38  1320.51  1325.86  1333.86
eigval :     1337.17  1350.36  1364.82  1380.04  1383.89  1384.06
eigval :     1387.26  1387.52  1391.62  1395.91  1396.43  1411.08
eigval :     1415.01  1418.76  1422.71  1428.44  1430.57  1433.67
eigval :     1436.85  1440.82  1440.98  1447.13  1448.57  1455.73
eigval :     1458.81  1460.06  1460.98  1462.34  1463.05  1467.02
eigval :     1468.18  1470.70  1482.15  1482.82  1484.64  1488.82
eigval :     1493.55  1547.92  1554.77  1567.48  1575.27  1576.29
eigval :     1580.61  1581.71  1581.77  1585.78  1587.93  1596.94
eigval :     1599.87  1606.42  1607.21  1616.21  1625.13  1659.65
eigval :     1676.96  1694.10  2349.61  2860.37  2967.34  2970.39
Refinement of some symmetry elements was terminated before convergence was reached.
Some symmetry elements may remain unidentified.
Molecule has no symmetry elements
It seems to be the C1 point group
eigval :     2982.46  2988.53  2997.19  3002.50  3004.32  3015.48
eigval :     3015.71  3016.40  3027.11  3034.49  3037.83  3052.10
eigval :     3063.98  3064.80  3065.74  3065.99  3067.16  3067.76
eigval :     3068.51  3069.12  3072.03  3072.45  3076.24  3077.40
eigval :     3079.79  3079.95  3080.58  3080.98  3082.64  3083.21
eigval :     3088.80  3089.98  3090.32  3090.74  3091.10  3091.35
eigval :     3096.94  3099.02  3099.69  3111.55  3113.09  3121.18
eigval :     3130.15  3136.84  3401.13

c1  symmetry found (for desy threshold:  0.10E+00) used in thermo

          ...................................................
          :                      SETUP                      :
          :.................................................:
          :  # frequencies                         345      :
          :  # imaginary freq.                       0      :
          :  linear?                             false      :
          :  only rotor calc.                    false      :
          :  symmetry                               c1      :
          :  rotational number                       1      :
          :  scaling factor                  1.0000000      :
          :  rotor cutoff                   50.0000000 cm⁻¹ :
          :  imag. cutoff                  -20.0000000 cm⁻¹ :
          :.................................................:

    mode    ω/cm⁻¹     T·S(HO)/kcal·mol⁻¹    T·S(FR)/kcal·mol⁻¹   T·S(vib)
   ------------------------------------------------------------------------
       1      6.64    -2.63147 (  0.03%)    -1.65479 ( 99.97%)    -1.65509
       2     13.18    -2.22484 (  0.48%)    -1.45146 ( 99.52%)    -1.45518
       3     18.96    -2.00951 (  2.03%)    -1.34375 ( 97.97%)    -1.35725
       4     24.65    -1.85430 (  5.58%)    -1.26608 ( 94.42%)    -1.29888
       5     27.12    -1.79765 (  7.97%)    -1.23772 ( 92.03%)    -1.28235
       6     30.07    -1.73666 ( 11.57%)    -1.20718 ( 88.43%)    -1.26843
       7     32.27    -1.69490 ( 14.79%)    -1.18626 ( 85.21%)    -1.26146
       8     34.70    -1.65196 ( 18.83%)    -1.16474 ( 81.17%)    -1.25649
       9     37.54    -1.60552 ( 24.11%)    -1.14147 ( 75.89%)    -1.25335
      10     41.21    -1.55039 ( 31.58%)    -1.11382 ( 68.42%)    -1.25167
      11     42.55    -1.53156 ( 34.39%)    -1.10437 ( 65.61%)    -1.25130
      12     47.94    -1.46117 ( 45.79%)    -1.06903 ( 54.21%)    -1.24861
      13     54.06    -1.39025 ( 57.75%)    -1.03340 ( 42.25%)    -1.23948
      14     57.71    -1.35180 ( 63.96%)    -1.01406 ( 36.04%)    -1.23008
      15     61.97    -1.30993 ( 70.23%)    -0.99298 ( 29.77%)    -1.21558
      16     62.72    -1.30283 ( 71.23%)    -0.98940 ( 28.77%)    -1.21266
      17     65.48    -1.27748 ( 74.63%)    -0.97662 ( 25.37%)    -1.20116
      18     67.17    -1.26251 ( 76.51%)    -0.96907 ( 23.49%)    -1.19359
      19     68.21    -1.25354 ( 77.59%)    -0.96455 ( 22.41%)    -1.18879
      20     71.03    -1.22977 ( 80.28%)    -0.95255 ( 19.72%)    -1.17512
      21     77.34    -1.17985 ( 85.13%)    -0.92733 ( 14.87%)    -1.14230
      22     79.97    -1.16030 ( 86.74%)    -0.91743 ( 13.26%)    -1.12810
      23     81.89    -1.14640 ( 87.80%)    -0.91039 ( 12.20%)    -1.11760
      24     82.94    -1.13892 ( 88.34%)    -0.90660 ( 11.66%)    -1.11182
      25     85.05    -1.12430 ( 89.33%)    -0.89919 ( 10.67%)    -1.10027
      26     91.97    -1.07860 ( 91.97%)    -0.87599 (  8.03%)    -1.06232
      27     97.71    -1.04335 ( 93.58%)    -0.85806 (  6.42%)    -1.03146
      28    101.69    -1.02018 ( 94.48%)    -0.84625 (  5.52%)    -1.01057
      29    109.58    -0.97685 ( 95.85%)    -0.82411 (  4.15%)    -0.97050
      30    112.02    -0.96409 ( 96.18%)    -0.81758 (  3.82%)    -0.95850
      31    118.29    -0.93264 ( 96.91%)    -0.80145 (  3.09%)    -0.92858
      32    126.19    -0.89544 ( 97.59%)    -0.78230 (  2.41%)    -0.89272
      33    136.12    -0.85201 ( 98.21%)    -0.75985 (  1.79%)    -0.85036
      34    138.55    -0.84190 ( 98.33%)    -0.75461 (  1.67%)    -0.84044
normal termination of xtb
      35    144.12    -0.81946 ( 98.57%)    -0.74295 (  1.43%)    -0.81837
      36    146.68    -0.80944 ( 98.67%)    -0.73773 (  1.33%)    -0.80848
      37    155.17    -0.77752 ( 98.93%)    -0.72105 (  1.07%)    -0.77692
      38    160.39    -0.75884 ( 99.06%)    -0.71125 (  0.94%)    -0.75839
      39    165.79    -0.74021 ( 99.18%)    -0.70144 (  0.82%)    -0.73989
      40    171.05    -0.72268 ( 99.28%)    -0.69219 (  0.72%)    -0.72246
      41    174.17    -0.71259 ( 99.33%)    -0.68684 (  0.67%)    -0.71241
      42    183.68    -0.68295 ( 99.45%)    -0.67108 (  0.55%)    -0.68289
      43    191.21    -0.66071 ( 99.53%)    -0.65918 (  0.47%)    -0.66070
      44    195.86    -0.64748 ( 99.58%)    -0.65207 (  0.42%)    -0.64750
      45    199.76    -0.63663 ( 99.61%)    -0.64622 (  0.39%)    -0.63667
      46    209.97    -0.60939 ( 99.68%)    -0.63146 (  0.32%)    -0.60946
      47    215.01    -0.59651 ( 99.71%)    -0.62443 (  0.29%)    -0.59659
      48    227.40    -0.56629 ( 99.77%)    -0.60783 (  0.23%)    -0.56639
      49    232.39    -0.55467 ( 99.79%)    -0.60140 (  0.21%)    -0.55477
      50    244.66    -0.52734 ( 99.83%)    -0.58616 (  0.17%)    -0.52745
      51    251.10    -0.51367 ( 99.84%)    -0.57847 (  0.16%)    -0.51377
      52    262.12    -0.49124 ( 99.87%)    -0.56574 (  0.13%)    -0.49134
      53    272.84    -0.47053 ( 99.89%)    -0.55387 (  0.11%)    -0.47063
      54    275.66    -0.46525 ( 99.89%)    -0.55082 (  0.11%)    -0.46534
      55    279.60    -0.45799 ( 99.90%)    -0.54661 (  0.10%)    -0.45808
      56    283.71    -0.45055 ( 99.90%)    -0.54229 (  0.10%)    -0.45064
      57    288.93    -0.44132 ( 99.91%)    -0.53689 (  0.09%)    -0.44141
      58    295.81    -0.42949 ( 99.92%)    -0.52992 (  0.08%)    -0.42957
      59    296.71    -0.42796 ( 99.92%)    -0.52902 (  0.08%)    -0.42805
   ------------------------------------------------------------------------

   temp. (K)  partition function   enthalpy   heat capacity  entropy
                                   cal/mol     cal/K/mol   cal/K/mol   J/K/mol
 298.15  VIB  0.743E+30            37659.026    224.271    240.046
         ROT  0.142E+09              888.752      2.981     40.284
         INT  0.106E+39            38547.779    227.252    280.330
         TR   0.270E+29             1481.254      4.968     46.315
         TOT                       40029.0326   232.2199   326.6455  1366.6847

       T/K    H(0)-H(T)+PV         H(T)/Eh          T*S/Eh         G(T)/Eh
   ------------------------------------------------------------------------
    298.15    0.637903E-01    0.965311E+00    0.155200E+00    0.810111E+00
   ------------------------------------------------------------------------

         :::::::::::::::::::::::::::::::::::::::::::::::::::::
         ::                  THERMODYNAMIC                  ::
         :::::::::::::::::::::::::::::::::::::::::::::::::::::
         :: total free energy           0.810110973875 Eh   ::
         ::.................................................::
         :: total energy                0.000000000000 Eh   ::
         :: zero point energy           0.901520463393 Eh   ::
         :: G(RRHO) w/o ZPVE           -0.091409489519 Eh   ::
         :: G(RRHO) contrib.            0.810110973875 Eh   ::
         :::::::::::::::::::::::::::::::::::::::::::::::::::::

------------------------------------------------------------------------
 * finished run on 2026/09/10 at 23:26:54.893     
------------------------------------------------------------------------
 total:
 * wall-time:     0 d,  0 h,  0 min,  0.283 sec
 *  cpu-time:     0 d,  0 h,  0 min,  0.062 sec
 * ratio c/w:     0.220 speedup

