Molecule has no symmetry elements
It seems to be the C1 point group
      -----------------------------------------------------------
     |                   =====================                   |
     |                        T H E R M O                        |
     |                   =====================                   |
     |                         S. Ehlert                         |
     |          Mulliken Center for Theoretical Chemistry        |
     |                    University of Bonn                     |
      -----------------------------------------------------------

   * xtb-thermo version 6.7.1 (edcfbbe) compiled by 'VssAdministrator@runnervm171ch' on 2026-06-10

 * started run on 2026/09/10 at 23:26:53.772     
eigval :       -0.02    -0.01    -0.00     0.01     0.02     0.02
eigval :       17.45    36.65    47.35    65.30    95.52   148.49
eigval :      162.69   201.01   211.62   223.18   256.46   330.22
eigval :      350.32   369.85   394.42   436.77   445.97   471.60
eigval :      486.64   499.78   505.84   539.82   581.00   589.46
eigval :      605.21   626.50   655.95   700.87   723.69   755.78
eigval :      761.80   801.74   813.86   838.95   865.97   867.11
eigval :      869.35   879.24   880.43   915.83   920.15   923.55
eigval :      926.72   929.58   931.37   975.77   992.24  1007.04
eigval :     1078.08  1079.73  1095.53  1115.40  1139.75  1166.12
eigval :     1179.16  1179.67  1188.87  1207.12  1224.07  1251.34
eigval :     1264.94  1277.83  1286.46  1316.07  1327.71  1372.85
eigval :     1377.20  1401.06  1425.37  1432.87  1448.54  1467.00
eigval :     1475.48  1477.72  1499.39  1562.03  1567.20  1592.43
eigval :     1600.32  1607.06  1697.20  3006.41  3022.30  3033.13
eigval :     3060.73  3064.33  3064.80  3066.22  3069.74  3072.55
eigval :     3076.17  3079.81  3084.41  3086.68  3087.21  3103.54

c1  symmetry found (for desy threshold:  0.10E+00) used in thermo

          ...................................................
          :                      SETUP                      :
          :.................................................:
          :  # frequencies                          96      :
          :  # imaginary freq.                       0      :
          :  linear?                             false      :
          :  only rotor calc.                    false      :
          :  symmetry                               c1      :
          :  rotational number                       1      :
          :  scaling factor                  1.0000000      :
          :  rotor cutoff                   50.0000000 cm⁻¹ :
          :  imag. cutoff                  -20.0000000 cm⁻¹ :
          :.................................................:

    mode    ω/cm⁻¹     T·S(HO)/kcal·mol⁻¹    T·S(FR)/kcal·mol⁻¹   T·S(vib)
   ------------------------------------------------------------------------
       1     17.45    -2.05870 (  1.46%)    -1.36826 ( 98.54%)    -1.37836
       2     36.65    -1.61970 ( 22.40%)    -1.14853 ( 77.60%)    -1.25406
       3     47.35    -1.46843 ( 44.57%)    -1.07265 ( 55.43%)    -1.24906
       4     65.30    -1.27912 ( 74.42%)    -0.97742 ( 25.58%)    -1.20195
       5     95.52    -1.05654 ( 93.02%)    -0.86476 (  6.98%)    -1.04315
       6    148.49    -0.80248 ( 98.73%)    -0.73409 (  1.27%)    -0.80161
       7    162.69    -0.75083 ( 99.12%)    -0.70703 (  0.88%)    -0.75045
       8    201.01    -0.63322 ( 99.62%)    -0.64437 (  0.38%)    -0.63326
       9    211.62    -0.60514 ( 99.69%)    -0.62913 (  0.31%)    -0.60521
      10    223.18    -0.57636 ( 99.75%)    -0.61337 (  0.25%)    -0.57645
      11    256.46    -0.50261 ( 99.86%)    -0.57220 (  0.14%)    -0.50271
   ------------------------------------------------------------------------

   temp. (K)  partition function   enthalpy   heat capacity  entropy
                                   cal/mol     cal/K/mol   cal/K/mol   J/K/mol
 298.15  VIB  0.644E+06             8203.262     54.919     49.544
         ROT  0.491E+07              888.752      2.981     33.600
normal termination of xtb
         INT  0.316E+13             9092.014     57.899     83.143
         TR   0.372E+28             1481.254      4.968     42.374
         TOT                       10573.2681    62.8676   125.5172   525.1639

       T/K    H(0)-H(T)+PV         H(T)/Eh          T*S/Eh         G(T)/Eh
   ------------------------------------------------------------------------
    298.15    0.168496E-01    0.285664E+00    0.596373E-01    0.226026E+00
   ------------------------------------------------------------------------

         :::::::::::::::::::::::::::::::::::::::::::::::::::::
         ::                  THERMODYNAMIC                  ::
         :::::::::::::::::::::::::::::::::::::::::::::::::::::
         :: total free energy           0.226026487702 Eh   ::
         ::.................................................::
         :: total energy                0.000000000000 Eh   ::
         :: zero point energy           0.268814176936 Eh   ::
         :: G(RRHO) w/o ZPVE           -0.042787689234 Eh   ::
         :: G(RRHO) contrib.            0.226026487702 Eh   ::
         :::::::::::::::::::::::::::::::::::::::::::::::::::::

------------------------------------------------------------------------
 * finished run on 2026/09/10 at 23:26:53.804     
------------------------------------------------------------------------
 total:
 * wall-time:     0 d,  0 h,  0 min,  0.032 sec
 *  cpu-time:     0 d,  0 h,  0 min,  0.031 sec
 * ratio c/w:     0.973 speedup

