31
 energy: -42.679648099973 gnorm: 0.063212374691 xtb: 6.7.1 (edcfbbe)
C           -0.69496993140000       -1.05207910940000       -1.60665831170000
C           -0.24169234620000       -0.20744252540000       -0.42901082720000
N           -1.04417546770000        0.24806454980000        0.49073875350000
C           -2.41175930690000       -0.04640714480000        0.44272849250000
C           -2.90333863780000       -1.23071769140000        0.99790459120000
C           -4.27072851250000       -1.51187614120000        0.96800173060000
C           -5.15599155640000       -0.60049797580000        0.39329846140000
C           -4.67555863970000        0.59351827000000       -0.14347517020000
C           -3.30746166680000        0.87109740820000       -0.11154152210000
C            1.21663606740000        0.10826443980000       -0.31410191180000
C            2.19440395580000       -0.73899807110000       -0.84558971730000
C            3.54922771590000       -0.41639147530000       -0.71659912220000
C            3.94303596600000        0.75528264680000       -0.05931856620000
C            5.39791604190000        1.08061914470000        0.10869476180000
C            2.96332031650000        1.58590763510000        0.49586214740000
C            1.60927736050000        1.26550916230000        0.36860178220000
H            0.02886000260000       -1.02572637990000       -2.42510696800000
H           -1.63717429600000       -0.67576788460000       -2.01375418590000
H           -0.83013037010000       -2.08664050640000       -1.27885571690000
H           -2.21433256760000       -1.93230367860000        1.45919841630000
H           -4.64364496140000       -2.43660990110000        1.39968481750000
H           -6.22116316690000       -0.81594097760000        0.37302422690000
H           -5.36418870840000        1.31149257930000       -0.58034524480000
H           -2.93247761830000        1.80587777650000       -0.51810412740000
H            1.92752185200000       -1.66620021600000       -1.34381127360000
H            4.29744971100000       -1.09076160420000       -1.12812724030000
H            5.55357632100000        2.16379591380000        0.15009540280000
H            5.98282937750000        0.70090169270000       -0.73563951100000
H            5.77725548790000        0.63270560530000        1.03226490960000
H            3.24559439810000        2.48775545180000        1.03477695470000
H            0.86188318010000        1.92356900670000        0.80713165440000
31
 energy: -42.683925640152 gnorm: 0.020837065447 xtb: 6.7.1 (edcfbbe)
C           -0.68592575759205       -1.04571487261399       -1.60514470747911
C           -0.23613044608512       -0.21165767704010       -0.43223295866296
N           -1.03650709898038        0.22877638865662        0.45909565659556
C           -2.40194031251558       -0.05655488818682        0.41962100516840
C           -2.89829592067488       -1.23060095589489        0.98753864377965
C           -4.25821304195312       -1.49567663337594        0.97426528804399
C           -5.14063037278047       -0.59199249643105        0.40235122929828
C           -4.65988142859800        0.59468218954834       -0.12981573808125
C           -3.30111345693436        0.86677836238149       -0.11552890506664
C            1.20500156021662        0.10574190835300       -0.30378109630724
C            2.18632271211802       -0.72932654495322       -0.83719403526074
C            3.52958948724037       -0.41004821206679       -0.70606312143271
C            3.92945424899722        0.74940103177957       -0.04898094535658
C            5.38491259953911        1.08094880733976        0.10303482982216
C            2.94930248285164        1.57512128459856        0.49432086739194
C            1.60549951349611        1.25756666221108        0.37331844104892
H            0.04012242476584       -1.01771919523280       -2.41593330707762
H           -1.64108712228259       -0.67692425781428       -1.98210796441535
H           -0.82643598622965       -2.07778364077995       -1.28326444684216
H           -2.21077215741166       -1.93453691654722        1.43816851464515
H           -4.62902599650367       -2.41955874888176        1.39841766800592
H           -6.20063473247822       -0.81022256953962        0.37512784150292
H           -5.34520390107354        1.30703048295081       -0.57001150551405
H           -2.92644807381110        1.79291095846884       -0.53146034839147
H            1.92010549920964       -1.65057946472146       -1.33652186093781
H            4.27587476146859       -1.07508762303969       -1.12217405681504
H            5.53894834082766        2.15876464677867        0.15703240807461
H            5.96810672630844        0.69070985544381       -0.73149313688681
H            5.77133321444367        0.63801374319696        1.02171774839632
H            3.23622192049967        2.47677447063337        1.01977915227909
H            0.85745031402179        1.91076390477873        0.79988652667464
31
 energy: -42.684512769294 gnorm: 0.008174231589 xtb: 6.7.1 (edcfbbe)
C           -0.67337298644165       -1.04674094308497       -1.61239424258317
C           -0.23173871827225       -0.21697617988677       -0.43593155285969
N           -1.03560929609915        0.21727539886322        0.44180458090197
C           -2.39715180545984       -0.05735345771092        0.41416732076425
C           -2.89347149632726       -1.23107844074017        0.98177987420914
C           -4.25040128740096       -1.48879933483136        0.97602301649645
C           -5.13393140350598       -0.58425518558433        0.41148920114420
C           -4.65071276812021        0.59762219179330       -0.12465756308748
C           -3.29568547864043        0.86696702003371       -0.11927170842294
C            1.19817764768765        0.10304864914358       -0.30074886845002
C            2.18304457017892       -0.72819923704175       -0.83170414946884
C            3.52052413945788       -0.40870384410744       -0.69956675920978
C            3.92092721777021        0.74826629851706       -0.04299217894613
C            5.37473235651374        1.08218936057764        0.10364628070728
C            2.93837056113693        1.57128034059512        0.49621532019629
C            1.59976528676451        1.25364333553392        0.37604175614521
H            0.04562473772854       -1.01104022938865       -2.42565473876513
H           -1.63839937435014       -0.68449372811985       -1.96825446035953
H           -0.80928490315451       -2.08126631995814       -1.29737934963075
H           -2.20298222573889       -1.93894453517248        1.41877703058955
H           -4.62039086363895       -2.40828641044894        1.40676158515270
H           -6.19271949744205       -0.79824750846830        0.39164356344540
H           -5.33484455289912        1.31341185581698       -0.55750889794704
H           -2.91742711327654        1.78584825605240       -0.54470957608241
H            1.91513982644855       -1.64569219214595       -1.33374491632432
H            4.26746993118048       -1.06939364834929       -1.11672537458086
H            5.52404885316183        2.15812543000224        0.16029409725434
H            5.95202894399821        0.68691367697924       -0.72959428615457
H            5.76471546917293        0.64028630060256        1.02126108743073
H            3.22715481139930        2.47384020675318        1.01561653463617
H            0.84639941826823        1.90075287377527        0.79728505999902
31
 energy: -42.684678632370 gnorm: 0.004691651820 xtb: 6.7.1 (edcfbbe)
C           -0.66508826120308       -1.05126580483658       -1.62304246174855
C           -0.22812500364738       -0.22216017289662       -0.44310505017669
N           -1.03800608585056        0.20982198712186        0.42982196264993
C           -2.39603944638986       -0.05964615900383        0.40706778874841
C           -2.89213761009489       -1.23280120597855        0.97703797116515
C           -4.24987596781989       -1.48347415015218        0.98283945116498
C           -5.13454103160193       -0.57506829742376        0.42535183010539
C           -4.64951940787821        0.60387660805630       -0.11650382058446
C           -3.29390268542967        0.86778901920761       -0.12271537196756
C            1.19718726009565        0.09941394085482       -0.30137186652748
C            2.18445123395835       -0.73046642553486       -0.83063952819948
C            3.52007851352499       -0.40954075846838       -0.69542138872116
C            3.91742738307973        0.74862356939165       -0.03837083188859
C            5.36973726425433        1.08513788614404        0.10685383714938
C            2.93231329383920        1.57049034416745        0.49916204465170
C            1.59554591545134        1.25051599673125        0.37752509571388
H            0.04838154104254       -1.00272360628276       -2.43965823357801
H           -1.63696370287000       -0.69744122030540       -1.96869232649467
H           -0.78814025279310       -2.08973750941999       -1.31383280985949
H           -2.19875415960093       -1.94285616881348        1.40570405631482
H           -4.61943707007513       -2.40274836038536        1.41454785157048
H           -6.19360139857708       -0.78550588486463        0.41161267734954
H           -5.33299779331977        1.32124756581104       -0.54790309268432
H           -2.91222358118800        1.78276572633432       -0.55329328437799
H            1.91552385695627       -1.64732842402414       -1.33316473010805
H            4.26918882179083       -1.06851705520458       -1.11116602325335
H            5.51616621502763        2.16096822862052        0.16318773858805
H            5.94476861029887        0.68910730502561       -0.72695116398970
H            5.76137944896445        0.64371188354855        1.02436670664747
H            3.22046258272099        2.47403936705643        1.01723524177528
H            0.83674151743426        1.89377177552382        0.79548541676516
31
 energy: -42.684896309870 gnorm: 0.005252515877 xtb: 6.7.1 (edcfbbe)
C           -0.65031078841913       -1.06081658890458       -1.64521900060408
C           -0.22220843097069       -0.23254887813625       -0.45893275811903
N           -1.04321846766116        0.19707535248595        0.40645127336168
C           -2.39625076906191       -0.06445558245065        0.39207327592330
C           -2.89280768287318       -1.23582277428266        0.96804139111901
C           -4.25255092501938       -1.47436906600592        0.99528064645380
C           -5.13874783561825       -0.55791686134264        0.45131133439978
C           -4.65131121020948        0.61540914697923       -0.10239169450618
C           -3.29376468907009        0.86892951846243       -0.12983217410289
C            1.19785795338163        0.09118845176729       -0.30437311777326
C            2.18961687110972       -0.73697515587658       -0.82948292469394
C            3.52312294872553       -0.41211668883236       -0.68774111189724
C            3.91283803965145        0.74947601094431       -0.03015820427576
C            5.36285266118857        1.09235309379624        0.11336172198292
C            2.92294676150255        1.56827595505349        0.50583868981485
C            1.58838624362253        1.24333489027785        0.37960995806606
H            0.05268674942651       -0.98059179077896       -2.46911803833445
H           -1.63600597989108       -0.72873687680907       -1.97420649795802
H           -0.73917246012785       -2.10790103948115       -1.34845306844603
H           -2.19510257288765       -1.94944428773625        1.38375112027176
H           -4.62263562668199       -2.39111395387948        1.43302259818315
H           -6.19990992713179       -0.75797487002273        0.45674337785996
H           -5.33488686514690        1.33725948105520       -0.52732721002269
H           -2.90701233353967        1.77781744983354       -0.56891354796996
H            1.92010480752743       -1.65328652519199       -1.33316220229675
H            4.27728245923742       -1.06833014717770       -1.09941766760307
H            5.50444152420044        2.16874577725552        0.16848094694710
H            5.93638915432987        0.69789565689507       -0.72202981893169
H            5.75834285445458        0.65238908747331        1.03041599482130
H            3.20848648580014        2.47277271599683        1.02450857809135
H            0.82054105025174        1.87947849863307        0.79383581643918
31
 energy: -42.685059335037 gnorm: 0.008145078090 xtb: 6.7.1 (edcfbbe)
C           -0.63604193238908       -1.07101277363522       -1.66724336611707
C           -0.21811228587545       -0.24310456726148       -0.47581397629852
N           -1.04709417871776        0.18561518983405        0.38317383383403
C           -2.39805429667131       -0.06955405835704        0.37623513969277
C           -2.89610186932368       -1.23794253308123        0.95929778140203
C           -4.25753952874542       -1.46491896616699        1.00780657212214
C           -5.14442406505079       -0.54065827829687        0.47715598347735
C           -4.65550601127256        0.62696346201766       -0.08797960992719
C           -3.29609424862578        0.86961075863478       -0.13629650304098
C            1.19972322095962        0.08228666213799       -0.30963587967096
C            2.19615856987209       -0.74366230709233       -0.83032044496636
C            3.52812327177547       -0.41436260985652       -0.68152402937717
C            3.90974801207272        0.74998752416350       -0.02296836562845
C            5.35785886363845        1.10044436961212        0.12082190064238
C            2.91514767401284        1.56437810299046        0.51215942236838
C            1.58221361774586        1.23447524830062        0.38006013154080
H            0.05592396294555       -0.95646673176799       -2.49835312744704
H           -1.63572516726018       -0.76574706234383       -1.98139408841680
H           -0.68550442946620       -2.12573377108400       -1.38356175247149
H           -2.19630607521850       -1.95536472840710        1.36490026017421
H           -4.62882292595889       -2.37836599213847        1.45220973445237
H           -6.20774088153717       -0.73022960176290        0.50215146932390
H           -5.33974500717750        1.35333177441698       -0.50503099822976
H           -2.90673790430266        1.77397235668341       -0.58247261032067
H            1.92876960530258       -1.65990167580719       -1.33558019878647
H            4.28745985839197       -1.06788726444842       -1.08859538847578
H            5.49418412930261        2.17781407932252        0.17561454295055
H            5.93281543927045        0.71003503693266       -0.71579890916722
H            5.75688394695929        0.66215749092399        1.03725293242486
H            3.19651500287458        2.46890493519365        1.03363568320214
H            0.80802563256873        1.86493593034372        0.79206154693427
31
 energy: -42.685234868639 gnorm: 0.007823506882 xtb: 6.7.1 (edcfbbe)
C           -0.62153036757294       -1.08235244168591       -1.68893774198964
C           -0.21582098871160       -0.25439451289163       -0.49337405730776
N           -1.04985934518609        0.17541525796222        0.35993172754344
C           -2.40137797437465       -0.07440395692619        0.36013656564279
C           -2.90141329103680       -1.23879625725709        0.95092551815115
C           -4.26383956398590       -1.45478633296357        1.02027492175034
C           -5.15069375586060       -0.52311067872685        0.50270410872996
C           -4.66103083048249        0.63880315305718       -0.07325138148494
C           -3.30027275814072        0.87024468238259       -0.14192788686110
C            1.20213024191638        0.07236954987484       -0.31672704192010
C            2.20357410682894       -0.75008066214829       -0.83345809056026
C            3.53423125025993       -0.41589638450990       -0.67726657999735
C            3.90766715277471        0.74997726957558       -0.01650450291623
C            5.35394020073731        1.10923765153907        0.12965116455115
C            2.90815240078484        1.55852916769226        0.51815361036208
C            1.57657286767434        1.22358710033000        0.37906472229581
H            0.05816407314700       -0.93210806589298       -2.52619299835382
H           -1.63464256247214       -0.80928861444478       -1.98991327314894
H           -0.62739235637985       -2.14256924569311       -1.41922396960901
H           -2.20172151680067       -1.96089610867370        1.34822762066086
H           -4.63663843655287       -2.36396391410172        1.47247751689299
H           -6.21574876008332       -0.70200723009336        0.54769401831557
H           -5.34615552373605        1.37004046002798       -0.48072212709865
H           -2.91076845718482        1.77116925581926       -0.59485418208086
H            1.94124317202656       -1.66602049494803       -1.34210311607919
H            4.29858732605654       -1.06622140515472       -1.08044308176088
H            5.48377848544778        2.18783244150817        0.18559539813490
H            5.93271707976830        0.72519647812043       -0.70785194477176
H            5.75591877319654        0.67246197646635        1.04529592417303
H            3.18367192321532        2.46229680104814        1.04436845708921
H            0.79855743482684        1.84973506070847        0.79021838784753
31
 energy: -42.685425792207 gnorm: 0.004917813497 xtb: 6.7.1 (edcfbbe)
C           -0.60574654583810       -1.09727694264578       -1.71141004032626
C           -0.21489287569866       -0.26834845577529       -0.51299643569882
N           -1.05139918738634        0.16489417695863        0.33472253494443
C           -2.40555599317457       -0.07963146452579        0.34217485254582
C           -2.90788565256363       -1.23884732078044        0.94134886696575
C           -4.27083649508233       -1.44253857400686        1.03373802933462
C           -5.15714836603927       -0.50270817985129        0.53103621039363
C           -4.66671192544952        0.65283773149454       -0.05612283662503
C           -3.30501299761642        0.87120363803189       -0.14716699174453
C            1.20451838910630        0.06066079480498       -0.32709621536320
C            2.21216765384316       -0.75557141555057       -0.84085587879436
C            3.54117906054207       -0.41560368840591       -0.67614459463715
C            3.90573605687567        0.74979821514414       -0.01023906363834
C            5.34966512486223        1.11917187836083        0.14220319565700
C            2.90012857556002        1.55036597327767        0.52374634500576
C            1.57020316965322        1.20970470043556        0.37581958700645
H            0.05840271270544       -0.90852379745325       -2.55404562933305
H           -1.63235546644368       -0.86390719775678       -1.99882566546605
H           -0.56160405664880       -2.15986944771870       -1.45684809753219
H           -2.21043137376461       -1.96751576108802        1.33051880196060
H           -4.64522808472143       -2.34647877762565        1.49480600878406
H           -6.22322606175616       -0.67005374860421        0.59710928449440
H           -5.35238155113101        1.38996345715197       -0.45175988121372
H           -2.91743298779694        1.76935940629795       -0.60709732072279
H            1.95888335512870       -1.67083235323695       -1.35534571761979
H            4.31067785933125       -1.06141293149144       -1.07674493135310
H            5.47101859902678        2.19900705206514        0.20203076778005
H            5.93510233212463        0.74411752179868       -0.69532720470570
H            5.75291691193296        0.68298696828175        1.05708511707501
H            3.16731636421057        2.45271189773318        1.05664183690555
H            0.78993345630822        1.83233664468096        0.78701275212139
31
 energy: -42.685559244510 gnorm: 0.003260631695 xtb: 6.7.1 (edcfbbe)
C           -0.59323180239965       -1.11373948390153       -1.72840658682692
C           -0.21466204163542       -0.28198315667887       -0.52987970235592
N           -1.05152811553167        0.15569485965046        0.31353255461809
C           -2.40830141841112       -0.08417978705161        0.32689653740929
C           -2.91246062309601       -1.23884921251559        0.93227575442493
C           -4.27547670779673       -1.43106200575541        1.04444498470496
C           -5.16085727823162       -0.48366604518984        0.55537873446727
C           -4.66901227495002        0.66641905801718       -0.04054117257416
C           -3.30702030842465        0.87273059015546       -0.15084974986113
C            1.20561538545389        0.05040146470879       -0.33849691572620
C            2.21943694691864       -0.75777468379699       -0.85181043449831
C            3.54645417764574       -0.41248002218934       -0.67940090213551
C            3.90342977610007        0.75026074747938       -0.00557229534244
C            5.34475931396852        1.12734070779310        0.15661944525641
C            2.89162592779395        1.54281458334726        0.52733511071041
C            1.56373198151767        1.19693991517883        0.37101674169056
H            0.05420203137416       -0.89303259340558       -2.57587356734316
H           -1.63070904176695       -0.91694162719306       -2.00263249412562
H           -0.50481393482218       -2.17506399359950       -1.48555803056636
H           -2.21807304362610       -1.97463365570654        1.31375872206483
H           -4.65098275196893       -2.33051038677259        1.51267562431476
H           -6.22711800661422       -0.64067681986845        0.63914212059444
H           -5.35406998137761        1.40951820961411       -0.42528600615211
H           -2.92144893759863        1.76872431115858       -0.61664604792775
H            1.97629065785885       -1.67155946340622       -1.37374798211069
H            4.32008733673690       -1.05297566426757       -1.08022425721019
H            5.45842856696476        2.20772137835537        0.22275546226186
H            5.93766953730276        0.76085123053130       -0.67956907659597
H            5.74597222595681        0.68964344038639        1.07129468807955
H            3.15039642293080        2.44352780533668        1.06676763387808
H            0.78166597982770        1.81654029958694        0.78256879307754
31
 energy: -42.685653660825 gnorm: 0.003844538173 xtb: 6.7.1 (edcfbbe)
C           -0.58499239019155       -1.13106644728915       -1.73944272843326
C           -0.21416471265178       -0.29417277018968       -0.54342980450698
N           -1.05086712651549        0.14797760292446        0.29677544682504
C           -2.40901368339383       -0.08785366794805        0.31521512975337
C           -2.91471894611762       -1.23926536344996        0.92435872757213
C           -4.27759575755741       -1.42120885916624        1.05204903387433
C           -5.16150075585100       -0.46687233890059        0.57453271666192
C           -4.66760882499399        0.67897873924866       -0.02755581539847
C           -3.30575690700657        0.87499035614490       -0.15309620043345
C            1.20561361202076        0.04254541443053       -0.34981333666094
C            2.22499436251758       -0.75670976137611       -0.86537210748366
C            3.54988198094472       -0.40687362098124       -0.68617034881279
C            3.90047865445176        0.75178113678099       -0.00238283323864
C            5.33925299510670        1.13321033013140        0.17155879418735
C            2.88294198390037        1.53709179874221        0.52965776620810
C            1.55731527523113        1.18672587309688        0.36597769361793
H            0.04438148093414       -0.88466847891105       -2.59299682847196
H           -1.63149952709594       -0.96585858738355       -1.99943777616281
H           -0.45813491130484       -2.18941233912871       -1.50470295661801
H           -2.22313959348933       -1.98153971577455        1.29844041781483
H           -4.65398579125985       -2.31752226480032        1.52495496144735
H           -6.22746974412879       -0.61497240044411        0.67207598830008
H           -5.35096774621788        1.42768420445208       -0.40366055108271
H           -2.92070774339470        1.76888403259383       -0.62331752019481
H            1.99071343099975       -1.66806340407314       -1.39548968307744
H            4.32688763574486       -1.04162211306217       -1.08937170193681
H            5.44752998901349        2.21343306691993        0.24538972278165
H            5.93939097492275        0.77386202207844       -0.66231532628990
H            5.73554530684660        0.69181492545944        1.08655468818987
H            3.13451688418824        2.43605498237004        1.07500636838333
H            0.77267959444735        1.80264764750611        0.77797574938597
31
 energy: -42.685754893157 gnorm: 0.004038053645 xtb: 6.7.1 (edcfbbe)
C           -0.57863083264064       -1.15425586693446       -1.74847391145825
C           -0.21276488668087       -0.30824694542103       -0.55818536397020
N           -1.04941729173372        0.13992046587148        0.27848607586749
C           -2.40792988169590       -0.09158002574560        0.30350241067961
C           -2.91568439450554       -1.24015066694569        0.91545780826550
C           -4.27842312055596       -1.41022408177860        1.05911882707836
C           -5.15982612689418       -0.44758330620689        0.59415606564485
C           -4.66301140346237        0.69414193465791       -0.01342115617834
C           -3.30146758124878        0.87869967548692       -0.15472576447498
C            1.20522957424169        0.03474650366378       -0.36423670378386
C            2.23099163373137       -0.75257653017391       -0.88515828492096
C            3.55321067022098       -0.39749424070700       -0.69778068944390
C            3.89617669109712        0.75491150911228        0.00038874721785
C            5.33191084039274        1.13886733964893        0.19082017700918
C            2.87196319583730        1.53159135643691        0.53223749266513
C            1.54930539049372        1.17602983585870        0.35992606642929
H            0.02598699547141       -0.88216734144501       -2.61153064927659
H           -1.63443212082128       -1.02441317457713       -1.98919645710252
H           -0.40897801904471       -2.20713709742013       -1.52074125412483
H           -2.22699891285233       -1.98958666486436        1.28041589900500
H           -4.65609598940775       -2.30396236427580        1.53549465903571
H           -6.22533298404073       -0.58548711892449        0.70610124712100
H           -5.34362509645733        1.44959747205528       -0.38044742167449
H           -2.91509989377397        1.76986145054331       -0.62888856806683
H            2.00588379323021       -1.65963192228148       -1.42648197116332
H            4.33428743090057       -1.02437490008169       -1.10543083921291
H            5.43588027975377        2.21843390573834        0.27535522038844
H            5.94121582763383        0.78752179819642       -0.63943052598511
H            5.71960062514890        0.69084569609851        1.10656588136608
H            3.11582513208200        2.42790395531294        1.08517596571827
H            0.76025045568002        1.78579934910303        0.77289470354607
31
 energy: -42.685856975181 gnorm: 0.003891213580 xtb: 6.7.1 (edcfbbe)
C           -0.57251316482041       -1.18649425337483       -1.75803534298654
C           -0.20986231681526       -0.32583149501161       -0.57722804236596
N           -1.04737740733995        0.13031093757919        0.25449911596179
C           -2.40514389762928       -0.09565497777635        0.28970707552676
C           -2.91604021802495       -1.24148393635405        0.90411820924504
C           -4.27870194596000       -1.39657065898235        1.06676000108058
C           -5.15633404660834       -0.42291865817581        0.61751961556016
C           -4.65567550736625        0.71427503163667        0.00419298535298
C           -3.29449269211360        0.88467523196461       -0.15580791287060
C            1.20505403271167        0.02601122548123       -0.38386955712573
C            2.23877322233185       -0.74527970739828       -0.91329829421013
C            3.55755285551205       -0.38360944870057       -0.71467675390228
C            3.88999845684969        0.75987851930947        0.00352010931987
C            5.32188974007556        1.14557241026420        0.21618342177066
C            2.85752122661526        1.52512042437301        0.53663801717517
C            1.53881550668898        1.16296720373959        0.35298656136968
H           -0.00297518783969       -0.88452846739570       -2.63611955076853
H           -1.63994971008427       -1.10127545876683       -1.97037873224136
H           -0.34865081826591       -2.23173599556252       -1.53806501348537
H           -2.23025824458369       -1.99915407262504        1.25718789614656
H           -4.65877219807202       -2.28753406955170        1.54659450554550
H           -6.22138071012075       -0.54808660980947        0.74661875151438
H           -5.33265753353044        1.47822653619899       -0.35197789236044
H           -2.90431526039204        1.77196159041957       -0.63390695532051
H            2.02339155874156       -1.64546849302466       -1.46994576207664
H            4.34447546123069       -0.99940784744311       -1.12831177882131
H            5.42185340975474        2.22416503255515        0.31489927917089
H            5.94336986762270        0.80433912536636       -0.60900722278316
H            5.69731075496961        0.68795119430419        1.13284904663019
H            3.09246399768505        2.41718231410219        1.10035775626723
H            0.74263076887696        1.76239737266018        0.76796414988191
31
 energy: -42.685897697622 gnorm: 0.006128642372 xtb: 6.7.1 (edcfbbe)
C           -0.57230224870836       -1.22236778741766       -1.76091155036545
C           -0.20621702891564       -0.34332909458971       -0.59390675378000
N           -1.04391266466806        0.12411319535717        0.23270996621695
C           -2.40002350739086       -0.09783098704574        0.27961771065297
C           -2.91429372906698       -1.24237484385070        0.89405840895149
C           -4.27634627910880       -1.38476997099754        1.07051254830357
C           -5.14913457020015       -0.40073993368725        0.63498239036157
C           -4.64500623692840        0.73414708966792        0.01995477156343
C           -3.28480284066971        0.89263601787625       -0.15381069878347
C            1.20526949939819        0.01902339714946       -0.40538183893263
C            2.24659139279186       -0.73387147559389       -0.94706754194692
C            3.56188372488899       -0.36547161678014       -0.73727346520669
C            3.88334034199260        0.76665155279503        0.00430606651672
C            5.31129641010180        1.15090362719776        0.24331344443041
C            2.84297879469690        1.51975079909493        0.54044486036885
C            1.52846182521167        1.15107656822841        0.34541744423284
H           -0.03804238788462       -0.91175691729605       -2.65218549751027
H           -1.63996620905560       -1.16920482198732       -1.94933440370297
H           -0.31455898450244       -2.25261643438881       -1.54321970647699
H           -2.23120673155373       -2.00715756304657        1.23614763664037
H           -4.65926564223051       -2.27454739474012        1.55062715459728
H           -6.21314305616856       -0.51531048859820        0.77663391456024
H           -5.31800612918249        1.50632754674850       -0.32616828871332
H           -2.88918268137571        1.77711648006675       -0.63206163822140
H            2.03956981524078       -1.62505284880700       -1.52117547032347
H            4.35496240475010       -0.96836818576026       -1.15870146803154
H            5.40966679252725        2.22804569855952        0.35783246827777
H            5.94674142625522        0.81966616134355       -0.57513099894271
H            5.67061755177722        0.68138901831553        1.16124175924607
H            3.06977252372099        2.40607233312234        1.11675272384566
H            0.72425842435653        1.73785087906574        0.76374373837251
31
 energy: -42.685936539303 gnorm: 0.004424930507 xtb: 6.7.1 (edcfbbe)
C           -0.56654997901664       -1.25237951503451       -1.76802380984897
C           -0.20328106185671       -0.35637303899746       -0.61200465476882
N           -1.04288059722963        0.11705666583502        0.20936300317502
C           -2.39763005887808       -0.09942929508262        0.26792531355521
C           -2.91486111664307       -1.24239221546512        0.88362168569447
C           -4.27648909490602       -1.37293816830775        1.07568756639596
C           -5.14589935697536       -0.37972224561380        0.65364364009462
C           -4.63931573293717        0.75240917860148        0.03518533460566
C           -3.27972471396644        0.89990026903902       -0.15320200685950
C            1.20576230953211        0.01376547012988       -0.42364820482168
C            2.25321247881919       -0.72550679870432       -0.97271888399149
C            3.56572784256469       -0.35240731049096       -0.75225895952879
C            3.87770158596536        0.77083006091843        0.00705558295491
C            5.30233963885449        1.15595065360973        0.26424913926307
C            2.83116392498588        1.51339165441258        0.54656891224174
C            1.51989213572212        1.14006323798256        0.34101381548020
H           -0.06643056727785       -0.91493968169631       -2.67613644024245
H           -1.64794765168418       -1.24305956533438       -1.92552518304905
H           -0.25499825670839       -2.27754241487257       -1.55659664173200
H           -2.23334534192344       -2.01338936203394        1.21526675067432
H           -4.66198594282066       -2.26087646678750        1.55747879442622
H           -6.20946774110505       -0.48484567891153        0.80837366980228
H           -5.30998809598041        1.53123766342913       -0.30130343842999
H           -2.88002123583526        1.78156623344177       -0.63316511495282
H            2.05220739166116       -1.60945831121321       -1.56027338595841
H            4.36437050234013       -0.94500227432955       -1.17805089180407
H            5.39758346550258        2.23232191004042        0.39015475195426
H            5.94778928666255        0.83362486344854       -0.55007806858090
H            5.65212058270930        0.67852918933540        1.18189877358303
H            3.05152816248011        2.39396522370299        1.13461488393848
H            0.70941723804409        1.71565006895070        0.76285175293048
31
 energy: -42.685970125375 gnorm: 0.001515338179 xtb: 6.7.1 (edcfbbe)
C           -0.56967571776298       -1.23710124406076       -1.76060017027033
C           -0.20496000845985       -0.34623127012846       -0.60173624518582
N           -1.04411679458564        0.12334090229285        0.22167041143428
C           -2.39902170035975       -0.09607772499386        0.27531602694435
C           -2.91432513024921       -1.24114670402312        0.88857416727154
C           -4.27587705961685       -1.38042446647399        1.07001334381239
C           -5.14747902919146       -0.39329545935733        0.63982424256984
C           -4.64319899170633        0.74217130981103        0.02586945162204
C           -3.28349900481666        0.89793372056523       -0.15186877968145
C            1.20574875776597        0.01977281617198       -0.41382253377688
C            2.24857046252295       -0.72738307382446       -0.95929667968149
C            3.56294318980611       -0.35836395584548       -0.74477541765611
C            3.88083454127848        0.76821580690444        0.00502482280388
C            5.30742224631999        1.15145719721067        0.25071646362593
C            2.83908558448055        1.51639013737390        0.54487528070075
C            1.52567236160421        1.14727982381285        0.34510188608559
H           -0.05196009054440       -0.91646262428806       -2.66190446997050
H           -1.64531473119543       -1.20491325056263       -1.93100705105577
H           -0.28548288859058       -2.26639890732672       -1.54395101833400
H           -2.23110156359746       -2.00743619855077        1.22669843986794
H           -4.66005221140175       -2.27025573555735        1.54917127688927
H           -6.21129130750507       -0.50611685477249        0.78449421365116
H           -5.31601280771344        1.51620993011803       -0.31612815497885
H           -2.88590513565397        1.78236114653313       -0.62858333825293
H            2.04191567377788       -1.61414402267607       -1.53934678326223
H            4.35831009209813       -0.95618706100085       -1.16811389904350
H            5.40497208186227        2.22817732386909        0.36939203889207
H            5.94630875278969        0.82378878950693       -0.56609031150197
H            5.66348187484131        0.67885718574403        1.16746132121945
H            3.06459581550357        2.39814087639338        1.12826720823082
H            0.71941273839920        1.72784158713684        0.76672194323144
31
 energy: -42.685991410698 gnorm: 0.001107394718 xtb: 6.7.1 (edcfbbe)
C           -0.56955369534608       -1.24398795916559       -1.75632670535252
C           -0.20448870498582       -0.34675193428703       -0.60271297145441
N           -1.04431754045779        0.12685253756057        0.21771864682903
C           -2.39873337207972       -0.09312157241082        0.27365246817943
C           -2.91360371068341       -1.23949992671725        0.88507933379755
C           -4.27532987195768       -1.37964205901782        1.06713689349623
C           -5.14761217847374       -0.39218889386845        0.63874730326544
C           -4.64392809488976        0.74505313858827        0.02722414613552
C           -3.28398463298795        0.90147631636310       -0.15083125489127
C            1.20638313811415        0.02078123623355       -0.41578488176253
C            2.24903678389225       -0.72356308920055       -0.96523429596508
C            3.56345683196691       -0.35455997512622       -0.75000437849493
C            3.88071551843997        0.76855366913859        0.00507173830256
C            5.30725670917732        1.15133140627307        0.25208605687792
C            2.83897605382077        1.51423789158169        0.54872170203519
C            1.52555309500562        1.14554310774844        0.34755373442251
H           -0.05714458617676       -0.92651202726011       -2.66161083625006
H           -1.64553688768848       -1.21731579885410       -1.92159950287723
H           -0.28156541308998       -2.27080302082359       -1.53603474520045
H           -2.22964103953457       -2.00593067765499        1.22204726416320
H           -4.65951459534976       -2.27054097989168        1.54428755512689
H           -6.21179844334899       -0.50635697361357        0.78261313433146
H           -5.31762451735912        1.51921587242857       -0.31280671767437
H           -2.88646258427640        1.78749151768409       -0.62487580075399
H            2.04211920893742       -1.60767327372580       -1.54945696136844
H            4.35930555369837       -0.94984251993272       -1.17589907373346
H            5.40479031583761        2.22804983403331        0.37232310948853
H            5.94665802955116        0.82514042295747       -0.56506653095543
H            5.66278917437603        0.67734452974714        1.16804148736167
H            3.06450937682816        2.39327993976195        1.13617360106302
H            0.71929007913974        1.72393926145247        0.77173416805894
31
 energy: -42.686055504249 gnorm: 0.002611126743 xtb: 6.7.1 (edcfbbe)
C           -0.57020770863239       -1.26642267295283       -1.73652529320303
C           -0.20443126602111       -0.34461193939088       -0.60264638749357
N           -1.04646468703585        0.14542765582100        0.20643884516695
C           -2.39936149234848       -0.07823025302870        0.27006851880440
C           -2.91076178838090       -1.23104216602379        0.87310806228674
C           -4.27184639938005       -1.37904471958862        1.05202262330203
C           -5.14778926665052       -0.39260736632470        0.62857701300900
C           -4.64821908510368        0.75321732127049        0.02919244246094
C           -3.28894954590327        0.91752505010441       -0.14362460471662
C            1.20739769983487        0.02513784896151       -0.41890833576361
C            2.24851206589629       -0.70990046594006       -0.98385740934920
C            3.56364171536156       -0.34229082452475       -0.76812022398438
C            3.88128531928495        0.76866439567700        0.00415996954485
C            5.30846357849433        1.14989635332647        0.25214210792354
C            2.84090976306044        1.50526513860825        0.56355089274975
C            1.52691131135227        1.13886372460614        0.36041016961466
H           -0.07361451240549       -0.96097951277211       -2.65527674199527
H           -1.64792764713219       -1.25935226826620       -1.88664386152469
H           -0.26556336762126       -2.28682195913359       -1.50099478406789
H           -2.22361149040319       -1.99690116867363        1.20639034201666
H           -4.65440504171074       -2.27471738306765        1.52166782254203
H           -6.21266902949311       -0.51477653499044        0.76634953898899
H           -5.32582952549311        1.52671570077067       -0.30448087055123
H           -2.89364633027124        1.80971734729803       -0.60891827916375
H            2.03998387608962       -1.58477609262365       -1.58152779213074
H            4.35969651340051       -0.92882803942564       -1.20571826204044
H            5.40656409879939        2.22647192715948        0.37575574102470
H            5.94712179197227        0.82729722282036       -0.56734721239195
H            5.66481750793144        0.67268093779202        1.16556076134699
H            3.06809507038192        2.37418798797664        1.16536387326008
H            0.72189787222616        1.71023475453676        0.79579902053495
31
 energy: -42.686097212946 gnorm: 0.002619011672 xtb: 6.7.1 (edcfbbe)
C           -0.57033956561390       -1.28265675775715       -1.72053529944718
C           -0.20462560525870       -0.34365112908768       -0.60052557900714
N           -1.04820970465456        0.16025114258927        0.19922299909298
C           -2.40007600076161       -0.06749497686575        0.26538877804408
C           -2.90794460434435       -1.22544401523625        0.86182615237488
C           -4.26921409174747       -1.37837523176844        1.04057598332054
C           -5.14861547898243       -0.39253609786961        0.62207050569316
C           -4.65220814983129        0.75929863274693        0.03115236034247
C           -3.29277561965194        0.92892457068469       -0.14041140800060
C            1.20719968861921        0.02692278928987       -0.41937999922662
C            2.24764866073782       -0.70060186708642       -0.99600404249461
C            3.56309108610496       -0.33341848154472       -0.78117923818330
C            3.88214323877584        0.76904005311780        0.00300504001131
C            5.30979273412839        1.14938669187816        0.25114968756444
C            2.84262230532680        1.49818563297163        0.57411082718920
C            1.52833854609105        1.13289056390065        0.37069412104214
H           -0.08405042680554       -0.98433628944767       -2.64776352129292
H           -1.64944823816095       -1.28914832105041       -1.86206490291575
H           -0.25469053390624       -2.29702868495606       -1.47377029532254
H           -2.21843878950708       -1.99083431925851        1.19167391164123
H           -4.64910797434913       -2.27839873618611        1.50404182635256
H           -6.21348154318224       -0.52048012209297        0.75581750167938
H           -5.33245418148959        1.53260069648166       -0.29788433660668
H           -2.90020786895752        1.82584749265915       -0.59869559525851
H            2.03906165115636       -1.56889376504994       -1.60338214421425
H            4.35832909005895       -0.91382227551987       -1.22879518721017
H            5.40822546600205        2.22570314001754        0.37754139745801
H            5.94778220294424        0.82880135299355       -0.56979860849011
H            5.66661461325929        0.66988357058496        1.16346344421320
H            3.07083671238459        2.36047869937751        1.18520750419979
H            0.72420238171444        1.69890604148613        0.81521580365186
31
 energy: -42.686151442802 gnorm: 0.002919665109 xtb: 6.7.1 (edcfbbe)
C           -0.57100204959918       -1.30462977622155       -1.69434655510715
C           -0.20556710154442       -0.34165065788134       -0.59429103571443
N           -1.05104121361326        0.18319320837685        0.19124259971837
C           -2.40184414352354       -0.05073190158509        0.25978146307986
C           -2.90392513465134       -1.21701947541061        0.84512396895560
C           -4.26474726964444       -1.37901892014714        1.02076557823801
C           -5.14934034151882       -0.39465763289123        0.60927621863637
C           -4.65807875237441        0.76645640375050        0.03181016603422
C           -3.29910890847214        0.94597241311283       -0.13508529972492
C            1.20611247212012        0.02919594389515       -0.41763420128769
C            2.24518838359289       -0.68740930606020       -1.01144140490284
C            3.56122666852484       -0.32095119130872       -0.79940553744703
C            3.88375222410227        0.76949846070930        0.00043091265896
C            5.31215817907129        1.14818938596287        0.24711370521823
C            2.84603452641368        1.48791627158115        0.58868456115955
C            1.53124013096977        1.12406023728370        0.38686271235528
H           -0.09696924121946       -1.01659960528738       -2.63162683376387
H           -1.65089708404987       -1.32660868360673       -1.82607250480819
H           -0.24055098433512       -2.31080295643239       -1.43237242807650
H           -2.21066511147935       -1.98181662125312        1.16894811594830
H           -4.64000621748717       -2.28543977779744        1.47577256137554
H           -6.21437737518695       -0.53007812586294        0.73967633973650
H           -5.34220169174502        1.53978030455385       -0.28985030303300
H           -2.91100186232479        1.84970737497559       -0.58349844721460
H            2.03615277081421       -1.54637025407744       -1.63185415246402
H            4.35424357835384       -0.89309383129997       -1.26188582408684
H            5.41139283838763        2.22406065723526        0.37668713108447
H            5.94859311439844        0.82928931100955       -0.57569756852485
H            5.66998960435378        0.66612517046611        1.15805357741707
H            3.07637151508916        2.34093177059932        1.21210682761142
H            0.72886847667682        1.68250180361320        0.84469334312897
31
 energy: -42.686201255283 gnorm: 0.003515057917 xtb: 6.7.1 (edcfbbe)
C           -0.57129191551053       -1.33494997507897       -1.65746932116746
C           -0.20698003673099       -0.33939213445712       -0.58513859843673
N           -1.05502574176172        0.21361763365876        0.18009503803934
C           -2.40468244497166       -0.02841681859423        0.25109652113492
C           -2.89896422313384       -1.20630281140636        0.82034667919824
C           -4.25888184715232       -1.37972847142754        0.99319672174478
C           -5.14998830575876       -0.39600800397119        0.59384591457459
C           -4.66597363479126        0.77717091136550        0.03439443411079
C           -3.30795216651947        0.96936210297815       -0.12745705566898
C            1.20442111921930        0.03157516879649       -0.41454583647354
C            2.24147734527964       -0.66946262079376       -1.03150988806215
C            3.55821862235430       -0.30353374480144       -0.82377579522013
C            3.88572834547444        0.77055935633346       -0.00372897962907
C            5.31486749134986        1.14658715745590        0.24138339078124
C            2.85061996274250        1.47406733433121        0.60741190641227
C            1.53533996164821        1.11153840418188        0.40867840825905
H           -0.11453485328294       -1.05896341468447       -2.60729192285887
H           -1.65300321124730       -1.37848796677437       -1.77595007673066
H           -0.21842235166580       -2.32923532647649       -1.37687937846001
H           -2.20069083740927       -1.97059545456283        1.13436943223218
H           -4.62731624859088       -2.29568846351939        1.43492492708021
H           -6.21368263947970       -0.54199044388686        0.71820810967033
H           -5.35472777394712        1.55021154157455       -0.27776767053058
H           -2.92581567609785        1.88193352212924       -0.56273144863839
H            2.03173068357550       -1.51547206864113       -1.66922486828635
H            4.34782867258142       -0.86407547725012       -1.30665567581217
H            5.41545464138766        2.22171549409476        0.37516934856237
H            5.94957498460266        0.82971440697177       -0.58332699762755
H            5.67341023784428        0.66101584796079        1.15053849753759
H            3.08390145977818        2.31447828847869        1.24704026397672
H            0.73536038031295        1.65875602601697        0.88472160648874
31
 energy: -42.686226149340 gnorm: 0.002304508493 xtb: 6.7.1 (edcfbbe)
C           -0.57050862484024       -1.34461474495192       -1.64001819653387
C           -0.20789075410875       -0.33846400012179       -0.57804677160960
N           -1.05709606550195        0.22541858886805        0.17757258904353
C           -2.40662865362154       -0.01984423382165        0.24735126793741
C           -2.89761594038665       -1.20275667433818        0.80870095096216
C           -4.25681998724636       -1.38147606711347        0.97933007581060
C           -5.15043206929559       -0.39801118935562        0.58564000356881
C           -4.66966528798592        0.77999040968750        0.03428894344303
C           -3.31224797965185        0.97773463871585       -0.12497874368954
C            1.20337067944886        0.03210132834989       -0.41011876697543
C            2.23869323825498       -0.66312481602870       -1.03579440632584
C            3.55592261724174       -0.29734310781003       -0.83165733898639
C            3.88685672674330        0.77081696413577       -0.00604488427101
C            5.31655209861442        1.14577822404101        0.23604943408649
C            2.85367120537687        1.46875331191351        0.61391259907562
C            1.53797076768087        1.10661603247432        0.41853095953746
H           -0.11739439990098       -1.07320582055941       -2.59228628511089
H           -1.65168053321131       -1.39188431538385       -1.75648107326745
H           -0.21189130122011       -2.33431129832824       -1.35384685973470
H           -2.19721627973172       -1.96665729022808        1.11803235569788
H           -4.62210884140714       -2.30137738699701        1.41524246765076
H           -6.21370300307429       -0.54691880871985        0.71019197290185
H           -5.36052042816194        1.55347856961642       -0.27259388614812
H           -2.93305833492729        1.89403637716507       -0.55428358642149
H            2.02769558089142       -1.50428009761540       -1.67862815894118
H            4.34311542819668       -0.85379569916150       -1.32243649745046
H            5.41809822709982        2.22064062118274        0.37039247628734
H            5.94939686552709        0.82873995802202       -0.58985048014487
H            5.67645975410947        0.65953590293405        1.14442439276979
H            3.08905212731946        2.30482180424214        1.25779439538595
H            0.73962316786815        1.64960281918819        0.90157873765283
31
 energy: -42.686236213132 gnorm: 0.000795665877 xtb: 6.7.1 (edcfbbe)
C           -0.56933527817487       -1.34486869798023       -1.63922794364370
C           -0.20786938567011       -0.33922960746146       -0.57707202195735
N           -1.05757437958651        0.22456480103919        0.17710251353643
C           -2.40738454642896       -0.02064782976075        0.24575712621660
C           -2.89891497789527       -1.20355936128541        0.80629300272865
C           -4.25766469538973       -1.38150231747927        0.97811187848202
C           -5.15036550844661       -0.39689723188757        0.58675796446549
C           -4.66952416504058        0.78056039673403        0.03499125978577
C           -3.31257015753860        0.97720382314323       -0.12584843909254
C            1.20360392017276        0.03126422226393       -0.40843838006688
C            2.23856943427625       -0.66359192297390       -1.03427808672644
C            3.55576530293069       -0.29733278194235       -0.83090186528874
C            3.88672121584713        0.77081680233274       -0.00570290406823
C            5.31643646869429        1.14634548031805        0.23478858608208
C            2.85382597614322        1.46835944487189        0.61470869878300
C            1.53813948919430        1.10576912506838        0.42002580892060
H           -0.11733219900311       -1.07163934444348       -2.59090099874286
H           -1.65059003333625       -1.39208038427477       -1.75676054626801
H           -0.20875127594605       -2.33346926095200       -1.35487635437721
H           -2.19894933728348       -1.96798580193469        1.11444759470014
H           -4.62328033052168       -2.30116989270229        1.41381475300264
H           -6.21306462836911       -0.54465743463439        0.71318090165779
H           -5.35993626492638        1.55442402406092       -0.27080467499666
H           -2.93323764752795        1.89326839843961       -0.55529744925923
H            2.02729766029356       -1.50461077061860       -1.67703339558395
H            4.34276556857072       -0.85309714959979       -1.32212980731531
H            5.41777512791373        2.22128857609342        0.36861922652316
H            5.94857645578018        0.82932811916096       -0.59160990835790
H            5.67744754628930        0.66042990283142        1.14263109928728
H            3.08937409886570        2.30458778301478        1.25820084796295
H            0.74004654621289        1.64812889056023        0.90341919981105
31
 energy: -42.686244223051 gnorm: 0.001299872554 xtb: 6.7.1 (edcfbbe)
C           -0.56585820673282       -1.34577536791319       -1.63859284068511
C           -0.20763280375243       -0.34135282268994       -0.57490419492608
N           -1.05886359291493        0.22270520515671        0.17626891298842
C           -2.40919994446483       -0.02212437786228        0.24250445766579
C           -2.90192289962893       -1.20561770238872        0.80043198964379
C           -4.26019624264410       -1.38142799065657        0.97547629803917
C           -5.15131513610198       -0.39372420015653        0.58964477438440
C           -4.66989635900680        0.78287369482421        0.03705466336164
C           -3.31338843806786        0.97684054839305       -0.12736346683365
C            1.20429548756762        0.02874792942810       -0.40405312415640
C            2.23871002316025       -0.66525394175041       -1.03063257524636
C            3.55581819775461       -0.29761985620176       -0.82915381644807
C            3.88656548557163        0.77101258696881       -0.00497428030341
C            5.31638083549260        1.14845579955448        0.23139251373614
C            2.85408234462055        1.46714457779601        0.61728335516974
C            1.53842605472753        1.10306135842346        0.42459351363918
H           -0.11662370250590       -1.06721809406919       -2.58966112486176
H           -1.64722965957774       -1.39507534119693       -1.75672640897808
H           -0.20066326374937       -2.33264337419703       -1.35847751312323
H           -2.20278900073371       -1.97211544558115        1.10453610351215
H           -4.62667709004654       -2.30113025436907        1.40987521246263
H           -6.21330308973742       -0.53849820622670        0.72093061302020
H           -5.35941923099151        1.55814913034412       -0.26584240380217
H           -2.93348584724205        1.89222649155658       -0.55759967006209
H            2.02715598255101       -1.50628608727213       -1.67306237266099
H            4.34262209770498       -0.85213071874636       -1.32133653123001
H            5.41687239061676        2.22364181694828        0.36393295736252
H            5.94643696298881        0.83169662221666       -0.59669637816921
H            5.68067883364750        0.66351668282881        1.13812134349672
H            3.08984400841341        2.30373967428420        1.26010559519412
H            0.74057580318115        1.64418166255630        0.90889208401065
31
 energy: -42.686249460928 gnorm: 0.000961928544 xtb: 6.7.1 (edcfbbe)
C           -0.56407611606437       -1.34675710805161       -1.63925837900789
C           -0.20729713508169       -0.34298121781477       -0.57422285877340
N           -1.05951020892261        0.22157318609950        0.17566726292512
C           -2.40997672119754       -0.02269211557798        0.24091819778568
C           -2.90341095077813       -1.20677805108125        0.79710833666155
C           -4.26180049822997       -1.38113829461090        0.97392714434781
C           -5.15235438883769       -0.39149298201241        0.59121796666738
C           -4.67026147978015        0.78505707518906        0.03886652130491
C           -3.31359115820571        0.97754257621213       -0.12728008894471
C            1.20461794137986        0.02698587612980       -0.40193673957735
C            2.23921681907587       -0.66657141974346       -1.02888676990511
C            3.55619445965480       -0.29805460404481       -0.82817064503481
C            3.88658972818920        0.77114816235018       -0.00447770054593
C            5.31638919567255        1.15044967980320        0.22943069255929
C            2.85399474598464        1.46605772819973        0.61912603777249
C            1.53841571419938        1.10101816366564        0.42728781902803
H           -0.11647366739542       -1.06475826169399       -2.59038629785018
H           -1.64540790276487       -1.39918795893997       -1.75613200311679
H           -0.19589451736623       -2.33335115607100       -1.36146488257681
H           -2.20473321895101       -1.97475301885518        1.09886322985726
H           -4.62885730995787       -2.30114962610129        1.40730289406704
H           -6.21445293397960       -0.53475275482427        0.72467552435428
H           -5.35940708228778        1.56141187884803       -0.26248092626306
H           -2.93321908554814        1.89280107602131       -0.55746850328282
H            2.02799335487997       -1.50778763190314       -1.67118775010462
H            4.34315125787806       -0.85202925341542       -1.32089410719925
H            5.41588872492817        2.22580941304658        0.36133252213151
H            5.94522267873749        0.83413507704107       -0.59980301056090
H            5.68300572184492        0.66628585904440        1.13569999184420
H            3.08961834941341        2.30262148789837        1.26209302230157
H            0.74042568360995        1.64133821519429        0.91250118533614
31
 energy: -42.686255808074 gnorm: 0.000314030083 xtb: 6.7.1 (edcfbbe)
C           -0.56151649643247       -1.34937617376243       -1.64090042369718
C           -0.20660601254058       -0.34636500838475       -0.57409879220015
N           -1.06031821271723        0.21945723315399        0.17362237625610
C           -2.41083309829364       -0.02335925474896        0.23828490084700
C           -2.90571870066035       -1.20835932902535        0.79159812266782
C           -4.26430358748118       -1.38010330797376        0.97108345265522
C           -5.15381219566533       -0.38736987716970        0.59330427894336
C           -4.67030151158115        0.78947516055854        0.04252819147348
C           -3.31336144511135        0.97963329203252       -0.12588619611238
C            1.20495440716640        0.02329267882780       -0.39922176503693
C            2.24046190015620       -0.66907521714425       -1.02660510514380
C            3.55701117531471       -0.29873638296481       -0.82671757911192
C            3.88649049719172        0.77132231408934       -0.00352185523592
C            5.31595287365392        1.15465901387372        0.22651997990061
C            2.85330140208524        1.46338711073876        0.62244669200850
C            1.53806344851999        1.09645853514998        0.43150385004416
H           -0.11763707522508       -1.06169652234334       -2.59241161699832
H           -1.64271372591929       -1.40819977818745       -1.75436040327284
H           -0.18709772588945       -2.33539647467999       -1.36727959608628
H           -2.20808465030310       -1.97896742261981        1.08952888692058
H           -4.63242184495452       -2.30067589819409        1.40264523962977
H           -6.21616998498655       -0.52830545968622        0.72964763901552
H           -5.35864263487251        1.56820085078792       -0.25531852566779
H           -2.93212143342606        1.89523413967946       -0.55466155120450
H            2.03034132287647       -1.51050970925623       -1.66901212966497
H            4.34448873988988       -0.85177935588604       -1.32005163876031
H            5.41281826671686        2.23036574697045        0.35755523781636
H            5.94310158475864        0.83972309357712       -0.60454329871618
H            5.68681426172898        0.67205590289123        1.13204548731731
H            3.08821416867807        2.29964992578687        1.26615242396761
H            0.73964628742225        1.63536017391129        0.91809140364665
31
 energy: -42.686258981619 gnorm: 0.000447796801 xtb: 6.7.1 (edcfbbe)
C           -0.56007855985041       -1.35211204646086       -1.64161222870070
C           -0.20607850138173       -0.34931509243807       -0.57423310312313
N           -1.06047762916348        0.21765653438316        0.17198511133809
C           -2.41101286919480       -0.02369023925896        0.23686800967833
C           -2.90719348109701       -1.20929955635809        0.78788718013515
C           -4.26588856976391       -1.37927832849783        0.96859336366359
C           -5.15439260558400       -0.38427610652958        0.59423679902698
C           -4.66960233368457        0.79316999701956        0.04573873375992
C           -3.31252266462469        0.98163766778798       -0.12376401747147
C            1.20519449205159        0.02043719540249       -0.39818125843690
C            2.24147883693228       -0.67061653054338       -1.02597778650213
C            3.55764014476099       -0.29892274032824       -0.82623599172749
C            3.88622307780113        0.77138476859041       -0.00289901146900
C            5.31519397513934        1.15778498201831        0.22506211361471
C            2.85242982012016        1.46128611359244        0.62449426209712
C            1.53756874896418        1.09294695730457        0.43372221445530
H           -0.11948254621232       -1.06107287088642       -2.59374193685564
H           -1.64125059356472       -1.41494206301583       -1.75240261759561
H           -0.18122899870355       -2.33731465463807       -1.37070753754843
H           -2.21046417541567       -1.98164998969387        1.08352098911582
H           -4.63487255745490       -2.30024023306052        1.39867404150210
H           -6.21687529853807       -0.52397346324877        0.73129413220503
H           -5.35710751091276        1.57360573488092       -0.24973901571712
H           -2.93042726418217        1.89772017398622       -0.55076474689599
H            2.03225739119316       -1.51188393452653       -1.66892664898997
H            4.34557611636900       -0.85077358633108       -1.32028485016265
H            5.40974351757184        2.23375214113273        0.35576338005829
H            5.94169922967258        0.84421957365060       -0.60701040602360
H            5.68864865430247        0.67624101983032        1.13010244183256
H            3.08652973431738        2.29711112661829        1.26908954207967
H            0.73877242023214        1.63040744961988        0.92141652885775
31
 energy: -42.686262285024 gnorm: 0.000439410632 xtb: 6.7.1 (edcfbbe)
C           -0.55932807724110       -1.35559221672571       -1.64162312734086
C           -0.20563737609506       -0.35217196509650       -0.57476624837274
N           -1.06018286366280        0.21603791548773        0.17034701073449
C           -2.41068853413954       -0.02378190471136        0.23622112597707
C           -2.90822151466359       -1.20988608408892        0.78504206810932
C           -4.26702930802560       -1.37841098048960        0.96609801559362
C           -5.15442394762067       -0.38154713787996        0.59419901134671
C           -4.66826856949304        0.79671154701580        0.04861940580319
C           -3.31106579537698        0.98385730987078       -0.12090674981062
C            1.20542983401010        0.01774863595100       -0.39812586241290
C            2.24246112840940       -0.67147341515324       -1.02675647537498
C            3.55821005114293       -0.29832330377038       -0.82696352234672
C            3.88575100431838        0.77163561105658       -0.00273369672989
C            5.31410066856244        1.16050527393759        0.22464550889514
C            2.85128009444213        1.45927743431747        0.62599735158515
C            1.53688828211552        1.08950129780498        0.43513450499513
H           -0.12201622331148       -1.06257676222507       -2.59464212097701
H           -1.64053942311778       -1.42157062762757       -1.74988559784599
H           -0.17669410209195       -2.33974873610479       -1.37247891340425
H           -2.21242421385609       -1.98379543837599        1.07874877354167
H           -4.63695565714782       -2.29985453726854        1.39433889560971
H           -6.21701658604504       -0.52028927924757        0.73117559498117
H           -5.35478789763231        1.57908733012896       -0.24400153429704
H           -2.92793579215481        1.90068788575267       -0.54535692630771
H            2.03412719486707       -1.51221353401767       -1.67071720797723
H            4.34669295224465       -0.84886308413409       -1.32160337532311
H            5.40644839287313        2.23664581179543        0.35558502007509
H            5.94074992084913        0.84852800669630       -0.60789384394053
H            5.68909778251494        0.67956699974571        1.12933408861280
H            3.08438868149124        2.29467098899559        1.27150206354811
H            0.73758989393408        1.62563695836213        0.92343444925380
31
 energy: -42.686266268715 gnorm: 0.000324843627 xtb: 6.7.1 (edcfbbe)
C           -0.55862646538992       -1.36109854661650       -1.64061191288530
C           -0.20506345271275       -0.35618783649853       -0.57524897178504
N           -1.05948837155255        0.21380807728937        0.16853067910745
C           -2.41001371888065       -0.02403117101336        0.23570211052580
C           -2.90949548353954       -1.21086106502653        0.78119083690876
C           -4.26848893947038       -1.37747079847640        0.96217364072813
C           -5.15415355321570       -0.37778433969133        0.59391684501551
C           -4.66600804907112        0.80179532551193        0.05299482896464
C           -3.30863453564007        0.98695519034258       -0.11647678392169
C            1.20575798288351        0.01475904949935       -0.39899994942983
C            2.24364087744421       -0.67158576782001       -1.02922852851965
C            3.55887889771643       -0.29672014193982       -0.82897413359601
C            3.88496649730497        0.77215433136619       -0.00282614755748
C            5.31249563925428        1.16365312645170        0.22490227762221
C            2.84959182446930        1.45702830961301        0.62738203198898
C            1.53584042785480        1.08555647900182        0.43605954932685
H           -0.12545851940840       -1.06666174208222       -2.59502735171327
H           -1.63994938291423       -1.43054373118207       -1.74577158115712
H           -0.17154463591086       -2.34368214780303       -1.37274053068786
H           -2.21499691455487       -1.98670304794294        1.07274179187172
H           -4.63985729086440       -2.29948863430620        1.38786075936995
H           -6.21692023690648       -0.51543092761039        0.72995138495732
H           -5.35109949855143        1.58648859386883       -0.23650929502916
H           -2.92384802706189        1.90471895663474       -0.53735784213438
H            2.03639561798085       -1.51122085984793       -1.67501050622330
H            4.34808096823123       -0.84477139466784       -1.32516516858471
H            5.40240034186512        2.23992238109480        0.35667055425104
H            5.93999495134128        0.85372771412505       -0.60774281367731
H            5.68834530546586        0.68295561035545        1.12929997960670
H            3.08142688697744        2.29147650422075        1.27453357831277
H            0.73583085695540        1.61924250315129        0.92574835454480
31
 energy: -42.686269464492 gnorm: 0.000252324045 xtb: 6.7.1 (edcfbbe)
C           -0.55769179437407       -1.36699675330195       -1.63889212399446
C           -0.20453730537661       -0.35994633824474       -0.57552167111361
N           -1.05888100537920        0.21177215507739        0.16695429390227
C           -2.40948491433619       -0.02451722526794        0.23518672792405
C           -2.91103409366075       -1.21216714073398        0.77698539552901
C           -4.27025344058030       -1.37659766729186        0.95809250795461
C           -5.15400286438767       -0.37393300708734        0.59356111037748
C           -4.66377621643156        0.80669874495717        0.05687650820390
C           -3.30619845502563        0.98975607368590       -0.11236167551843
C            1.20613315586203        0.01198752993127       -0.39955766937220
C            2.24466573163845       -0.67101421333481       -1.03215459958484
C            3.55942409562127       -0.29415512271351       -0.83199961648159
C            3.88417149281526        0.77318186027779       -0.00342961090449
C            5.31103268414641        1.16647340798987        0.22528703734856
C            2.84803682544829        1.45496424830401        0.62889015412575
C            1.53489781523086        1.08162617678364        0.43755624660739
H           -0.12807894407391       -1.07190377775750       -2.59466036203897
H           -1.63907512412340       -1.43972283841342       -1.74147437365702
H           -0.16663398471678       -2.34796158421873       -1.37141781715806
H           -2.21796044509772       -1.99040403163556        1.06553092605102
H           -4.64332463667990       -2.29939566532625        1.38054192881024
H           -6.21693288748213       -0.50988608591275        0.72962461385672
H           -5.34731284903685        1.59429697105374       -0.22833363055533
H           -2.91954258815558        1.90842933628893       -0.52948950702528
H            2.03838648798360       -1.50927854338282       -1.68003339035899
H            4.34928655870984       -0.83979552200813       -1.32970665959128
H            5.39912155710838        2.24276011567559        0.35817819345605
H            5.93947087114523        0.85841642495837       -0.60732141280032
H            5.68713544203705        0.68551590664734        1.12941982576838
H            3.07879254878615        2.28862321871706        1.27741079790854
H            0.73416628248490        1.61317334628500        0.92822553853139
31
 energy: -42.686271792967 gnorm: 0.000221716112 xtb: 6.7.1 (edcfbbe)
C           -0.55664417843654       -1.37183212670708       -1.63697597216692
C           -0.20410211841723       -0.36282494295468       -0.57532130352791
N           -1.05858394502315        0.21018723148809        0.16598451886535
C           -2.40931233041081       -0.02519015539595        0.23446838830233
C           -2.91257613507364       -1.21363294772796        0.77287296406268
C           -4.27199320128710       -1.37616873804565        0.95427530366247
C           -5.15412345266190       -0.37067964386936        0.59366170916903
C           -4.66218862782978        0.81079244859745        0.06040239781065
C           -3.30443902685982        0.99182001725259       -0.10924568652305
C            1.20639434142468        0.01037761904479       -0.39994232130773
C            2.24530275745737       -0.66990888854177       -1.03471534711950
C            3.55974174362455       -0.29176919328191       -0.83460712447781
C            3.88363687985913        0.77412107735324       -0.00391595277472
C            5.31011864178884        1.16846684270678        0.22541269992661
C            2.84704231443929        1.45361453345550        0.63012151465666
C            1.53430347707810        1.07904367746497        0.43880884588655
H           -0.12910375099636       -1.07686237347462       -2.59368472987566
H           -1.63799879046018       -1.44693337436900       -1.73811586024200
H           -0.16296251529885       -2.35154179073308       -1.36899051173553
H           -2.22073343628499       -1.99385124574314        1.05895599779468
H           -4.64651316191943       -2.29946056558359        1.37430853302364
H           -6.21718598516596       -0.50509548207187        0.73005832697859
H           -5.34449242874582        1.60037234581448       -0.22207968090414
H           -2.91622979453062        1.91096224811622       -0.52383166532265
H            2.03967742368397       -1.50698296660864       -1.68432601255328
H            4.34997079456894       -0.83506735797441       -1.33427123750582
H            5.39732157756415        2.24472194872435        0.35916107625462
H            5.93917267871471        0.86151129665953       -0.60712291724047
H            5.68614379439573        0.68714712956426        1.12938052123510
H            3.07721299576131        2.28627155052351        1.28012796781712
H            0.73314345914084        1.60839182631873        0.93111324403158
31
 energy: -42.686273739022 gnorm: 0.000169509165 xtb: 6.7.1 (edcfbbe)
C           -0.55543039483525       -1.37608857141276       -1.63480097434886
C           -0.20374251156103       -0.36499702807626       -0.57484609497435
N           -1.05857001665509        0.20910163371132        0.16529254118284
C           -2.40941246336030       -0.02581638002384        0.23368083903615
C           -2.91415596457811       -1.21505375175199        0.76886446447846
C           -4.27375622071590       -1.37586104893530        0.95078793498751
C           -5.15450628155535       -0.36789674774971        0.59379732983140
C           -4.66113225912584        0.81416278041573        0.06314736427270
C           -3.30322734217700        0.99343948981345       -0.10690087232581
C            1.20656346463100        0.00934675856201       -0.39988602562465
C            2.24567498702687       -0.66842908413204       -1.03699400268243
C            3.55988130213808       -0.28918188920815       -0.83732403219409
C            3.88331966084896        0.77517744742365       -0.00452259176306
C            5.30962976114338        1.16997772185955        0.22518374298894
C            2.84649490788475        1.45240421403611        0.63161628621031
C            1.53400901487980        1.07686117074788        0.44057055327389
H           -0.12878306265227       -1.08205935955569       -2.59220923573855
H           -1.63669857486970       -1.45291516001507       -1.73534552417752
H           -0.16017151018867       -2.35478920439114       -1.36535164420351
H           -2.22346131599488       -1.99727153616497        1.05228212023232
H           -4.64958021109818       -2.29979476955013        1.36825190335207
H           -6.21766944103037       -0.50082715648399        0.73094405018949
H           -5.34238694343765        1.60566349705097       -0.21650786675130
H           -2.91368878047144        1.91302579727974       -0.51922431714697
H            2.04049340497713       -1.50429729186657       -1.68827786864541
H            4.35026692700281       -0.83054106865143       -1.33883340099936
H            5.39648217544768        2.24617473404292        0.35961841359636
H            5.93894540352131        0.86370949699340       -0.60740289124824
H            5.68558910625972        0.68822656286829        1.12897807659179
H            3.07638167253551        2.28408077881917        1.28298279312907
H            0.73264150610946        1.60446796434664        0.93439661567127
31
 energy: -42.686275251132 gnorm: 0.000112540198 xtb: 6.7.1 (edcfbbe)
C           -0.55422747797957       -1.38018422952095       -1.63220923224424
C           -0.20342503268226       -0.36668042850050       -0.57421894583446
N           -1.05871566153935        0.20849009227769        0.16465725101846
C           -2.40963876419863       -0.02615969776527        0.23287362146825
C           -2.91568466585960       -1.21632643640456        0.76472439902837
C           -4.27546842272454       -1.37577963678428        0.94692748877777
C           -5.15505897543077       -0.36554023050975        0.59353339634104
C           -4.66042125218909        0.81732457504778        0.06574212622577
C           -3.30238087326049        0.99516766799713       -0.10458253096986
C            1.20667396622065        0.00866923744777       -0.39959622627504
C            2.24587377278591       -0.66663829745735       -1.03924178918573
C            3.55990354067607       -0.28653053739815       -0.84009489115414
C            3.88317114556316        0.77614342873977       -0.00507175233209
C            5.30940931788101        1.17128131499898        0.22458879171481
C            2.84628044225895        1.45110886801890        0.63339656266847
C            1.53395207725120        1.07480984491581        0.44271981246568
H           -0.12762110629279       -1.08796169512135       -2.59020013765763
H           -1.63538527782634       -1.45818288668110       -1.73280655194308
H           -0.15821290852396       -2.35801388371541       -1.36041939252472
H           -2.22604499253646       -2.00036425912706        1.04567602325436
H           -4.65237927772642       -2.30031230252342        1.36208726979436
H           -6.21831116730262       -0.49718673627837        0.73146678167874
H           -5.34078062390640        1.61046964832144       -0.21143508098977
H           -2.91174739328875        1.91519668875042       -0.51486159593468
H            2.04098445486133       -1.50120464631304       -1.69226866426347
H            4.35027959414243       -0.82588335234626       -1.34381466747862
H            5.39612023688440        2.24743361112904        0.35950141137129
H            5.93870572956176        0.86546748872779       -0.60817778769981
H            5.68550932655825        0.68921132066534        1.12817742155881
H            3.07606422979386        2.28151804493499        1.28643482391592
H            0.73257603892854        1.60065742447575        0.93845975140568
31
 energy: -42.686276167785 gnorm: 0.000096976533 xtb: 6.7.1 (edcfbbe)
C           -0.55328454181234       -1.38355309338660       -1.62966427535601
C           -0.20318807207104       -0.36792863310472       -0.57343458417423
N           -1.05894854430322        0.20847355460895        0.16403866638524
C           -2.40988741612561       -0.02603422525451        0.23212719427066
C           -2.91679705250526       -1.21700152926541        0.76131474461947
C           -4.27669564109336       -1.37564237359406        0.94370184942579
C           -5.15554798848197       -0.36381732402311        0.59308423431855
C           -4.66009092167220        0.81974968681436        0.06759936763471
C           -3.30196704361900        0.99677179983913       -0.10278966172242
C            1.20673663943705        0.00821694907078       -0.39918409839377
C            2.24592012080934       -0.66501769681791       -1.04110900931975
C            3.55983854448523       -0.28429012183722       -0.84251006130077
C            3.88314670848272        0.77681896278091       -0.00550643402992
C            5.30936043166248        1.17231650281334        0.22372462766924
C            2.84632660989443        1.44967009583715        0.63533175001320
C            1.53406707616005        1.07292595010213        0.44495281719233
H           -0.12623629874002       -1.09342364964816       -2.58811249426924
H           -1.63435480611214       -1.46200819994021       -1.73066458190842
H           -0.15722708056378       -2.36073435982193       -1.35538522142393
H           -2.22787137467072       -2.00239879544235        1.04024119577027
H           -4.65431069170538       -2.30098836357930        1.35645568476112
H           -6.21887000711993       -0.49490742539219        0.73102688535885
H           -5.33987488678568        1.61414691717763       -0.20744165206509
H           -2.91063443106990        1.91743531408049       -0.51098699561299
H            2.04115194933342       -1.49839738963410       -1.69567157952744
H            4.35010164903359       -0.82196196437159       -1.34821185506247
H            5.39588603956952        2.24846173365244        0.35886191913588
H            5.93842504156645        0.86684204745264       -0.60934516068862
H            5.68588991555326        0.69014220045612        1.12709212701049
H            3.07611970523542        2.27888354839005        1.28989408592973
H            0.73281636732804        1.59724988203906        0.94253820155996
31
 energy: -42.686276761787 gnorm: 0.000095198415 xtb: 6.7.1 (edcfbbe)
C           -0.55270919890455       -1.38607164613013       -1.62737902901230
C           -0.20307123158007       -0.36858003592587       -0.57275532945870
N           -1.05917315034761        0.20902771009350        0.16344877463921
C           -2.41008879853879       -0.02542132062054        0.23159180063566
C           -2.91744897880117       -1.21720508015457        0.75855565073330
C           -4.27741559135165       -1.37572092933337        0.94064937180785
C           -5.15592673864261       -0.36292097107161        0.59201768758697
C           -4.66003762351097        0.82153701243531        0.06887582187855
C           -3.30186879702829        0.99837494043673       -0.10123618687419
C            1.20679404007784        0.00770800879232       -0.39848215502869
C            2.24586918660221       -0.66389130384803       -1.04234926529821
C            3.55972959248393       -0.28268486754066       -0.84435250068678
C            3.88319423529324        0.77717757245364       -0.00582740402685
C            5.30938862642092        1.17319286117465        0.22263792763006
C            2.84654338520938        1.44820873665416        0.63719806052711
C            1.53431650070594        1.07106774812179        0.44729876941898
H           -0.12510209378471       -1.09784086061437       -2.58614853834639
H           -1.63372533472531       -1.46460348666824       -1.72889731182636
H           -0.15690451291521       -2.36280333752610       -1.35097509441794
H           -2.22887449790558       -2.00336053036747        1.03618530172340
H           -4.65531225554969       -2.30153704640585        1.35204461278408
H           -6.21928609268041       -0.49374147588692        0.73008293996032
H           -5.33954355963670        1.61671806883870       -0.20459319478630
H           -2.91024077353604        1.91955966715415       -0.50793775052439
H            2.04108115209364       -1.49621437351371       -1.69823876415663
H            4.34982850917204       -0.81897970534018       -1.35177682908875
H            5.39558965590682        2.24938016814648        0.35770363944700
H            5.93806757760154        0.86796890033570       -0.61081376186137
H            5.68664170703529        0.69120083002028        1.12580188922762
H            3.07643671468907        2.27627813772539        1.29317976116026
H            0.73324834624696        1.59417660856662        0.94645879243388
31
 energy: -42.686277215219 gnorm: 0.000080111409 xtb: 6.7.1 (edcfbbe)
C           -0.55244633435802       -1.38793646288494       -1.62535081875013
C           -0.20299848222344       -0.36911547600344       -0.57193152398222
N           -1.05935946765445        0.20989725407319        0.16292857768385
C           -2.41023723392705       -0.02451861369929        0.23108219136231
C           -2.91772646396320       -1.21696743949979        0.75645608762124
C           -4.27770469484510       -1.37565015597128        0.93831949643205
C           -5.15615503203122       -0.36236017669485        0.59097254373919
C           -4.66015264190130        0.82283079478536        0.06960954136016
C           -3.30196206319357        0.99987160031649       -0.10011812656955
C            1.20685383149998        0.00717822639319       -0.39772738319620
C            2.24577330303539       -0.66314577394609       -1.04319686572066
C            3.55961080198397       -0.28163011325965       -0.84570168319142
C            3.88327506783356        0.77720820802152       -0.00596566652072
C            5.30942459992773        1.17403044681638        0.22137624074976
C            2.84684550953404        1.44663096257924        0.63908680039562
C            1.53462871951520        1.06927292413184        0.44956324207265
H           -0.12435954608244       -1.10122449244067       -2.58436042668895
H           -1.63343561893944       -1.46628980066793       -1.72731733309917
H           -0.15702797353740       -2.36437445658973       -1.34734103157010
H           -2.22921779224350       -2.00353491346696        1.03310597826493
H           -4.65565823782132       -2.30217787221405        1.34810038584569
H           -6.21954736699247       -0.49348437800490        0.72841999547216
H           -5.33960548183150        1.61847777200924       -0.20263027652380
H           -2.91027657604791        1.92172611808878       -0.50525469911033
H            2.04089565393506       -1.49466513968993       -1.70006328788165
H            4.34952843997552       -0.81679463201369       -1.35459696746917
H            5.39510065561401        2.25031058310158        0.35611429762028
H            5.93762736030343        0.86900577195786       -0.61250629519779
H            5.68766024601843        0.69250482374173        1.12436466811348
H            3.07688606072546        2.27372099194882        1.29624855717062
H            0.73376075779100        1.59120341908375        0.95028146776823
31
 energy: -42.686277519319 gnorm: 0.000065353888 xtb: 6.7.1 (edcfbbe)
C           -0.55243811338407       -1.38914431156913       -1.62366736629451
C           -0.20300043971463       -0.36940198252338       -0.57112966894662
N           -1.05947568702041        0.21094896816806        0.16259121086710
C           -2.41032842303842       -0.02345224332596        0.23074226382607
C           -2.91773589544278       -1.21654096884858        0.75481981427630
C           -4.27770029108704       -1.37571190554526        0.93617642635729
C           -5.15625931934012       -0.36220237954788        0.58969929868245
C           -4.66033595441274        0.82373868784660        0.06997519502435
C           -3.30213854059660        1.00124391355306       -0.09924172107005
C            1.20692393404805        0.00648608427437       -0.39676768249731
C            2.24565757039652       -0.66290573215667       -1.04350606100721
C            3.55949631955327       -0.28106292485240       -0.84660397390134
C            3.88336376051336        0.77707821250371       -0.00608644881885
C            5.30944313602001        1.17481717273465        0.22004956518923
C            2.84717817321795        1.44509906395311        0.64081863724234
C            1.53497222596710        1.06748501174699        0.45180377227170
H           -0.12420008465219       -1.10332428516485       -2.58287167721919
H           -1.63342697367442       -1.46735431459033       -1.72581010370394
H           -0.15720542518357       -2.36539798810128       -1.34477563815743
H           -2.22909236848410       -2.00317708370424        1.03093580361392
H           -4.65552417368928       -2.30266056748403        1.34508291713789
H           -6.21966799120842       -0.49371723879652        0.72664854006878
H           -5.33988171111741        1.61959061774993       -0.20143017795715
H           -2.91056449408054        1.92365422244547       -0.50319853418367
H            2.04063520786906       -1.49373265576807       -1.70120536177016
H            4.34923973892227       -0.81539063008837       -1.35663237444596
H            5.39445081422495        2.25122749639548        0.35421857380530
H            5.93715678829211        0.86990783728862       -0.61423792475519
H            5.68877712698498        0.69400430937867        1.12294359811355
H            3.07740216910433        2.27138511420744        1.29892048566807
H            0.73427892111221        1.58851049982259        0.95370629878460
31
 energy: -42.686277558136 gnorm: 0.000099919187 xtb: 6.7.1 (edcfbbe)
C           -0.55242989241011       -1.39035216025332       -1.62198391383889
C           -0.20300239720582       -0.36968848904333       -0.57032781391102
N           -1.05959190638637        0.21200068226292        0.16225384405036
C           -2.41041961214978       -0.02238587295262        0.23040233628983
C           -2.91774532692235       -1.21611449819737        0.75318354093136
C           -4.27769588732898       -1.37577365511924        0.93403335628252
C           -5.15636360664903       -0.36204458240092        0.58842605362571
C           -4.66051926692418        0.82464658090784        0.07034084868853
C           -3.30231501799962        1.00261622678962       -0.09836531557054
C            1.20699403659611        0.00579394215556       -0.39580798179842
C            2.24554183775765       -0.66266569036724       -1.04381525629376
C            3.55938183712256       -0.28049573644515       -0.84750626461126
C            3.88345245319317        0.77694821698591       -0.00620723111698
C            5.30946167211229        1.17560389865292        0.21872288962871
C            2.84751083690186        1.44356716532698        0.64255047408906
C            1.53531573241899        1.06569709936214        0.45404430247074
H           -0.12404062322193       -1.10542407788902       -2.58138292774942
H           -1.63341832840941       -1.46841882851273       -1.72430287430872
H           -0.15738287682973       -2.36642151961284       -1.34221024474477
H           -2.22896694472469       -2.00281925394153        1.02876562896292
H           -4.65539010955724       -2.30314326275401        1.34206544843008
H           -6.21978861542437       -0.49395009958813        0.72487708466540
H           -5.34015794040332        1.62070346349062       -0.20023007939050
H           -2.91085241211317        1.92558232680217       -0.50114236925701
H            2.04037476180307       -1.49280017184622       -1.70234743565867
H            4.34895103786902       -0.81398662816305       -1.35866778142275
H            5.39380097283590        2.25214440968937        0.35232284999032
H            5.93668621628080        0.87080990261938       -0.61596955431258
H            5.68989400795152        0.69550379501561        1.12152252811362
H            3.07791827748320        2.26904923646606        1.30159241416552
H            0.73479708443341        1.58581758056142        0.95713112980096
