[14:40:37] [resume] validated completed explicit leg; its Context will not be constructed
[14:40:37] [main] OpenMM platforms available: ['Reference', 'CPU', 'CUDA', 'OpenCL'] -> using CPU
[14:40:37] [morse] using cached GFN2-xTB scan fits
[14:40:37] [stage0] assets OK — R anchor [1.4312986760281725, 67.18259201137727], P anchor [2.4285313113073097, -155.37078049412602], charge total -0.000 e
[14:40:39] [ff] XML export validated against interchange system: dE = 2.69e-06 kJ/mol
[14:43:20] [eq-impl] energy minimization ...
[14:43:20] [eq-impl] E_min = -736.3228075018651 kJ/mol
[14:43:43] [eq-impl] equilibrated: T = 365.4 K (555 steps/s)
[14:43:53] [implicit] step    5000/500000 (  10.0 ps) T= 204.8 K PE=   -164.5 kcal d(N-C)= 1.41 A th=   60.8 deg hills=   5 W= 0.44 V=  1.16 kcal [   501 st/s ETA  16.5 min]
[14:44:03] [implicit] step   10000/500000 (  20.0 ps) T= 235.6 K PE=   -163.3 kcal d(N-C)= 1.46 A th=   76.2 deg hills=  10 W= 0.43 V=  1.27 kcal [   495 st/s ETA  16.5 min]
[14:44:14] [implicit] step   15000/500000 (  30.0 ps) T= 258.6 K PE=   -159.8 kcal d(N-C)= 1.44 A th=   74.8 deg hills=  15 W= 0.34 V=  2.40 kcal [   473 st/s ETA  17.1 min]
[14:44:27] [implicit] step   20000/500000 (  40.0 ps) T= 504.4 K PE=   -160.3 kcal d(N-C)= 1.44 A th=   72.1 deg hills=  20 W= 0.30 V=  2.99 kcal [   456 st/s ETA  17.5 min]
[14:44:39] [implicit] step   25000/500000 (  50.0 ps) T= 348.8 K PE=   -155.0 kcal d(N-C)= 1.51 A th=   79.4 deg hills=  25 W= 0.40 V=  1.55 kcal [   447 st/s ETA  17.7 min]
[14:44:52] [implicit] step   30000/500000 (  60.0 ps) T= 410.8 K PE=   -158.9 kcal d(N-C)= 1.38 A th=   63.7 deg hills=  30 W= 0.37 V=  2.02 kcal [   436 st/s ETA  18.0 min]
[14:45:04] [implicit] step   35000/500000 (  70.0 ps) T= 238.0 K PE=   -160.3 kcal d(N-C)= 1.37 A th=   73.0 deg hills=  35 W= 0.34 V=  2.39 kcal [   428 st/s ETA  18.1 min]
[14:45:17] [implicit] step   40000/500000 (  80.0 ps) T= 298.2 K PE=   -161.0 kcal d(N-C)= 1.52 A th=   64.4 deg hills=  40 W= 0.32 V=  2.70 kcal [   424 st/s ETA  18.1 min]
[14:45:29] [implicit] step   45000/500000 (  90.0 ps) T= 291.2 K PE=   -160.6 kcal d(N-C)= 1.49 A th=   71.5 deg hills=  45 W= 0.23 V=  4.34 kcal [   422 st/s ETA  18.0 min]
[14:45:42] [implicit] step   50000/500000 ( 100.0 ps) T= 304.5 K PE=   -161.4 kcal d(N-C)= 1.51 A th=   57.8 deg hills=  50 W= 0.28 V=  3.35 kcal [   420 st/s ETA  17.9 min]
[14:45:55] [implicit] step   55000/500000 ( 110.0 ps) T= 302.9 K PE=   -155.5 kcal d(N-C)= 1.51 A th=   56.9 deg hills=  55 W= 0.27 V=  3.64 kcal [   417 st/s ETA  17.8 min]
[14:46:08] [implicit] step   60000/500000 ( 120.0 ps) T= 199.3 K PE=   -155.7 kcal d(N-C)= 1.44 A th=   48.9 deg hills=  60 W= 0.28 V=  3.48 kcal [   414 st/s ETA  17.7 min]
[14:46:21] [implicit] step   65000/500000 ( 130.0 ps) T= 225.8 K PE=   -160.5 kcal d(N-C)= 1.41 A th=   74.9 deg hills=  65 W= 0.23 V=  4.36 kcal [   412 st/s ETA  17.6 min]
[14:46:33] [implicit] step   70000/500000 ( 140.0 ps) T= 264.2 K PE=   -156.2 kcal d(N-C)= 1.39 A th=   68.1 deg hills=  70 W= 0.23 V=  4.41 kcal [   411 st/s ETA  17.5 min]
[14:46:46] [implicit] step   75000/500000 ( 150.0 ps) T= 339.4 K PE=   -160.0 kcal d(N-C)= 1.44 A th=   59.4 deg hills=  75 W= 0.19 V=  5.46 kcal [   410 st/s ETA  17.3 min]
[14:46:58] [implicit] step   80000/500000 ( 160.0 ps) T= 291.3 K PE=   -158.1 kcal d(N-C)= 1.40 A th=   64.1 deg hills=  80 W= 0.19 V=  5.34 kcal [   409 st/s ETA  17.1 min]
[14:47:10] [implicit] step   85000/500000 ( 170.0 ps) T= 314.0 K PE=   -156.2 kcal d(N-C)= 1.44 A th=   67.1 deg hills=  85 W= 0.15 V=  6.65 kcal [   411 st/s ETA  16.8 min]
[14:47:21] [implicit] step   90000/500000 ( 180.0 ps) T= 229.2 K PE=   -163.3 kcal d(N-C)= 1.43 A th=   88.7 deg hills=  90 W= 0.38 V=  1.91 kcal [   412 st/s ETA  16.6 min]
[14:47:33] [implicit] step   95000/500000 ( 190.0 ps) T= 265.0 K PE=   -157.6 kcal d(N-C)= 1.39 A th=   61.5 deg hills=  95 W= 0.21 V=  4.91 kcal [   412 st/s ETA  16.4 min]
[14:47:45] [implicit] step  100000/500000 ( 200.0 ps) T= 283.3 K PE=   -156.9 kcal d(N-C)= 1.49 A th=   86.3 deg hills= 100 W= 0.33 V=  2.59 kcal [   413 st/s ETA  16.2 min]
[14:47:57] [implicit] step  105000/500000 ( 210.0 ps) T= 304.7 K PE=   -160.5 kcal d(N-C)= 1.39 A th=   47.1 deg hills= 105 W= 0.31 V=  2.81 kcal [   412 st/s ETA  16.0 min]
[14:48:10] [implicit] step  110000/500000 ( 220.0 ps) T= 348.1 K PE=   -154.3 kcal d(N-C)= 1.40 A th=   44.6 deg hills= 110 W= 0.32 V=  2.69 kcal [   412 st/s ETA  15.8 min]
[14:48:23] [implicit] step  115000/500000 ( 230.0 ps) T= 178.3 K PE=   -159.2 kcal d(N-C)= 1.56 A th=   49.2 deg hills= 115 W= 0.37 V=  1.98 kcal [   411 st/s ETA  15.6 min]
[14:48:35] [implicit] step  120000/500000 ( 240.0 ps) T= 256.0 K PE=   -154.7 kcal d(N-C)= 1.48 A th=   87.1 deg hills= 120 W= 0.28 V=  3.43 kcal [   410 st/s ETA  15.4 min]
[14:48:47] [implicit] step  125000/500000 ( 250.0 ps) T= 337.4 K PE=   -152.0 kcal d(N-C)= 1.52 A th=   79.5 deg hills= 125 W= 0.24 V=  4.25 kcal [   410 st/s ETA  15.2 min]
[14:48:59] [implicit] step  130000/500000 ( 260.0 ps) T= 258.5 K PE=   -155.3 kcal d(N-C)= 1.44 A th=   65.0 deg hills= 130 W= 0.12 V=  7.81 kcal [   411 st/s ETA  15.0 min]
[14:49:11] [implicit] step  135000/500000 ( 270.0 ps) T= 225.2 K PE=   -152.6 kcal d(N-C)= 1.48 A th=   41.8 deg hills= 135 W= 0.29 V=  3.24 kcal [   411 st/s ETA  14.8 min]
[14:49:23] [implicit] step  140000/500000 ( 280.0 ps) T= 461.3 K PE=   -159.5 kcal d(N-C)= 1.41 A th=   53.5 deg hills= 140 W= 0.19 V=  5.42 kcal [   411 st/s ETA  14.6 min]
[14:49:35] [implicit] step  145000/500000 ( 290.0 ps) T= 291.5 K PE=   -155.2 kcal d(N-C)= 1.39 A th=   84.4 deg hills= 145 W= 0.25 V=  3.98 kcal [   411 st/s ETA  14.4 min]
[14:49:48] [implicit] step  150000/500000 ( 300.0 ps) T= 311.8 K PE=   -154.2 kcal d(N-C)= 1.49 A th=   78.7 deg hills= 150 W= 0.16 V=  6.14 kcal [   411 st/s ETA  14.2 min]
[14:50:00] [implicit] step  155000/500000 ( 310.0 ps) T= 389.4 K PE=   -155.4 kcal d(N-C)= 1.41 A th=   56.6 deg hills= 155 W= 0.16 V=  6.17 kcal [   411 st/s ETA  14.0 min]
[14:50:13] [implicit] step  160000/500000 ( 320.0 ps) T= 297.2 K PE=   -154.3 kcal d(N-C)= 1.50 A th=   88.2 deg hills= 160 W= 0.30 V=  3.00 kcal [   410 st/s ETA  13.8 min]
[14:50:25] [implicit] step  165000/500000 ( 330.0 ps) T= 309.5 K PE=   -154.5 kcal d(N-C)= 1.37 A th=   53.5 deg hills= 165 W= 0.27 V=  3.63 kcal [   410 st/s ETA  13.6 min]
[14:50:38] [implicit] step  170000/500000 ( 340.0 ps) T= 268.8 K PE=   -155.8 kcal d(N-C)= 1.48 A th=   88.4 deg hills= 170 W= 0.25 V=  3.99 kcal [   409 st/s ETA  13.5 min]
[14:50:52] [implicit] step  175000/500000 ( 350.0 ps) T= 360.3 K PE=   -152.1 kcal d(N-C)= 1.55 A th=   78.9 deg hills= 175 W= 0.27 V=  3.52 kcal [   408 st/s ETA  13.3 min]
[14:51:05] [implicit] step  180000/500000 ( 360.0 ps) T= 261.2 K PE=   -154.5 kcal d(N-C)= 1.60 A th=   69.9 deg hills= 180 W= 0.32 V=  2.69 kcal [   407 st/s ETA  13.1 min]
[14:51:18] [implicit] step  185000/500000 ( 370.0 ps) T= 225.0 K PE=   -154.4 kcal d(N-C)= 1.37 A th=   52.3 deg hills= 185 W= 0.22 V=  4.54 kcal [   407 st/s ETA  12.9 min]
[14:51:30] [implicit] step  190000/500000 ( 380.0 ps) T= 393.1 K PE=   -156.4 kcal d(N-C)= 1.39 A th=   81.3 deg hills= 190 W= 0.20 V=  5.18 kcal [   407 st/s ETA  12.7 min]
[14:51:42] [implicit] step  195000/500000 ( 390.0 ps) T= 248.2 K PE=   -152.7 kcal d(N-C)= 1.37 A th=   57.3 deg hills= 195 W= 0.21 V=  4.90 kcal [   407 st/s ETA  12.5 min]
[14:51:54] [implicit] step  200000/500000 ( 400.0 ps) T= 300.8 K PE=   -155.2 kcal d(N-C)= 1.35 A th=   79.8 deg hills= 200 W= 0.27 V=  3.64 kcal [   407 st/s ETA  12.3 min]
[14:52:06] [implicit] step  205000/500000 ( 410.0 ps) T= 296.8 K PE=   -150.9 kcal d(N-C)= 1.52 A th=   92.0 deg hills= 205 W= 0.38 V=  1.82 kcal [   407 st/s ETA  12.1 min]
[14:52:16] [implicit] step  210000/500000 ( 420.0 ps) T= 293.9 K PE=   -156.0 kcal d(N-C)= 1.51 A th=   66.5 deg hills= 210 W= 0.12 V=  7.66 kcal [   409 st/s ETA  11.8 min]
[14:52:27] [implicit] step  215000/500000 ( 430.0 ps) T= 207.4 K PE=   -156.1 kcal d(N-C)= 1.46 A th=   56.6 deg hills= 215 W= 0.11 V=  8.40 kcal [   410 st/s ETA  11.6 min]
[14:52:39] [implicit] step  220000/500000 ( 440.0 ps) T= 322.0 K PE=   -154.4 kcal d(N-C)= 1.39 A th=   82.0 deg hills= 220 W= 0.18 V=  5.73 kcal [   410 st/s ETA  11.4 min]
[14:52:50] [implicit] step  225000/500000 ( 450.0 ps) T= 212.6 K PE=   -155.8 kcal d(N-C)= 1.48 A th=   74.8 deg hills= 225 W= 0.10 V=  8.49 kcal [   411 st/s ETA  11.1 min]
[14:53:02] [implicit] step  230000/500000 ( 460.0 ps) T= 368.4 K PE=   -146.6 kcal d(N-C)= 1.41 A th=   45.6 deg hills= 230 W= 0.18 V=  5.79 kcal [   411 st/s ETA  10.9 min]
[14:53:13] [implicit] step  235000/500000 ( 470.0 ps) T= 388.0 K PE=   -153.3 kcal d(N-C)= 1.33 A th=   56.3 deg hills= 235 W= 0.30 V=  2.97 kcal [   412 st/s ETA  10.7 min]
[14:53:24] [implicit] step  240000/500000 ( 480.0 ps) T= 220.9 K PE=   -152.3 kcal d(N-C)= 1.51 A th=   51.6 deg hills= 240 W= 0.14 V=  7.09 kcal [   413 st/s ETA  10.5 min]
[14:53:35] [implicit] step  245000/500000 ( 490.0 ps) T= 274.4 K PE=   -153.2 kcal d(N-C)= 1.48 A th=   96.9 deg hills= 245 W= 0.37 V=  1.97 kcal [   414 st/s ETA  10.3 min]
[14:53:46] [implicit] step  250000/500000 ( 500.0 ps) T= 285.8 K PE=   -150.6 kcal d(N-C)= 1.59 A th=   87.8 deg hills= 250 W= 0.43 V=  1.24 kcal [   414 st/s ETA  10.1 min]
[14:53:58] [implicit] step  255000/500000 ( 510.0 ps) T= 229.4 K PE=   -153.2 kcal d(N-C)= 1.41 A th=   93.2 deg hills= 255 W= 0.27 V=  3.52 kcal [   415 st/s ETA   9.8 min]
[14:54:09] [implicit] step  260000/500000 ( 520.0 ps) T= 335.0 K PE=   -157.4 kcal d(N-C)= 1.55 A th=   73.9 deg hills= 260 W= 0.16 V=  6.19 kcal [   415 st/s ETA   9.6 min]
[14:54:19] [implicit] step  265000/500000 ( 530.0 ps) T= 325.7 K PE=   -154.9 kcal d(N-C)= 1.48 A th=   42.4 deg hills= 265 W= 0.18 V=  5.63 kcal [   416 st/s ETA   9.4 min]
[14:54:31] [implicit] step  270000/500000 ( 540.0 ps) T= 185.8 K PE=   -154.5 kcal d(N-C)= 1.44 A th=   60.9 deg hills= 270 W= 0.08 V=  9.85 kcal [   417 st/s ETA   9.2 min]
[14:54:42] [implicit] step  275000/500000 ( 550.0 ps) T= 348.2 K PE=   -152.4 kcal d(N-C)= 1.45 A th=   40.2 deg hills= 275 W= 0.21 V=  4.88 kcal [   417 st/s ETA   9.0 min]
[14:54:52] [implicit] step  280000/500000 ( 560.0 ps) T= 269.1 K PE=   -148.7 kcal d(N-C)= 1.52 A th=   43.0 deg hills= 280 W= 0.20 V=  5.11 kcal [   418 st/s ETA   8.8 min]
[14:55:03] [implicit] step  285000/500000 ( 570.0 ps) T= 271.6 K PE=   -151.1 kcal d(N-C)= 1.46 A th=   53.6 deg hills= 285 W= 0.10 V=  8.95 kcal [   419 st/s ETA   8.6 min]
[14:55:14] [implicit] step  290000/500000 ( 580.0 ps) T= 290.1 K PE=   -154.7 kcal d(N-C)= 1.60 A th=   67.3 deg hills= 290 W= 0.24 V=  4.19 kcal [   419 st/s ETA   8.3 min]
[14:55:25] [implicit] step  295000/500000 ( 590.0 ps) T= 383.0 K PE=   -148.8 kcal d(N-C)= 1.48 A th=   68.5 deg hills= 295 W= 0.08 V= 10.08 kcal [   420 st/s ETA   8.1 min]
[14:55:35] [implicit] step  300000/500000 ( 600.0 ps) T= 278.8 K PE=   -153.6 kcal d(N-C)= 1.41 A th=   64.1 deg hills= 300 W= 0.08 V=  9.77 kcal [   421 st/s ETA   7.9 min]
[14:55:46] [implicit] step  305000/500000 ( 610.0 ps) T= 233.9 K PE=   -152.7 kcal d(N-C)= 1.60 A th=   63.9 deg hills= 305 W= 0.26 V=  3.83 kcal [   422 st/s ETA   7.7 min]
[14:55:58] [implicit] step  310000/500000 ( 620.0 ps) T= 246.9 K PE=   -152.5 kcal d(N-C)= 1.41 A th=   66.6 deg hills= 310 W= 0.08 V= 10.07 kcal [   422 st/s ETA   7.5 min]
[14:56:08] [implicit] step  315000/500000 ( 630.0 ps) T= 336.3 K PE=   -146.3 kcal d(N-C)= 1.47 A th=   59.8 deg hills= 315 W= 0.08 V= 10.21 kcal [   422 st/s ETA   7.3 min]
[14:56:19] [implicit] step  320000/500000 ( 640.0 ps) T= 251.5 K PE=   -150.8 kcal d(N-C)= 1.53 A th=   55.4 deg hills= 320 W= 0.12 V=  7.78 kcal [   423 st/s ETA   7.1 min]
[14:56:30] [implicit] step  325000/500000 ( 650.0 ps) T= 259.8 K PE=   -149.9 kcal d(N-C)= 1.41 A th=   84.4 deg hills= 325 W= 0.11 V=  8.17 kcal [   424 st/s ETA   6.9 min]
[14:56:40] [implicit] step  330000/500000 ( 660.0 ps) T= 318.3 K PE=   -153.5 kcal d(N-C)= 1.53 A th=   75.4 deg hills= 330 W= 0.12 V=  7.78 kcal [   424 st/s ETA   6.7 min]
[14:56:51] [implicit] step  335000/500000 ( 670.0 ps) T= 211.7 K PE=   -148.4 kcal d(N-C)= 1.36 A th=   89.3 deg hills= 335 W= 0.23 V=  4.30 kcal [   425 st/s ETA   6.5 min]
[14:57:01] [implicit] step  340000/500000 ( 680.0 ps) T= 214.0 K PE=   -154.0 kcal d(N-C)= 1.48 A th=   92.1 deg hills= 340 W= 0.22 V=  4.62 kcal [   426 st/s ETA   6.3 min]
[14:57:12] [implicit] step  345000/500000 ( 690.0 ps) T= 305.0 K PE=   -155.5 kcal d(N-C)= 1.55 A th=   84.5 deg hills= 345 W= 0.23 V=  4.46 kcal [   426 st/s ETA   6.1 min]
[14:57:23] [implicit] step  350000/500000 ( 700.0 ps) T= 324.5 K PE=   -157.1 kcal d(N-C)= 1.46 A th=   66.0 deg hills= 350 W= 0.06 V= 11.22 kcal [   427 st/s ETA   5.9 min]
[14:57:33] [implicit] step  355000/500000 ( 710.0 ps) T= 211.3 K PE=   -146.1 kcal d(N-C)= 1.53 A th=   59.6 deg hills= 355 W= 0.10 V=  8.85 kcal [   428 st/s ETA   5.7 min]
[14:57:44] [implicit] step  360000/500000 ( 720.0 ps) T= 171.4 K PE=   -153.7 kcal d(N-C)= 1.49 A th=   80.2 deg hills= 360 W= 0.10 V=  8.75 kcal [   428 st/s ETA   5.5 min]
[14:57:54] [implicit] step  365000/500000 ( 730.0 ps) T= 310.7 K PE=   -146.4 kcal d(N-C)= 1.37 A th=   66.7 deg hills= 365 W= 0.12 V=  7.85 kcal [   428 st/s ETA   5.3 min]
[14:58:05] [implicit] step  370000/500000 ( 740.0 ps) T= 243.7 K PE=   -155.2 kcal d(N-C)= 1.48 A th=   76.9 deg hills= 370 W= 0.08 V= 10.13 kcal [   429 st/s ETA   5.1 min]
[14:58:16] [implicit] step  375000/500000 ( 750.0 ps) T= 228.6 K PE=   -156.6 kcal d(N-C)= 1.53 A th=   64.9 deg hills= 375 W= 0.09 V=  9.43 kcal [   429 st/s ETA   4.9 min]
[14:58:27] [implicit] step  380000/500000 ( 760.0 ps) T= 228.9 K PE=   -151.0 kcal d(N-C)= 1.47 A th=   99.7 deg hills= 380 W= 0.35 V=  2.28 kcal [   430 st/s ETA   4.7 min]
[14:58:38] [implicit] step  385000/500000 ( 770.0 ps) T= 273.8 K PE=   -152.6 kcal d(N-C)= 1.37 A th=   72.4 deg hills= 385 W= 0.11 V=  8.10 kcal [   430 st/s ETA   4.5 min]
[14:58:50] [implicit] step  390000/500000 ( 780.0 ps) T= 260.5 K PE=   -153.7 kcal d(N-C)= 1.38 A th=   85.5 deg hills= 390 W= 0.14 V=  6.95 kcal [   430 st/s ETA   4.3 min]
[14:59:02] [implicit] step  395000/500000 ( 790.0 ps) T= 332.6 K PE=   -155.4 kcal d(N-C)= 1.38 A th=   55.0 deg hills= 395 W= 0.11 V=  8.01 kcal [   430 st/s ETA   4.1 min]
[14:59:14] [implicit] step  400000/500000 ( 800.0 ps) T= 329.6 K PE=   -150.5 kcal d(N-C)= 1.56 A th=   65.4 deg hills= 400 W= 0.12 V=  7.92 kcal [   430 st/s ETA   3.9 min]
[14:59:25] [implicit] step  405000/500000 ( 810.0 ps) T= 192.4 K PE=   -143.6 kcal d(N-C)= 1.40 A th=   67.7 deg hills= 405 W= 0.07 V= 10.87 kcal [   430 st/s ETA   3.7 min]
[14:59:37] [implicit] step  410000/500000 ( 820.0 ps) T= 195.2 K PE=   -155.9 kcal d(N-C)= 1.33 A th=   69.1 deg hills= 410 W= 0.19 V=  5.51 kcal [   429 st/s ETA   3.5 min]
[14:59:49] [implicit] step  415000/500000 ( 830.0 ps) T= 280.3 K PE=   -151.3 kcal d(N-C)= 1.58 A th=   55.2 deg hills= 415 W= 0.17 V=  6.09 kcal [   429 st/s ETA   3.3 min]
[17:59:33] [implicit] step  420000/500000 ( 840.0 ps) T= 349.7 K PE=   -153.1 kcal d(N-C)= 1.39 A th=   83.8 deg hills= 420 W= 0.11 V=  8.30 kcal [    36 st/s ETA  37.3 min]
[18:02:50] [implicit] step  425000/500000 ( 850.0 ps) T= 321.6 K PE=   -149.1 kcal d(N-C)= 1.37 A th=   50.9 deg hills= 425 W= 0.15 V=  6.51 kcal [    36 st/s ETA  35.1 min]
[18:02:59] [implicit] step  430000/500000 ( 860.0 ps) T= 264.0 K PE=   -150.1 kcal d(N-C)= 1.56 A th=   68.3 deg hills= 430 W= 0.11 V=  8.42 kcal [    36 st/s ETA  32.4 min]
[18:03:07] [implicit] step  435000/500000 ( 870.0 ps) T= 300.1 K PE=   -147.3 kcal d(N-C)= 1.50 A th=   61.7 deg hills= 435 W= 0.07 V= 10.91 kcal [    36 st/s ETA  29.8 min]
[18:03:16] [implicit] step  440000/500000 ( 880.0 ps) T= 275.0 K PE=   -154.8 kcal d(N-C)= 1.37 A th=   63.5 deg hills= 440 W= 0.09 V=  9.48 kcal [    37 st/s ETA  27.2 min]
[18:03:25] [implicit] step  445000/500000 ( 890.0 ps) T= 302.3 K PE=   -155.0 kcal d(N-C)= 1.36 A th=   67.8 deg hills= 445 W= 0.10 V=  8.76 kcal [    37 st/s ETA  24.7 min]
[18:03:33] [implicit] step  450000/500000 ( 900.0 ps) T= 294.7 K PE=   -152.8 kcal d(N-C)= 1.59 A th=   74.8 deg hills= 450 W= 0.19 V=  5.42 kcal [    38 st/s ETA  22.2 min]
[18:03:42] [implicit] step  455000/500000 ( 910.0 ps) T= 278.7 K PE=   -147.6 kcal d(N-C)= 1.55 A th=   79.8 deg hills= 455 W= 0.15 V=  6.68 kcal [    38 st/s ETA  19.8 min]
[18:03:50] [implicit] step  460000/500000 ( 920.0 ps) T= 368.5 K PE=   -149.2 kcal d(N-C)= 1.54 A th=   52.5 deg hills= 460 W= 0.10 V=  8.49 kcal [    38 st/s ETA  17.4 min]
[18:03:59] [implicit] step  465000/500000 ( 930.0 ps) T= 257.4 K PE=   -152.5 kcal d(N-C)= 1.45 A th=   62.8 deg hills= 465 W= 0.05 V= 12.18 kcal [    39 st/s ETA  15.1 min]
[18:04:09] [implicit] step  470000/500000 ( 940.0 ps) T= 390.9 K PE=   -154.3 kcal d(N-C)= 1.49 A th=   36.2 deg hills= 470 W= 0.21 V=  4.94 kcal [    39 st/s ETA  12.8 min]
[18:04:18] [implicit] step  475000/500000 ( 950.0 ps) T= 374.8 K PE=   -151.0 kcal d(N-C)= 1.61 A th=   48.6 deg hills= 475 W= 0.26 V=  3.75 kcal [    39 st/s ETA  10.6 min]
[18:04:27] [implicit] step  480000/500000 ( 960.0 ps) T= 422.5 K PE=   -151.0 kcal d(N-C)= 1.39 A th=   53.3 deg hills= 480 W= 0.09 V=  9.38 kcal [    40 st/s ETA   8.4 min]
[18:04:36] [implicit] step  485000/500000 ( 970.0 ps) T= 367.3 K PE=   -150.9 kcal d(N-C)= 1.59 A th=   67.7 deg hills= 485 W= 0.15 V=  6.58 kcal [    40 st/s ETA   6.2 min]
[18:04:45] [implicit] step  490000/500000 ( 980.0 ps) T= 386.5 K PE=   -156.7 kcal d(N-C)= 1.51 A th=   62.1 deg hills= 490 W= 0.06 V= 11.32 kcal [    41 st/s ETA   4.1 min]
[18:04:55] [implicit] step  495000/500000 ( 990.0 ps) T= 257.7 K PE=   -147.6 kcal d(N-C)= 1.53 A th=   85.3 deg hills= 495 W= 0.15 V=  6.51 kcal [    41 st/s ETA   2.0 min]
[18:05:04] [implicit] step  500000/500000 (1000.0 ps) T= 299.5 K PE=   -149.7 kcal d(N-C)= 1.43 A th=   58.8 deg hills= 500 W= 0.05 V= 11.92 kcal [    41 st/s ETA   0.0 min]
[18:05:04] [implicit] production complete: 500 hills, 500000 steps
[18:05:05] [fes] dG(expl)=None kcal, dG(impl)=None kcal, ddG_solv=None kcal
[18:05:06] [fig] fig1 written (first-shell waters: 12, H-bonds drawn: 1)
[18:05:07] [fig] fig2 written
[18:05:08] [fig] fig3 written
[18:05:08] [main] PHASE 6 COMPLETE in 204.5 min
