[13:58:39] [main] OpenMM platforms available: ['Reference', 'CPU', 'CUDA', 'OpenCL'] -> using CPU
[13:58:44] [morse] break_nc fit on reactant: De=119.7 kcal/mol, Re=1.448 A, a=1.78 1/A
[13:58:47] [morse] break_cc fit on reactant: De=87.8 kcal/mol, Re=1.483 A, a=1.64 1/A
[13:58:51] [morse] form_nc fit on product: De=65.5 kcal/mol, Re=1.440 A, a=3.57 1/A
[13:58:52] [morse] Hessian stretch k (kcal/mol/A^2): 4,5:11, 6,9:35, 4,9:5
[13:58:52] [stage0] assets OK — R anchor [1.4312986760281725, 67.18259201137727], P anchor [2.4285313113073097, -155.37078049412602], charge total -0.000 e
[13:58:53] [ff] XML export validated against interchange system: dE = 2.69e-06 kJ/mol
[13:58:55] [sys] solvated: 1497 atoms, 492 waters, 1 Na+, 1 Cl-
[14:02:19] [stage2] explicit system built in 206.2 s (1497 atoms, dof 3003)
[14:02:19] [eq-expl] energy minimization ...
[14:03:15] [eq-expl] E_min = -25870.392989059575 kJ/mol
[14:06:08] [eq-expl] equilibrated: T = 294.9 K (158 steps/s)
[14:06:31] [explicit] step    2500/200000 (   5.0 ps) T= 320.3 K PE=  -4925.2 kcal d(N-C)= 1.46 A th=   74.8 deg hills=   5 W= 0.43 V=  1.29 kcal [   112 st/s ETA  29.3 min]
[14:06:53] [explicit] step    5000/200000 (  10.0 ps) T= 292.6 K PE=  -4993.0 kcal d(N-C)= 1.38 A th=   67.5 deg hills=  10 W= 0.43 V=  1.19 kcal [   111 st/s ETA  29.2 min]
[14:07:15] [explicit] step    7500/200000 (  15.0 ps) T= 308.8 K PE=  -5025.7 kcal d(N-C)= 1.46 A th=   64.9 deg hills=  15 W= 0.33 V=  2.56 kcal [   112 st/s ETA  28.6 min]
[14:07:38] [explicit] step   10000/200000 (  20.0 ps) T= 299.0 K PE=  -4965.0 kcal d(N-C)= 1.49 A th=   56.3 deg hills=  20 W= 0.40 V=  1.62 kcal [   112 st/s ETA  28.2 min]
[14:08:00] [explicit] step   12500/200000 (  25.0 ps) T= 294.0 K PE=  -5046.5 kcal d(N-C)= 1.53 A th=   47.2 deg hills=  25 W= 0.49 V=  0.59 kcal [   112 st/s ETA  27.9 min]
[14:08:23] [explicit] step   15000/200000 (  30.0 ps) T= 292.1 K PE=  -5023.6 kcal d(N-C)= 1.51 A th=   70.1 deg hills=  30 W= 0.32 V=  2.69 kcal [   112 st/s ETA  27.6 min]
[14:08:45] [explicit] step   17500/200000 (  35.0 ps) T= 280.7 K PE=  -4985.8 kcal d(N-C)= 1.45 A th=   57.3 deg hills=  35 W= 0.27 V=  3.56 kcal [   112 st/s ETA  27.3 min]
[14:09:08] [explicit] step   20000/200000 (  40.0 ps) T= 289.4 K PE=  -4989.3 kcal d(N-C)= 1.50 A th=   77.0 deg hills=  40 W= 0.34 V=  2.40 kcal [   111 st/s ETA  26.9 min]
[14:09:31] [explicit] step   22500/200000 (  45.0 ps) T= 294.9 K PE=  -5034.5 kcal d(N-C)= 1.49 A th=   59.1 deg hills=  45 W= 0.25 V=  3.94 kcal [   111 st/s ETA  26.6 min]
[14:09:53] [explicit] step   25000/200000 (  50.0 ps) T= 307.3 K PE=  -4984.4 kcal d(N-C)= 1.43 A th=   71.6 deg hills=  50 W= 0.22 V=  4.62 kcal [   111 st/s ETA  26.2 min]
[14:10:15] [explicit] step   27500/200000 (  55.0 ps) T= 303.4 K PE=  -4987.0 kcal d(N-C)= 1.42 A th=   62.7 deg hills=  55 W= 0.23 V=  4.37 kcal [   112 st/s ETA  25.7 min]
[14:10:37] [explicit] step   30000/200000 (  60.0 ps) T= 294.3 K PE=  -5023.6 kcal d(N-C)= 1.42 A th=   84.4 deg hills=  60 W= 0.33 V=  2.58 kcal [   112 st/s ETA  25.3 min]
[14:10:59] [explicit] step   32500/200000 (  65.0 ps) T= 291.3 K PE=  -5006.8 kcal d(N-C)= 1.49 A th=   63.9 deg hills=  65 W= 0.18 V=  5.63 kcal [   112 st/s ETA  24.9 min]
[14:11:20] [explicit] step   35000/200000 (  70.0 ps) T= 291.3 K PE=  -4957.5 kcal d(N-C)= 1.53 A th=   56.7 deg hills=  70 W= 0.28 V=  3.30 kcal [   112 st/s ETA  24.5 min]
[14:11:42] [explicit] step   37500/200000 (  75.0 ps) T= 294.3 K PE=  -4991.8 kcal d(N-C)= 1.43 A th=   42.6 deg hills=  75 W= 0.39 V=  1.76 kcal [   112 st/s ETA  24.1 min]
[14:12:04] [explicit] step   40000/200000 (  80.0 ps) T= 306.0 K PE=  -5027.9 kcal d(N-C)= 1.40 A th=   63.1 deg hills=  80 W= 0.23 V=  4.42 kcal [   113 st/s ETA  23.7 min]
[14:12:25] [explicit] step   42500/200000 (  85.0 ps) T= 307.1 K PE=  -5049.7 kcal d(N-C)= 1.38 A th=   82.2 deg hills=  85 W= 0.30 V=  3.11 kcal [   113 st/s ETA  23.3 min]
[14:12:47] [explicit] step   45000/200000 (  90.0 ps) T= 301.6 K PE=  -5032.9 kcal d(N-C)= 1.42 A th=   43.6 deg hills=  90 W= 0.36 V=  2.17 kcal [   113 st/s ETA  22.9 min]
[14:13:10] [explicit] step   47500/200000 (  95.0 ps) T= 303.3 K PE=  -4940.4 kcal d(N-C)= 1.49 A th=   53.0 deg hills=  95 W= 0.21 V=  4.85 kcal [   113 st/s ETA  22.6 min]
[14:13:33] [explicit] step   50000/200000 ( 100.0 ps) T= 299.8 K PE=  -4989.8 kcal d(N-C)= 1.44 A th=   52.3 deg hills= 100 W= 0.20 V=  5.04 kcal [   112 st/s ETA  22.2 min]
[14:13:56] [explicit] step   52500/200000 ( 105.0 ps) T= 307.5 K PE=  -5058.5 kcal d(N-C)= 1.40 A th=   53.9 deg hills= 105 W= 0.23 V=  4.47 kcal [   112 st/s ETA  21.9 min]
[14:14:20] [explicit] step   55000/200000 ( 110.0 ps) T= 295.9 K PE=  -4972.2 kcal d(N-C)= 1.43 A th=   57.6 deg hills= 110 W= 0.15 V=  6.62 kcal [   112 st/s ETA  21.6 min]
[14:14:43] [explicit] step   57500/200000 ( 115.0 ps) T= 298.8 K PE=  -5016.0 kcal d(N-C)= 1.50 A th=   81.7 deg hills= 115 W= 0.26 V=  3.78 kcal [   112 st/s ETA  21.3 min]
[14:15:08] [explicit] step   60000/200000 ( 120.0 ps) T= 300.6 K PE=  -5029.8 kcal d(N-C)= 1.47 A th=   82.0 deg hills= 120 W= 0.21 V=  4.97 kcal [   111 st/s ETA  21.0 min]
[14:15:33] [explicit] step   62500/200000 ( 125.0 ps) T= 292.7 K PE=  -5000.0 kcal d(N-C)= 1.44 A th=   90.3 deg hills= 125 W= 0.35 V=  2.29 kcal [   111 st/s ETA  20.7 min]
[14:15:59] [explicit] step   65000/200000 ( 130.0 ps) T= 286.7 K PE=  -4968.4 kcal d(N-C)= 1.39 A th=   70.0 deg hills= 130 W= 0.17 V=  5.84 kcal [   110 st/s ETA  20.4 min]
[14:16:25] [explicit] step   67500/200000 ( 135.0 ps) T= 301.9 K PE=  -4993.0 kcal d(N-C)= 1.49 A th=   86.7 deg hills= 135 W= 0.29 V=  3.28 kcal [   109 st/s ETA  20.2 min]
[14:16:51] [explicit] step   70000/200000 ( 140.0 ps) T= 288.1 K PE=  -4972.4 kcal d(N-C)= 1.46 A th=   45.7 deg hills= 140 W= 0.23 V=  4.38 kcal [   109 st/s ETA  19.9 min]
[14:17:17] [explicit] step   72500/200000 ( 145.0 ps) T= 301.8 K PE=  -4942.6 kcal d(N-C)= 1.39 A th=   48.1 deg hills= 145 W= 0.28 V=  3.41 kcal [   108 st/s ETA  19.6 min]
[14:17:44] [explicit] step   75000/200000 ( 150.0 ps) T= 299.8 K PE=  -5053.0 kcal d(N-C)= 1.47 A th=   53.1 deg hills= 150 W= 0.14 V=  7.01 kcal [   108 st/s ETA  19.3 min]
[14:18:11] [explicit] step   77500/200000 ( 155.0 ps) T= 308.9 K PE=  -5021.9 kcal d(N-C)= 1.45 A th=   77.9 deg hills= 155 W= 0.14 V=  7.14 kcal [   107 st/s ETA  19.0 min]
[14:18:39] [explicit] step   80000/200000 ( 160.0 ps) T= 300.6 K PE=  -4952.7 kcal d(N-C)= 1.41 A th=   68.0 deg hills= 160 W= 0.12 V=  7.74 kcal [   107 st/s ETA  18.8 min]
[14:19:05] [explicit] step   82500/200000 ( 165.0 ps) T= 296.0 K PE=  -5001.8 kcal d(N-C)= 1.52 A th=   81.8 deg hills= 165 W= 0.28 V=  3.40 kcal [   106 st/s ETA  18.4 min]
[14:19:32] [explicit] step   85000/200000 ( 170.0 ps) T= 309.5 K PE=  -5016.7 kcal d(N-C)= 1.39 A th=   77.5 deg hills= 170 W= 0.16 V=  6.40 kcal [   106 st/s ETA  18.1 min]
[14:19:58] [explicit] step   87500/200000 ( 175.0 ps) T= 292.7 K PE=  -4996.3 kcal d(N-C)= 1.41 A th=   36.5 deg hills= 175 W= 0.42 V=  1.36 kcal [   106 st/s ETA  17.8 min]
[14:20:24] [explicit] step   90000/200000 ( 180.0 ps) T= 302.0 K PE=  -4940.3 kcal d(N-C)= 1.44 A th=   55.8 deg hills= 180 W= 0.11 V=  8.08 kcal [   105 st/s ETA  17.4 min]
[14:20:50] [explicit] step   92500/200000 ( 185.0 ps) T= 301.4 K PE=  -4971.7 kcal d(N-C)= 1.44 A th=   43.2 deg hills= 185 W= 0.21 V=  4.77 kcal [   105 st/s ETA  17.1 min]
[14:21:17] [explicit] step   95000/200000 ( 190.0 ps) T= 316.4 K PE=  -4999.4 kcal d(N-C)= 1.42 A th=   72.8 deg hills= 190 W= 0.11 V=  8.33 kcal [   105 st/s ETA  16.7 min]
[14:21:42] [explicit] step   97500/200000 ( 195.0 ps) T= 309.6 K PE=  -4971.7 kcal d(N-C)= 1.45 A th=   91.9 deg hills= 195 W= 0.26 V=  3.71 kcal [   104 st/s ETA  16.4 min]
[14:22:08] [explicit] step  100000/200000 ( 200.0 ps) T= 288.9 K PE=  -5038.5 kcal d(N-C)= 1.60 A th=   64.4 deg hills= 200 W= 0.31 V=  2.88 kcal [   104 st/s ETA  16.0 min]
[14:22:34] [explicit] step  102500/200000 ( 205.0 ps) T= 296.3 K PE=  -5003.0 kcal d(N-C)= 1.39 A th=   67.8 deg hills= 205 W= 0.12 V=  7.65 kcal [   104 st/s ETA  15.6 min]
[14:22:59] [explicit] step  105000/200000 ( 210.0 ps) T= 296.6 K PE=  -4926.4 kcal d(N-C)= 1.59 A th=   50.8 deg hills= 210 W= 0.33 V=  2.56 kcal [   104 st/s ETA  15.2 min]
[14:23:24] [explicit] step  107500/200000 ( 215.0 ps) T= 297.3 K PE=  -5021.6 kcal d(N-C)= 1.50 A th=   83.3 deg hills= 215 W= 0.21 V=  4.93 kcal [   104 st/s ETA  14.9 min]
[14:23:50] [explicit] step  110000/200000 ( 220.0 ps) T= 305.5 K PE=  -5023.0 kcal d(N-C)= 1.40 A th=   58.2 deg hills= 220 W= 0.12 V=  7.75 kcal [   104 st/s ETA  14.5 min]
[14:24:15] [explicit] step  112500/200000 ( 225.0 ps) T= 300.7 K PE=  -5019.4 kcal d(N-C)= 1.36 A th=   78.5 deg hills= 225 W= 0.20 V=  5.24 kcal [   104 st/s ETA  14.1 min]
[14:24:41] [explicit] step  115000/200000 ( 230.0 ps) T= 301.3 K PE=  -4977.0 kcal d(N-C)= 1.44 A th=   76.2 deg hills= 230 W= 0.10 V=  8.87 kcal [   103 st/s ETA  13.7 min]
[14:25:07] [explicit] step  117500/200000 ( 235.0 ps) T= 298.1 K PE=  -4951.2 kcal d(N-C)= 1.50 A th=   97.2 deg hills= 235 W= 0.41 V=  1.47 kcal [   103 st/s ETA  13.3 min]
[14:25:32] [explicit] step  120000/200000 ( 240.0 ps) T= 285.5 K PE=  -5034.1 kcal d(N-C)= 1.38 A th=   53.6 deg hills= 240 W= 0.17 V=  6.00 kcal [   103 st/s ETA  12.9 min]
[14:25:59] [explicit] step  122500/200000 ( 245.0 ps) T= 297.7 K PE=  -4997.6 kcal d(N-C)= 1.58 A th=   80.6 deg hills= 245 W= 0.35 V=  2.25 kcal [   103 st/s ETA  12.5 min]
[14:26:24] [explicit] step  125000/200000 ( 250.0 ps) T= 299.7 K PE=  -4938.7 kcal d(N-C)= 1.49 A th=   85.8 deg hills= 250 W= 0.18 V=  5.65 kcal [   103 st/s ETA  12.2 min]
[14:26:49] [explicit] step  127500/200000 ( 255.0 ps) T= 295.7 K PE=  -4991.5 kcal d(N-C)= 1.58 A th=   57.0 deg hills= 255 W= 0.22 V=  4.53 kcal [   103 st/s ETA  11.8 min]
[14:27:15] [explicit] step  130000/200000 ( 260.0 ps) T= 298.9 K PE=  -5024.9 kcal d(N-C)= 1.52 A th=   89.6 deg hills= 260 W= 0.30 V=  3.11 kcal [   103 st/s ETA  11.4 min]
[14:27:40] [explicit] step  132500/200000 ( 265.0 ps) T= 303.4 K PE=  -4968.9 kcal d(N-C)= 1.37 A th=   53.5 deg hills= 265 W= 0.17 V=  6.05 kcal [   103 st/s ETA  11.0 min]
[14:28:05] [explicit] step  135000/200000 ( 270.0 ps) T= 292.0 K PE=  -4909.6 kcal d(N-C)= 1.60 A th=   46.0 deg hills= 270 W= 0.38 V=  1.87 kcal [   103 st/s ETA  10.6 min]
[14:28:31] [explicit] step  137500/200000 ( 275.0 ps) T= 296.0 K PE=  -4989.3 kcal d(N-C)= 1.51 A th=   63.2 deg hills= 275 W= 0.10 V=  8.97 kcal [   102 st/s ETA  10.2 min]
[14:28:57] [explicit] step  140000/200000 ( 280.0 ps) T= 300.6 K PE=  -5022.2 kcal d(N-C)= 1.39 A th=   54.4 deg hills= 280 W= 0.12 V=  7.85 kcal [   102 st/s ETA   9.8 min]
[14:29:24] [explicit] step  142500/200000 ( 285.0 ps) T= 297.1 K PE=  -5006.5 kcal d(N-C)= 1.47 A th=   46.5 deg hills= 285 W= 0.13 V=  7.27 kcal [   102 st/s ETA   9.4 min]
[14:29:51] [explicit] step  145000/200000 ( 290.0 ps) T= 316.0 K PE=  -4917.2 kcal d(N-C)= 1.39 A th=   70.3 deg hills= 290 W= 0.09 V=  9.03 kcal [   102 st/s ETA   9.0 min]
[14:30:18] [explicit] step  147500/200000 ( 295.0 ps) T= 289.2 K PE=  -4968.2 kcal d(N-C)= 1.47 A th=   48.7 deg hills= 295 W= 0.11 V=  8.18 kcal [   102 st/s ETA   8.6 min]
[14:30:44] [explicit] step  150000/200000 ( 300.0 ps) T= 293.5 K PE=  -5007.7 kcal d(N-C)= 1.46 A th=   72.4 deg hills= 300 W= 0.08 V= 10.13 kcal [   102 st/s ETA   8.2 min]
[14:31:11] [explicit] step  152500/200000 ( 305.0 ps) T= 291.7 K PE=  -4961.0 kcal d(N-C)= 1.35 A th=   74.9 deg hills= 305 W= 0.17 V=  5.95 kcal [   101 st/s ETA   7.8 min]
[14:31:38] [explicit] step  155000/200000 ( 310.0 ps) T= 305.7 K PE=  -5049.7 kcal d(N-C)= 1.40 A th=   56.8 deg hills= 310 W= 0.10 V=  8.95 kcal [   101 st/s ETA   7.4 min]
[14:32:04] [explicit] step  157500/200000 ( 315.0 ps) T= 312.4 K PE=  -5034.5 kcal d(N-C)= 1.47 A th=   87.8 deg hills= 315 W= 0.15 V=  6.45 kcal [   101 st/s ETA   7.0 min]
[14:32:30] [explicit] step  160000/200000 ( 320.0 ps) T= 296.6 K PE=  -5008.4 kcal d(N-C)= 1.51 A th=   57.1 deg hills= 320 W= 0.10 V=  8.97 kcal [   101 st/s ETA   6.6 min]
[14:32:56] [explicit] step  162500/200000 ( 325.0 ps) T= 297.1 K PE=  -5011.0 kcal d(N-C)= 1.58 A th=   45.1 deg hills= 325 W= 0.30 V=  3.06 kcal [   101 st/s ETA   6.2 min]
[14:33:23] [explicit] step  165000/200000 ( 330.0 ps) T= 296.0 K PE=  -5048.8 kcal d(N-C)= 1.56 A th=   63.4 deg hills= 330 W= 0.14 V=  7.00 kcal [   101 st/s ETA   5.8 min]
[14:33:49] [explicit] step  167500/200000 ( 335.0 ps) T= 290.9 K PE=  -4952.6 kcal d(N-C)= 1.36 A th=   57.1 deg hills= 335 W= 0.17 V=  6.07 kcal [   101 st/s ETA   5.4 min]
[14:34:15] [explicit] step  170000/200000 ( 340.0 ps) T= 308.6 K PE=  -5015.4 kcal d(N-C)= 1.45 A th=   31.9 deg hills= 340 W= 0.37 V=  1.94 kcal [   101 st/s ETA   5.0 min]
[14:34:42] [explicit] step  172500/200000 ( 345.0 ps) T= 311.6 K PE=  -5009.4 kcal d(N-C)= 1.60 A th=   74.4 deg hills= 345 W= 0.26 V=  3.86 kcal [   101 st/s ETA   4.6 min]
[14:35:10] [explicit] step  175000/200000 ( 350.0 ps) T= 294.8 K PE=  -5010.2 kcal d(N-C)= 1.51 A th=   72.6 deg hills= 350 W= 0.08 V=  9.67 kcal [   101 st/s ETA   4.1 min]
[14:35:36] [explicit] step  177500/200000 ( 355.0 ps) T= 301.6 K PE=  -5002.1 kcal d(N-C)= 1.45 A th=   48.2 deg hills= 355 W= 0.10 V=  8.80 kcal [   100 st/s ETA   3.7 min]
[14:36:03] [explicit] step  180000/200000 ( 360.0 ps) T= 301.1 K PE=  -5017.1 kcal d(N-C)= 1.53 A th=   56.7 deg hills= 360 W= 0.11 V=  8.40 kcal [   100 st/s ETA   3.3 min]
[14:36:30] [explicit] step  182500/200000 ( 365.0 ps) T= 311.7 K PE=  -4985.3 kcal d(N-C)= 1.43 A th=   44.1 deg hills= 365 W= 0.13 V=  7.27 kcal [   100 st/s ETA   2.9 min]
[14:36:56] [explicit] step  185000/200000 ( 370.0 ps) T= 300.3 K PE=  -5003.5 kcal d(N-C)= 1.39 A th=   92.5 deg hills= 370 W= 0.23 V=  4.47 kcal [   100 st/s ETA   2.5 min]
[14:37:23] [explicit] step  187500/200000 ( 375.0 ps) T= 323.2 K PE=  -5019.1 kcal d(N-C)= 1.44 A th=   39.7 deg hills= 375 W= 0.18 V=  5.78 kcal [   100 st/s ETA   2.1 min]
[14:37:49] [explicit] step  190000/200000 ( 380.0 ps) T= 297.1 K PE=  -4943.5 kcal d(N-C)= 1.39 A th=   92.2 deg hills= 380 W= 0.21 V=  4.95 kcal [   100 st/s ETA   1.7 min]
[14:38:16] [explicit] step  192500/200000 ( 385.0 ps) T= 297.1 K PE=  -4970.6 kcal d(N-C)= 1.54 A th=   73.7 deg hills= 385 W= 0.11 V=  8.26 kcal [   100 st/s ETA   1.3 min]
[14:38:42] [explicit] step  195000/200000 ( 390.0 ps) T= 308.8 K PE=  -4985.0 kcal d(N-C)= 1.44 A th=   76.5 deg hills= 390 W= 0.07 V= 10.68 kcal [   100 st/s ETA   0.8 min]
[14:39:08] [explicit] step  197500/200000 ( 395.0 ps) T= 302.1 K PE=  -5042.7 kcal d(N-C)= 1.49 A th=   87.2 deg hills= 395 W= 0.14 V=  6.83 kcal [   100 st/s ETA   0.4 min]
[14:39:35] [explicit] step  200000/200000 ( 400.0 ps) T= 296.2 K PE=  -5028.0 kcal d(N-C)= 1.52 A th=   58.7 deg hills= 400 W= 0.08 V=  9.67 kcal [   100 st/s ETA   0.0 min]
[14:39:35] [explicit] production complete: 400 hills, 200000 steps
