Molecule has no symmetry elements
It seems to be the C1 point group
      -----------------------------------------------------------
     |                   =====================                   |
     |                        T H E R M O                        |
     |                   =====================                   |
     |                         S. Ehlert                         |
     |          Mulliken Center for Theoretical Chemistry        |
     |                    University of Bonn                     |
      -----------------------------------------------------------

   * xtb-thermo version 6.7.1 (edcfbbe) compiled by 'VssAdministrator@runnervm171ch' on 2026-06-10

 * started run on 2026/09/10 at 23:26:52.856     
eigval :       -0.02    -0.02    -0.01     0.00     0.01     0.02
eigval :       11.03    27.38    46.97    54.98    98.92   129.97
eigval :      144.64   150.45   167.04   229.89   238.49   298.13
eigval :      357.21   368.79   400.97   430.25   447.56   474.47
eigval :      480.31   502.17   525.65   546.23   570.27   589.88
eigval :      598.80   630.21   659.00   709.30   726.60   760.21
eigval :      765.63   779.15   810.01   816.98   853.87   866.42
eigval :      877.69   879.32   895.76   917.30   920.49   924.73
eigval :      924.84   929.46   950.59   987.42   996.97  1007.50
eigval :     1079.74  1079.85  1108.94  1115.27  1128.34  1170.99
eigval :     1179.40  1179.72  1187.85  1197.83  1222.27  1235.80
eigval :     1247.82  1277.44  1282.51  1316.28  1337.22  1370.40
eigval :     1375.32  1391.05  1417.10  1433.03  1452.01  1459.40
eigval :     1464.80  1468.23  1507.10  1565.21  1570.37  1595.31
eigval :     1597.14  1608.70  1741.48  2999.92  3025.49  3030.84
eigval :     3061.57  3064.05  3066.40  3069.02  3070.41  3072.36
eigval :     3074.14  3076.54  3078.88  3085.27  3086.08  3088.18

c1  symmetry found (for desy threshold:  0.10E+00) used in thermo

          ...................................................
          :                      SETUP                      :
          :.................................................:
          :  # frequencies                          96      :
          :  # imaginary freq.                       0      :
          :  linear?                             false      :
          :  only rotor calc.                    false      :
          :  symmetry                               c1      :
          :  rotational number                       1      :
          :  scaling factor                  1.0000000      :
          :  rotor cutoff                  100.0000000 cm⁻¹ :
          :  imag. cutoff                  -20.0000000 cm⁻¹ :
          :.................................................:

    mode    ω/cm⁻¹     T·S(HO)/kcal·mol⁻¹    T·S(FR)/kcal·mol⁻¹   T·S(vib)
   ------------------------------------------------------------------------
       1     11.03    -2.33022 (  0.01%)    -1.50396 ( 99.99%)    -1.50409
       2     27.38    -1.79206 (  0.56%)    -1.23484 ( 99.44%)    -1.23796
       3     46.97    -1.47315 (  4.64%)    -1.07501 ( 95.36%)    -1.09349
       4     54.98    -1.38039 (  8.37%)    -1.02840 ( 91.63%)    -1.05786
       5     98.92    -1.03619 ( 48.92%)    -0.85439 ( 51.08%)    -0.94333
       6    129.97    -0.87851 ( 74.05%)    -0.77354 ( 25.95%)    -0.85127
       7    144.64    -0.81740 ( 81.40%)    -0.74186 ( 18.60%)    -0.80335
       8    150.45    -0.79504 ( 83.67%)    -0.73020 ( 16.33%)    -0.78445
       9    167.04    -0.73599 ( 88.62%)    -0.69920 ( 11.38%)    -0.73180
      10    229.89    -0.56047 ( 96.54%)    -0.60460 (  3.46%)    -0.56199
      11    238.49    -0.54087 ( 97.00%)    -0.59372 (  3.00%)    -0.54246
      12    298.13    -0.42558 ( 98.75%)    -0.52760 (  1.25%)    -0.42685
   ------------------------------------------------------------------------

   temp. (K)  partition function   enthalpy   heat capacity  entropy
                                   cal/mol     cal/K/mol   cal/K/mol   J/K/mol
 298.15  VIB  0.259E+07             8393.960     52.726     50.053
normal termination of xtb
         ROT  0.491E+07              888.752      2.981     33.599
         INT  0.127E+14             9282.712     55.707     83.652
         TR   0.372E+28             1481.254      4.968     42.374
         TOT                       10763.9659    60.6751   126.0253   527.2897

       T/K    H(0)-H(T)+PV         H(T)/Eh          T*S/Eh         G(T)/Eh
   ------------------------------------------------------------------------
    298.15    0.171535E-01    0.285506E+00    0.598787E-01    0.225627E+00
   ------------------------------------------------------------------------

         :::::::::::::::::::::::::::::::::::::::::::::::::::::
         ::                  THERMODYNAMIC                  ::
         :::::::::::::::::::::::::::::::::::::::::::::::::::::
         :: total free energy           0.225627006777 Eh   ::
         ::.................................................::
         :: total energy                0.000000000000 Eh   ::
         :: zero point energy           0.268352201926 Eh   ::
         :: G(RRHO) w/o ZPVE           -0.042725195149 Eh   ::
         :: G(RRHO) contrib.            0.225627006777 Eh   ::
         :::::::::::::::::::::::::::::::::::::::::::::::::::::

------------------------------------------------------------------------
 * finished run on 2026/09/10 at 23:26:52.892     
------------------------------------------------------------------------
 total:
 * wall-time:     0 d,  0 h,  0 min,  0.037 sec
 *  cpu-time:     0 d,  0 h,  0 min,  0.000 sec
 * ratio c/w:     0.000 speedup

