28
 energy: -39.506167629781 gnorm: 0.064500494221 xtb: 6.7.1 (edcfbbe)
C           -1.14393801750000       -3.05448965800000       -0.15070858900000
C           -0.41381696910000       -1.73204852620000       -0.21121522040000
N            0.78805764810000       -1.73693344130000       -0.70834812850000
C            1.51682223700000       -0.54874179250000       -0.85457055770000
C            2.63085259790000       -0.32150368250000       -0.04281398700000
C            3.38695682750000        0.84392654380000       -0.18426124100000
C            3.04034874160000        1.78420788130000       -1.15344015510000
C            1.94592227470000        1.55432074220000       -1.98605418550000
C            1.19326298350000        0.38684851610000       -1.84191325360000
C           -1.15443371200000       -0.55366135780000        0.30034679810000
C           -2.35062521870000       -0.17676887520000       -0.31724857840000
C           -3.06079186050000        0.92062380640000        0.17020353200000
C           -2.57860926290000        1.63139359570000        1.27080298430000
C           -1.38704779860000        1.24741461080000        1.88857480620000
C           -0.67285314800000        0.15053709780000        1.40647156260000
H           -0.48658087010000       -3.81193805750000        0.28688105430000
H           -2.04979975460000       -2.98905636480000        0.45797778590000
H           -1.41407339140000       -3.36163607810000       -1.16523468740000
H            2.90788917400000       -1.06202950910000        0.70202252540000
H            4.24834554860000        1.01231335080000        0.45606240250000
H            3.62926749790000        2.69052676210000       -1.26731297180000
H            1.68117239160000        2.27847993050000       -2.75148661130000
H            0.35111359500000        0.20259025640000       -2.50213473480000
H           -2.72524966400000       -0.72265153830000       -1.17882703750000
H           -3.98833672820000        1.22500211510000       -0.30823068980000
H           -3.13196494860000        2.48832841850000        1.64769453260000
H           -1.01393816260000        1.80404719940000        2.74456141940000
H            0.25204798920000       -0.14910194560000        1.89145917580000
28
 energy: -39.509908753606 gnorm: 0.020658343114 xtb: 6.7.1 (edcfbbe)
C           -1.13223138002931       -3.04930418271423       -0.15656796915082
C           -0.41094173265100       -1.72974790531013       -0.21599095009266
N            0.77092411966109       -1.71469156668986       -0.68757727918353
C            1.49890010338583       -0.53334741343796       -0.83366696618404
C            2.62521390251980       -0.31739811834020       -0.03994979055390
C            3.38066445368251        0.83300193996944       -0.19397454443570
C            3.03757149357070        1.76928777772495       -1.15740927305534
C            1.94803880876481        1.53881485454727       -1.98301010106564
C            1.18270653704622        0.39483861530038       -1.82561918755362
C           -1.14926661384472       -0.55154988390792        0.29504805899535
C           -2.34543556692997       -0.17308122983300       -0.30888393085844
C           -3.04841787757802        0.91979713252560        0.17286125768683
C           -2.57147143861508        1.62660623576656        1.26650411057800
C           -1.38645441380095        1.24477210624293        1.87664291262468
C           -0.67098301642677        0.16170113136454        1.39005426089434
H           -0.47678365779490       -3.80933597445274        0.26581865212659
H           -2.03455142347295       -2.97517622166222        0.44869953991227
H           -1.40356688511818       -3.36373215858066       -1.16364020534199
H            2.89392639675911       -1.05042592353555        0.70937988485063
H            4.23596216693736        1.00273809974627        0.44638361668887
H            3.62120929543762        2.67405239679596       -1.26806706432874
H            1.68277922112327        2.26035513944680       -2.74423827125481
H            0.33768009224558        0.21300909950571       -2.47697412489816
H           -2.71815809604531       -0.71991731962108       -1.16455314222788
H           -3.97364663572658        1.21910555910912       -0.30169057044894
H           -3.12478064480200        2.47623982375476        1.64457825686077
H           -1.01783849862576        1.79355773109634        2.73307259614170
H            0.24895129012759       -0.14016974481108        1.87202817357416
28
 energy: -39.510471283407 gnorm: 0.007725635473 xtb: 6.7.1 (edcfbbe)
C           -1.12891314309429       -3.05153707688344       -0.16452472329016
C           -0.41040890748314       -1.73434520781625       -0.21686091939881
N            0.76699094324206       -1.69991931042162       -0.67065837977725
C            1.49500742328386       -0.52631800585528       -0.82057074893111
C            2.62427799394609       -0.31245815242423       -0.03158263393719
C            3.37923018891008        0.83166189074712       -0.19436671750147
C            3.03970241968432        1.76394795512543       -1.16077966401305
C            1.94461848257128        1.53530764551133       -1.97626356885913
C            1.17360243302372        0.40131436133462       -1.81034191572030
C           -1.15331398179430       -0.55747838054339        0.29549059667101
C           -2.34893990915460       -0.17439365695765       -0.30331367964637
C           -3.04622643498364        0.92007685505217        0.17378309701790
C           -2.56813551614699        1.62779894959381        1.26348037567191
C           -1.38252603761245        1.24677232544604        1.86749017945295
C           -0.67104441179918        0.16502467900947        1.38112980585661
H           -0.46960223798248       -3.81266142536680        0.24515369118598
H           -2.02777472363209       -2.97832960935889        0.44244984934424
H           -1.40226674867012       -3.36269488439007       -1.17105137671371
H            2.88655180129663       -1.04216466645937        0.72099392716026
H            4.23971361162802        0.99701094899039        0.43769282741456
H            3.62857343321049        2.66159751082496       -1.28063308680677
H            1.68266396779558        2.25026796345873       -2.74293968484723
H            0.31741590410283        0.22317265327108       -2.44642639417267
H           -2.72257614277639       -0.72569752133729       -1.15398706173961
H           -3.96975832787508        1.21788042082127       -0.30074443837164
H           -3.12043531293946        2.47496737155132        1.64265561328837
H           -1.01079873381943        1.79348118895853        2.72154646201983
H            0.25437196686866       -0.13228482188194        1.85243651894284
28
 energy: -39.510694054582 gnorm: 0.005395703629 xtb: 6.7.1 (edcfbbe)
C           -1.12767722536011       -3.05791214793875       -0.17363683792663
C           -0.41398795810324       -1.73954211016133       -0.21554617460736
N            0.76740795338221       -1.68925641747725       -0.65515661223991
C            1.49285697789686       -0.51942823193465       -0.80544373020574
C            2.62732945110379       -0.30767942478337       -0.02259366552135
C            3.38678785808396        0.83094141695416       -0.19699966834498
C            3.04845122534812        1.75971443683393       -1.16771812111662
C            1.94446692402105        1.53442270168506       -1.97241768217517
C            1.16573416298563        0.40825640985362       -1.79399506095510
C           -1.16184065822380       -0.56362432956604        0.29694895468180
C           -2.35916607150359       -0.17950657968420       -0.29752205725817
C           -3.05090639973925        0.91943160165649        0.17604902485119
C           -2.56761949364325        1.63079019879376        1.26136473701783
C           -1.37895195107283        1.25069467556412        1.86021911189912
C           -0.67149552651959        0.16719997062829        1.37378201628349
H           -0.46392937255883       -3.82167028695865        0.22392923756374
H           -2.02352567689186       -2.99131634525172        0.43733344477998
H           -1.40477044355061       -3.35994985565852       -1.18223398850997
H            2.88607713663228       -1.03553806424658        0.73250108607111
H            4.25026650043556        0.99599040453504        0.43106144280914
H            3.64183722745202        2.65254296656095       -1.29609520048007
H            1.68011526614532        2.24769901820371       -2.73988708808311
H            0.29985070597125        0.23231451159277       -2.41745854005845
H           -2.73574698583941       -0.73522907229813       -1.14415255916205
H           -3.97336419660171        1.21822833140962       -0.29927771888566
H           -3.11665169679579        2.48002636108414        1.63946607645905
H           -1.00031878836998        1.80000621296161        2.70930523492993
H            0.25877105511579       -0.12760635235800        1.83743228848394
28
 energy: -39.510952500674 gnorm: 0.005618685984 xtb: 6.7.1 (edcfbbe)
C           -1.12545286685739       -3.06934562686140       -0.19262794381683
C           -0.42242136717597       -1.74651268140378       -0.21085079635232
N            0.76922860478653       -1.67381544513958       -0.62455914213102
C            1.49063223512344       -0.50851367998792       -0.77624006575504
C            2.63634802498715       -0.29969845529481       -0.00673991015673
C            3.40439131568633        0.83030625287729       -0.20169492873073
C            3.06528075663072        1.75303092645057       -1.17910580724229
C            1.94376110473824        1.53518772729180       -1.96309216920546
C            1.15352756785839        0.42041682328682       -1.76248181414458
C           -1.17939328786305       -0.57298593285056        0.29945796091941
C           -2.38242142755732       -0.19177794580333       -0.28592569879329
C           -3.06431205471848        0.91634466949873        0.18203562366106
C           -2.56767161472875        1.63797523367737        1.25578110012878
C           -1.37273628914205        1.26061433705960        1.84585064194776
C           -0.67360462900387        0.17104185218206        1.36137991639164
H           -0.45277061092019       -3.83961019582960        0.17934417102208
H           -2.01528875585514       -3.02157447158226        0.42888803837290
H           -1.41229405058404       -3.34900842054262       -1.20621907576325
H            2.89331335194855       -1.02454385816856        0.75173189626599
H            4.27709035666401        0.99358446484603        0.41518017944862
H            3.67089094970492        2.63481974476955       -1.32798215869494
H            1.67495154751397        2.24594640669880       -2.73213763887443
H            0.27192268598509        0.24884165835710       -2.36539219445980
H           -2.76829192023088       -0.75680383928803       -1.12313844379613
H           -3.98804986137161        1.21548874166343       -0.29115674557847
H           -3.11009661852644        2.49295488062176        1.63089093358264
H           -0.98056154625164        1.81772732562143        2.68430325767185
H            0.26402839895949       -0.12009049214979        1.81375876438257
28
 energy: -39.511100472776 gnorm: 0.006706748244 xtb: 6.7.1 (edcfbbe)
C           -1.12318921653590       -3.07410355734959       -0.20614062623048
C           -0.42788858441533       -1.74745935732845       -0.20674644674900
N            0.77023106682985       -1.66695169825479       -0.60375181159464
C            1.49063716668570       -0.50313261260096       -0.75682779599129
C            2.64534130401117       -0.29689860114825        0.00136163274150
C            3.41919703462452        0.82749462997268       -0.20635234219041
C            3.07693619023396        1.74757352100111       -1.18551669650408
C            1.94347393840437        1.53629073672878       -1.95479632572827
C            1.14755877587527        0.42791183940416       -1.74048361139321
C           -1.19103448069442       -0.57659541954468        0.30042533089493
C           -2.40037213704043       -0.20187906332382       -0.27672675258113
C           -3.07707469865281        0.91149436208605        0.18828016248711
C           -2.56946518049004        1.64302576976033        1.25081559333416
C           -1.36968256420616        1.26959066082504        1.83467576293954
C           -0.67577777694899        0.17523308857694        1.35292299711628
H           -0.44277125526433       -3.84912758868821        0.14349916624523
H           -2.00726059547456       -3.04426461736184        0.42593977109320
H           -1.42050592306585       -3.33451065429813       -1.22271278182620
H            2.90501557935005       -1.02003790444445        0.76076427249490
H            4.29929691592293        0.98862789245359        0.40132374208624
H            3.68975166101686        2.62253623419099       -1.34739592225519
H            1.67044923790870        2.24698739979334       -2.72287135847609
H            0.25756833499462        0.26037070632524       -2.33203361716896
H           -2.79503605857840       -0.77382468733537       -1.10566256401124
H           -4.00475391084541        1.20819268382745       -0.27965458833360
H           -3.10699047915995        2.50320726296084        1.62221311599955
H           -0.96888275517032        1.83393976975142        2.66472986151375
H            0.26522841048493       -0.11369079597926        1.79997978238739
28
 energy: -39.511303327250 gnorm: 0.006040923493 xtb: 6.7.1 (edcfbbe)
C           -1.12013249694246       -3.07524702799792       -0.22294443416097
C           -0.43313870287442       -1.74422644966357       -0.20149556067764
N            0.77216733540644       -1.66289850898979       -0.57935305256891
C            1.49342767982676       -0.49958614589369       -0.73489868803473
C            2.65957978812115       -0.29736054260940        0.00761620617320
C            3.43919008861424        0.82107370284706       -0.21328995476121
C            3.09030559476115        1.74014962305229       -1.19101011679030
C            1.94333889974815        1.53748365338351       -1.94253916706405
C            1.14337780234596        0.43506595124514       -1.71392400984280
C           -1.20352654434366       -0.57769945182955        0.30090026372000
C           -2.42286661369874       -0.21554566050612       -0.26387392488163
C           -3.09595499625680        0.90208904499507        0.19836556088911
C           -2.57434902633337        1.64871450758504        1.24391164418698
C           -1.36796578953905        1.28303790774311        1.81975683928737
C           -0.67886214730385        0.18333688302635        1.34246093230153
H           -0.42826143050734       -3.85613280793525        0.09232097474035
H           -1.99383219360801       -3.07123329561640        0.42640173642636
H           -1.43623984185256       -3.30757718183786       -1.24167552448975
H            2.92655486797756       -1.01898261479830        0.76644138234429
H            4.32933368490813        0.97795916188513        0.38134553891702
H            3.70975899516939        2.60802583169861       -1.36677587741713
H            1.66416738151135        2.24942314276294       -2.70752634946584
H            0.24505461444281        0.27361277142447       -2.29399360378767
H           -2.82963908036610       -0.79646499380401       -1.08091229458739
H           -4.03187519304871        1.19172445081657       -0.25889417930004
H           -3.10670589799089        2.51525885639911        1.60941277021083
H           -0.95830888566305        1.85779441359236        2.63869486592670
H            0.26540210729595       -0.10179522097469        1.78473597300632
28
 energy: -39.511525911666 gnorm: 0.006035605777 xtb: 6.7.1 (edcfbbe)
C           -1.11773206619094       -3.07149419972005       -0.24576955369746
C           -0.43695743836054       -1.73725784300535       -0.19460271638429
N            0.77661937640584       -1.66067365474288       -0.54904103741588
C            1.50005100542255       -0.49747767737377       -0.70781076883769
C            2.68152631058644       -0.30227675051769        0.01233267731436
C            3.46677176585065        0.80944814409088       -0.22398157216879
C            3.10710372946568        1.72981863495981       -1.19628116499053
C            1.94305598558072        1.53817591840345       -1.92419660235533
C            1.13956611711717        0.44222945589600       -1.67887085326525
C           -1.21587576599713       -0.57666940401297        0.30194476740247
C           -2.44967642983709       -0.23471820657415       -0.24478401604748
C           -3.12220304313019        0.88525871918082        0.21385570658684
C           -2.58465411310923        1.65414917650543        1.23512864982269
C           -1.36823364372197        1.30333848131601        1.79924981798403
C           -0.68183504037215        0.19910597586183        1.32841953220405
H           -0.41127999500101       -3.86059206558941        0.01718892995840
H           -1.97364988285972       -3.10095832912040        0.42890677753415
H           -1.46442708425425       -3.26289823040566       -1.26481877380285
H            2.96064276692663       -1.02319187069406        0.76804675012026
H            4.37021066378017        0.95925274139128        0.35241335373579
H            3.73207421371299        2.59055809434889       -1.38718938075750
H            1.65478477127691        2.25233934416960       -2.68366620185718
H            0.23036910832344        0.28920171253665       -2.24434175457955
H           -2.87097126297770       -0.82881726084782       -1.04480647019391
H           -4.07087475441923        1.16086954410803       -0.22712184827187
H           -3.11302543627901        2.52704717544680        1.59205623043934
H           -0.94920741918463        1.89342456988839        2.60265443105704
H            0.26782756104559       -0.07719219549935        1.76434304076620
28
 energy: -39.511713183411 gnorm: 0.005543875438 xtb: 6.7.1 (edcfbbe)
C           -1.11833794947013       -3.06322213650796       -0.26237808965578
C           -0.43665732903464       -1.73002293352827       -0.19094669010170
N            0.78182131622218       -1.66156229280580       -0.53024894809591
C            1.50806259542532       -0.49841951301743       -0.69047259820587
C            2.70111123721277       -0.31094624663221        0.01158249099719
C            3.48833350739325        0.79734260957914       -0.23355874793579
C            3.11852403943485        1.72208739469710       -1.19766800675759
C            1.94271733123929        1.53878692964095       -1.90795549259664
C            1.13841849329558        0.44612157874133       -1.65313490745713
C           -1.21988991826068       -0.57325565978437        0.30239356068230
C           -2.46577952058663       -0.25008327694641       -0.22881484389449
C           -3.14273955556851        0.86803807344582        0.22752730450853
C           -2.59701495316402        1.65504209973126        1.22981723041208
C           -1.37094355990843        1.32062182949118        1.78295248453325
C           -0.68180512156304        0.21653745083015        1.31646609453573
H           -0.40438938475513       -3.85702702584887       -0.04098194449966
H           -1.95764845102667       -3.11457201093822        0.43094245814560
H           -1.49148563361732       -3.22412432621974       -1.27727259465999
H            2.99088834350841       -1.03365200251485        0.76177805808512
H            4.40182605201318        0.94004387936618        0.32816810440692
H            3.74502951204853        2.57943618890025       -1.39686127825017
H            1.64661810535293        2.25582323557007       -2.66140428920039
H            0.22114258252701        0.29988996814777       -2.20757738497463
H           -2.89512254656529       -0.85536034531944       -1.01541318335126
H           -4.10197147493904        1.12873704313221       -0.19996253411964
H           -3.12683116089180        2.52904086562365        1.58125499643700
H           -0.94745051905487        1.92333895954091        2.57421762958200
H            0.27357396253286       -0.04864033637405        1.74680907173098
28
 energy: -39.511950762835 gnorm: 0.005096888367 xtb: 6.7.1 (edcfbbe)
C           -1.12238900892008       -3.04997288686731       -0.27648563733424
C           -0.43305202708213       -1.72182320175046       -0.18927277975598
N            0.78835248686232       -1.66364624992721       -0.51781323918373
C            1.51861271643786       -0.50149498860119       -0.67761968231021
C            2.72324089372308       -0.32545763885450        0.00555881421903
C            3.51044346926517        0.78120674387730       -0.24479181511506
C            3.12931717870874        1.71471340425399       -1.19594001910907
C            1.94265046932951        1.54050122541056       -1.88897409329840
C            1.13837822975305        0.44969178104161       -1.62869598242080
C           -1.21772352629486       -0.56723875982030        0.30271410211702
C           -2.47624526688103       -0.26641339922047       -0.21156303603344
C           -3.16342849424090        0.84566999110582        0.24288326305307
C           -2.61508094130993        1.65163511623229        1.22688787513695
C           -1.37664184943499        1.34000355388144        1.76579808770492
C           -0.67846807489097        0.24111684290091        1.30198161488842
H           -0.40401790982740       -3.84862811448620       -0.10133167424177
H           -1.94036200337621       -3.11837159766425        0.43790639904015
H           -1.52737959486149       -3.17969667077409       -1.28246225100371
H            3.02334378555584       -1.05365430279234        0.74611458697223
H            4.43376464740869        0.91463499949757        0.30176930592735
H            3.75495872559571        2.57107370109074       -1.39895605217008
H            1.63820725921277        2.26217678039838       -2.63416767846317
H            0.21323791979985        0.31022984370230       -2.17177169306679
H           -2.90867200443201       -0.88474011002932       -0.98492455581320
H           -4.13282269283771        1.08692784927519       -0.17166807826802
H           -3.15241309074290        2.52148631682899        1.57548756004751
H           -0.95146801328856        1.95654865031507        2.54456485240867
H            0.28565671656853       -0.00647887902411        1.72402975637251
28
 energy: -39.512194094944 gnorm: 0.006783986273 xtb: 6.7.1 (edcfbbe)
C           -1.12885873644735       -3.03472858606913       -0.29070960027798
C           -0.42855034365590       -1.71350761801310       -0.18786939529416
N            0.79590216953155       -1.66320593182979       -0.50583602879285
C            1.53126569670034       -0.50447418227184       -0.66456838202684
C            2.75029192214612       -0.34495023983090       -0.00386101494580
C            3.53847006552987        0.75971765747291       -0.25908868740107
C            3.14455772043014        1.70618340137477       -1.19247142711036
C            1.94384549389895        1.54507085128288       -1.86452741404341
C            1.13792256673022        0.45677761092383       -1.59978777957555
C           -1.21418674444706       -0.55979266267239        0.30327006520104
C           -2.48756910793503       -0.28717448859760       -0.19075223066400
C           -3.18874206630302        0.81664536060128        0.26124044658607
C           -2.63937368160761        1.64581804606984        1.22478566938081
C           -1.38433311622217        1.36493983535356        1.74360178903462
C           -0.67294685330489        0.27453014483641        1.28132309866487
H           -0.40497911935028       -3.84296276238622       -0.18012537721398
H           -1.91523282796456       -3.12336513751035        0.45781953773153
H           -1.58077492185825       -3.12284556906970       -1.28365962043259
H            3.05978139569709       -1.08285734307367        0.72269633578551
H            4.47375793909535        0.88068137209544        0.26943494141024
H            3.77044701953820        2.56151874305129       -1.39821605449858
H            1.62955797411920        2.27422716453537       -2.59813063996105
H            0.20202783863116        0.32597701650267       -2.12712566369822
H           -2.92113986045265       -0.92374272489568       -0.94835593201352
H           -4.16969097919116        1.03220598096370       -0.13924873457312
H           -3.18871042332712        2.50771500654697        1.57339219207209
H           -0.95691630959985        1.99934311897529        2.50661365699400
H            0.30417728941860        0.05225593563465        1.68941419996254
28
 energy: -39.512372252089 gnorm: 0.006019088214 xtb: 6.7.1 (edcfbbe)
C           -1.13689298081211       -3.01903203261477       -0.29150678603961
C           -0.42220963610957       -1.70652559794348       -0.19212076498372
N            0.80144950414316       -1.66369151606300       -0.51275342341215
C            1.54259078687912       -0.50943747367070       -0.66922051439959
C            2.77000630307605       -0.36711845419182       -0.02207316138783
C            3.55785188500012        0.73881026012360       -0.27164246576655
C            3.15468144153593        1.70279241881476       -1.18356165745999
C            1.94724876237097        1.55405987499680       -1.84496307948818
C            1.14162575560855        0.46393885005031       -1.58829096608348
C           -1.20435707442742       -0.55024932960978        0.30134500800382
C           -2.48739661879494       -0.30075402489117       -0.17789889319793
C           -3.20555298326451        0.79114678514201        0.27537542102765
C           -2.66314776220051        1.63481697416793        1.22867856560941
C           -1.39432768783946        1.38242295476708        1.72821296147161
C           -0.66625475875827        0.30433257061700        1.26287508785725
H           -0.42160321550010       -3.82818992798761       -0.21609112166744
H           -1.89804254317811       -3.11196991746192        0.47681221887954
H           -1.62066317013109       -3.09146485669398       -1.26381190400733
H            3.08355757982523       -1.11984330474043        0.68689706555140
H            4.50030770090152        0.84731270071639        0.24559249177721
H            3.77878370246715        2.56105235576701       -1.38155648692931
H            1.62642237647580        2.29439562996887       -2.56462751712898
H            0.20022487924458        0.34056237487632       -2.10626581788610
H           -2.91514590716885       -0.95169100423330       -0.92595139637528
H           -4.19415052056602        0.98312958897208       -0.11568411032073
H           -3.22819978741496        2.48399139163476        1.58390398004521
H           -0.96893273899164        2.03027919964374        2.48042694030857
H            0.32212670742923        0.10692350984384        1.65715827630284
28
 energy: -39.512498972096 gnorm: 0.006083561430 xtb: 6.7.1 (edcfbbe)
C           -1.13926833906006       -3.01107796311612       -0.29582172975415
C           -0.42112693053945       -1.70099408400423       -0.19141449418920
N            0.80401666876283       -1.65920882807821       -0.50882814635469
C            1.55036809877418       -0.51017442585628       -0.66541337465382
C            2.78918701404813       -0.38379977462945       -0.03445696875364
C            3.58132820192619        0.71944972554934       -0.28391634901884
C            3.17109473185391        1.69655178531934       -1.17893165297111
C            1.95268492098284        1.56311195677593       -1.82536781318438
C            1.14283264937755        0.47560812849762       -1.56950877668655
C           -1.20573663086842       -0.54465022526755        0.30061244380641
C           -2.50012343885514       -0.31764370590008       -0.16243080264022
C           -3.22753304589336        0.76811823418879        0.29008652883249
C           -2.68286539678471        1.62935100568276        1.22821022883330
C           -1.40139597124246        1.40196735547319        1.70853306452909
C           -0.66408820044317        0.33027246953389        1.24261854067175
H           -0.41908823453662       -3.82851760375683       -0.27725245264947
H           -1.86834529916993       -3.12263059417988        0.50781427147719
H           -1.66948544141666       -3.05134500736072       -1.25241758386419
H            3.10575987209567       -1.14745244027339        0.66144669863563
H            4.53255270852451        0.81639092830416        0.22072469438202
H            3.79847902537337        2.55315143211606       -1.37568153407718
H            1.62644669385820        2.31355166358551       -2.53255278336185
H            0.19325362477096        0.36202858268151       -2.07509526969343
H           -2.92859330126602       -0.98197723639201       -0.89897958040684
H           -4.22467385003062        0.94017054777748       -0.08979954834107
H           -3.25591815955517        2.47213512853960        1.58645947035933
H           -0.97316906433214        2.06459779205778        2.44731869322872
H            0.33340709344543        0.15301515273241        1.62330217614509
28
 energy: -39.512603020747 gnorm: 0.003658519661 xtb: 6.7.1 (edcfbbe)
C           -1.13611519863806       -3.01428835145808       -0.28903352746875
C           -0.42381967090006       -1.70051313890498       -0.19280742792545
N            0.80045973680277       -1.65497661335716       -0.51486284804343
C            1.54862406632483       -0.50826001414141       -0.67190091647556
C            2.78886728386296       -0.38739365857419       -0.04171654622727
C            3.58518001133771        0.71418232955573       -0.28658252986338
C            3.17749446211451        1.69613527344068       -1.17630570464401
C            1.95787688791491        1.56972972990783       -1.82242026035246
C            1.14435224298437        0.48338536205972       -1.57130358831440
C           -1.21074226849717       -0.54440237565650        0.29863826651989
C           -2.50608172944883       -0.31941242393468       -0.16170574841405
C           -3.23253249896149        0.76570278609672        0.29273794165572
C           -2.68542622952669        1.62810860081360        1.22920065967615
C           -1.40328945274463        1.40356072230274        1.70419551253049
C           -0.66680158542082        0.33193518162832        1.23653950114107
H           -0.41540469202066       -3.82961373844979       -0.27497814386560
H           -1.85781989056174       -3.12861418660190        0.52005557172216
H           -1.67367198670653       -3.05704882845832       -1.23865780170029
H            3.10250839288897       -1.15553626182646        0.65013758472441
H            4.53704971873043        0.80695251166123        0.21777579068901
H            3.80817431321509        2.55170744662468       -1.36910467522567
H            1.63383336881008        2.32538672798386       -2.52472181672087
H            0.19354433941848        0.37514988285468       -2.07568790624925
H           -2.93608679431831       -0.98385194726241       -0.89714991498305
H           -4.23058642395236        0.93614239356909       -0.08424731929237
H           -3.25733809679574        2.47031319407724        1.59009644092836
H           -0.97361584271341        2.06812650742719        2.44036701681329
H            0.33136753660120        0.15739288862322        1.61270033966575
28
 energy: -39.512756186407 gnorm: 0.003853022580 xtb: 6.7.1 (edcfbbe)
C           -1.12990443753002       -3.01788288104970       -0.27516132888696
C           -0.42768685672220       -1.69699242704848       -0.19554753280747
N            0.79340793803827       -1.64578854980397       -0.52991852955870
C            1.54703345381152       -0.50426879025171       -0.68804054014842
C            2.79181305683662       -0.40133278684503       -0.06216193236808
C            3.59803729426525        0.69592858155526       -0.29419393928355
C            3.19470380058087        1.69382402340198       -1.16740674990400
C            1.97219445381903        1.58739021734206       -1.81127803138594
C            1.15006789879588        0.50437127855138       -1.57268250297153
C           -1.22040498982960       -0.54238053139913        0.29332728289976
C           -2.52256999706040       -0.32862101284415       -0.15544872425567
C           -3.25099349246395        0.75299056111575        0.30381208442501
C           -2.69886186470415        1.62195225677308        1.23224995650872
C           -1.40810273205950        1.41289751362612        1.68835793599228
C           -0.67016693454194        0.34228907759939        1.21755316836193
H           -0.40538244233737       -3.82681503821444       -0.28327740437953
H           -1.82428177819318       -3.14095260650034        0.55567495988522
H           -1.70001603813023       -3.06096747987018       -1.20394303840442
H            3.10048434260302       -1.18263687605334        0.61737204515833
H            4.55294856409096        0.77429003658605        0.20728641818431
H            3.83278292589281        2.54678271629774       -1.34998634964365
H            1.65291113125537        2.35780942566605       -2.49949002189887
H            0.19625223674970        0.41253457090480       -2.07383935627053
H           -2.95875650081465       -0.99786244964845       -0.88354002736576
H           -4.25511928420923        0.91478522542417       -0.06149046154612
H           -3.27111450104496        2.46221771376489        1.59745672018787
H           -0.97378455154278        2.08612931491311        2.41418016040500
H            0.33450930424473        0.18030891600786        1.57939368937129
28
 energy: -39.512837265183 gnorm: 0.004740291246 xtb: 6.7.1 (edcfbbe)
C           -1.12536117600758       -3.01861560280750       -0.26384963995578
C           -0.43124755241687       -1.69229169813530       -0.20079533818818
N            0.78719668718907       -1.63792736571281       -0.54422130603869
C            1.54547771770736       -0.49966759579796       -0.70101803536158
C            2.79485396848869       -0.41481419962030       -0.08007098395292
C            3.60951988663663        0.67833820932106       -0.30101513382010
C            3.21073631037305        1.69043516573041       -1.16036258387771
C            1.98439060634731        1.60217337217938       -1.80047241322929
C            1.15389789348978        0.52302080897836       -1.57204028579362
C           -1.22756908193653       -0.54050823746793        0.28855996642166
C           -2.53598930862162       -0.33776029576159       -0.14806254754008
C           -3.26720275508391        0.74075790653231        0.31461291501850
C           -2.71080275906988        1.61834048836176        1.23282839229303
C           -1.41361955629739        1.42164182099821        1.67428114940002
C           -0.67285012403295        0.35341198394752        1.20078338842087
H           -0.39223932629101       -3.82053285779026       -0.29785458769482
H           -1.79174545524648       -3.15077825845642        0.58994021440228
H           -1.72643668794125       -3.06388055298212       -1.17252074135059
H            3.10011973775097       -1.20765960021255        0.58818399672101
H            4.56705184318077        0.74233350463905        0.19762989552778
H            3.85418374215822        2.54133968943791       -1.33366829374356
H            1.66895433174767        2.38485152475839       -2.47675079651920
H            0.19696576679624        0.44672000784332       -2.07038092521522
H           -2.97594023310167       -1.01151115620376       -0.86923846874715
H           -4.27688197483125        0.89423808647630       -0.03948789042209
H           -3.28682641767061        2.45459902114855        1.60210578674199
H           -0.97577410655029        2.10228851261169        2.39057224085759
H            0.33713802303340        0.20145731798517        1.55156997594641
28
 energy: -39.512895604352 gnorm: 0.003245226725 xtb: 6.7.1 (edcfbbe)
C           -1.12002040851567       -3.01899767892994       -0.25390861026125
C           -0.43457837256016       -1.68677419700618       -0.20764305315790
N            0.78094865162514       -1.63031609635456       -0.55958630005168
C            1.54301421305014       -0.49376284726603       -0.71417676369498
C            2.79548150399168       -0.42722901124192       -0.09707451454207
C            3.61836561181816        0.66148761657566       -0.30656489688290
C            3.22527428696668        1.68718222534702       -1.15297130400464
C            1.99657615913340        1.61592081166572       -1.79030141100378
C            1.15709876626073        0.54138325255813       -1.57197471180152
C           -1.23344905311706       -0.53837059447993        0.28317205807449
C           -2.54800030051542       -0.34627538790744       -0.14041461237162
C           -3.28249145372117        0.72870709319255        0.32616614978282
C           -2.72255651371354        1.61480892885741        1.23358460388656
C           -1.41844671180851        1.42978801523430        1.66139800038893
C           -0.67546343491868        0.36415781830429        1.18542342953092
H           -0.37983408935549       -3.81245311298316       -0.30799900331450
H           -1.75824714331723       -3.15545076069127        0.61860723453983
H           -1.74932946401776       -3.07232792315006       -1.14273794324285
H            3.09683565959979       -1.23050078027903        0.56055766142934
H            4.57839054924583        0.70979166015705        0.18940496493839
H            3.87496223712823        2.53487270741788       -1.31818817753304
H            1.68617780699192        2.40930780819969       -2.45619358088385
H            0.19811916386916        0.48104866470080       -2.06901294583737
H           -2.99265249723935       -1.02631213121699       -0.85319450741476
H           -4.29752334353453        0.87456648536583       -0.01640603541167
H           -3.30148172202036        2.44855017147134        1.60427002196411
H           -0.97632943350996        2.11743753392350        2.36811560746525
H            0.33915933198390        0.21975972853627        1.52690658971037
28
 energy: -39.512919327468 gnorm: 0.001823836035 xtb: 6.7.1 (edcfbbe)
C           -1.11752257947045       -3.01846931456884       -0.25145439007665
C           -0.43674523466789       -1.68353668488610       -0.21201834604508
N            0.77778687643790       -1.62648006824555       -0.56631099139245
C            1.54133935046288       -0.49003013633885       -0.71882047353944
C            2.79489082510331       -0.43220236549536       -0.10385588725473
C            3.62210413085166        0.65359375229496       -0.30957487584668
C            3.23181319218048        1.68483972065908       -1.15037198982619
C            2.00182416550686        1.62124353407083       -1.78538511610030
C            1.15770543369696        0.54957297072938       -1.57075162966045
C           -1.23635187845014       -0.53749103996014        0.28119910643625
C           -2.55327536027337       -0.35049765681189       -0.13526009518239
C           -3.28843820290144        0.72380321675784        0.33182694544902
C           -2.72699666522055        1.61503060603250        1.23251601851125
C           -1.42122610651946        1.43357855723169        1.65609713465996
C           -0.67801675122879        0.36901914756321        1.17981841460359
H           -0.37291710707802       -3.80754375454110       -0.31635586786959
H           -1.73996224796719       -3.15841753102432        0.63182993414083
H           -1.75837661727727       -3.07728746538811       -1.13094798020291
H            3.09385801270265       -1.23953372256205        0.54920068146956
H            4.58237739626680        0.69483192557740        0.18537275878415
H            3.88448793423859        2.53032014360463       -1.31288931087785
H            1.69371822733669        2.41853088021451       -2.44734011492329
H            0.19841491816701        0.49628058208282       -2.06739782569250
H           -2.99860309871414       -1.03356533283805       -0.84398684833616
H           -4.30576445494504        0.86539831199714       -0.00507699953100
H           -3.30684045203809        2.44819396516906        1.60255040351073
H           -0.97776935182165        2.12376674951414        2.35884623719593
H            0.33848564542158        0.22705100916216        1.51779905789705
28
 energy: -39.512930763616 gnorm: 0.001784411319 xtb: 6.7.1 (edcfbbe)
C           -1.11546301476999       -3.01700600076009       -0.25375440030963
C           -0.43837537190010       -1.68035287357185       -0.21543900336879
N            0.77620501680157       -1.62326603529097       -0.56852511096548
C            1.54080615493089       -0.48665872865212       -0.71860469677593
C            2.79581617459181       -0.43554014779408       -0.10689022884336
C            3.62653427506769        0.64725692138800       -0.31229286275491
C            3.23773948429555        1.68174677314788       -1.14925736637056
C            2.00518959142213        1.62470586846319       -1.77971725654154
C            1.15716282039638        0.55597768589700       -1.56574687296893
C           -1.23841749221746       -0.53603461135997        0.27973894587781
C           -2.55878855474804       -0.35573620682588       -0.12824632519796
C           -3.29500561868580        0.71791348576161        0.33838752441804
C           -2.73126755839255        1.61608802847286        1.23035532714887
C           -1.42264326594599        1.43903141903375        1.65011258818843
C           -0.67941580329482        0.37524479745437        1.17459930209295
H           -0.36897773564473       -3.80334246088461       -0.32988019563540
H           -1.72346318900942       -3.16165055167174        0.63656078787312
H           -1.76620744853191       -3.07749812190765       -1.12606146229084
H            3.09319221950707       -1.24582635197663        0.54251198361587
H            4.58929331261912        0.68191338404936        0.17871076889903
H            3.89376557236989        2.52408409054135       -1.31265356675732
H            1.69786252345596        2.42430896885222       -2.43912494720645
H            0.19585881911004        0.50856624702422       -2.05962049717974
H           -3.00585672876047       -1.04469521676195       -0.83061706866973
H           -4.31457789963383        0.85392781511728        0.00673352727054
H           -3.31059730433563        2.45045446247617        1.59756070974637
H           -0.97801836945334        2.13221644152175        2.34925398898024
H            0.33764939055584        0.23417091825757        1.51116435802598
28
 energy: -39.512936073213 gnorm: 0.001786380368 xtb: 6.7.1 (edcfbbe)
C           -1.11602782170195       -3.01626895321127       -0.25652831155593
C           -0.43870039650151       -1.67985626352886       -0.21486502873998
N            0.77642109936257       -1.62247952862765       -0.56671538768255
C            1.54154660980257       -0.48634219580125       -0.71606253902620
C            2.79803739063814       -0.43655142309064       -0.10677953994137
C            3.62959987404348        0.64541459699102       -0.31430424353157
C            3.23941764802858        1.68081373934269       -1.14980179299222
C            2.00546831385099        1.62546774305587       -1.77751968881154
C            1.15712935160972        0.55722305958944       -1.56222040754071
C           -1.23942760967102       -0.53603668353293        0.28098147947071
C           -2.56010748372084       -0.35770494228607       -0.12506811472210
C           -3.29660323527073        0.71642238904053        0.34002524838202
C           -2.73273369010768        1.61690058691739        1.22886747838930
C           -1.42430710586472        1.44071714630217        1.64838476974343
C           -0.68072594268125        0.37649404288435        1.17434375426158
H           -0.36891431317896       -3.80206208503366       -0.33957795465637
H           -1.71940648702283       -3.16658826466089        0.63738826690933
H           -1.77089234010953       -3.07279329790082       -1.12684422112857
H            3.09561440833120       -1.24782991620698        0.54157157264546
H            4.59293165934784        0.67967069407308        0.17486136066953
H            3.89613257249343        2.52236768012879       -1.31492931441727
H            1.69739402859886        2.42562835571843       -2.43618842581535
H            0.19542916802893        0.50988445267621       -2.05438104511985
H           -3.00714233767422       -1.04869566913544       -0.82499534554905
H           -4.31720082928789        0.84934554044509        0.01020937164076
H           -3.31177650763740        2.45201699461236        1.59494848710141
H           -0.97942135328372        2.13638828604558        2.34555846809700
H            0.33826532937779        0.23845391519449        1.50889905422081
28
 energy: -39.512941191537 gnorm: 0.001262280232 xtb: 6.7.1 (edcfbbe)
C           -1.11714594017874       -3.01643224530782       -0.26034110076769
C           -0.43847017716342       -1.68080350167374       -0.21209921521127
N            0.77720547154340       -1.62280530740377       -0.56254770948437
C            1.54235170791419       -0.48707550808851       -0.71187490012822
C            2.79936003204731       -0.43499432692222       -0.10369231486205
C            3.63013454965909        0.64702786860184       -0.31477053256849
C            3.23871219556534        1.68050653335957       -1.15209578737701
C            2.00418452809850        1.62396220610028       -1.77805379375595
C            1.15708740279984        0.55541988812033       -1.55975747982495
C           -1.23968948928171       -0.53683092568086        0.28348508675120
C           -2.56003133971192       -0.35838694851795       -0.12291058334806
C           -3.29589765790163        0.71736456256648        0.33998473054465
C           -2.73139108028108        1.61897753956479        1.22694990453355
C           -1.42369714530733        1.44169550394446        1.64798170658559
C           -0.68045789727710        0.37576834523867        1.17627745634127
H           -0.37089039542079       -3.80196957628961       -0.34437801174353
H           -1.72337909035599       -3.17165329632322        0.62957459593637
H           -1.76781779703476       -3.06880992628846       -1.13225061817457
H            3.09772751804841       -1.24521277127243        0.54593492878394
H            4.59376257651330        0.68346986359351        0.17302259377373
H            3.89474535562340        2.52210798576061       -1.31993491135505
H            1.69486753443853        2.42308039348118       -2.43759953347000
H            0.19468685335784        0.50605527338672       -2.05004447891698
H           -3.00699786054838       -1.04951707935513       -0.82184280754842
H           -4.31585629082947        0.85016675848481        0.00946223733306
H           -3.30974574598920        2.45534913056180        1.59189087289565
H           -0.98053696259920        2.13665351823610        2.34620946935910
H            0.33717914407142        0.23688604212359        1.51267814599918
28
 energy: -39.512945946399 gnorm: 0.000364334048 xtb: 6.7.1 (edcfbbe)
C           -1.11625104445869       -3.01713787744324       -0.26099840191396
C           -0.43826127573638       -1.68138517919927       -0.21077724073221
N            0.77699757257462       -1.62275127173511       -0.56206581430265
C            1.54194044026166       -0.48699362249156       -0.71172932578825
C            2.79867171194912       -0.43441460724899       -0.10308745014355
C            3.62926203768344        0.64764277329648       -0.31373836075846
C            3.23854608557165        1.68037666512471       -1.15220130027455
C            2.00405064553657        1.62331115226006       -1.77860311425080
C            1.15671245452933        0.55510838504282       -1.55986968162770
C           -1.23955203341287       -0.53782337633590        0.28533830609802
C           -2.55993432432403       -0.35881598362114       -0.12252263356061
C           -3.29585968405414        0.71706030061422        0.33994351684160
C           -2.73135907820698        1.61852101682801        1.22744645335474
C           -1.42324065179501        1.44177851404438        1.64826848468540
C           -0.68014105186343        0.37555443571945        1.17724478455339
H           -0.37034039007932       -3.80214654428192       -0.34997209891280
H           -1.72146980210684       -3.17355427447602        0.62965889423711
H           -1.77034016343898       -3.06583815574714       -1.13110078583102
H            3.09717004922369       -1.24373415884237        0.54742794658656
H            4.59351736075970        0.68369212033004        0.17377021571365
H            3.89479077791230        2.52186933990127       -1.32006340890258
H            1.69498894770501        2.42203124602088       -2.43843047217450
H            0.19403687751442        0.50588195287025       -2.05026071734362
H           -3.00777905529088       -1.05042920710883       -0.82114923133131
H           -4.31552461341605        0.85113356660052        0.00799616991365
H           -3.30913660946219        2.45599369993418        1.59050014848544
H           -0.97880202892513        2.13832678259574        2.34437712087271
H            0.33730684514928        0.23674230734953        1.51385594680698
28
 energy: -39.512948962977 gnorm: 0.000542388374 xtb: 6.7.1 (edcfbbe)
C           -1.11582680696663       -3.01799090662686       -0.26186439016097
C           -0.43841753814798       -1.68207707049867       -0.20988994391203
N            0.77660166430584       -1.62251592057289       -0.56183589530633
C            1.54136127316589       -0.48665842432759       -0.71104011641644
C            2.79777123860701       -0.43359950800337       -0.10183843346816
C            3.62858027915231        0.64816153488298       -0.31304987485302
C            3.23836822683646        1.68036481860027       -1.15239271032334
C            2.00398980192235        1.62286015258341       -1.77909748076494
C            1.15653454718102        0.55487056666480       -1.55995496246452
C           -1.23969339482243       -0.53904423527685        0.28720521641227
C           -2.55997156704424       -0.35961467426608       -0.12128108540302
C           -3.29530242840459        0.71717913629171        0.33975470194405
C           -2.73037852561891        1.61949336043937        1.22624411503305
C           -1.42251436729695        1.44243699572465        1.64762813099186
C           -0.68006414521299        0.37502779362705        1.17818200077346
H           -0.37027042347389       -3.80218356363000       -0.35757316311790
H           -1.71771262005057       -3.17783447663853        0.63055420815820
H           -1.77429712676437       -3.06294547656912       -1.12916762914095
H            3.09628512388154       -1.24209874056252        0.54966304742066
H            4.59248163927704        0.68470935945066        0.17541761608104
H            3.89472924731884        2.52170777059632       -1.32049833576192
H            1.69538966790711        2.42096813901279       -2.43979063017339
H            0.19397094630657        0.50552705552080       -2.05076031427648
H           -3.00823436161082       -1.05104992173182       -0.81999320824121
H           -4.31485452214292        0.85184011622194        0.00746562442810
H           -3.30822096889374        2.45697476823208        1.58906245701592
H           -0.97756140224620        2.13939033961705        2.34306663376942
H            0.33725654263510        0.23610101123948        1.51504237205724
28
 energy: -39.512953827728 gnorm: 0.000827121031 xtb: 6.7.1 (edcfbbe)
C           -1.11538874187438       -3.01973050142112       -0.26428957739420
C           -0.43895963704949       -1.68357409894476       -0.20854410697652
N            0.77569738002741       -1.62212401961547       -0.56146000787740
C            1.54023247085241       -0.48611612994846       -0.70944211230006
C            2.79554189891306       -0.43147549891279       -0.09818751963855
C            3.62655717497115        0.65000038440982       -0.31040970172368
C            3.23774156325994        1.68052075517945       -1.15249378512679
C            2.00412819657759        1.62169811120001       -1.78057646621570
C            1.15647647680859        0.55408200751313       -1.56047977900234
C           -1.23998503593306       -0.54107765470181        0.28992003292629
C           -2.56000375291316       -0.36075847317772       -0.11909491818795
C           -3.29409433713240        0.71765220888477        0.33978038999942
C           -2.72834627312283        1.62129028306066        1.22449276526253
C           -1.42102339799206        1.44334944738851        1.64664280861916
C           -0.67985115191462        0.37388930302565        1.17953498269299
H           -0.37033985756027       -3.80212172943387       -0.37628188523296
H           -1.70673125788687       -3.18859102030322        0.63369299884492
H           -1.78476066463437       -3.05705673498224       -1.12391545330949
H            3.09383550910830       -1.23843317182986        0.55535989979265
H            4.58973188092638        0.68742452489793        0.17942585860799
H            3.89448172202549        2.52129951697126       -1.32170711188827
H            1.69633953623952        2.41861535104559       -2.44311786605617
H            0.19438998730332        0.50422570289875       -2.05217726434726
H           -3.00947669172806       -1.05262845960750       -0.81651278731380
H           -4.31330907749341        0.85337019002498        0.00700530791573
H           -3.30513462215177        2.46068618343308        1.58457002794452
H           -0.97482493811818        2.14138179100799        2.34017675102934
H            0.33707564029166        0.23420173193830        1.51734646925628
28
 energy: -39.512957075720 gnorm: 0.000604644265 xtb: 6.7.1 (edcfbbe)
C           -1.11510296636229       -3.02089204102359       -0.26621410572839
C           -0.43959683127361       -1.68450283514587       -0.20882835292612
N            0.77502411854470       -1.62191209621718       -0.56161451892598
C            1.53948389376259       -0.48580853707950       -0.70839675575878
C            2.79371202369385       -0.42974639510795       -0.09506485553727
C            3.62477541659464        0.65163078864795       -0.30781134429509
C            3.23706883527987        1.68067617400395       -1.15219106169713
C            2.00431304529731        1.62078557347064       -1.78179534545234
C            1.15662780863641        0.55328846364635       -1.56129490414318
C           -1.24060538484515       -0.54237648498593        0.29076903955252
C           -2.56066130959410       -0.36130704564263       -0.11766196024440
C           -3.29338965817377        0.71861537252208        0.33988950449736
C           -2.72627499111664        1.62316925266808        1.22276963340337
C           -1.41936488144137        1.44374261696244        1.64552258275541
C           -0.67961427415974        0.37264709333253        1.17985626762173
H           -0.37014026412835       -3.80160180314204       -0.39162345828112
H           -1.69546328452715       -3.19686686197197        0.63759753404829
H           -1.79434740545787       -3.05360664677599       -1.11802016590561
H            3.09108829885219       -1.23546464859653        0.56045820262405
H            4.58694323560649        0.69023282899282        0.18371879098293
H            3.89395053653641        2.52123608756556       -1.32193003770349
H            1.69724854868242        2.41657318230944       -2.44609740418961
H            0.19532766314126        0.50234136995933       -2.05428691905259
H           -3.01103039979345       -1.05332981690462       -0.81418806569447
H           -4.31260455751017        0.85470296007009        0.00742879844805
H           -3.30198984458883        2.46386625008660        1.58157007599790
H           -0.97250125526745        2.14165865779439        2.33868754538411
H            0.33712388341168        0.23224854056263        1.51800923052050
28
 energy: -39.512959575044 gnorm: 0.000282085448 xtb: 6.7.1 (edcfbbe)
C           -1.11491389203834       -3.02164938050858       -0.26717521471685
C           -0.44014732157099       -1.68494601600854       -0.21013374768447
N            0.77470465835495       -1.62197457731284       -0.56203432260020
C            1.53911360552576       -0.48579324830784       -0.70815117461191
C            2.79214552692845       -0.42837753870867       -0.09250933009835
C            3.62304134003703        0.65318106936149       -0.30509316619217
C            3.23622738279467        1.68105487123913       -1.15129214213879
C            2.00464670722271        1.61998590160159       -1.78299951722614
C            1.15716145419146        0.55226240272784       -1.56284193130459
C           -1.24119576256618       -0.54277176263967        0.28967911061477
C           -2.56136185576484       -0.36096289811925       -0.11759087199189
C           -3.29300755460652        0.71971474806984        0.34013514367478
C           -2.72468505979183        1.62409362068530        1.22221875850694
C           -1.41787682700995        1.44333638065929        1.64474671947408
C           -0.67921599790925        0.37169294040480        1.17882881173279
H           -0.37014091472442       -3.80081201864860       -0.40318091782703
H           -1.68483688319350       -3.20258194447506        0.64216907219728
H           -1.80309137703695       -3.05215038461749       -1.11140341000537
H            3.08842971888960       -1.23340358410335        0.56439414444024
H            4.58421237208353        0.69295212559012        0.18810059931047
H            3.89304582511237        2.52168682439036       -1.32097284217652
H            1.69815013219784        2.41498151938237       -2.44855078927254
H            0.19664411649490        0.50012515897597       -2.05709194377773
H           -3.01261344314964       -1.05297657594198       -0.81340906317329
H           -4.31229407231024        0.85609024488035        0.00818346728488
H           -3.29910347869949        2.46595753873622        1.58040439532340
H           -0.97043827626331        2.14089335838735        2.33785856429749
H            0.33739987660200        0.23039122430093        1.51696954824137
28
 energy: -39.512961363432 gnorm: 0.000300460337 xtb: 6.7.1 (edcfbbe)
C           -1.11468848075346       -3.02229775326038       -0.26711275497370
C           -0.44058385355689       -1.68522463705649       -0.21197988979056
N            0.77453251540899       -1.62237188734378       -0.56296797618802
C            1.53887156684376       -0.48606693960596       -0.70875720919008
C            2.79062276147965       -0.42739886123504       -0.09059436206690
C            3.62106419590247        0.65472241323725       -0.30206918898110
C            3.23518824806260        1.68163836571752       -1.14985173861417
C            2.00502127944714        1.61928744398961       -1.78414280761325
C            1.15782826536291        0.55113562565589       -1.56492719928468
C           -1.24164288124750       -0.54281950296162        0.28759132712739
C           -2.56188636653916       -0.36007471619967       -0.11863116602292
C           -3.29268652616732        0.72086464501887        0.34016626764471
C           -2.72331202015042        1.62446472529502        1.22221995941003
C           -1.41633881585508        1.44261095277958        1.64399548070362
C           -0.67864873441456        0.37080983742466        1.17712753155860
H           -0.37026963998819       -3.80013382007879       -0.41334319369663
H           -1.67373369534563       -3.20669498151845        0.64833228826004
H           -1.81247510921445       -3.05105348755164       -1.10329994982114
H            3.08572479782152       -1.23185978513815        0.56755535271464
H            4.58116454280555        0.69566521570105        0.19301353057873
H            3.89170336266392        2.52268698392422       -1.31871155517957
H            1.69931918030164        2.41355157511741       -2.45095526603502
H            0.19841001839725        0.49759094775112       -2.06108430240408
H           -3.01396189226757       -1.05153233404937       -0.81441364542445
H           -4.31213685978457        0.85758725352786        0.00892134971188
H           -3.29677477508156        2.46668773381283        1.58111243970344
H           -0.96838063851821        2.13946683912598        2.33745729234264
H            0.33806955418700        0.22875814792154        1.51460733583121
28
 energy: -39.512962411073 gnorm: 0.000245643237 xtb: 6.7.1 (edcfbbe)
C           -1.11458921289168       -3.02253670594224       -0.26630627715817
C           -0.44061435207057       -1.68531110295896       -0.21318155538227
N            0.77461545519715       -1.62288382706740       -0.56382793447172
C            1.53879656762596       -0.48640374402442       -0.70968833191982
C            2.78967616661915       -0.42699552821377       -0.08982588318580
C            3.61976276810361        0.65557588490272       -0.30025111784972
C            3.23440522348386        1.68216140565350       -1.14867233305643
C            2.00530488671529        1.61885386061027       -1.78493110516572
C            1.15842238445924        0.55023575451406       -1.56677066347747
C           -1.24160843208503       -0.54259179846241        0.28588310395727
C           -2.56183207760193       -0.35920819350214       -0.12000045429830
C           -3.29240482892616        0.72143719003174        0.33998309820828
C           -2.72274322382441        1.62411156337980        1.22274431307225
C           -1.41552724158539        1.44193641898960        1.64375779103838
C           -0.67815477765278        0.37046614484821        1.17579043339908
H           -0.37100684122197       -3.79983717706582       -0.41880430838892
H           -1.66688241837567       -3.20841841289141        0.65285834802962
H           -1.81862075746820       -3.05034125016982       -1.09709910826988
H            3.08422810681391       -1.23124965322565        0.56881254032677
H            4.57908584874832        0.69730138616184        0.19630952241871
H            3.89055597311667        2.52370260219374       -1.31651859447986
H            1.70012534315793        2.41283784262517       -2.45229030864244
H            0.19968340372971        0.49600124904546       -2.06417664708229
H           -3.01426879226760       -1.04985304502610       -0.81640410852730
H           -4.31191284816881        0.85857688690742        0.00903658377979
H           -3.29593942779691        2.46608619380684        1.58264348338527
H           -0.96719586068544        2.13838778796322        2.33739654683477
H            0.33863896465160        0.22795826691762        1.51279091720657
28
 energy: -39.512963117224 gnorm: 0.000159283949 xtb: 6.7.1 (edcfbbe)
C           -1.11460724804714       -3.02266182433977       -0.26529821127630
C           -0.44049571797549       -1.68546103321587       -0.21391528563435
N            0.77466983202004       -1.62344349955618       -0.56485081887873
C            1.53872931694191       -0.48677630175459       -0.71072505191305
C            2.78892377166065       -0.42682002826926       -0.08952732599745
C            3.61863433876009        0.65624703802558       -0.29882330972209
C            3.23373080426159        1.68264639868412       -1.14769316237290
C            2.00546937762148        1.61857919133309       -1.78550100416384
C            1.15884902579231        0.54954326293958       -1.56830167575086
C           -1.24129375448197       -0.54246660397793        0.28484565327885
C           -2.56134005280028       -0.35847648893188       -0.12135111277186
C           -3.29194191910180        0.72178044691818        0.33948544320780
C           -2.72239319492630        1.62368507606684        1.22312846003784
C           -1.41506128291137        1.44142433291225        1.64374659008979
C           -0.67776788890502        0.37018377396985        1.17513043101005
H           -0.37192245443849       -3.79966614078094       -0.42352034353162
H           -1.66124127849099       -3.20977107922460        0.65710665246131
H           -1.82415617389925       -3.04899241117556       -1.09152482404315
H            3.08319109007077       -1.23088449613528        0.56946211155157
H            4.57740105432868        0.69844046585364        0.19883197745323
H            3.88956425896657        2.52461247575563       -1.31462765837702
H            1.70079031510545        2.41232269648118       -2.45335705908497
H            0.20075417016117        0.49481720305510       -2.06694156374729
H           -3.01384443685171       -1.04832059482620       -0.81856295576644
H           -4.31143571547746        0.85931152014068        0.00860197989275
H           -3.29574314888115        2.46514688842138        1.58396944352730
H           -0.96654222533094        2.13753116158552        2.33762064011976
H            0.33907913662848        0.22746857004652        1.51184993070233
28
 energy: -39.512963552183 gnorm: 0.000153920821 xtb: 6.7.1 (edcfbbe)
C           -1.11472556923581       -3.02246144488456       -0.26408458707265
C           -0.44021417607145       -1.68541165737135       -0.21420168847604
N            0.77479128388486       -1.62387250012589       -0.56574029154865
C            1.53879549897030       -0.48707229345618       -0.71169475394459
C            2.78880688980522       -0.42711142148111       -0.09015920316744
C            3.61832319937895        0.65624094808026       -0.29871484755767
C            3.23343957380012        1.68291918580404       -1.14725996520542
C            2.00550307211858        1.61864467552734       -1.78566053061391
C            1.15906292720321        0.54930039441419       -1.56917719354780
C           -1.24077985839753       -0.54213829744347        0.28429669839752
C           -2.56060929770736       -0.35786662879313       -0.12258348356655
C           -3.29159164143240        0.72184948275443        0.33881340354240
C           -2.72259473646494        1.62310490510272        1.22353854285621
C           -1.41528883490701        1.44097706297440        1.64423415497018
C           -0.67763329802285        0.37015991633944        1.17512899105583
H           -0.37286509303219       -3.79971944678477       -0.42358728068888
H           -1.65967151887580       -3.20910554285599        0.65925832899346
H           -1.82597106049596       -3.04863991952377       -1.08867270430631
H            3.08317072601408       -1.23132630503486        0.56858999673086
H            4.57685186221685        0.69851506090395        0.19942637422888
H            3.88898900485443        2.52525686739884       -1.31340322791956
H            1.70092256842092        2.41254332398812       -2.45335948461539
H            0.20121686666099        0.49459189708227       -2.06831512932365
H           -3.01269332592615       -1.04703826237031       -0.82076653643247
H           -4.31097000941065        0.85961563297295        0.00763592970244
H           -3.29645853205204        2.46388699661941        1.58513404125819
H           -0.96698137930081        2.13672481827473        2.33861200209785
H            0.33917485780431        0.22743255188940        1.51197039445384
28
 energy: -39.512963818213 gnorm: 0.000101830234 xtb: 6.7.1 (edcfbbe)
C           -1.11478281327179       -3.02238989375647       -0.26310005758032
C           -0.44001493195707       -1.68542717828913       -0.21434865983474
N            0.77479080664331       -1.62412396554657       -0.56657992663120
C            1.53879016563524       -0.48725127259495       -0.71248756874081
C            2.78865512585671       -0.42731083045142       -0.09068072599516
C            3.61807723916816        0.65621161305966       -0.29873092556857
C            3.23320216938705        1.68313495245061       -1.14698740823145
C            2.00547062837295        1.61879194247331       -1.78578104251335
C            1.15915895765412        0.54921545356168       -1.56986302276298
C           -1.24039025866492       -0.54197454067578        0.28410329813834
C           -2.55996101776310       -0.35736217359498       -0.12353499257409
C           -3.29117491613868        0.72208656136187        0.33801350737735
C           -2.72267860719738        1.62279315675540        1.22365317276686
C           -1.41557852243223        1.44051141796846        1.64482132055652
C           -0.67763356570378        0.36994648331644        1.17549984869421
H           -0.37328792072476       -3.79977258758845       -0.42414248045543
H           -1.65795837039713       -3.20895630748756        0.66144495101380
H           -1.82782349414658       -3.04831041954417       -1.08627257931814
H            3.08306548292904       -1.23167896247428        0.56786405336858
H            4.57645189307773        0.69847154322684        0.19971935807540
H            3.88862413458695        2.52566237263701       -1.31265324848467
H            1.70093438276428        2.41283183520545       -2.45333154373014
H            0.20143605194686        0.49459519613327       -2.06925230797579
H           -3.01160337742740       -1.04603373807071       -0.82249829476908
H           -4.31035728393438        0.86011603329327        0.00634227262260
H           -3.29688034138975        2.46321407911553        1.58554798832827
H           -0.96756783605446        2.13589556410101        2.33975796396200
H            0.33903621898083        0.22711366541570        1.51273500056263
28
 energy: -39.512964011550 gnorm: 0.000093277550 xtb: 6.7.1 (edcfbbe)
C           -1.11472200768375       -3.02242877615784       -0.26220504988234
C           -0.43991839721745       -1.68546210192291       -0.21452887528761
N            0.77470460988972       -1.62424097649523       -0.56733688665115
C            1.53870954351789       -0.48731941542848       -0.71315891044929
C            2.78848327030803       -0.42745932103069       -0.09118458926085
C            3.61783089360769        0.65621338610078       -0.29878069049693
C            3.23300049256076        1.68330845079895       -1.14684692732480
C            2.00537491805454        1.61902990053771       -1.78584544076175
C            1.15911082531646        0.54932247291602       -1.57032615160727
C           -1.24015896722340       -0.54188251073027        0.28393074740665
C           -2.55942149467603       -0.35679258942938       -0.12449018676220
C           -3.29074632365883        0.72252727321077        0.33714165948502
C           -2.72264356167983        1.62266321938419        1.22363303039257
C           -1.41583183155442        1.43997008231543        1.64545468470118
C           -0.67774204762084        0.36951084511096        1.17603491316455
H           -0.37344998403096       -3.79985191761316       -0.42425423706918
H           -1.65638167056769       -3.20887857855507        0.66329274125294
H           -1.82916279051682       -3.04851515406792       -1.08417161683350
H            3.08285109283594       -1.23199085382369        0.56718579464759
H            4.57614218854939        0.69836988255308        0.19978070591633
H            3.88835435497096        2.52595996417976       -1.31215210481007
H            1.70088056382388        2.41319885385151       -2.45327209481853
H            0.20152448196913        0.49470553848754       -2.06997415770697
H           -3.01068771478155       -1.04509130503020       -0.82404994571092
H           -4.30970199444958        0.86086130871712        0.00492270569420
H           -3.29699995735206        2.46291487016779        1.58567955615006
H           -0.96816471243119        2.13488289168742        2.34108326379022
H            0.33876621983987        0.22647456026691        1.51369601313272
28
 energy: -39.512964199433 gnorm: 0.000077493367 xtb: 6.7.1 (edcfbbe)
C           -1.11453429562944       -3.02263543480976       -0.26120046422459
C           -0.43988788540493       -1.68557127098491       -0.21470549010476
N            0.77455041248599       -1.62428395433974       -0.56806228342238
C            1.53850757318239       -0.48729953491986       -0.71382895799616
C            2.78819203919242       -0.42753454332973       -0.09168146565936
C            3.61752611600307        0.65621868132302       -0.29890922391211
C            3.23271962599216        1.68351913335487       -1.14672739910740
C            2.00520824811708        1.61932673219470       -1.78595023654158
C            1.15897245302370        0.54950239268689       -1.57083637948308
C           -1.24005460574998       -0.54187286063601        0.28371017680873
C           -2.55894373746119       -0.35612065129450       -0.12556556812150
C           -3.29022103991818        0.72323115539146        0.33607339356057
C           -2.72245014110081        1.62263148508932        1.22352237466123
C           -1.41602428809773        1.43922539620264        1.64621029589236
C           -0.67790492001058        0.36883729781479        1.17664527782553
H           -0.37333857834924       -3.79996803785951       -0.42425926350198
H           -1.65446950434273       -3.20898057987685        0.66534591923618
H           -1.83045114985379       -3.04911820339500       -1.08184527639198
H            3.08245994719292       -1.23225466528011        0.56650607813682
H            4.57573270090216        0.69832001561391        0.19984140031881
H            3.88803930283245        2.52626536797157       -1.31170054960151
H            1.70074188497185        2.41367965228126       -2.45317841363225
H            0.20144576921270        0.49496209926324       -2.07058395160765
H           -3.00982050229730       -1.04390645863004       -0.82587108452220
H           -4.30885273319743        0.86210065093246        0.00310214606789
H           -3.29676552956736        2.46289941528167        1.58560190703956
H           -0.96869990256468        2.13354194731965        2.34265271757165
H            0.33832274023634        0.22528477263567        1.51495227101186
28
 energy: -39.512964338812 gnorm: 0.000059138478 xtb: 6.7.1 (edcfbbe)
C           -1.11427653105086       -3.02297703148715       -0.26033749645594
C           -0.43991190538058       -1.68575274002542       -0.21482374319653
N            0.77439975126763       -1.62428686496513       -0.56852628333866
C            1.53824102798934       -0.48721626117529       -0.71428958751677
C            2.78786098013140       -0.42749244218423       -0.09200653327502
C            3.61715687231160        0.65633881540265       -0.29894334218228
C            3.23238633701286        1.68373082420897       -1.14666577972126
C            2.00493369495508        1.61960297027924       -1.78600131258320
C            1.15870770635797        0.54971313000559       -1.57113637806810
C           -1.24007616554976       -0.54198725085641        0.28351916205019
C           -2.55855255248714       -0.35543129240616       -0.12663920446952
C           -3.28965165926137        0.72406203226627        0.33499250264352
C           -2.72209211714551        1.62272851722816        1.22330294219029
C           -1.41606411089264        1.43848318215012        1.64687586821567
C           -0.67810456968291        0.36799867177706        1.17729855940253
H           -0.37308817825739       -3.80013098539492       -0.42431815359160
H           -1.65268226386733       -3.20933214984378        0.66708492321401
H           -1.83148256257639       -3.04983812358380       -1.07979826200665
H            3.08205437987738       -1.23235432072257        0.56604098632478
H            4.57533041438656        0.69837865100580        0.19986034549916
H            3.88768553965122        2.52653417043659       -1.31144022574243
H            1.70051522376220        2.41405581053995       -2.45313770483311
H            0.20124021787374        0.49518430593542       -2.07099537047338
H           -3.00922030271161       -1.04275933596108       -0.82753138302161
H           -4.30797521921147        0.86354627290651        0.00134524982514
H           -3.29623700818747        2.46311231356297        1.58538685053137
H           -0.96896460445053        2.13223913354357        2.34401850168040
H            0.33786760493582        0.22384999735817        1.51612281919965
28
 energy: -39.512964438793 gnorm: 0.000044440452 xtb: 6.7.1 (edcfbbe)
C           -1.11405409875372       -3.02331725908086       -0.25977501944408
C           -0.43991976711022       -1.68597392403111       -0.21477902452445
N            0.77432513764796       -1.62432684211341       -0.56863519448676
C            1.53800540580571       -0.48715135190400       -0.71445388959791
C            2.78762016874650       -0.42739188001824       -0.09215315258183
C            3.61686488718397        0.65648341744784       -0.29901489948623
C            3.23203416767202        1.68390632955284       -1.14667340573413
C            2.00459263329720        1.61974771350109       -1.78602167356131
C            1.15840404196514        0.54980857692182       -1.57121944088169
C           -1.24011683204363       -0.54215563731576        0.28343559552681
C           -2.55825664447166       -0.35493151694626       -0.12742755551946
C           -3.28914276161056        0.72476097142706        0.33412422560635
C           -2.72170370795284        1.62287446665692        1.22305873466158
C           -1.41599532704500        1.43792650665092        1.64734878397388
C           -0.67823287505062        0.36730708650880        1.17781005165704
H           -0.37288591385531       -3.80030613549626       -0.42458075336351
H           -1.65136159737135       -3.20981167090346        0.66823932260872
H           -1.83221273617522       -3.05027988910067       -1.07836914073673
H            3.08181605504830       -1.23228905835726        0.56584862001340
H            4.57501711243794        0.69857140216348        0.19983059797563
H            3.88729276787248        2.52675226561784       -1.31139748452362
H            1.70014134084272        2.41424824923924       -2.45308318377054
H            0.20092422983979        0.49528500322825       -2.07105495689073
H           -3.00878420851937       -1.04180742436384       -0.82886675929534
H           -4.30717650969672        0.86486794105864       -0.00015695534963
H           -3.29564217920595        2.46344068396103        1.58504787242291
H           -0.96902316699319        2.13124461840176        2.34500759994748
H            0.33747037729548        0.22251735729471        1.51716903565480
