geometric-optimize called with the following command line:
refine_phase4_geometric.py ../phase1-19-rerun-20260910/phase04/20260910T181601 --maxiter 200

                                        [91m())))))))))))))))/[0m                     
                                    [91m())))))))))))))))))))))))),[0m                
                                [91m*)))))))))))))))))))))))))))))))))[0m             
                        [94m#,[0m    [91m()))))))))/[0m                [91m.)))))))))),[0m          
                      [94m#%%%%,[0m  [91m())))))[0m                        [91m.))))))))*[0m        
                      [94m*%%%%%%,[0m  [91m))[0m              [93m..[0m              [91m,))))))).[0m      
                        [94m*%%%%%%,[0m         [93m***************/.[0m        [91m.)))))))[0m     
                [94m#%%/[0m      [94m(%%%%%%,[0m    [93m/*********************.[0m       [91m)))))))[0m    
              [94m.%%%%%%#[0m      [94m*%%%%%%,[0m  [93m*******/,[0m     [93m**********,[0m      [91m.))))))[0m   
                [94m.%%%%%%/[0m      [94m*%%%%%%,[0m  [93m**[0m              [93m********[0m      [91m.))))))[0m  
          [94m##[0m      [94m.%%%%%%/[0m      [94m(%%%%%%,[0m                  [93m,******[0m      [91m/)))))[0m  
        [94m%%%%%%[0m      [94m.%%%%%%#[0m      [94m*%%%%%%,[0m    [92m,/////.[0m       [93m******[0m      [91m))))))[0m 
      [94m#%[0m      [94m%%[0m      [94m.%%%%%%/[0m      [94m*%%%%%%,[0m  [92m////////,[0m      [93m*****/[0m     [91m,)))))[0m 
    [94m#%%[0m  [94m%%%[0m  [94m%%%#[0m      [94m.%%%%%%/[0m      [94m(%%%%%%,[0m  [92m///////.[0m     [93m/*****[0m      [91m))))).[0m
  [94m#%%%%.[0m      [94m%%%%%#[0m      [94m/%%%%%%*[0m      [94m#%%%%%%[0m   [92m/////)[0m     [93m******[0m      [91m))))),[0m
    [94m#%%%%##%[0m  [94m%%%#[0m      [94m.%%%%%%/[0m      [94m(%%%%%%,[0m  [92m///////.[0m     [93m/*****[0m      [91m))))).[0m
      [94m##[0m     [94m%%%[0m      [94m.%%%%%%/[0m      [94m*%%%%%%,[0m  [92m////////.[0m      [93m*****/[0m     [91m,)))))[0m 
        [94m#%%%%#[0m      [94m/%%%%%%/[0m      [94m(%%%%%%[0m      [92m/)/)//[0m       [93m******[0m      [91m))))))[0m 
          [94m##[0m      [94m.%%%%%%/[0m      [94m(%%%%%%,[0m                  [93m*******[0m      [91m))))))[0m  
                [94m.%%%%%%/[0m      [94m*%%%%%%,[0m  [93m**.[0m             [93m/*******[0m      [91m.))))))[0m  
              [94m*%%%%%%/[0m      [94m(%%%%%%[0m   [93m********/*..,*/*********[0m       [91m*))))))[0m   
                [94m#%%/[0m      [94m(%%%%%%,[0m    [93m*********************/[0m        [91m)))))))[0m    
                        [94m*%%%%%%,[0m         [93m,**************/[0m         [91m,))))))/[0m     
                      [94m(%%%%%%[0m   [91m()[0m                              [91m))))))))[0m       
                      [94m#%%%%,[0m  [91m())))))[0m                        [91m,)))))))),[0m        
                        [94m#,[0m    [91m())))))))))[0m                [91m,)))))))))).[0m          
                                 [91m()))))))))))))))))))))))))))))))/[0m             
                                    [91m())))))))))))))))))))))))).[0m                
                                         [91m())))))))))))))),[0m                     

-=# [1;94m geomeTRIC started. Version: 1.1.1 [0m #=-
Current date and time: 2026-09-11 00:20:59
#========================================================#
#| [92m    Arguments passed to driver run_optimizer():     [0m |#
#========================================================#
coordsys                  cart 
customengine              <__main__.main.<locals>.XTBEngine object at 0x0000020256DEED20> 
hessian                   first+last 
input                     $CAMPAIGN\phase04\20260910T181601\tsopt_postaudit_20260911T002059\initial.xyz 
maxiter                   200 
prefix                    $CAMPAIGN\phase04\20260910T181601\tsopt_postaudit_20260911T002059\ts 
tmax                      0.03 
transition                True 
trust                     0.01 
----------------------------------------------------------
 Transition state optimization requested.
 Hessian will be computed for both first and last step.
Custom engine selected.
Bonds will be generated from interatomic distances less than 1.20 times sum of covalent radii
57 Cartesian coordinates being used
Internal coordinate system (atoms numbered from 1):
Cartesian-X 1
Cartesian-Y 1
Cartesian-Z 1
Cartesian-X 2
Cartesian-Y 2
Cartesian-Z 2
Cartesian-X 3
Cartesian-Y 3
Cartesian-Z 3
Cartesian-X 4
Cartesian-Y 4
Cartesian-Z 4
Cartesian-X 5
Cartesian-Y 5
Cartesian-Z 5
Cartesian-X 6
Cartesian-Y 6
Cartesian-Z 6
Cartesian-X 7
Cartesian-Y 7
Cartesian-Z 7
Cartesian-X 8
Cartesian-Y 8
Cartesian-Z 8
Cartesian-X 9
Cartesian-Y 9
Cartesian-Z 9
Cartesian-X 10
Cartesian-Y 10
Cartesian-Z 10
Cartesian-X 11
Cartesian-Y 11
Cartesian-Z 11
Cartesian-X 12
Cartesian-Y 12
Cartesian-Z 12
Cartesian-X 13
Cartesian-Y 13
Cartesian-Z 13
Cartesian-X 14
Cartesian-Y 14
Cartesian-Z 14
Cartesian-X 15
Cartesian-Y 15
Cartesian-Z 15
Cartesian-X 16
Cartesian-Y 16
Cartesian-Z 16
Cartesian-X 17
Cartesian-Y 17
Cartesian-Z 17
Cartesian-X 18
Cartesian-Y 18
Cartesian-Z 18
Cartesian-X 19
Cartesian-Y 19
Cartesian-Z 19
<class 'geometric.internal.CartesianX'> : 19
<class 'geometric.internal.CartesianY'> : 19
<class 'geometric.internal.CartesianZ'> : 19
> ===== Optimization Info: ====
> Job type: Transition state optimization
> Maximum number of optimization cycles: 200
> Initial / maximum trust radius (Angstrom): 0.010 / 0.030
> Convergence Criteria:
> Will converge when all 5 criteria are reached:
>  |Delta-E| < 1.00e-06
>  RMS-Grad  < 3.00e-04
>  Max-Grad  < 4.50e-04
>  RMS-Disp  < 1.20e-03
>  Max-Disp  < 1.80e-03
> === End Optimization Info ===
Valid Hessian data not found, calculating from scratch.
Calculating Cartesian Hessian using finite difference on Cartesian gradients (114 grads total)
0 / 114 gradient calculations complete
copy_scratch not implemented for this engine
copy_scratch not implemented for this engine
copy_scratch not implemented for this engine
copy_scratch not implemented for this engine
copy_scratch not implemented for this engine
copy_scratch not implemented for this engine
copy_scratch not implemented for this engine
copy_scratch not implemented for this engine
copy_scratch not implemented for this engine
copy_scratch not implemented for this engine
10 / 114 gradient calculations complete
copy_scratch not implemented for this engine
copy_scratch not implemented for this engine
copy_scratch not implemented for this engine
copy_scratch not implemented for this engine
copy_scratch not implemented for this engine
copy_scratch not implemented for this engine
copy_scratch not implemented for this engine
copy_scratch not implemented for this engine
copy_scratch not implemented for this engine
copy_scratch not implemented for this engine
20 / 114 gradient calculations complete
copy_scratch not implemented for this engine
copy_scratch not implemented for this engine
copy_scratch not implemented for this engine
copy_scratch not implemented for this engine
copy_scratch not implemented for this engine
copy_scratch not implemented for this engine
copy_scratch not implemented for this engine
copy_scratch not implemented for this engine
copy_scratch not implemented for this engine
copy_scratch not implemented for this engine
30 / 114 gradient calculations complete
copy_scratch not implemented for this engine
copy_scratch not implemented for this engine
copy_scratch not implemented for this engine
copy_scratch not implemented for this engine
copy_scratch not implemented for this engine
copy_scratch not implemented for this engine
copy_scratch not implemented for this engine
copy_scratch not implemented for this engine
copy_scratch not implemented for this engine
copy_scratch not implemented for this engine
40 / 114 gradient calculations complete
copy_scratch not implemented for this engine
copy_scratch not implemented for this engine
copy_scratch not implemented for this engine
copy_scratch not implemented for this engine
copy_scratch not implemented for this engine
copy_scratch not implemented for this engine
copy_scratch not implemented for this engine
copy_scratch not implemented for this engine
copy_scratch not implemented for this engine
copy_scratch not implemented for this engine
50 / 114 gradient calculations complete
copy_scratch not implemented for this engine
copy_scratch not implemented for this engine
copy_scratch not implemented for this engine
copy_scratch not implemented for this engine
copy_scratch not implemented for this engine
copy_scratch not implemented for this engine
copy_scratch not implemented for this engine
copy_scratch not implemented for this engine
copy_scratch not implemented for this engine
copy_scratch not implemented for this engine
60 / 114 gradient calculations complete
copy_scratch not implemented for this engine
copy_scratch not implemented for this engine
copy_scratch not implemented for this engine
copy_scratch not implemented for this engine
copy_scratch not implemented for this engine
copy_scratch not implemented for this engine
copy_scratch not implemented for this engine
copy_scratch not implemented for this engine
copy_scratch not implemented for this engine
copy_scratch not implemented for this engine
70 / 114 gradient calculations complete
copy_scratch not implemented for this engine
copy_scratch not implemented for this engine
copy_scratch not implemented for this engine
copy_scratch not implemented for this engine
copy_scratch not implemented for this engine
copy_scratch not implemented for this engine
copy_scratch not implemented for this engine
copy_scratch not implemented for this engine
copy_scratch not implemented for this engine
copy_scratch not implemented for this engine
80 / 114 gradient calculations complete
copy_scratch not implemented for this engine
copy_scratch not implemented for this engine
copy_scratch not implemented for this engine
copy_scratch not implemented for this engine
copy_scratch not implemented for this engine
copy_scratch not implemented for this engine
copy_scratch not implemented for this engine
copy_scratch not implemented for this engine
copy_scratch not implemented for this engine
copy_scratch not implemented for this engine
90 / 114 gradient calculations complete
copy_scratch not implemented for this engine
copy_scratch not implemented for this engine
copy_scratch not implemented for this engine
copy_scratch not implemented for this engine
copy_scratch not implemented for this engine
copy_scratch not implemented for this engine
copy_scratch not implemented for this engine
copy_scratch not implemented for this engine
copy_scratch not implemented for this engine
copy_scratch not implemented for this engine
100 / 114 gradient calculations complete
copy_scratch not implemented for this engine
copy_scratch not implemented for this engine
copy_scratch not implemented for this engine
copy_scratch not implemented for this engine
copy_scratch not implemented for this engine
copy_scratch not implemented for this engine
copy_scratch not implemented for this engine
copy_scratch not implemented for this engine
copy_scratch not implemented for this engine
copy_scratch not implemented for this engine
110 / 114 gradient calculations complete
copy_scratch not implemented for this engine
copy_scratch not implemented for this engine
copy_scratch not implemented for this engine
copy_scratch not implemented for this engine
114 / 114 gradient calculations complete
>> Initial Cartesian Hessian Eigenvalues
Hessian Eigenvalues:  -2.043e-03 -4.098e-05 -1.845e-06  1.412e-06  4.491e-06  5.289e-05  1.505e-04
 2.701e-03  4.038e-03  9.059e-03  9.251e-03  1.492e-02    .....    1.138e+00  1.168e+00  1.197e+00

== Summary of harmonic free energy analysis ==
Note: Rotational symmetry is set to 1 regardless of true symmetry
1 Imaginary Frequencies (cm^-1): 178.553i
Note: Free energy does not include contribution from imaginary mode(s)

Free energy contributions calculated at @ 300.00 K:
Zero-point vibrational energy:                                   92.8772 kcal/mol 
H   (Trans + Rot + Vib = Tot):   1.4904 +   0.8942 +   3.1998 =   5.5845 kcal/mol 
S   (Trans + Rot + Vib = Tot):  40.5838 +  29.0968 +  16.4066 =  86.0871 cal/mol/K
TS  (Trans + Rot + Vib = Tot):  12.1751 +   8.7290 +   4.9220 =  25.8261 kcal/mol 

Ground State Electronic Energy    : E0                        =   -26.65668884 au (    -16727.3248 kcal/mol)
Free Energy Correction (Harmonic) : ZPVE + [H-TS]_T,R,V       =     0.11575211 au (        72.6355 kcal/mol)
Gibbs Free Energy (Harmonic)      : E0 + ZPVE + [H-TS]_T,R,V  =   -26.54093673 au (    -16654.6892 kcal/mol)

Vibrational analysis written to $CAMPAIGN\phase04\20260910T181601\tsopt_postaudit_20260911T002059\ts.vdata_first
Step    0 : Gradient = 1.398e-03/3.045e-03 (rms/max) Energy = -26.6566888404
Hessian Eigenvalues:  -2.043e-03 -4.098e-05 -1.845e-06  1.412e-06  4.491e-06  5.289e-05  1.505e-04
 2.701e-03  4.038e-03  9.059e-03  9.251e-03  1.492e-02    .....    1.138e+00  1.168e+00  1.197e+00
Step    1 : Displace = [0m1.007e-02[0m/[0m3.126e-02[0m (rms/max) Trust = 1.000e-02 (=) Grad = [0m7.300e-04[0m/[0m1.598e-03[0m (rms/max) E (change) = -26.6568025349 ([0m-1.137e-04[0m) Quality = [0m0.990[0m
Along Cartesian-X 18 0.546
Hessian Eigenvalues:  -2.018e-03 -4.098e-05 -1.845e-06  1.412e-06  4.496e-06  5.407e-05  1.527e-04
 2.677e-03  4.024e-03  9.017e-03  9.222e-03  1.492e-02    .....    1.138e+00  1.168e+00  1.197e+00
Step    2 : Displace = [0m1.420e-02[0m/[0m4.601e-02[0m (rms/max) Trust = 1.414e-02 ([92m+[0m) Grad = [0m5.902e-04[0m/[0m1.633e-03[0m (rms/max) E (change) = -26.6568821638 ([0m-7.963e-05[0m) Quality = [0m0.984[0m
Along Cartesian-X 18 0.561
Hessian Eigenvalues:  -1.854e-03 -4.070e-05 -1.845e-06  1.412e-06  4.495e-06  5.391e-05  1.526e-04
 2.580e-03  4.002e-03  8.921e-03  9.223e-03  1.492e-02    .....    1.138e+00  1.168e+00  1.197e+00
Step    3 : Displace = [0m2.032e-02[0m/[0m6.311e-02[0m (rms/max) Trust = 2.000e-02 ([92m+[0m) Grad = [0m6.347e-04[0m/[0m1.830e-03[0m (rms/max) E (change) = -26.6569683445 ([0m-8.618e-05[0m) Quality = [0m0.997[0m
Along Cartesian-X 18 0.550
Hessian Eigenvalues:  -1.582e-03 -4.440e-05 -1.845e-06  1.411e-06  4.493e-06  5.309e-05  1.499e-04
 2.500e-03  3.992e-03  8.854e-03  9.229e-03  1.492e-02    .....    1.138e+00  1.168e+00  1.197e+00
Step    4 : Displace = [0m3.034e-02[0m/[0m8.882e-02[0m (rms/max) Trust = 2.828e-02 ([92m+[0m) Grad = [0m1.038e-03[0m/[0m2.714e-03[0m (rms/max) E (change) = -26.6570594797 ([0m-9.114e-05[0m) Quality = [0m0.964[0m
Along Cartesian-X 18 0.524
Hessian Eigenvalues:  -1.039e-03 -8.513e-05 -1.845e-06  1.402e-06  4.477e-06  4.678e-05  1.302e-04
 2.357e-03  3.988e-03  8.791e-03  9.244e-03  1.492e-02    .....    1.138e+00  1.168e+00  1.197e+00
Step    5 : Displace = [0m3.188e-02[0m/[0m8.964e-02[0m (rms/max) Trust = 3.000e-02 ([92m+[0m) Grad = [0m7.906e-04[0m/[0m1.956e-03[0m (rms/max) E (change) = -26.6571505305 ([0m-9.105e-05[0m) Quality = [0m0.991[0m
Along Cartesian-X 18 0.455
Hessian Eigenvalues:  -1.305e-03 -1.846e-06  1.368e-06  4.448e-06  2.660e-05  7.865e-05  3.534e-04
 2.456e-03  4.083e-03  8.812e-03  9.268e-03  1.493e-02    .....    1.138e+00  1.168e+00  1.197e+00
Step    6 : Displace = [0m3.080e-02[0m/[0m8.457e-02[0m (rms/max) Trust = 3.000e-02 (=) Grad = [0m1.800e-03[0m/[0m5.404e-03[0m (rms/max) E (change) = -26.6571896936 ([0m-3.916e-05[0m) Quality = [0m0.626[0m
Along Cartesian-X 18 0.463
Hessian Eigenvalues:  -1.750e-03 -1.856e-06  1.371e-06  3.990e-06  1.169e-05  1.007e-04  3.169e-04
 2.411e-03  4.619e-03  8.874e-03  9.716e-03  1.498e-02    .....    1.138e+00  1.168e+00  1.197e+00
Step    7 : Displace = [0m3.114e-02[0m/[0m8.867e-02[0m (rms/max) Trust = 3.000e-02 (=) Grad = [0m6.134e-04[0m/[0m1.586e-03[0m (rms/max) E (change) = -26.6572502192 ([0m-6.053e-05[0m) Quality = [0m0.674[0m
Along Cartesian-X 19 0.363
Hessian Eigenvalues:  -3.174e-03 -1.844e-06  1.383e-06  4.489e-06  4.020e-05  1.019e-04  1.409e-03
 2.442e-03  4.646e-03  8.926e-03  9.895e-03  1.503e-02    .....    1.138e+00  1.168e+00  1.197e+00
Step    8 : Displace = [0m1.878e-02[0m/[0m3.964e-02[0m (rms/max) Trust = 3.000e-02 (=) Grad = [0m8.546e-04[0m/[0m2.091e-03[0m (rms/max) E (change) = -26.6572804797 ([0m-3.026e-05[0m) Quality = [0m0.941[0m
Along Cartesian-X 19 0.437
Hessian Eigenvalues:  -3.362e-03 -1.517e-04 -1.834e-06  1.764e-06  4.796e-06  1.133e-04  9.966e-04
 2.558e-03  4.672e-03  8.938e-03  9.919e-03  1.510e-02    .....    1.138e+00  1.168e+00  1.197e+00
Step    9 : Displace = [0m3.049e-02[0m/[0m7.086e-02[0m (rms/max) Trust = 3.000e-02 (=) Grad = [0m1.741e-03[0m/[0m4.831e-03[0m (rms/max) E (change) = -26.6573205884 ([0m-4.011e-05[0m) Quality = [0m0.581[0m
Along Cartesian-X 19 0.523
Hessian Eigenvalues:  -3.813e-03 -1.032e-03 -1.833e-06  1.723e-06  4.809e-06  1.587e-04  9.591e-04
 2.668e-03  5.156e-03  8.938e-03  9.929e-03  1.519e-02    .....    1.138e+00  1.168e+00  1.197e+00
Step   10 : Displace = [0m3.138e-02[0m/[0m1.028e-01[0m (rms/max) Trust = 3.000e-02 (=) Grad = [0m3.112e-03[0m/[0m8.604e-03[0m (rms/max) E (change) = -26.6574069868 ([0m-8.640e-05[0m) Quality = [0m0.179[0m
Along Cartesian-X 19 0.418
Hessian Eigenvalues:  -4.122e-03 -6.050e-04 -1.824e-06  2.106e-06  4.926e-06  1.921e-04  1.117e-03
 2.852e-03  5.094e-03  8.945e-03  9.931e-03  1.525e-02    .....    1.139e+00  1.168e+00  1.197e+00
Step   11 : Displace = [0m1.444e-02[0m/[0m3.357e-02[0m (rms/max) Trust = 1.500e-02 ([91m-[0m) Grad = [0m1.911e-03[0m/[0m5.540e-03[0m (rms/max) E (change) = -26.6574146357 ([91m-7.649e-06[0m) Quality = [91m-0.805[0m
Along Cartesian-X 19 -0.599
[93mRejecting step - quality is lower than 0.0[0m
Hessian Eigenvalues:  -4.122e-03 -6.050e-04 -1.824e-06  2.106e-06  4.926e-06  1.921e-04  1.117e-03
 2.852e-03  5.094e-03  8.945e-03  9.931e-03  1.525e-02    .....    1.139e+00  1.168e+00  1.197e+00
Step   12 : Displace = [0m7.230e-03[0m/[0m1.596e-02[0m (rms/max) Trust = 7.221e-03 ([1;91mx[0m) Grad = [0m1.218e-03[0m/[0m3.205e-03[0m (rms/max) E (change) = -26.6574951767 ([0m-8.819e-05[0m) Quality = [0m0.642[0m
Along Cartesian-X 19 -0.599
Hessian Eigenvalues:  -1.276e-02 -3.658e-04 -1.823e-06  2.104e-06  4.929e-06  1.935e-04  1.103e-03
 3.795e-03  5.674e-03  8.965e-03  1.029e-02  1.532e-02    .....    1.139e+00  1.168e+00  1.197e+00
Step   13 : Displace = [0m7.524e-03[0m/[0m2.245e-02[0m (rms/max) Trust = 7.221e-03 (=) Grad = [0m1.585e-03[0m/[0m4.923e-03[0m (rms/max) E (change) = -26.6574732598 ([91m+2.192e-05[0m) Quality = [91m-0.190[0m
Along Cartesian-X 19 -0.345
[93mRejecting step - quality is lower than 0.0[0m
Hessian Eigenvalues:  -1.276e-02 -3.658e-04 -1.823e-06  2.104e-06  4.929e-06  1.935e-04  1.103e-03
 3.795e-03  5.674e-03  8.965e-03  1.029e-02  1.532e-02    .....    1.139e+00  1.168e+00  1.197e+00
Step   14 : Displace = [0m3.688e-03[0m/[0m9.642e-03[0m (rms/max) Trust = 3.611e-03 ([1;91mx[0m) Grad = [0m3.860e-04[0m/[0m1.105e-03[0m (rms/max) E (change) = -26.6575046118 ([0m-9.435e-06[0m) Quality = [0m0.516[0m
Along Cartesian-X 19 -0.589
Hessian Eigenvalues:  -1.101e-02 -1.844e-06  1.455e-06  4.724e-06  4.982e-05  3.219e-04  1.452e-03
 4.748e-03  8.902e-03  9.431e-03  1.098e-02  1.520e-02    .....    1.139e+00  1.168e+00  1.197e+00
Step   15 : Displace = [0m3.866e-03[0m/[0m6.757e-03[0m (rms/max) Trust = 3.611e-03 (=) Grad = [0m3.781e-04[0m/[0m1.087e-03[0m (rms/max) E (change) = -26.6574972432 ([91m+7.369e-06[0m) Quality = [91m-9.351[0m
Along Cartesian-X 19 -0.374
[93mRejecting step - quality is lower than 0.0[0m
Hessian Eigenvalues:  -1.101e-02 -1.844e-06  1.455e-06  4.724e-06  4.982e-05  3.219e-04  1.452e-03
 4.748e-03  8.902e-03  9.431e-03  1.098e-02  1.520e-02    .....    1.139e+00  1.168e+00  1.197e+00
Step   16 : Displace = [0m1.881e-03[0m/[0m3.631e-03[0m (rms/max) Trust = 1.805e-03 ([1;91mx[0m) Grad = [0m3.008e-04[0m/[0m9.258e-04[0m (rms/max) E (change) = -26.6575030703 ([91m+1.541e-06[0m) Quality = [91m-2.875[0m
Along Cartesian-X 19 -0.402
[93mRejecting step - quality is lower than 0.0[0m
Hessian Eigenvalues:  -1.101e-02 -1.844e-06  1.455e-06  4.724e-06  4.982e-05  3.219e-04  1.452e-03
 4.748e-03  8.902e-03  9.431e-03  1.098e-02  1.520e-02    .....    1.139e+00  1.168e+00  1.197e+00
Step   17 : Displace = [92m9.232e-04[0m/[0m2.030e-03[0m (rms/max) Trust = 9.027e-04 ([1;91mx[0m) Grad = [92m2.929e-04[0m/[0m9.335e-04[0m (rms/max) E (change) = -26.6575048215 ([92m-2.097e-07[0m) Quality = [0m0.259[0m
Along Cartesian-X 19 -0.412
Hessian Eigenvalues:  -7.200e-03 -6.682e-04 -1.835e-06  1.615e-06  4.742e-06  2.790e-04  2.186e-03
 4.791e-03  9.001e-03  9.283e-03  1.098e-02  1.487e-02    .....    1.139e+00  1.168e+00  1.197e+00
Step   18 : Displace = [92m4.631e-04[0m/[92m8.192e-04[0m (rms/max) Trust = 4.513e-04 ([91m-[0m) Grad = [92m2.757e-04[0m/[0m8.941e-04[0m (rms/max) E (change) = -26.6575041575 ([92m+6.640e-07[0m) Quality = [0m0.954[0m
Along Cartesian-X 19 -0.305
Hessian Eigenvalues:  -2.596e-03 -1.836e-06  1.606e-06  4.738e-06  2.622e-04  4.131e-04  2.945e-03
 4.959e-03  8.854e-03  9.145e-03  1.123e-02  1.558e-02    .....    1.139e+00  1.168e+00  1.197e+00
Step   19 : Displace = [92m6.603e-04[0m/[92m1.377e-03[0m (rms/max) Trust = 6.383e-04 ([92m+[0m) Grad = [92m2.620e-04[0m/[0m8.438e-04[0m (rms/max) E (change) = -26.6575017001 ([0m+2.457e-06[0m) Quality = [0m0.999[0m
Along Cartesian-Z 14 0.301
Hessian Eigenvalues:  -1.670e-03 -1.836e-06  1.599e-06  4.730e-06  2.135e-04  2.941e-04  2.526e-03
 4.979e-03  8.458e-03  9.098e-03  1.107e-02  1.562e-02    .....    1.139e+00  1.168e+00  1.197e+00
Step   20 : Displace = [92m9.330e-04[0m/[0m2.031e-03[0m (rms/max) Trust = 9.027e-04 ([92m+[0m) Grad = [92m2.500e-04[0m/[0m7.798e-04[0m (rms/max) E (change) = -26.6574984454 ([0m+3.255e-06[0m) Quality = [0m0.996[0m
Along Cartesian-Y 16 0.259
Hessian Eigenvalues:  -8.223e-04 -1.836e-06  1.533e-06  4.761e-06  9.631e-05  2.815e-04  2.092e-03
 4.991e-03  8.139e-03  9.085e-03  1.089e-02  1.582e-02    .....    1.139e+00  1.168e+00  1.197e+00
Step   21 : Displace = [0m1.281e-03[0m/[0m2.775e-03[0m (rms/max) Trust = 1.277e-03 ([92m+[0m) Grad = [92m2.437e-04[0m/[0m7.105e-04[0m (rms/max) E (change) = -26.6574927453 ([0m+5.700e-06[0m) Quality = [0m0.988[0m
Along Cartesian-Y 16 0.343
Hessian Eigenvalues:  -5.659e-04 -1.831e-06  1.568e-06  4.742e-06  1.275e-04  2.791e-04  1.599e-03
 5.026e-03  7.634e-03  9.082e-03  1.078e-02  1.583e-02    .....    1.139e+00  1.168e+00  1.197e+00
Step   22 : Displace = [0m1.843e-03[0m/[0m3.946e-03[0m (rms/max) Trust = 1.805e-03 ([92m+[0m) Grad = [92m2.450e-04[0m/[0m6.502e-04[0m (rms/max) E (change) = -26.6574853734 ([0m+7.372e-06[0m) Quality = [0m0.956[0m
Along Cartesian-X 12 -0.311
Hessian Eigenvalues:  -6.569e-04 -1.831e-06  1.912e-06  4.766e-06  2.349e-04  2.832e-04  1.339e-03
 5.020e-03  7.272e-03  9.076e-03  1.072e-02  1.588e-02    .....    1.139e+00  1.168e+00  1.197e+00
Step   23 : Displace = [0m2.524e-03[0m/[0m4.280e-03[0m (rms/max) Trust = 2.553e-03 ([92m+[0m) Grad = [92m2.673e-04[0m/[0m6.318e-04[0m (rms/max) E (change) = -26.6574769422 ([0m+8.431e-06[0m) Quality = [0m0.852[0m
Along Cartesian-X 15 0.302
Hessian Eigenvalues:  -2.920e-04 -1.832e-06  1.908e-06  4.742e-06  2.256e-04  2.748e-04  7.905e-04
 5.025e-03  7.074e-03  9.081e-03  1.070e-02  1.589e-02    .....    1.139e+00  1.168e+00  1.197e+00
Step   24 : Displace = [0m3.286e-03[0m/[0m9.030e-03[0m (rms/max) Trust = 3.611e-03 ([92m+[0m) Grad = [0m3.602e-04[0m/[0m7.407e-04[0m (rms/max) E (change) = -26.6574928622 ([0m-1.592e-05[0m) Quality = [0m0.882[0m
Along Cartesian-X 11 -0.328
Hessian Eigenvalues:  -3.017e-04 -1.832e-06  1.923e-06  4.725e-06  2.358e-04  2.681e-04  5.588e-04
 5.068e-03  6.970e-03  9.078e-03  1.072e-02  1.595e-02    .....    1.139e+00  1.168e+00  1.197e+00
Step   25 : Displace = [0m5.084e-03[0m/[0m1.438e-02[0m (rms/max) Trust = 5.106e-03 ([92m+[0m) Grad = [0m3.522e-04[0m/[0m7.396e-04[0m (rms/max) E (change) = -26.6575343096 ([0m-4.145e-05[0m) Quality = [0m0.926[0m
Along Cartesian-X 19 0.431
Hessian Eigenvalues:  -8.347e-04 -1.831e-06  1.932e-06  4.827e-06  2.497e-04  2.880e-04  5.323e-04
 5.060e-03  6.891e-03  9.086e-03  1.071e-02  1.598e-02    .....    1.139e+00  1.168e+00  1.197e+00
Step   26 : Displace = [0m7.320e-03[0m/[0m2.126e-02[0m (rms/max) Trust = 7.221e-03 ([92m+[0m) Grad = [0m8.070e-04[0m/[0m2.114e-03[0m (rms/max) E (change) = -26.6574727041 ([0m+6.161e-05[0m) Quality = [0m0.705[0m
Along Cartesian-X 11 0.379
Hessian Eigenvalues:  -7.749e-04 -1.830e-06  1.936e-06  4.820e-06  2.690e-04  3.279e-04  5.672e-04
 5.056e-03  6.858e-03  9.104e-03  1.072e-02  1.599e-02    .....    1.139e+00  1.168e+00  1.197e+00
Step   27 : Displace = [0m7.198e-03[0m/[0m1.937e-02[0m (rms/max) Trust = 7.221e-03 (=) Grad = [0m4.422e-04[0m/[0m1.153e-03[0m (rms/max) E (change) = -26.6574466920 ([91m+2.601e-05[0m) Quality = [91m-0.275[0m
Along Cartesian-X 19 -0.312
[93mRejecting step - quality is lower than 0.0[0m
Hessian Eigenvalues:  -7.749e-04 -1.830e-06  1.936e-06  4.820e-06  2.690e-04  3.279e-04  5.672e-04
 5.056e-03  6.858e-03  9.104e-03  1.072e-02  1.599e-02    .....    1.139e+00  1.168e+00  1.197e+00
Step   28 : Displace = [0m3.492e-03[0m/[0m8.991e-03[0m (rms/max) Trust = 3.599e-03 ([1;91mx[0m) Grad = [92m2.809e-04[0m/[0m6.937e-04[0m (rms/max) E (change) = -26.6574695386 ([91m+3.166e-06[0m) Quality = [91m-1.282[0m
Along Cartesian-X 19 -0.325
[93mRejecting step - quality is lower than 0.0[0m
Hessian Eigenvalues:  -7.749e-04 -1.830e-06  1.936e-06  4.820e-06  2.690e-04  3.279e-04  5.672e-04
 5.056e-03  6.858e-03  9.104e-03  1.072e-02  1.599e-02    .....    1.139e+00  1.168e+00  1.197e+00
Step   29 : Displace = [0m1.704e-03[0m/[0m4.059e-03[0m (rms/max) Trust = 1.746e-03 ([1;91mx[0m) Grad = [92m2.353e-04[0m/[0m6.301e-04[0m (rms/max) E (change) = -26.6574763730 ([0m-3.669e-06[0m) Quality = [0m0.646[0m
Along Cartesian-X 19 -0.372
Hessian Eigenvalues:  -5.231e-03 -1.830e-06  1.933e-06  4.823e-06  2.689e-04  3.351e-04  2.598e-03
 5.104e-03  7.190e-03  9.767e-03  1.137e-02  1.624e-02    .....    1.139e+00  1.169e+00  1.197e+00
Step   30 : Displace = [0m1.820e-03[0m/[0m4.894e-03[0m (rms/max) Trust = 1.746e-03 (=) Grad = [92m2.554e-04[0m/[0m6.134e-04[0m (rms/max) E (change) = -26.6574910122 ([0m-1.464e-05[0m) Quality = [0m0.987[0m
Along Cartesian-Y 16 -0.426
Hessian Eigenvalues:  -3.305e-03 -1.115e-03 -1.818e-06  2.021e-06  4.867e-06  2.705e-04  3.364e-04
 5.271e-03  7.203e-03  9.782e-03  1.137e-02  1.633e-02    .....    1.139e+00  1.169e+00  1.197e+00
Step   31 : Displace = [0m2.548e-03[0m/[0m8.509e-03[0m (rms/max) Trust = 2.469e-03 ([92m+[0m) Grad = [92m2.823e-04[0m/[0m6.755e-04[0m (rms/max) E (change) = -26.6574727041 ([0m+1.831e-05[0m) Quality = [0m0.722[0m
Along Cartesian-X 19 -0.531
Hessian Eigenvalues:  -2.303e-03 -1.850e-06  1.724e-06  4.515e-06  8.853e-05  2.996e-04  3.362e-04
 5.176e-03  7.219e-03  9.806e-03  1.138e-02  1.644e-02    .....    1.139e+00  1.169e+00  1.198e+00
Step   32 : Displace = [0m2.354e-03[0m/[0m6.398e-03[0m (rms/max) Trust = 2.469e-03 (=) Grad = [92m2.265e-04[0m/[0m5.976e-04[0m (rms/max) E (change) = -26.6574595864 ([0m+1.312e-05[0m) Quality = [0m0.998[0m
Along Cartesian-X 11 -0.362
Hessian Eigenvalues:  -2.229e-03 -1.827e-06  1.401e-06  4.623e-06  1.377e-04  3.265e-04  3.769e-04
 5.102e-03  7.210e-03  9.819e-03  1.137e-02  1.644e-02    .....    1.139e+00  1.169e+00  1.198e+00
Step   33 : Displace = [0m3.774e-03[0m/[0m1.072e-02[0m (rms/max) Trust = 3.492e-03 ([92m+[0m) Grad = [92m2.009e-04[0m/[0m5.131e-04[0m (rms/max) E (change) = -26.6574365409 ([0m+2.305e-05[0m) Quality = [0m0.972[0m
Along Cartesian-X 11 -0.352
Hessian Eigenvalues:  -2.081e-03 -1.824e-06  2.158e-06  4.818e-06  2.627e-04  3.257e-04  6.349e-04
 4.916e-03  7.188e-03  9.822e-03  1.138e-02  1.643e-02    .....    1.139e+00  1.169e+00  1.198e+00
Step   34 : Displace = [0m4.903e-03[0m/[0m1.490e-02[0m (rms/max) Trust = 4.938e-03 ([92m+[0m) Grad = [92m2.082e-04[0m/[0m5.499e-04[0m (rms/max) E (change) = -26.6574106773 ([0m+2.586e-05[0m) Quality = [0m0.976[0m
Along Cartesian-X 19 -0.432
Hessian Eigenvalues:  -1.839e-03 -1.840e-06  2.036e-06  4.814e-06  2.148e-04  2.655e-04  4.323e-04
 4.934e-03  7.156e-03  9.839e-03  1.138e-02  1.648e-02    .....    1.139e+00  1.169e+00  1.198e+00
Step   35 : Displace = [0m7.116e-03[0m/[0m2.074e-02[0m (rms/max) Trust = 6.984e-03 ([92m+[0m) Grad = [92m2.487e-04[0m/[0m5.340e-04[0m (rms/max) E (change) = -26.6573722894 ([0m+3.839e-05[0m) Quality = [0m0.929[0m
Along Cartesian-X 11 -0.298
Hessian Eigenvalues:  -1.844e-03 -1.824e-06  2.180e-06  4.828e-06  2.643e-04  3.062e-04  5.022e-04
 4.922e-03  7.145e-03  9.850e-03  1.139e-02  1.649e-02    .....    1.139e+00  1.169e+00  1.198e+00
Step   36 : Displace = [0m9.549e-03[0m/[0m2.867e-02[0m (rms/max) Trust = 9.877e-03 ([92m+[0m) Grad = [92m2.169e-04[0m/[0m6.278e-04[0m (rms/max) E (change) = -26.6573304570 ([0m+4.183e-05[0m) Quality = [0m0.935[0m
Along Cartesian-X 19 -0.329
Hessian Eigenvalues:  -1.404e-03 -1.551e-05 -1.566e-06  3.256e-06  6.110e-06  2.659e-04  3.915e-04
 4.965e-03  7.143e-03  9.887e-03  1.139e-02  1.652e-02    .....    1.139e+00  1.169e+00  1.198e+00
Step   37 : Displace = [0m1.461e-02[0m/[0m3.932e-02[0m (rms/max) Trust = 1.397e-02 ([92m+[0m) Grad = [0m5.476e-04[0m/[0m1.188e-03[0m (rms/max) E (change) = -26.6572805338 ([0m+4.992e-05[0m) Quality = [0m0.368[0m
Along Cartesian-X 11 -0.317
Hessian Eigenvalues:  -1.637e-03 -1.843e-06  2.169e-06  4.768e-06  2.621e-04  3.405e-04  4.486e-04
 4.972e-03  7.147e-03  9.894e-03  1.139e-02  1.652e-02    .....    1.139e+00  1.169e+00  1.198e+00
Step   38 : Displace = [0m7.046e-03[0m/[0m2.227e-02[0m (rms/max) Trust = 6.984e-03 ([91m-[0m) Grad = [0m3.415e-04[0m/[0m1.044e-03[0m (rms/max) E (change) = -26.6572718196 ([91m+8.714e-06[0m) Quality = [91m-6.486[0m
Along Cartesian-X 19 -0.598
[93mRejecting step - quality is lower than 0.0[0m
Hessian Eigenvalues:  -1.637e-03 -1.843e-06  2.169e-06  4.768e-06  2.621e-04  3.405e-04  4.486e-04
 4.972e-03  7.147e-03  9.894e-03  1.139e-02  1.652e-02    .....    1.139e+00  1.169e+00  1.198e+00
Step   39 : Displace = [0m3.520e-03[0m/[0m1.094e-02[0m (rms/max) Trust = 3.492e-03 ([1;91mx[0m) Grad = [92m1.841e-04[0m/[0m5.531e-04[0m (rms/max) E (change) = -26.6572797695 ([92m+7.643e-07[0m) Quality = [91m-0.294[0m
Along Cartesian-X 19 -0.623
[93mNot rejecting step - energy change meets convergence criteria[0m
Hessian Eigenvalues:  -4.286e-03 -1.847e-06  2.179e-06  4.745e-06  2.614e-04  3.591e-04  7.802e-04
 5.065e-03  7.096e-03  1.012e-02  1.139e-02  1.677e-02    .....    1.139e+00  1.169e+00  1.198e+00
Step   40 : Displace = [0m1.679e-03[0m/[0m4.188e-03[0m (rms/max) Trust = 1.746e-03 ([91m-[0m) Grad = [0m3.048e-04[0m/[0m7.931e-04[0m (rms/max) E (change) = -26.6572813403 ([0m-1.571e-06[0m) Quality = [0m0.302[0m
Along Cartesian-X 11 -0.364
Poor-quality step dominated by net translation/rotation detected; will project out net forces and torques past this point.
Hessian Eigenvalues:  -3.406e-03 -7.364e-05 -1.574e-06  2.408e-06  7.808e-06  2.814e-04  3.606e-04
 5.067e-03  7.055e-03  1.010e-02  1.139e-02  1.674e-02    .....    1.139e+00  1.169e+00  1.198e+00
Step   41 : Displace = [92m8.400e-04[0m/[0m2.267e-03[0m (rms/max) Trust = 8.393e-04 ([91m-[0m) Grad = [92m7.922e-05[0m/[92m1.816e-04[0m (rms/max) E (change) = -26.6572818462 ([92m-5.059e-07[0m) Quality = [0m0.887[0m
Along Cartesian-X 19 -0.590
Hessian Eigenvalues:  -2.362e-03 -1.638e-06  2.157e-06  7.304e-06  3.862e-05  3.407e-04  3.630e-04
 5.224e-03  7.233e-03  1.007e-02  1.138e-02  1.661e-02    .....    1.139e+00  1.169e+00  1.198e+00
Step   42 : Displace = [0m1.281e-03[0m/[0m3.137e-03[0m (rms/max) Trust = 1.187e-03 ([92m+[0m) Grad = [92m6.026e-05[0m/[92m1.602e-04[0m (rms/max) E (change) = -26.6572806588 ([0m+1.187e-06[0m) Quality = [0m0.950[0m
Along Cartesian-X 19 -0.530
Hessian Eigenvalues:  -3.037e-04 -2.336e-06  6.529e-07  6.319e-06  1.112e-04  3.326e-04  5.772e-04
 5.087e-03  6.254e-03  9.853e-03  1.136e-02  1.629e-02    .....    1.139e+00  1.169e+00  1.199e+00
Step   43 : Displace = [0m1.701e-03[0m/[0m4.826e-03[0m (rms/max) Trust = 1.679e-03 ([92m+[0m) Grad = [92m8.705e-05[0m/[92m1.927e-04[0m (rms/max) E (change) = -26.6572835704 ([0m-2.912e-06[0m) Quality = [0m0.830[0m
Along Cartesian-X 19 0.325
Hessian Eigenvalues:  -1.839e-04 -1.751e-06  1.780e-06  7.272e-06  1.013e-04  2.687e-04  3.961e-04
 5.043e-03  6.130e-03  9.829e-03  1.135e-02  1.627e-02    .....    1.139e+00  1.169e+00  1.199e+00
Step   44 : Displace = [0m2.522e-03[0m/[0m5.987e-03[0m (rms/max) Trust = 2.374e-03 ([92m+[0m) Grad = [0m4.067e-04[0m/[0m1.068e-03[0m (rms/max) E (change) = -26.6572759890 ([0m+7.581e-06[0m) Quality = [0m0.479[0m
Along Cartesian-X 12 0.305
Hessian Eigenvalues:  -1.711e-04 -1.700e-06  1.952e-06  7.483e-06  1.440e-04  2.306e-04  3.874e-04
 5.044e-03  6.126e-03  9.828e-03  1.135e-02  1.627e-02    .....    1.139e+00  1.169e+00  1.199e+00
Step   45 : Displace = [0m1.209e-03[0m/[0m3.264e-03[0m (rms/max) Trust = 1.187e-03 ([91m-[0m) Grad = [92m8.735e-05[0m/[92m2.045e-04[0m (rms/max) E (change) = -26.6572779608 ([0m-1.972e-06[0m) Quality = [0m0.759[0m
Along Cartesian-X 19 -0.370
Hessian Eigenvalues:  -4.355e-03 -1.689e-06  1.964e-06  7.485e-06  2.019e-04  3.202e-04  9.429e-04
 5.267e-03  6.287e-03  9.793e-03  1.136e-02  1.606e-02    .....    1.139e+00  1.169e+00  1.199e+00
Step   46 : Displace = [0m1.666e-03[0m/[0m4.766e-03[0m (rms/max) Trust = 1.679e-03 ([92m+[0m) Grad = [92m8.116e-05[0m/[92m1.768e-04[0m (rms/max) E (change) = -26.6572811797 ([0m-3.219e-06[0m) Quality = [0m0.847[0m
Along Cartesian-X 19 0.671
Hessian Eigenvalues:  -4.338e-03 -1.607e-03 -1.623e-06  2.806e-06  1.010e-05  2.449e-04  4.105e-04
 4.870e-03  5.349e-03  9.725e-03  1.128e-02  1.539e-02    .....    1.139e+00  1.169e+00  1.199e+00
Step   47 : Displace = [0m2.176e-03[0m/[0m5.822e-03[0m (rms/max) Trust = 2.374e-03 ([92m+[0m) Grad = [92m8.582e-05[0m/[92m1.987e-04[0m (rms/max) E (change) = -26.6572857801 ([0m-4.600e-06[0m) Quality = [0m0.971[0m
Along Cartesian-X 19 0.446
Hessian Eigenvalues:  -4.553e-03 -7.342e-04 -1.649e-06  2.893e-06  8.684e-06  2.464e-04  4.141e-04
 4.870e-03  5.363e-03  9.717e-03  1.128e-02  1.537e-02    .....    1.140e+00  1.169e+00  1.199e+00
Step   48 : Displace = [0m3.326e-03[0m/[0m7.132e-03[0m (rms/max) Trust = 3.357e-03 ([92m+[0m) Grad = [92m2.313e-04[0m/[0m7.155e-04[0m (rms/max) E (change) = -26.6572906562 ([0m-4.876e-06[0m) Quality = [0m0.479[0m
Along Cartesian-X 12 0.341
Hessian Eigenvalues:  -4.038e-03 -1.654e-06  2.291e-06  7.742e-06  7.445e-05  2.470e-04  4.119e-04
 4.962e-03  5.372e-03  9.720e-03  1.129e-02  1.540e-02    .....    1.140e+00  1.169e+00  1.199e+00
Step   49 : Displace = [0m1.675e-03[0m/[0m4.580e-03[0m (rms/max) Trust = 1.663e-03 ([91m-[0m) Grad = [92m7.145e-05[0m/[92m2.341e-04[0m (rms/max) E (change) = -26.6572881191 ([0m+2.537e-06[0m) Quality = [0m0.983[0m
Along Cartesian-X 19 -0.563
Hessian Eigenvalues:  -4.510e-03 -1.650e-06  2.294e-06  7.928e-06  6.940e-05  2.464e-04  4.154e-04
 5.081e-03  5.391e-03  9.733e-03  1.128e-02  1.544e-02    .....    1.140e+00  1.169e+00  1.199e+00
Step   50 : Displace = [0m2.388e-03[0m/[0m6.757e-03[0m (rms/max) Trust = 2.352e-03 ([92m+[0m) Grad = [92m1.087e-04[0m/[92m3.241e-04[0m (rms/max) E (change) = -26.6572830165 ([0m+5.103e-06[0m) Quality = [0m0.830[0m
Along Cartesian-X 19 -0.532
Hessian Eigenvalues:  -1.896e-03 -7.088e-04 -1.596e-06  2.386e-06  8.439e-06  1.993e-04  4.149e-04
 5.081e-03  5.393e-03  9.736e-03  1.125e-02  1.543e-02    .....    1.140e+00  1.169e+00  1.199e+00
Step   51 : Displace = [0m3.149e-03[0m/[0m8.804e-03[0m (rms/max) Trust = 3.326e-03 ([92m+[0m) Grad = [0m6.411e-04[0m/[0m2.158e-03[0m (rms/max) E (change) = -26.6572829816 ([92m+3.491e-08[0m) Quality = [91m-0.001[0m
Along Cartesian-X 11 -0.347
[93mNot rejecting step - energy change meets convergence criteria[0m
Hessian Eigenvalues:  -1.805e-03 -1.156e-05 -1.574e-06  2.409e-06  8.458e-06  1.999e-04  4.150e-04
 5.082e-03  5.395e-03  9.736e-03  1.125e-02  1.543e-02    .....    1.140e+00  1.169e+00  1.199e+00
Step   52 : Displace = [0m1.599e-03[0m/[0m4.490e-03[0m (rms/max) Trust = 1.574e-03 ([91m-[0m) Grad = [92m8.084e-05[0m/[92m2.182e-04[0m (rms/max) E (change) = -26.6572861591 ([0m-3.177e-06[0m) Quality = [0m0.855[0m
Along Cartesian-Y 18 -0.499
Hessian Eigenvalues:  -1.145e-02 -9.556e-06 -1.576e-06  2.407e-06  8.509e-06  2.053e-04  4.155e-04
 5.086e-03  5.499e-03  9.740e-03  1.127e-02  1.554e-02    .....    1.140e+00  1.169e+00  1.199e+00
Step   53 : Displace = [0m2.014e-03[0m/[0m4.705e-03[0m (rms/max) Trust = 2.227e-03 ([92m+[0m) Grad = [92m1.981e-04[0m/[0m5.309e-04[0m (rms/max) E (change) = -26.6572881181 ([0m-1.959e-06[0m) Quality = [0m0.294[0m
Along Cartesian-X 11 0.363
Hessian Eigenvalues:  -1.140e-02 -3.039e-06 -2.487e-07  2.380e-06  1.312e-05  2.051e-04  4.154e-04
 5.086e-03  5.501e-03  9.740e-03  1.127e-02  1.554e-02    .....    1.140e+00  1.169e+00  1.199e+00
Step   54 : Displace = [92m1.017e-03[0m/[0m2.843e-03[0m (rms/max) Trust = 1.007e-03 ([91m-[0m) Grad = [92m8.046e-05[0m/[92m2.559e-04[0m (rms/max) E (change) = -26.6572871365 ([92m+9.815e-07[0m) Quality = [0m0.969[0m
Along Cartesian-X 19 -0.498
Hessian Eigenvalues:  -4.273e-03 -3.411e-06 -9.476e-07  2.369e-06  4.036e-05  2.066e-04  4.284e-04
 5.095e-03  5.630e-03  9.731e-03  1.125e-02  1.543e-02    .....    1.140e+00  1.169e+00  1.199e+00
Step   55 : Displace = [0m1.420e-03[0m/[0m3.404e-03[0m (rms/max) Trust = 1.424e-03 ([92m+[0m) Grad = [92m7.092e-05[0m/[92m2.086e-04[0m (rms/max) E (change) = -26.6572846540 ([0m+2.483e-06[0m) Quality = [0m0.936[0m
Along Cartesian-X 19 -0.602
Hessian Eigenvalues:  -9.334e-04 -7.152e-05 -2.340e-06  3.956e-07  2.874e-06  2.108e-04  3.864e-04
 5.122e-03  5.638e-03  9.732e-03  1.113e-02  1.540e-02    .....    1.140e+00  1.169e+00  1.200e+00
Step   56 : Displace = [0m2.172e-03[0m/[0m6.012e-03[0m (rms/max) Trust = 2.014e-03 ([92m+[0m) Grad = [92m1.055e-04[0m/[92m2.879e-04[0m (rms/max) E (change) = -26.6572801920 ([0m+4.462e-06[0m) Quality = [0m0.914[0m
Along Cartesian-X 15 0.304
Hessian Eigenvalues:  -6.881e-04 -1.886e-05 -2.131e-06  1.926e-06  2.761e-06  2.049e-04  3.869e-04
 5.122e-03  5.617e-03  9.732e-03  1.112e-02  1.540e-02    .....    1.140e+00  1.169e+00  1.200e+00
Step   57 : Displace = [0m2.865e-03[0m/[0m7.761e-03[0m (rms/max) Trust = 2.848e-03 ([92m+[0m) Grad = [92m6.336e-05[0m/[92m1.475e-04[0m (rms/max) E (change) = -26.6572753564 ([0m+4.836e-06[0m) Quality = [0m0.978[0m
Along Cartesian-X 18 0.393
Hessian Eigenvalues:  -1.195e-03 -2.282e-06  1.034e-06  2.213e-06  1.739e-04  2.222e-04  3.840e-04
 5.122e-03  5.580e-03  9.733e-03  1.114e-02  1.541e-02    .....    1.140e+00  1.169e+00  1.200e+00
Step   58 : Displace = [0m4.135e-03[0m/[0m1.175e-02[0m (rms/max) Trust = 4.028e-03 ([92m+[0m) Grad = [92m8.584e-05[0m/[92m2.382e-04[0m (rms/max) E (change) = -26.6572697735 ([0m+5.583e-06[0m) Quality = [0m0.977[0m
Along Cartesian-X 18 0.375
Hessian Eigenvalues:  -1.128e-03 -2.282e-06  1.041e-06  2.223e-06  1.824e-04  1.983e-04  3.823e-04
 5.131e-03  5.570e-03  9.733e-03  1.114e-02  1.542e-02    .....    1.140e+00  1.169e+00  1.200e+00
Step   59 : Displace = [0m5.386e-03[0m/[0m1.521e-02[0m (rms/max) Trust = 5.696e-03 ([92m+[0m) Grad = [92m4.546e-05[0m/[92m1.397e-04[0m (rms/max) E (change) = -26.6572651556 ([0m+4.618e-06[0m) Quality = [0m0.974[0m
Along Cartesian-X 18 0.353
Hessian Eigenvalues:  -1.205e-03 -2.289e-06  1.040e-06  2.229e-06  1.816e-04  2.861e-04  3.816e-04
 5.127e-03  5.580e-03  9.733e-03  1.113e-02  1.542e-02    .....    1.140e+00  1.169e+00  1.200e+00
Step   60 : Displace = [0m6.336e-03[0m/[0m1.913e-02[0m (rms/max) Trust = 8.056e-03 ([92m+[0m) Grad = [92m7.217e-05[0m/[92m1.990e-04[0m (rms/max) E (change) = -26.6572631804 ([0m+1.975e-06[0m) Quality = [0m0.875[0m
Along Cartesian-X 18 0.329
Hessian Eigenvalues:  -1.060e-03 -2.291e-06  1.040e-06  2.227e-06  1.458e-04  1.970e-04  3.822e-04
 5.125e-03  5.581e-03  9.733e-03  1.114e-02  1.542e-02    .....    1.140e+00  1.169e+00  1.200e+00
Step   61 : Displace = [0m1.237e-03[0m/[0m2.184e-03[0m (rms/max) Trust = 1.139e-02 ([92m+[0m) Grad = [92m1.183e-04[0m/[92m3.545e-04[0m (rms/max) E (change) = -26.6572630001 ([92m+1.803e-07[0m) Quality = [91m-0.754[0m
Along Cartesian-Z 12 0.288
[93mNot rejecting step - energy change meets convergence criteria[0m
Hessian Eigenvalues:  -1.305e-03 -2.312e-06  8.555e-07  2.120e-06  1.345e-04  3.299e-04  4.046e-04
 5.147e-03  5.608e-03  9.733e-03  1.114e-02  1.542e-02    .....    1.140e+00  1.169e+00  1.200e+00
Step   62 : Displace = [92m6.587e-04[0m/[92m1.792e-03[0m (rms/max) Trust = 6.186e-04 ([91m-[0m) Grad = [92m2.094e-05[0m/[92m5.700e-05[0m (rms/max) E (change) = -26.6572632388 ([92m-2.387e-07[0m) Quality = [0m0.799[0m
Along Cartesian-X 18 -0.378
Hessian Eigenvalues:  -1.305e-03 -2.312e-06  8.555e-07  2.120e-06  1.345e-04  3.299e-04  4.046e-04
 5.147e-03  5.608e-03  9.733e-03  1.114e-02  1.542e-02    .....    1.140e+00  1.169e+00  1.200e+00
Converged! =D
Backing up $CAMPAIGN\phase04\20260910T181601\tsopt_postaudit_20260911T002059\ts.tmp\hessian\coords.xyz -> $CAMPAIGN\phase04\20260910T181601\tsopt_postaudit_20260911T002059\ts.tmp\hessian\coords_1.xyz
Backing up $CAMPAIGN\phase04\20260910T181601\tsopt_postaudit_20260911T002059\ts.tmp\hessian\hessian.txt -> $CAMPAIGN\phase04\20260910T181601\tsopt_postaudit_20260911T002059\ts.tmp\hessian\hessian_1.txt
Calculating Cartesian Hessian using finite difference on Cartesian gradients (114 grads total)
0 / 114 gradient calculations complete
copy_scratch not implemented for this engine
copy_scratch not implemented for this engine
copy_scratch not implemented for this engine
copy_scratch not implemented for this engine
copy_scratch not implemented for this engine
copy_scratch not implemented for this engine
copy_scratch not implemented for this engine
copy_scratch not implemented for this engine
copy_scratch not implemented for this engine
copy_scratch not implemented for this engine
10 / 114 gradient calculations complete
copy_scratch not implemented for this engine
copy_scratch not implemented for this engine
copy_scratch not implemented for this engine
copy_scratch not implemented for this engine
copy_scratch not implemented for this engine
copy_scratch not implemented for this engine
copy_scratch not implemented for this engine
copy_scratch not implemented for this engine
copy_scratch not implemented for this engine
copy_scratch not implemented for this engine
20 / 114 gradient calculations complete
copy_scratch not implemented for this engine
copy_scratch not implemented for this engine
copy_scratch not implemented for this engine
copy_scratch not implemented for this engine
copy_scratch not implemented for this engine
copy_scratch not implemented for this engine
copy_scratch not implemented for this engine
copy_scratch not implemented for this engine
copy_scratch not implemented for this engine
copy_scratch not implemented for this engine
30 / 114 gradient calculations complete
copy_scratch not implemented for this engine
copy_scratch not implemented for this engine
copy_scratch not implemented for this engine
copy_scratch not implemented for this engine
copy_scratch not implemented for this engine
copy_scratch not implemented for this engine
copy_scratch not implemented for this engine
copy_scratch not implemented for this engine
copy_scratch not implemented for this engine
copy_scratch not implemented for this engine
40 / 114 gradient calculations complete
copy_scratch not implemented for this engine
copy_scratch not implemented for this engine
copy_scratch not implemented for this engine
copy_scratch not implemented for this engine
copy_scratch not implemented for this engine
copy_scratch not implemented for this engine
copy_scratch not implemented for this engine
copy_scratch not implemented for this engine
copy_scratch not implemented for this engine
copy_scratch not implemented for this engine
50 / 114 gradient calculations complete
copy_scratch not implemented for this engine
copy_scratch not implemented for this engine
copy_scratch not implemented for this engine
copy_scratch not implemented for this engine
copy_scratch not implemented for this engine
copy_scratch not implemented for this engine
copy_scratch not implemented for this engine
copy_scratch not implemented for this engine
copy_scratch not implemented for this engine
copy_scratch not implemented for this engine
60 / 114 gradient calculations complete
copy_scratch not implemented for this engine
copy_scratch not implemented for this engine
copy_scratch not implemented for this engine
copy_scratch not implemented for this engine
copy_scratch not implemented for this engine
copy_scratch not implemented for this engine
copy_scratch not implemented for this engine
copy_scratch not implemented for this engine
copy_scratch not implemented for this engine
copy_scratch not implemented for this engine
70 / 114 gradient calculations complete
copy_scratch not implemented for this engine
copy_scratch not implemented for this engine
copy_scratch not implemented for this engine
copy_scratch not implemented for this engine
copy_scratch not implemented for this engine
copy_scratch not implemented for this engine
copy_scratch not implemented for this engine
copy_scratch not implemented for this engine
copy_scratch not implemented for this engine
copy_scratch not implemented for this engine
80 / 114 gradient calculations complete
copy_scratch not implemented for this engine
copy_scratch not implemented for this engine
copy_scratch not implemented for this engine
copy_scratch not implemented for this engine
copy_scratch not implemented for this engine
copy_scratch not implemented for this engine
copy_scratch not implemented for this engine
copy_scratch not implemented for this engine
copy_scratch not implemented for this engine
copy_scratch not implemented for this engine
90 / 114 gradient calculations complete
copy_scratch not implemented for this engine
copy_scratch not implemented for this engine
copy_scratch not implemented for this engine
copy_scratch not implemented for this engine
copy_scratch not implemented for this engine
copy_scratch not implemented for this engine
copy_scratch not implemented for this engine
copy_scratch not implemented for this engine
copy_scratch not implemented for this engine
copy_scratch not implemented for this engine
100 / 114 gradient calculations complete
copy_scratch not implemented for this engine
copy_scratch not implemented for this engine
copy_scratch not implemented for this engine
copy_scratch not implemented for this engine
copy_scratch not implemented for this engine
copy_scratch not implemented for this engine
copy_scratch not implemented for this engine
copy_scratch not implemented for this engine
copy_scratch not implemented for this engine
copy_scratch not implemented for this engine
110 / 114 gradient calculations complete
copy_scratch not implemented for this engine
copy_scratch not implemented for this engine
copy_scratch not implemented for this engine
copy_scratch not implemented for this engine
114 / 114 gradient calculations complete

== Summary of harmonic free energy analysis ==
Note: Rotational symmetry is set to 1 regardless of true symmetry
1 Imaginary Frequencies (cm^-1): 146.660i
Note: Free energy does not include contribution from imaginary mode(s)

Free energy contributions calculated at @ 300.00 K:
Zero-point vibrational energy:                                   92.6160 kcal/mol 
H   (Trans + Rot + Vib = Tot):   1.4904 +   0.8942 +   3.2624 =   5.6471 kcal/mol 
S   (Trans + Rot + Vib = Tot):  40.5838 +  29.0958 +  16.7554 =  86.4350 cal/mol/K
TS  (Trans + Rot + Vib = Tot):  12.1751 +   8.7287 +   5.0266 =  25.9305 kcal/mol 

Ground State Electronic Energy    : E0                        =   -26.65726324 au (    -16727.6852 kcal/mol)
Free Energy Correction (Harmonic) : ZPVE + [H-TS]_T,R,V       =     0.11526924 au (        72.3325 kcal/mol)
Gibbs Free Energy (Harmonic)      : E0 + ZPVE + [H-TS]_T,R,V  =   -26.54199400 au (    -16655.3527 kcal/mol)

Vibrational analysis written to $CAMPAIGN\phase04\20260910T181601\tsopt_postaudit_20260911T002059\ts.vdata_last

    #==========================================================================#
    #| If this code has benefited your research, please support us by citing: |#
    #|                                                                        |#
    #| Wang, L.-P.; Song, C.C. (2016) "Geometry optimization made simple with |#
    #| translation and rotation coordinates", J. Chem, Phys. 144, 214108.     |#
    #| http://dx.doi.org/10.1063/1.4952956                                    |#
    #==========================================================================#
    Time elapsed since start of run_optimizer: 21.854 seconds
