Molecule has no symmetry elements
It seems to be the C1 point group
      -----------------------------------------------------------
     |                   =====================                   |
     |                        T H E R M O                        |
     |                   =====================                   |
     |                         S. Ehlert                         |
     |          Mulliken Center for Theoretical Chemistry        |
     |                    University of Bonn                     |
      -----------------------------------------------------------

   * xtb-thermo version 6.7.1 (edcfbbe) compiled by 'VssAdministrator@runnervm171ch' on 2026-06-10

 * started run on 2026/09/10 at 23:26:53.124     
eigval :       -0.02    -0.02    -0.01     0.01     0.02     0.03
eigval :       23.40    29.90    48.83    82.47    98.36   127.63
eigval :      151.56   164.43   182.59   233.26   278.20   342.68
eigval :      353.67   370.53   378.40   404.39   447.21   459.47
eigval :      478.43   498.61   513.36   560.91   577.00   590.56
eigval :      600.56   652.16   656.62   666.56   724.04   753.50
eigval :      756.31   799.87   820.73   831.73   860.08   866.54
eigval :      870.79   880.48   882.48   910.41   917.80   922.13
eigval :      925.34   928.11   928.57   977.82  1000.11  1027.72
eigval :     1076.35  1080.51  1103.38  1117.35  1145.56  1176.41
eigval :     1178.66  1180.50  1191.44  1205.85  1228.04  1252.96
eigval :     1261.58  1269.70  1280.45  1316.82  1329.70  1364.73
eigval :     1380.06  1398.63  1424.70  1433.72  1448.08  1454.76
eigval :     1463.48  1466.72  1500.07  1559.05  1568.71  1593.33
eigval :     1597.40  1608.11  1703.68  3006.59  3027.64  3057.00
eigval :     3059.36  3063.65  3065.62  3066.39  3068.79  3070.19
eigval :     3075.97  3077.10  3078.63  3086.23  3086.42  3090.50

c1  symmetry found (for desy threshold:  0.10E+00) used in thermo

          ...................................................
          :                      SETUP                      :
          :.................................................:
          :  # frequencies                          96      :
          :  # imaginary freq.                       0      :
          :  linear?                             false      :
          :  only rotor calc.                    false      :
          :  symmetry                               c1      :
          :  rotational number                       1      :
          :  scaling factor                  1.0000000      :
          :  rotor cutoff                   50.0000000 cm⁻¹ :
          :  imag. cutoff                  -20.0000000 cm⁻¹ :
          :.................................................:

    mode    ω/cm⁻¹     T·S(HO)/kcal·mol⁻¹    T·S(FR)/kcal·mol⁻¹   T·S(vib)
   ------------------------------------------------------------------------
       1     23.40    -1.88516 (  4.57%)    -1.28141 ( 95.43%)    -1.30903
       2     29.90    -1.73994 ( 11.34%)    -1.20873 ( 88.66%)    -1.26899
       3     48.83    -1.45022 ( 47.64%)    -1.06348 ( 52.36%)    -1.24773
       4     82.47    -1.14230 ( 88.10%)    -0.90828 ( 11.90%)    -1.11444
       5     98.36    -1.03954 ( 93.74%)    -0.85609 (  6.26%)    -1.02806
       6    127.63    -0.88892 ( 97.70%)    -0.77892 (  2.30%)    -0.88639
       7    151.56    -0.79086 ( 98.83%)    -0.72801 (  1.17%)    -0.79013
       8    164.43    -0.74486 ( 99.15%)    -0.70388 (  0.85%)    -0.74451
       9    182.59    -0.68626 ( 99.44%)    -0.67283 (  0.56%)    -0.68618
      10    233.26    -0.55270 ( 99.79%)    -0.60029 (  0.21%)    -0.55280
      11    278.20    -0.46055 ( 99.90%)    -0.54809 (  0.10%)    -0.46065
   ------------------------------------------------------------------------

   temp. (K)  partition function   enthalpy   heat capacity  entropy
                                   cal/mol     cal/K/mol   cal/K/mol   J/K/mol
 298.15  VIB  0.637E+06             8270.666     55.136     49.965
         ROT  0.459E+07              888.752      2.981     33.466
normal termination of xtb
         INT  0.293E+13             9159.419     58.117     83.431
         TR   0.372E+28             1481.254      4.968     42.374
         TOT                       10640.6727    63.0848   125.8049   526.3679

       T/K    H(0)-H(T)+PV         H(T)/Eh          T*S/Eh         G(T)/Eh
   ------------------------------------------------------------------------
    298.15    0.169570E-01    0.285546E+00    0.597740E-01    0.225772E+00
   ------------------------------------------------------------------------

         :::::::::::::::::::::::::::::::::::::::::::::::::::::
         ::                  THERMODYNAMIC                  ::
         :::::::::::::::::::::::::::::::::::::::::::::::::::::
         :: total free energy           0.225771831129 Eh   ::
         ::.................................................::
         :: total energy                0.000000000000 Eh   ::
         :: zero point energy           0.268588824372 Eh   ::
         :: G(RRHO) w/o ZPVE           -0.042816993242 Eh   ::
         :: G(RRHO) contrib.            0.225771831129 Eh   ::
         :::::::::::::::::::::::::::::::::::::::::::::::::::::

------------------------------------------------------------------------
 * finished run on 2026/09/10 at 23:26:53.177     
------------------------------------------------------------------------
 total:
 * wall-time:     0 d,  0 h,  0 min,  0.052 sec
 *  cpu-time:     0 d,  0 h,  0 min,  0.000 sec
 * ratio c/w:     0.000 speedup

