28
 energy: -39.508569781148 gnorm: 0.059499118095 xtb: 6.7.1 (edcfbbe)
C           -0.07984557460000       -0.11131653610000       -1.71985003630000
C           -0.41976717540000        0.01361478540000       -0.24523188070000
N            0.47077164050000        0.07338029420000        0.70382260690000
C            1.83474515440000        0.00508582850000        0.39683001790000
C            2.47150629060000       -1.23135935860000        0.26187436690000
C            3.83691438860000       -1.29661359930000       -0.02290913340000
C            4.57580645530000       -0.12202161780000       -0.16056991560000
C            3.95197497900000        1.11552483110000       -0.00589413900000
C            2.58637135170000        1.17661828810000        0.27898428640000
C           -1.86559001100000        0.05753682260000        0.13899672620000
C           -2.85258379570000       -0.54746700540000       -0.64819442920000
C           -4.19315826730000       -0.49096033300000       -0.25719241650000
C           -4.55220554460000        0.16161621590000        0.92166793440000
C           -3.57260664250000        0.75378843420000        1.71681256640000
C           -2.23239032570000        0.69897320720000        1.32944891770000
H            0.16187252680000       -1.15318149490000       -1.94817289150000
H           -0.90850700230000        0.21316273160000       -2.35428444860000
H            0.77333248020000        0.52228114910000       -1.97619931960000
H            1.89789796160000       -2.14545126200000        0.38496888140000
H            4.32308948190000       -2.26251501760000       -0.12886407190000
H            5.63962924810000       -0.17116990900000       -0.37803489310000
H            4.52759647200000        2.03226783980000       -0.09972351090000
H            2.10103315620000        2.13916602640000        0.41188496170000
H           -2.59917724410000       -1.08446233830000       -1.55734360230000
H           -4.95781214030000       -0.96311634340000       -0.86920520380000
H           -5.59534771190000        0.20191611260000        1.22543603610000
H           -3.84890585320000        1.25516286810000        2.64088470820000
H           -1.47464429830000        1.15953938040000        1.96005788230000
28
 energy: -39.512484970045 gnorm: 0.018768600341 xtb: 6.7.1 (edcfbbe)
C           -0.09061634769788       -0.10717934652321       -1.71513223268584
C           -0.42548408964017        0.01072586380505       -0.25046807614993
N            0.45982615022034        0.06957819323632        0.66723367207384
C            1.82267085377199        0.00538784780112        0.37219527246329
C            2.46580607182094       -1.22733167106217        0.25404410810707
C            3.82496261336235       -1.28698278792853       -0.00804960915779
C            4.56153173412881       -0.12065567108420       -0.14699842375158
C            3.93823727922018        1.10806128523960        0.00830266024463
C            2.57985520992982        1.17355235441417        0.27454401593336
C           -1.85285998647987        0.05262488575148        0.14564739243875
C           -2.84174390315850       -0.54287868973898       -0.63796471468504
C           -4.17215376035753       -0.48935295551223       -0.24923817094003
C           -4.53301237824304        0.16057550159527        0.92066052256404
C           -3.55676588377091        0.74870458461105        1.71056897850831
C           -2.22520738056515        0.69171774929162        1.32899668561743
H            0.15414017313557       -1.14347843689332       -1.94846304473708
H           -0.92088509797811        0.21562742510716       -2.34073684783799
H            0.78035526130622        0.50628338038508       -1.95025422992214
H            1.89289352949218       -2.13862293894005        0.36662170571622
H            4.30796304059818       -2.24876353692396       -0.11977577037789
H            5.61940881085141       -0.16928730535035       -0.37142935626912
H            4.51004948327720        2.02128344391345       -0.09090236140543
H            2.09402349972912        2.13315655522232        0.39450813822864
H           -2.58727146959418       -1.07444265252509       -1.54413516313619
H           -4.93187181184868       -0.95715991342685       -0.86198422562162
H           -5.57292661631888        0.20479021898469        1.21841845576471
H           -3.83393510216132        1.25195984514445        2.62732717397600
H           -1.46698988303010        1.15210677120611        1.94646344514140
28
 energy: -39.513027526206 gnorm: 0.007684993597 xtb: 6.7.1 (edcfbbe)
C           -0.10460500900282       -0.10514364721228       -1.72196463074027
C           -0.42928160469454        0.00773067902331       -0.25713987454174
N            0.45765025726700        0.06651084238886        0.64596667103060
C            1.81794265100458        0.00571807288626        0.36687236496771
C            2.46158085086749       -1.22632971142886        0.24959983890768
C            3.81843020153854       -1.28305126445162       -0.00205381853983
C            4.55664604565341       -0.11909566867914       -0.13443644109642
C            3.93012770911883        1.10678818226756        0.01490782604637
C            2.57429220502963        1.17407440987144        0.27146149428603
C           -1.84529773663229        0.05141109805766        0.14565864508493
C           -2.83632491740991       -0.54391031991381       -0.63320736060102
C           -4.16192221976403       -0.49062605709579       -0.24356103700556
C           -4.52130781237392        0.16086200090895        0.92380525699113
C           -3.54334081082405        0.74738506726669        1.71052036649879
C           -2.21630310980603        0.68959472241336        1.32815546358587
H            0.13252448320083       -1.14116720859774       -1.96322441901529
H           -0.92888353839794        0.22819436932940       -2.34542011010064
H            0.78027540399325        0.49231182697556       -1.94328809141552
H            1.88488561460408       -2.13534566337831        0.34957086838798
H            4.30149470019985       -2.24414119404111       -0.10530701241544
H            5.61409252378118       -0.16724560508037       -0.35024552261096
H            4.50114693538430        2.01968413938780       -0.07577384278659
H            2.08403104989180        2.13141484811084        0.38014736063895
H           -2.57906476901129       -1.07359701883787       -1.53779285096913
H           -4.91950311010067       -0.95797424355465       -0.85595774184006
H           -5.55915116612257        0.20804911444343        1.22040494860516
H           -3.81843419591695        1.25257214862302        2.62470404392180
H           -1.45170063147774        1.14532608011743        1.93759760482554
28
 energy: -39.513211295228 gnorm: 0.004866205219 xtb: 6.7.1 (edcfbbe)
C           -0.11521575388414       -0.10368425815857       -1.73410107176992
C           -0.43330908768526        0.00639359856559       -0.26679609381930
N            0.45923256993123        0.06465886633846        0.62990027088976
C            1.81646720238953        0.00585132500987        0.35860400915416
C            2.46087190826299       -1.22656361062672        0.24479202327578
C            3.81974095093010       -1.28190140072901        0.00739057335306
C            4.55941496352443       -0.11762981259072       -0.11727273535583
C            3.92982219515061        1.10781837970376        0.02522944180914
C            2.57207703667687        1.17535528633559        0.26809269058781
C           -1.84370961342365        0.04912948141891        0.14347628137942
C           -2.83741198574535       -0.54695251242365       -0.63150445684169
C           -4.16091820439102       -0.49262168350074       -0.23799357926975
C           -4.51609379416004        0.16168966212956        0.92947110621973
C           -3.53486624447165        0.74778472365651        1.71312780532563
C           -2.20979202976769        0.68762699509532        1.32758910289976
H            0.10607145956977       -1.14216969498160       -1.98288568611509
H           -0.93494377493331        0.24570583818911       -2.35367007452198
H            0.77996348255642        0.48011441421668       -1.95097020615460
H            1.88084179339843       -2.13415389089804        0.33696646054304
H            4.30290958201228       -2.24317419733090       -0.09381867810071
H            5.61782617880893       -0.16509288227573       -0.32540500257673
H            4.49986266587267        2.02159322382468       -0.06296215960123
H            2.07759118810729        2.13113233237166        0.37008421586455
H           -2.57900181744844       -1.07686743633446       -1.53548893828301
H           -4.91929200988352       -0.96112800569107       -0.84800868817317
H           -5.55261410775190        0.21114435753592        1.22820036515521
H           -3.80669870434431        1.25435506102476        2.62733628458925
H           -1.43882604930121        1.14158583992485        1.93061673963684
28
 energy: -39.513432854024 gnorm: 0.004321633468 xtb: 6.7.1 (edcfbbe)
C           -0.13077271865360       -0.10141379685144       -1.75393998086809
C           -0.43912796813887        0.00400303378337       -0.28249830979940
N            0.46270832089869        0.06190909424341        0.60646119865939
C            1.81627076504911        0.00585318170421        0.34547553459405
C            2.46288865556069       -1.22703077415689        0.23737955227389
C            3.82529269682566       -1.28051383246718        0.02021037864263
C            4.56628879299915       -0.11490139447547       -0.09212569189513
C            3.93251666231726        1.11033029660587        0.03983687020076
C            2.57121501292538        1.17724721491977        0.26304939911167
C           -1.84385978943313        0.04484042023842        0.13907150276774
C           -2.84192670628386       -0.55308947615370       -0.62977190355741
C           -4.16322127230263       -0.49653737673913       -0.22906639000859
C           -4.51067441827091        0.16285289562821        0.93877238942978
C           -3.52428302836197        0.74858778342527        1.71752334492862
C           -2.20132565579603        0.68495409102112        1.32596037029209
H            0.05466947202342       -1.14533567604107       -2.01599956488430
H           -0.94295561461168        0.28154313548425       -2.36490991152958
H            0.78208586969345        0.45648601231324       -1.96810299602510
H            1.87898439788992       -2.13317790084620        0.31919915525898
H            4.31018409325462       -2.24196498452155       -0.07563335479196
H            5.62808074324488       -0.16114836228564       -0.28256615402080
H            4.50219220509067        2.02547997874893       -0.04195568670738
H            2.07112584899425        2.13102070150014        0.35663957799403
H           -2.58308667708823       -1.08419063350911       -1.53321387098893
H           -4.92462992663134       -0.96660157318700       -0.83438192371139
H           -5.54576118375116        0.21698016948785        1.24134502961198
H           -3.79117466474873        1.25770586870858        2.63215791646887
H           -1.42170391269491        1.13611190322180        1.92108351865389
28
 energy: -39.513613614445 gnorm: 0.007236324330 xtb: 6.7.1 (edcfbbe)
C           -0.14688926548911       -0.09990295447559       -1.77406187080184
C           -0.44396284077742        0.00184245624558       -0.29903807824608
N            0.46520635713678        0.05954794717639        0.58335292038104
C            1.81722481056587        0.00590521545668        0.33092451426846
C            2.46712947222180       -1.22686134688279        0.22922161943002
C            3.83313303028079       -1.27866763981005        0.03292366630702
C            4.57471580466126       -0.11170141174079       -0.06629096546836
C            3.93736489896764        1.11312993792718        0.05513085057806
C            2.57238722004478        1.17870070504564        0.25807390933529
C           -1.84526679842960        0.04057848817338        0.13323897607045
C           -2.84821738498936       -0.55853068953517       -0.62905754415905
C           -4.16735340543931       -0.49991311464531       -0.21992091427436
C           -4.50621506475765        0.16356185130886        0.94856753649333
C           -3.51454831744544        0.74885552397533        1.72157150013846
C           -2.19366951079266        0.68224935146858        1.32273050312797
H           -0.00544762678165       -1.14890765856959       -2.04970941268193
H           -0.95003447546542        0.32151126503350       -2.37467856275491
H            0.78515401315732        0.42633035170002       -1.98920722180879
H            1.88140056997250       -2.13265425201023        0.30193296562759
H            4.32062213126445       -2.23979555561368       -0.05693030770828
H            5.64019436767593       -0.15661454131916       -0.23800149324269
H            4.50730352523205        2.02924294051302       -0.01890644927129
H            2.06853451710812        2.13115631428207        0.34500058350666
H           -2.59196900174215       -1.09053184378235       -1.53295091312885
H           -4.93321177180724       -0.97131275008239       -0.81909240783041
H           -5.53977159143085        0.22120936692046        1.25665706366719
H           -3.77608262352098        1.25986869764321        2.63710634903992
H           -1.40773103942031        1.13170334539725        1.91141318350582
28
 energy: -39.513786835060 gnorm: 0.007533100401 xtb: 6.7.1 (edcfbbe)
C           -0.16214832861587       -0.09993952916971       -1.79251027465088
C           -0.44722155392765       -0.00035309440375       -0.31492478879137
N            0.46642156491977        0.05816234466989        0.56280673254737
C            1.81908057825297        0.00626151292209        0.31690491093209
C            2.47232141206340       -1.22584179026421        0.22122637160328
C            3.84127311883741       -1.27639648087278        0.04422581739492
C            4.58298315073709       -0.10841625887441       -0.04236439586002
C            3.94296686862886        1.11587262717916        0.06993716789845
C            2.57486720494622        1.17974975872579        0.25379375597406
C           -1.84714560056941        0.03711902631129        0.12633325351173
C           -2.85513211320682       -0.56187597799121       -0.62958553702105
C           -4.17200163423346       -0.50212179951639       -0.21142865245535
C           -4.50240938539835        0.16310404231145        0.95848110249537
C           -3.50566699220171        0.74821642034030        1.72507785028949
C           -2.18697172244149        0.67991932087575        1.31792479644600
H           -0.06498306654789       -1.15152094850417       -2.07956030700543
H           -0.95510832932066        0.35755198257211       -2.38229870938598
H            0.78665977919204        0.39345879802326       -2.01209351354840
H            1.88674141377444       -2.13242185276774        0.28565621089627
H            4.33154103614484       -2.23686576688306       -0.03935162641970
H            5.65171890514901       -0.15216208710020       -0.19611355915584
H            4.51357766116690        2.03246839735727        0.00477257328689
H            2.06941027807188        2.13181696433974        0.33559691518450
H           -2.60464442592282       -1.09383975080295       -1.53525328454920
H           -4.94296159301195       -0.97376260294308       -0.80429314273474
H           -5.53428538613606        0.22268531235737        1.27312069808618
H           -3.76151490220762        1.26029881037408        2.64187521340556
H           -1.39736793814289        1.12883262153419        1.90204442172636
28
 energy: -39.513982131063 gnorm: 0.005213080876 xtb: 6.7.1 (edcfbbe)
C           -0.17909878593210       -0.10245935205855       -1.81332241626889
C           -0.44972668708829       -0.00274321032497       -0.33390509920321
N            0.46638028577823        0.05787237924391        0.54012873785500
C            1.82140870492371        0.00727524270686        0.30030928536940
C            2.47803599126120       -1.22361858634794        0.21114409634394
C            3.84993107746520       -1.27307243965138        0.05641550865330
C            4.59190163296083       -0.10438149325827       -0.01457405428343
C            3.94925185843225        1.11912287178189        0.08782596797662
C            2.57805481665726        1.18093591829404        0.24956351932110
C           -1.84921781833548        0.03448938719768        0.11654555885709
C           -2.86367608186080       -0.56263147534013       -0.63176703375076
C           -4.17732620866849       -0.50284963662348       -0.20190368098705
C           -4.49762926703171        0.16122009172389        0.97116496031717
C           -3.49461271264670        0.74616899999647        1.72920410401399
C           -2.17904848820778        0.67746153822106        1.31054734394448
H           -0.13212327159293       -1.15394300116880       -2.10999010908931
H           -0.95873610362349        0.39265867242423       -2.39053087273762
H            0.78651748839095        0.35190873524015       -2.04065256043172
H            1.89416460099012       -2.13207276920702        0.26562668125557
H            4.34317582991358       -2.23258648360785       -0.01968078230692
H            5.66378485710351       -0.14700058787745       -0.14781500358755
H            4.52074082141956        2.03591860583404        0.03443786820944
H            2.07246869702916        2.13340786386764        0.32602684123063
H           -2.62350594430285       -1.09307048713584       -1.54119006377594
H           -4.95462886888010       -0.97361547995041       -0.78738625626785
H           -5.52695123286067        0.22039456799318        1.29532196652571
H           -3.74265620015785        1.25825437148441        2.64819712084818
H           -1.38687899113612        1.12695575634274        1.89025837206934
28
 energy: -39.514136366175 gnorm: 0.003307458086 xtb: 6.7.1 (edcfbbe)
C           -0.19602047023463       -0.10873813090951       -1.83606190675418
C           -0.45185554374531       -0.00516077773327       -0.35559328330655
N            0.46519058751665        0.05865476736063        0.51557148095718
C            1.82305985146865        0.00905286094241        0.28248391351736
C            2.48250663468437       -1.22036539816890        0.19978215658095
C            3.85683956347422       -1.26852980541033        0.06861455559180
C            4.59937948315378       -0.09948694948350        0.01588368882345
C            3.95383451544024        1.12299982465796        0.10819384485363
C            2.58009451640075        1.18277051864701        0.24631618905281
C           -1.85051479596545        0.03391398010865        0.10389798603731
C           -2.87280165485945       -0.55949213272277       -0.63589110406031
C           -4.18197918793099       -0.50153144258522       -0.19175957221607
C           -4.49075654711166        0.15769546099141        0.98682111230731
C           -3.48025785390700        0.74244408464858        1.73442916726832
C           -2.16913070131505        0.67525798216513        1.30117712889710
H           -0.20314478681880       -1.15855020031206       -2.13960089030273
H           -0.95902332963786        0.42508024221330       -2.40085098863386
H            0.78712055724561        0.30194761374524       -2.07151785263042
H            1.90080001814444       -2.13107227811852        0.24161488000860
H            4.35263620502718       -2.22706439114378        0.00044126619753
H            5.67403786241739       -0.14103909327265       -0.09459937006525
H            4.52585993535525        2.03999466577143        0.06906924361317
H            2.07473590626395        2.13591951048461        0.31651222082265
H           -2.64615472170802       -1.08645316260555       -1.55080337480615
H           -4.96593337807081       -0.97032834854660       -0.76976655709700
H           -5.51645716978051        0.21368916666949        1.32316741115041
H           -3.71818751075296        1.25287266520661        2.65685060549021
H           -1.37387798475372        1.12551876720035        1.87561804880366
28
 energy: -39.514230919999 gnorm: 0.002878051274 xtb: 6.7.1 (edcfbbe)
C           -0.20829582538113       -0.11776342043898       -1.85614817612909
C           -0.45393794613221       -0.00729550268304       -0.37550460797859
N            0.46346838399985        0.06127262217690        0.49386999386716
C            1.82323016097494        0.01156897802400        0.26706533743968
C            2.48417442429126       -1.21687334743106        0.18920505102874
C            3.86038079394854       -1.26402599050128        0.07903421579530
C            4.60346882948123       -0.09491077923040        0.04301737050854
C            3.95563825274357        1.12685817803870        0.12707650594771
C            2.58015624339323        1.18539599829344        0.24450522031465
C           -1.85109132814327        0.03472339168595        0.09151967051742
C           -2.88103509690280       -0.55354028191138       -0.64107823058508
C           -4.18556645133716       -0.49804247743013       -0.18322742320639
C           -4.48321771138031        0.15393122022483        1.00221356260277
C           -3.46548835771293        0.73775208602973        1.74031161429143
C           -2.15909919161289        0.67309770701339        1.29274223018844
H           -0.25820760266533       -1.16376065023255       -2.16162405407668
H           -0.95421628096169        0.44479637774838       -2.41350271067324
H            0.78650865442714        0.25641091217698       -2.09824592296593
H            1.90397918103058       -2.12903581237569        0.21911496872861
H            4.35748847107040       -2.22199399812787        0.01628430404399
H            5.67963460868237       -0.13579144620407       -0.04846891658023
H            4.52761615049453        2.04410115685302        0.10056310213063
H            2.07480854358094        2.13889363386381        0.30956156300499
H           -2.66713188889759       -1.07526243180117       -1.56203037384622
H           -4.97520394145348       -0.96413324647048       -0.75539180563682
H           -5.50501773014054        0.20510981503822        1.35077907100981
H           -3.69317328319839        1.24501996274137        2.66690557456078
H           -1.35987006219856        1.12349734472958        1.86145286579869
28
 energy: -39.514277530305 gnorm: 0.005643930700 xtb: 6.7.1 (edcfbbe)
C           -0.22120891288530       -0.13098286526468       -1.87994154457138
C           -0.45724652056537       -0.00887525336432       -0.39924045753627
N            0.46160181283517        0.06503517652518        0.46729215691601
C            1.82226953901267        0.01522814177756        0.24968196739154
C            2.48456306876908       -1.21237019155473        0.17590148311835
C            3.86266455898391       -1.25797039868886        0.09047078780939
C            4.60607772127751       -0.08866441688752        0.07428872381503
C            3.95570366188678        1.13231319893426        0.14991852249585
C            2.57858608771577        1.18967574172531        0.24343274115811
C           -1.85125735799870        0.03711961915484        0.07670218929649
C           -2.89030048417791       -0.54458309350238       -0.64791646890789
C           -4.18895670892561       -0.49282187871988       -0.17352262922503
C           -4.47291127941441        0.14939659902231        1.02073286729980
C           -3.44661637704425        0.73102674035930        1.74847841589654
C           -2.14624843471923        0.66995898798375        1.28407759145509
H           -0.32838088435234       -1.17521621882183       -2.18714951256092
H           -0.94345394069085        0.47195644434867       -2.43120867681004
H            0.79325374839340        0.19396536638402       -2.12590036205898
H            1.90509313271848       -2.12532872182736        0.19121423642872
H            4.36107037059093       -2.21550334481639        0.03346916690046
H            5.68384646183190       -0.12868387468672        0.00525423193094
H            4.52714597844722        2.05010009029320        0.13782032823173
H            2.07190196179652        2.14278519349302        0.30245993506331
H           -2.68966148549925       -1.05915734343134       -1.57579496969041
H           -4.98496071548793       -0.95519967393434       -0.73959555685239
H           -5.48988584277836        0.19493376151284        1.38342129968794
H           -3.66216921989559        1.23338597190922        2.68054320570401
H           -1.34051993982386        1.11847624187712        1.84511032771522
28
 energy: -39.514335072029 gnorm: 0.003342146145 xtb: 6.7.1 (edcfbbe)
C           -0.22386763991545       -0.14476390120991       -1.89344471263421
C           -0.45974364934666       -0.01037685088733       -0.41398209165991
N            0.45931825132005        0.07164584584824        0.45199957491076
C            1.81986529318432        0.01963657901953        0.24042234085657
C            2.48149786481701       -1.20818371839514        0.16758779761212
C            3.85987487785292       -1.25372927569537        0.09547913174580
C            4.60348941771499       -0.08483934173328        0.09121163964084
C            3.95304133434997        1.13628754966132        0.16396524164127
C            2.57581171432929        1.19418386004088        0.24429221214872
C           -1.85129855937256        0.03992551254317        0.06621509917667
C           -2.89699028506221       -0.53433706285313       -0.65465531843077
C           -4.19127080807890       -0.48547569980668       -0.16881191084821
C           -4.46508868768856        0.14641868991657        1.03349011440636
C           -3.43278158829144        0.72443265781817        1.75547382275540
C           -2.13706196537592        0.66676291155533        1.27924711118471
H           -0.34982550943627       -1.18247434218839       -2.19410299305430
H           -0.92963045405139        0.46678066211562       -2.44839060353041
H            0.79161053028432        0.15957039811610       -2.14055188577865
H            1.90169230443938       -2.12064851869099        0.17407805771139
H            4.35783876605679       -2.21157189301729        0.04025063198590
H            5.68125110695126       -0.12517476125326        0.03462044694343
H            4.52416870372303        2.05413602682884        0.16082287442339
H            2.06843927246104        2.14680392770581        0.30152829358241
H           -2.70525622530348       -1.04124250530249       -1.58842338474116
H           -4.99151747160522       -0.94327062856295       -0.73237197231035
H           -5.47831146421305        0.18673087416398        1.40630936653275
H           -3.63947805598320        1.22072259815807        2.69275239082751
H           -1.32577707375966        1.11205040590487        1.83498872500330
28
 energy: -39.514361732982 gnorm: 0.001924433496 xtb: 6.7.1 (edcfbbe)
C           -0.22662756853893       -0.15421596137588       -1.90214774388420
C           -0.46191009010105       -0.01089581723787       -0.42312363252534
N            0.45847510015812        0.07604691613821        0.44115764592079
C            1.81846227305444        0.02302058130518        0.23429009327181
C            2.48018312488989       -1.20502380185436        0.16172953056409
C            3.85912444002237       -1.25048726138301        0.09894738528713
C            4.60289040173737       -0.08166584491899        0.10259867332123
C            3.95224949674318        1.13962895800463        0.17344714255560
C            2.57449537696173        1.19774341759034        0.24467195979179
C           -1.85165069152815        0.04121804052646        0.06046410388227
C           -2.90130157990757       -0.52815385941901       -0.65863653883000
C           -4.19310640801407       -0.48041113226175       -0.16627899770820
C           -4.46035523744662        0.14550208679334        1.04053474830154
C           -3.42433401275204        0.71970132113322        1.76035370144140
C           -2.13126189386505        0.66334437252641        1.27770660684747
H           -0.37446438002531       -1.19130495492911       -2.20113259605239
H           -0.92004979862861        0.47121200231740       -2.45951135961636
H            0.79618306363666        0.12988210193946       -2.14785799076463
H            1.89945957937634       -2.11688414134375        0.16245978355405
H            4.35708075072431       -2.20840940751639        0.04402129236185
H            5.68082240408508       -0.12209840598765        0.05315943048129
H            4.52341541300064        2.05747418869235        0.17551458234335
H            2.06600905481226        2.14975575176087        0.30107787615047
H           -2.71373941036142       -1.03001561362289       -1.59586995497437
H           -4.99634401422602       -0.93517550949438       -0.72813426210536
H           -5.47149375908956        0.18386227690442        1.41884433219321
H           -3.62613446228458        1.21151946851139        2.70104998831779
H           -1.31607717243295        1.10483022700168        1.83066419997508
28
 energy: -39.514395186318 gnorm: 0.002290699800 xtb: 6.7.1 (edcfbbe)
C           -0.22495877143750       -0.17045829102700       -1.90664076912304
C           -0.46501012263127       -0.01195472719721       -0.42884520812050
N            0.45775639146883        0.08501365023264        0.43265781818809
C            1.81590150409762        0.02981315872708        0.23176183992811
C            2.47697543520138       -1.19926344889572        0.15609735082209
C            3.85570027939705       -1.24569810715071        0.09805927517256
C            4.59971530207218       -0.07724421672137        0.10748945163779
C            3.95038704251259        1.14494741797849        0.18026876217725
C            2.57299565877443        1.20434786461873        0.24764835594807
C           -1.85258997233801        0.04203802224787        0.05686829280503
C           -2.90602930670353       -0.51789301798676       -0.66439944605482
C           -4.19600986059014       -0.46965404142013       -0.16783070755547
C           -4.45625701820524        0.14709371509641        1.04453501751595
C           -3.41649936242861        0.71100738736167        1.76754803269401
C           -2.12561813544239        0.65443130866764        1.28121111323511
H           -0.38957688701476       -1.20781440985022       -2.20067982450677
H           -0.90352908504142        0.46384319150462       -2.47470547833756
H            0.80526971820507        0.09393361205560       -2.14489189298371
H            1.89352625344204       -2.10913605145742        0.15310804619358
H            4.35330795620045       -2.20400659511885        0.04102393920729
H            5.67769550465072       -0.11855262416870        0.06155777288787
H            4.52240075021450        2.06224813791948        0.18586908286631
H            2.06258009866324        2.15527767034309        0.30590370715058
H           -2.71964381352139       -1.01187320289490       -1.60560308166067
H           -5.00275277692240       -0.91746320016335       -0.73048992498692
H           -5.46588278271944        0.18642589007203        1.42573338874798
H           -3.61471920502591        1.19454805116577        2.71310082498198
H           -1.30513479487763        1.08604285586160        1.83364426127127
28
 energy: -39.514414682911 gnorm: 0.002346054476 xtb: 6.7.1 (edcfbbe)
C           -0.22230655601084       -0.17801890574368       -1.90443814690389
C           -0.46531332884919       -0.01284759322426       -0.42767331266592
N            0.45739466776109        0.08942141651355        0.43345273283579
C            1.81521496666730        0.03323633774303        0.23309483256612
C            2.47545153646183       -1.19628203993650        0.15492170503488
C            3.85420420059427       -1.24361397725528        0.09529337783136
C            4.59909538167775       -0.07554515589562        0.10505163389061
C            3.95077200295308        1.14709386252827        0.18050113597242
C            2.57337897861841        1.20727611587677        0.24983086535841
C           -1.85300290437823        0.04176359378325        0.05724795083452
C           -2.90712636851444       -0.51325028170636       -0.66694947499235
C           -4.19752438072461       -0.46381971794224       -0.17102443160096
C           -4.45694247463321        0.14864187361964        1.04373362878972
C           -3.41626423157580        0.70700255674678        1.77013156210430
C           -2.12518441707471        0.64965517734889        1.28420401032886
H           -0.38657627581591       -1.21611400276964       -2.19461644411365
H           -0.89864052062946        0.45332022935287       -2.47712987580282
H            0.80829420912885        0.08389016854693       -2.14121264622430
H            1.89077958118128       -2.10559894276824        0.15163005922669
H            4.35119521958595       -2.20208666829481        0.03585787795515
H            5.67693021801604       -0.11747170390897        0.05645204475321
H            4.52369520202316        2.06390021029157        0.18609506951187
H            2.06323216333198        2.15823613713235        0.31035881103597
H           -2.72063930991549       -1.00384910878053       -1.61008171964725
H           -5.00514722972686       -0.90739784967423       -0.73580952576630
H           -5.46686956245754        0.18922023509509        1.42453361703044
H           -3.61437103431656        1.18663675928969        2.71777985368217
H           -1.30372973337767        1.07660127383209        1.83876480907636
28
 energy: -39.514456912256 gnorm: 0.002396105607 xtb: 6.7.1 (edcfbbe)
C           -0.21759006684615       -0.19649292380522       -1.89788477495557
C           -0.46491947580131       -0.01667085585547       -0.42340784090266
N            0.45700565013834        0.09975545149721        0.43727532321563
C            1.81482851066929        0.04155813186107        0.23681951788332
C            2.47306595379915       -1.18870724957152        0.15261064494092
C            3.85156034418356       -1.23828733334176        0.08727427540872
C            4.59860465588152       -0.07133923315260        0.09699630788014
C            3.95260461701749        1.15211828517750        0.17979290671724
C            2.57555182772810        1.21412296573922        0.25591652278841
C           -1.85363740881773        0.03965010523858        0.05906701424505
C           -2.90939795831457       -0.50251049031017       -0.67279592105403
C           -4.20116762726904       -0.44934031857666       -0.17968642945767
C           -4.45973935215433        0.15284879714024        1.04060446591723
C           -3.41700892941179        0.69720923559494        1.77545808300862
C           -2.12498315782962        0.63697617430922        1.29158850339634
H           -0.38157641272023       -1.23658527032066       -2.17927644574338
H           -0.88995671095437        0.43002921092474       -2.47970603800593
H            0.81374876672500        0.05992921973283       -2.13289787044161
H            1.88660458061639       -2.09724608660383        0.14911290816667
H            4.34727997244377       -2.19711046226419        0.02323241117263
H            5.67673900665850       -0.11477838990958        0.04315978678349
H            4.52785255780887        2.06771157656457        0.18630501129468
H            2.06713991341905        2.16577013311032        0.32174977501358
H           -2.72386349463145       -0.98548999107750       -1.62047307091674
H           -5.01067585830834       -0.88175631887806       -0.75053040539062
H           -5.47070091736410        0.19698984330253        1.41955509595940
H           -3.61500497799045        1.16809345895842        2.72772614799302
H           -1.30236400867508        1.05355233431626        1.85241409518450
28
 energy: -39.514506256269 gnorm: 0.002468897702 xtb: 6.7.1 (edcfbbe)
C           -0.21233794679220       -0.22544997162748       -1.88839825404066
C           -0.46370024624621       -0.02199386832331       -0.41749898509127
N            0.45681741564125        0.11589695214091        0.44235908165544
C            1.81494006191384        0.05443761627136        0.24072160635736
C            2.47015109774856       -1.17684827106597        0.14789512881168
C            3.84853154723519       -1.22974339060712        0.07612120651617
C            4.59870267062098       -0.06463231001004        0.08724340655659
C            3.95593681796640        1.15987461565705        0.18077782158030
C            2.57916031010182        1.22468512945739        0.26508047615388
C           -1.85397631016306        0.03638820191798        0.06168633206318
C           -2.91252236400971       -0.48550487994203       -0.68147912148155
C           -4.20594744601241       -0.42672340151157       -0.19265650025189
C           -4.46350060941732        0.15908247543224        1.03609442702878
C           -3.41782272012885        0.68171896588852        1.78324403179935
C           -2.12465987400662        0.61718769543540        1.30250254439082
H           -0.38214580169994       -1.26877254973557       -2.15539692899134
H           -0.87782906081728        0.39661336579450       -2.48202109058658
H            0.82157664067513        0.01907942484677       -2.12420494775359
H            1.88190505541463       -2.08448714207640        0.14317981050211
H            4.34183391886366       -2.18919568002938        0.00451369766741
H            5.67623791320556       -0.11030824825399        0.02429861817749
H            4.53389600693959        2.07374052672193        0.18879151218710
H            2.07405861628930        2.17760529487571        0.33877304000335
H           -2.73000080760056       -0.95618803695113       -1.63626954174194
H           -5.01805061129106       -0.84133798114117       -0.77339327027340
H           -5.47564906331024        0.20791784523484        1.41213503342604
H           -3.61488638641134        1.13908928412656        2.74254918145301
H           -1.30071882470860        1.01786833727449        1.87335168398344
28
 energy: -39.514546062228 gnorm: 0.002320194767 xtb: 6.7.1 (edcfbbe)
C           -0.20884555107708       -0.25818533312421       -1.87936503019266
C           -0.46219659220968       -0.02846356041031       -0.41261681146676
N            0.45693574008681        0.13261090871821        0.44551712790530
C            1.81538518015625        0.06798860137495        0.24262562483593
C            2.46743753344651       -1.16416399665896        0.14079314828416
C            3.84541965947208       -1.22003665560808        0.06402188291692
C            4.59844045160663       -0.05685901703798        0.07858866002638
C            3.95874297724577        1.16844488613351        0.18313665672859
C            2.58249902194276        1.23597712422724        0.27406254846787
C           -1.85356734479497        0.03337951160393        0.06351380572515
C           -2.91553724044006       -0.46599133940645       -0.69078980433637
C           -4.20992471579928       -0.40192095038115       -0.20531800841509
C           -4.46608130582178        0.16544133795198        1.03253315808459
C           -3.41727981443220        0.66471194993186        1.79143245056862
C           -2.12351540191932        0.59611695010586        1.31310663030260
H           -0.39111822882784       -1.30382050320046       -2.13071132677717
H           -0.86470067413157        0.36410609337192       -2.48421619721351
H            0.82853984264309       -0.02965378449114       -2.11688860494862
H            1.87791355963223       -2.07094721003541        0.13308501766474
H            4.33618394316132       -2.18028795622126       -0.01406399325251
H            5.67607442010482       -0.10467500047174        0.01149806026383
H            4.53914632464865        2.08082855606937        0.19586737973219
H            2.08093646558543        2.19005372304208        0.35579991765229
H           -2.73733849267038       -0.92268867588408       -1.65315479596428
H           -5.02438251728136       -0.79740221860045       -0.79641665980313
H           -5.47888480656326        0.21815144019898        1.40608544736227
H           -3.61228487484271        1.10753938950844        2.75808393634188
H           -1.29799755892035        0.97974572909391        1.89378977960803
28
 energy: -39.514576459623 gnorm: 0.002096600342 xtb: 6.7.1 (edcfbbe)
C           -0.20730218653131       -0.29264606229115       -1.87137091726429
C           -0.46083983283848       -0.03475098833530       -0.40944123340226
N            0.45730909758337        0.14941211541530        0.44555012640112
C            1.81597437333513        0.08151900122422        0.24168776628612
C            2.46494857109388       -1.15137582587047        0.13068713975822
C            3.84285329545175       -1.20978545456794        0.05254934326056
C            4.59851700809774       -0.04847375086746        0.07416971175042
C            3.96153612292456        1.17735930354365        0.18877062521630
C            2.58555102909224        1.24740682142082        0.28248706263108
C           -1.85266276559010        0.03083285530723        0.06458431580951
C           -2.91826529311096       -0.44516894883647       -0.69986508411924
C           -4.21294966932928       -0.37629961023604       -0.21661483636547
C           -4.46736550916576        0.17157952510848        1.03026444534279
C           -3.41554206868235        0.64726140332446        1.79953293104405
C           -2.12168148708771        0.57498679432727        1.32278837994529
H           -0.40834009836799       -1.33925459718742       -2.10600250625798
H           -0.85102906308678        0.33277951003655       -2.48673806661981
H            0.83477791516855       -0.08432404664513       -2.11139412991331
H            1.87425428236915       -2.05718337613628        0.11782117346734
H            4.33076394640012       -2.17087177946132       -0.03259346855053
H            5.67549069966680       -0.09814632362675        0.00415820252047
H            4.54354444322285        2.08843651910474        0.20729477309103
H            2.08703190838836        2.20228355573667        0.37159777843261
H           -2.74488334646293       -0.88646336727776       -1.66994910167831
H           -5.02931955069188       -0.75259837440513       -0.81753224448287
H           -5.48033144509246        0.22700630980659        1.40208167866842
H           -3.60765406119443        1.07513584888626        2.77337984040928
H           -1.29438631556152        0.94134294230304        1.91209629472060
28
 energy: -39.514593464964 gnorm: 0.001478957391 xtb: 6.7.1 (edcfbbe)
C           -0.20753999604823       -0.31646267850949       -1.86590398810653
C           -0.46006959977050       -0.03937485284070       -0.40783446697811
N            0.45794885326514        0.15989272253765        0.44364589442157
C            1.81653506480332        0.09001789831953        0.23945200149001
C            2.46378570465257       -1.14313775966146        0.12191818695580
C            3.84152351637580       -1.20272752592745        0.04424395521552
C            4.59838802267452       -0.04259691214668        0.07243386594995
C            3.96286908824500        1.18332721339331        0.19333727650430
C            2.58713574452992        1.25469048747310        0.28717796297917
C           -1.85175777337267        0.02936070235848        0.06522895100376
C           -2.91953273814460       -0.43087460522333       -0.70529021115101
C           -4.21417767964416       -0.35891703189601       -0.22323912774963
C           -4.46749179390548        0.17584900712335        1.02909354582800
C           -3.41398851777668        0.63586523362523        1.80445268170908
C           -2.12018202102829        0.56126993354474        1.32864939541295
H           -0.42327127414789       -1.36221514886704       -2.08943096482501
H           -0.84216792638483        0.31202202695415       -2.48808506046479
H            0.83709510286605       -0.12210121359592       -2.10666644750109
H            1.87237748328466       -2.04815822491736        0.10418263393433
H            4.32774790966300       -2.16424609356484       -0.04549037878169
H            5.67535478047330       -0.09324954714374        0.00402065739637
H            4.54569439549640        2.09372654718030        0.21799137564500
H            2.08997634725175        2.20959903578591        0.38121511394122
H           -2.74877273707086       -0.86119932327377       -1.68012965721311
H           -5.03128943803337       -0.72277313090116       -0.83011734340560
H           -5.48046201505108        0.23274799312643        1.39975546641499
H           -3.60412458066800        1.05388751595371        2.78256084087463
H           -1.29160392253417        0.91577773089375        1.92282784060108
28
 energy: -39.514603997122 gnorm: 0.001587157823 xtb: 6.7.1 (edcfbbe)
C           -0.20947753175098       -0.34142745704602       -1.86296796284984
C           -0.46036013577134       -0.04427561789304       -0.40896643767077
N            0.45875068873823        0.17013628605432        0.43753818865316
C            1.81705204307112        0.09822299746126        0.23458320099417
C            2.46345202368813       -1.13487696035014        0.11033030548508
C            3.84142610802238       -1.19500198687504        0.03693630536982
C            4.59903658573186       -0.03572761503640        0.07574916128936
C            3.96430203353635        1.19005331027250        0.20163552215697
C            2.58844554998219        1.26202275788963        0.29140302130765
C           -1.85146984464642        0.02761029590735        0.06489279965933
C           -2.92220588678163       -0.41623650027813       -0.71098749689164
C           -4.21649944436507       -0.34083560497256       -0.22864417279182
C           -4.46674657537571        0.18035573388409        1.02991873772530
C           -3.41047383369658        0.62398565173418        1.81076224161740
C           -2.11709906739109        0.54673197609736        1.33439133263542
H           -0.44492503287771       -1.38452401508990       -2.07580108247800
H           -0.83171520508471        0.29232378670650       -2.49266657245953
H            0.83943526075016       -0.16667288913254       -2.10372200365889
H            1.87122232514489       -2.03911398665985        0.08541186524920
H            4.32681617988618       -2.15648821319414       -0.05757078914636
H            5.67590088895383       -0.08688085422483        0.01107240014085
H            4.54741733342681        2.09981449387577        0.23334800600521
H            2.09113927389020        2.21635938887750        0.38926470901371
H           -2.75433807834366       -0.83447069165544       -1.69137168827817
H           -5.03538702565681       -0.69155282024835       -0.84059622811458
H           -5.47956197623858        0.23941706526005        1.40051954553015
H           -3.59776414261292        1.03176851605116        2.79360010032267
H           -1.28637251422847        0.88928295238552        1.93193699128529
28
 energy: -39.514609091471 gnorm: 0.000431006339 xtb: 6.7.1 (edcfbbe)
C           -0.20949292453329       -0.34107927720597       -1.86311099127110
C           -0.46065918563336       -0.04363446267400       -0.40922164212993
N            0.45884623562873        0.16962257039080        0.43716823735181
C            1.81705560803107        0.09771800805192        0.23474628756930
C            2.46418499918208       -1.13502299734829        0.10962635928816
C            3.84216430076953       -1.19484126186655        0.03637774901221
C            4.59930691706966       -0.03545655936447        0.07596247521779
C            3.96422576105713        1.19021978389850        0.20197328980526
C            2.58839737373092        1.26165219505855        0.29154580973130
C           -1.85193088072173        0.02848001294123        0.06487128401916
C           -2.92241380138470       -0.41623822622281       -0.71080006166514
C           -4.21695658767729       -0.34104933153490       -0.22842812632821
C           -4.46705308397516        0.18057320075052        1.02989634290481
C           -3.41082804909640        0.62459513102605        1.81076526444774
C           -2.11720685497667        0.54742324325285        1.33436812030515
H           -0.44767332609042       -1.38240646264462       -2.07684324333223
H           -0.82826639584225        0.29324711119396       -2.49431705909441
H            0.83871652287728       -0.17124678215866       -2.10255454729169
H            1.87208675591178       -2.03936393066961        0.08411107734071
H            4.32833832120621       -2.15585795887717       -0.05897925900259
H            5.67638861924691       -0.08637565637944        0.01170519841459
H            4.54743071290930        2.09995723551763        0.23459630508874
H            2.09048517628062        2.21567982422903        0.39014338318436
H           -2.75377342033227       -0.83545279322991       -1.69071905496779
H           -5.03608696266620       -0.69215948652190       -0.83974959081094
H           -5.48008445364577        0.24013728916341        1.40062547288073
H           -3.59874697612115        1.03180697111586        2.79379538289427
H           -1.28645440120394        0.88907260990879        1.93244553653904
28
 energy: -39.514610989787 gnorm: 0.000317260611 xtb: 6.7.1 (edcfbbe)
C           -0.20966823658502       -0.34123514467074       -1.86336418877216
C           -0.46089364830709       -0.04386190856612       -0.40947955526658
N            0.45896282820296        0.16860408753051        0.43666898748975
C            1.81708375771423        0.09704670768858        0.23447982287865
C            2.46484199831019       -1.13532334238641        0.10874637947457
C            3.84284223121737       -1.19459874941910        0.03568831963502
C            4.59951576083910       -0.03494873473099        0.07624912142648
C            3.96397366379218        1.19044971801308        0.20301120935772
C            2.58814470028206        1.26123156435985        0.29212641980014
C           -1.85214465887784        0.02857147770573        0.06494604546506
C           -2.92255135951874       -0.41645291884521       -0.71062105662140
C           -4.21711338945584       -0.34112781291015       -0.22832334495541
C           -4.46703547135180        0.18102983989982        1.02978810566796
C           -3.41083207147430        0.62499751753607        1.81074107444588
C           -2.11718273706654        0.54769842187865        1.33439317127292
H           -0.45182192346562       -1.38168039622133       -2.07758006641924
H           -0.82580872317912        0.29567943165097       -2.49464205704301
H            0.83941665562887       -0.17510051654859       -2.10144815192457
H            1.87304243225474       -2.03987954093855        0.08265052834223
H            4.32964734267078       -2.15523752575324       -0.06023470364372
H            5.67665808249953       -0.08542851332653        0.01219961842515
H            4.54696782769635        2.10030795860457        0.23591634247139
H            2.08964948767085        2.21496086511117        0.39093842412243
H           -2.75358723251800       -0.83580301126052       -1.69041471852540
H           -5.03638647229796       -0.69269555693361       -0.83917149119255
H           -5.48003405764468        0.24075105895700        1.40069384815119
H           -3.59915119848436        1.03234532577470        2.79363855404832
H           -1.28653558855168        0.88969969760120        1.93240336199030
28
 energy: -39.514614029474 gnorm: 0.000518799422 xtb: 6.7.1 (edcfbbe)
C           -0.21075272997413       -0.34211684029731       -1.86409403587801
C           -0.46129269318945       -0.04540450799733       -0.40986392536013
N            0.45932658859987        0.16567011689113        0.43572174374107
C            1.81726799701112        0.09513744302240        0.23408247687294
C            2.46665822842059       -1.13623472732706        0.10663358741165
C            3.84475292870827       -1.19377057743203        0.03412756001086
C            4.60006293907666       -0.03328777314420        0.07715229705774
C            3.96302547627333        1.19125188628034        0.20542423306673
C            2.58717604441738        1.26016910027308        0.29375393805753
C           -1.85234526963971        0.02813955922347        0.06515821588235
C           -2.92285318033327       -0.41717196196755       -0.71011725872274
C           -4.21731839111166       -0.34153317129524       -0.22779293001951
C           -4.46674179531665        0.18174108981683        1.02994633577696
C           -3.41048689662801        0.62652541260831        1.81040382248564
C           -2.11686201645190        0.54866818879126        1.33409615806384
H           -0.46444384785346       -1.37955074757737       -2.08108111131231
H           -0.81891613370006        0.30337048986522       -2.49487785728813
H            0.84084600218074       -0.18676493942645       -2.09963044127566
H            1.87588247380556       -2.04145633402663        0.07834324138869
H            4.33304834127240       -2.15347296001607       -0.06354634132518
H            5.67729847538443       -0.08240224071731        0.01382127453791
H            4.54518529796442        2.10153726672182        0.24053187169282
H            2.08719423113780        2.21303374750201        0.39367652127007
H           -2.75356186325452       -0.83672770683591       -1.68972303873518
H           -5.03695383645815       -0.69340080377494       -0.83796503616462
H           -5.47960505087056        0.24232126256940        1.40105639940257
H           -3.59932897842623        1.03461063100922        2.79286949098405
H           -1.28626234104422        0.89111909706174        1.93189280847921
28
 energy: -39.514615227468 gnorm: 0.000430702758 xtb: 6.7.1 (edcfbbe)
C           -0.21151484210975       -0.34302773292603       -1.86456866832209
C           -0.46132315046055       -0.04687578333844       -0.41012066240598
N            0.45943707468956        0.16399545878929        0.43529983377349
C            1.81740727635748        0.09414474597103        0.23380387566487
C            2.46763390608504       -1.13665586908678        0.10522150160289
C            3.84581901706064       -1.19308765089127        0.03310122136560
C            4.60034506062570       -0.03216213441436        0.07788012402666
C            3.96240387976343        1.19175973330621        0.20749398613192
C            2.58646817168843        1.25964716484744        0.29520756113683
C           -1.85221684922183        0.02719382277200        0.06511037616400
C           -2.92310741011187       -0.41769097237640       -0.70991196582663
C           -4.21745716656313       -0.34121293041620       -0.22749437054004
C           -4.46653940367518        0.18265530073214        1.03008965949133
C           -3.40996024326509        0.62727071730659        1.81018172330329
C           -2.11641798028146        0.54850568399393        1.33380691273655
H           -0.47152473575746       -1.37832422933330       -2.08386885689878
H           -0.81531322406628        0.30763341283440       -2.49429528356909
H            0.84114026669822       -0.19357058269707       -2.09946258990485
H            1.87759213442192       -2.04231106668597        0.07597451940906
H            4.33475559014478       -2.15239934574247       -0.06521197226023
H            5.67760772582269       -0.08042680965406        0.01476048638458
H            4.54381644266619        2.10249140642180        0.24327022969284
H            2.08577881576534        2.21205639536940        0.39573464694034
H           -2.75422863638796       -0.83740850094189       -1.68950606940370
H           -5.03722683786834       -0.69329718059382       -0.83736636028507
H           -5.47925117933241        0.24317619258340        1.40154023139865
H           -3.59847786835387        1.03642970358673        2.79226485506687
H           -1.28564583433362        0.89149105038452        1.93106505522783
28
 energy: -39.514616053624 gnorm: 0.000165490842 xtb: 6.7.1 (edcfbbe)
C           -0.21210619209425       -0.34419079630881       -1.86508666689377
C           -0.46121239012557       -0.04861976077723       -0.41046219934324
N            0.45938479443804        0.16285634660608        0.43498625201158
C            1.81750523661699        0.09354571396458        0.23365168978209
C            2.46833123959794       -1.13681002738948        0.10415141980425
C            3.84661724882912       -1.19235088590283        0.03250735432872
C            4.60050949945775       -0.03107754555358        0.07847581695949
C            3.96183227295257        1.19233918961804        0.20890579133035
C            2.58580872795903        1.25941056522831        0.29644112439680
C           -1.85203815737772        0.02604866978514        0.06476230610292
C           -2.92348515505525       -0.41821516683123       -0.70986241426464
C           -4.21763237160736       -0.34093936266570       -0.22702986605863
C           -4.46626287080650        0.18332008670080        1.03049995593074
C           -3.40922795259767        0.62796226518382        1.80990878124944
C           -2.11587775826137        0.54820118601654        1.33322215906478
H           -0.47689653100976       -1.37765900889556       -2.08640467746132
H           -0.81278540479247        0.31052947421764       -2.49356815277926
H            0.84116519720756       -0.19904891095823       -2.09977971479911
H            1.87889208794301       -2.04278739564632        0.07370996808501
H            4.33590169737772       -2.15140367856950       -0.06667740322054
H            5.67781343987961       -0.07868373974571        0.01577978753926
H            4.54258902701700        2.10343744799324        0.24629097629778
H            2.08471602609579        2.21145658851862        0.39810675105201
H           -2.75545948945236       -0.83811233602896       -1.68953425737085
H           -5.03763257265533       -0.69231814121674       -0.83701084389354
H           -5.47890080604191        0.24460509156236        1.40196090924188
H           -3.59687759764360        1.03782917219593        2.79187320448687
H           -1.28467124585037        0.89067495869959        1.93018194852205
28
 energy: -39.514616317672 gnorm: 0.000098973733 xtb: 6.7.1 (edcfbbe)
C           -0.21223332094202       -0.34500225513226       -1.86532030896312
C           -0.46111641435417       -0.04931006706296       -0.41069514483258
N            0.45926176600582        0.16278453437372        0.43487616886516
C            1.81748578135133        0.09362319317416        0.23359027958093
C            2.46841111602136       -1.13660195613716        0.10350145119745
C            3.84673388161189       -1.19192842002823        0.03205496467659
C            4.60049054797488       -0.03060491741631        0.07879865688021
C            3.96165333609393        1.19265483085922        0.20977033971705
C            2.58558379357599        1.25953246461855        0.29717547462454
C           -1.85196074173141        0.02531453577899        0.06453468463650
C           -2.92373753399367       -0.41834028273610       -0.70996656183274
C           -4.21780493175684       -0.34032092011696       -0.22694677089052
C           -4.46613174054004        0.18396767649490        1.03062977475979
C           -3.40874741279447        0.62793988085532        1.80993206315555
C           -2.11552140042922        0.54745480022612        1.33306542324248
H           -0.47791473647577       -1.37802126561961       -2.08708729480931
H           -0.81234380720900        0.31042092063133       -2.49352711766759
H            0.84102212260831       -0.20073515277869       -2.10022748396215
H            1.87912635284213       -2.04264940802385        0.07262172740709
H            4.33605173545734       -2.15095135868728       -0.06726850815806
H            5.67780925639089       -0.07805442061379        0.01621695671459
H            4.54218739128271        2.10387176343074        0.24768092502148
H            2.08446617393298        2.21150163338805        0.39931706926626
H           -2.75629760923292       -0.83835569725419       -1.68970829271083
H           -5.03795638498640       -0.69140125084027       -0.83691071348291
H           -5.47872874556484        0.24565084949245        1.40212652724074
H           -3.59577000790001        1.03799924380512        2.79193798810819
H           -1.28401846723816        0.88956104511983        1.92982772231633
28
 energy: -39.514616518881 gnorm: 0.000139230047 xtb: 6.7.1 (edcfbbe)
C           -0.21226037844705       -0.34587984008764       -1.86544316115839
C           -0.46109121129999       -0.04979080347735       -0.41091305650494
N            0.45916081937367        0.16297792133533        0.43464150445958
C            1.81743160785551        0.09389083984430        0.23340739371106
C            2.46837649700157       -1.13627129213215        0.10288156444831
C            3.84671839368249       -1.19156211349317        0.03171207093612
C            4.60044784601641       -0.03025064262602        0.07906233549062
C            3.96158672137659        1.19295030989178        0.21044155280074
C            2.58549465037849        1.25976885116619        0.29769538285016
C           -1.85195962478513        0.02492591451232        0.06433132218313
C           -2.92395089509222       -0.41823866643260       -0.71012099059348
C           -4.21795739219740       -0.33975503846394       -0.22693344687613
C           -4.46601618300356        0.18445291939906        1.03072118122335
C           -3.40837730585274        0.62776167978114        1.81005900128106
C           -2.11524792145892        0.54682937396549        1.33302567510025
H           -0.47809438052262       -1.37888489912853       -2.08699631211297
H           -0.81232853077617        0.30945013540071       -2.49378118114785
H            0.84095686702698       -0.20181159653620       -2.10049204391406
H            1.87910346859321       -2.04230822342826        0.07151293757336
H            4.33604154426077       -2.15054481343354       -0.06797604872371
H            5.67778248458997       -0.07767411673179        0.01664572615567
H            4.54208236353037        2.10416656523148        0.24892351243237
H            2.08439342982081        2.21169756524161        0.40029162637595
H           -2.75689142837248       -0.83821006596470       -1.68995569920103
H           -5.03829998913145       -0.69028218754171       -0.83696279647291
H           -5.47859658052803        0.24665202794308        1.40219324863774
H           -3.59500067350939        1.03763167356070        2.79221937851433
H           -1.28350419852908        0.88830852200523        1.92980932263279
28
 energy: -39.514616890246 gnorm: 0.000182482951 xtb: 6.7.1 (edcfbbe)
C           -0.21230677721904       -0.34771805308037       -1.86556564828612
C           -0.46112102652850       -0.05033814517125       -0.41132718839980
N            0.45903904072081        0.16372403428992        0.43403623536421
C            1.81733895878506        0.09460128553966        0.23299795647461
C            2.46820732494252       -1.13551473879081        0.10161553437340
C            3.84656654077659       -1.19090230391666        0.03092449446288
C            4.60037625459192       -0.02969449623778        0.07951571842307
C            3.96160497735093        1.19348069790331        0.21163156112059
C            2.58549578295717        1.26034339795495        0.29853557249238
C           -1.85199005458610        0.02441030010365        0.06406472710071
C           -2.92431372077804       -0.41772347756103       -0.71047231337622
C           -4.21823903440275       -0.33848235113374       -0.22709560989625
C           -4.46582429875984        0.18525944455647        1.03082917286548
C           -3.40778612614167        0.62718674447808        1.81042547708094
C           -2.11479771719817        0.54560259440016        1.33316688673497
H           -0.47784840384234       -1.38104199990809       -2.08608838341755
H           -0.81266392096297        0.30675389396795       -2.49452965115164
H            0.84082064564257       -0.20352189917884       -2.10085598639552
H            1.87882978827023       -2.04145638811436        0.06934141544111
H            4.33586361709423       -2.14983866037572       -0.06930952411590
H            5.67774108426417       -0.07719550930899        0.01755886621720
H            4.54219599094914        2.10458714472980        0.25120019839827
H            2.08446148027171        2.21223469696743        0.40183309203044
H           -2.75774626134468       -0.83739609594172       -1.69052462216970
H           -5.03891937622417       -0.68807932606964       -0.83720784986189
H           -5.47835985566642        0.24822957260590        1.40231758934972
H           -3.59391964877010        1.03646659729049        2.79292174075909
H           -1.28270526419168        0.88602303980207        1.93006053848265
28
 energy: -39.514617418088 gnorm: 0.000188957008 xtb: 6.7.1 (edcfbbe)
C           -0.21251704507539       -0.35097388319538       -1.86566624821195
C           -0.46124907286828       -0.05117919666897       -0.41192805716010
N            0.45896929131067        0.16501259388983        0.43286974721179
C            1.81724605752322        0.09579321522623        0.23217390217612
C            2.46799500120945       -1.13425300154063        0.09936983585356
C            3.84638330744413       -1.18981592081577        0.02957455578799
C            4.60035725321122       -0.02880422454267        0.08036045864324
C            3.96174337109048        1.19432925152023        0.21379195263025
C            2.58560664759276        1.26130473301357        0.29991426741493
C           -1.85204354919430        0.02394110081173        0.06372856658684
C           -2.92485430286993       -0.41653823988994       -0.71105417100769
C           -4.21865712278183       -0.33642196181534       -0.22743889731507
C           -4.46556008912004        0.18638055334698        1.03099442353093
C           -3.40697153506505        0.62618330594369        1.81107240305357
C           -2.11416031171606        0.54385901088522        1.33351928205444
H           -0.47778756592613       -1.38483174455966       -2.08424747259740
H           -0.81314600237475        0.30212863443006       -2.49582781498983
H            0.84055073214531       -0.20682070655563       -2.10129417475012
H            1.87844123993248       -2.04003327911946        0.06557017558563
H            4.33563035078732       -2.14865981335714       -0.07177561840880
H            5.67775600821973       -0.07642682724907        0.01902799507974
H            4.54252994695663        2.10523696989309        0.25494321851948
H            2.08463453316601        2.21311822059501        0.40425813676890
H           -2.75885058019427       -0.83544038640170       -1.69153130329633
H           -5.03983288468153       -0.68441704515514       -0.83780224039644
H           -5.47800725137155        0.25029418648973        1.40258156534705
H           -3.59258618476111        1.03438665539065        2.79411062482151
H           -1.28162024258858        0.88264779923134        1.93070488716886
28
 energy: -39.514617886533 gnorm: 0.000138348548 xtb: 6.7.1 (edcfbbe)
C           -0.21291560561586       -0.35439287214978       -1.86572246659548
C           -0.46142410303230       -0.05199121132767       -0.41247664390811
N            0.45901049693253        0.16621022860243        0.43159953585678
C            1.81723879611336        0.09680997078568        0.23138285149463
C            2.46799057730854       -1.13309611068530        0.09697480219591
C            3.84641909387447       -1.18868150497409        0.02799132455982
C            4.60045885438848       -0.02781648523271        0.08107228102562
C            3.96187137550751        1.19519402513413        0.21593329468345
C            2.58572164773698        1.26214867434499        0.30137448798812
C           -1.85206539831588        0.02351013659449        0.06354559222435
C           -2.92536003014600       -0.41520987239210       -0.71159012687024
C           -4.21906302800372       -0.33427013609831       -0.22786775025240
C           -4.46535102848142        0.18742607409980        1.03114312017545
C           -3.40628236426381        0.62528369195621        1.81167556326123
C           -2.11359036367013        0.54226485853205        1.33395232916431
H           -0.47889140005732       -1.38849754760723       -2.08251594591766
H           -0.81312920554758        0.29804891223991       -2.49700303373090
H            0.84027124501924       -0.21120826543705       -2.10154960660162
H            1.87837609970267       -2.03877734463297        0.06146508836901
H            4.33570405789231       -2.14738959192821       -0.07446331073019
H            5.67790881325630       -0.07545675565187        0.02063452692137
H            4.54278568949933        2.10593352467591        0.25907383301066
H            2.08470104206067        2.21380983660520        0.40686144716952
H           -2.75977478401440       -0.83317886128936       -1.69252615488333
H           -5.04063904632415       -0.68091127307892       -0.83845951586544
H           -5.47769308428169        0.25195740197702        1.40291124759693
H           -3.59155601676943        1.03252868076866        2.79517582565321
H           -1.28072233076812        0.87975181596996        1.93140740410611
28
 energy: -39.514618277712 gnorm: 0.000084481055 xtb: 6.7.1 (edcfbbe)
C           -0.21342085607874       -0.35774286863379       -1.86569304101069
C           -0.46158798935133       -0.05289277602955       -0.41287420707041
N            0.45914306818772        0.16713393479872        0.43042462225893
C            1.81730231687189        0.09760762739859        0.23060756028515
C            2.46815078544794       -1.13208945716566        0.09455374124550
C            3.84662817248199       -1.18756677085889        0.02637017112376
C            4.60066358834344       -0.02681353255035        0.08185542426427
C            3.96199644798750        1.19600250752456        0.21827196589459
C            2.58582052793920        1.26283169633319        0.30294413197915
C           -1.85206583885152        0.02334393418503        0.06340038854778
C           -2.92579549842260       -0.41381186780180       -0.71207389945490
C           -4.21939431341470       -0.33243333592988       -0.22823164062230
C           -4.46520151500369        0.18818499641533        1.03132623858965
C           -3.40575981929171        0.62457874164423        1.81216327818052
C           -2.11315106330386        0.54113974695126        1.33429846761771
H           -0.48097381192686       -1.39173921675664       -2.08104862950052
H           -0.81255530525172        0.29478289383539       -2.49792434685214
H            0.84000963594749       -0.21638130185694       -2.10162432127040
H            1.87860655262149       -2.03775108418593        0.05746650757692
H            4.33597603654592       -2.14611283354116       -0.07733232546526
H            5.67813554895662       -0.07434612135049        0.02185596739561
H            4.54290657027657        2.10666211660843        0.26298238652183
H            2.08467908061162        2.21429425298510        0.40956800267205
H           -2.76052920685381       -0.83081324788642       -1.69346214484741
H           -5.04127846848380       -0.67766985461368       -0.83920097508562
H           -5.47746005144013        0.25318426052869        1.40322492139445
H           -3.59079712986143        1.03100411743204        2.79604757674592
H           -1.28004746468291        0.87741344232148        1.93210417898698
28
 energy: -39.514618542729 gnorm: 0.000086610307 xtb: 6.7.1 (edcfbbe)
C           -0.21382026771141       -0.36061593877496       -1.86555427084341
C           -0.46167685582595       -0.05362368837874       -0.41310804679271
N            0.45924447861869        0.16788534535583        0.42960946987927
C            1.81737322234848        0.09820148783031        0.23014249484605
C            2.46833338414385       -1.13128789426178        0.09261252209499
C            3.84685613075966       -1.18660580094631        0.02489653306785
C            4.60084077417375       -0.02592228328772        0.08216740077437
C            3.96206666667348        1.19668842061271        0.22002723137302
C            2.58588154020454        1.26334440138557        0.30438739764918
C           -1.85203355523916        0.02318905421194        0.06332146543833
C           -2.92611011754233       -0.41263276182408       -0.71247800501606
C           -4.21965067319947       -0.33081324218316       -0.22861651233844
C           -4.46513794934788        0.18890026903705        1.03138986512786
C           -3.40540774946410        0.62406842817424        1.81250896786052
C           -2.11283931657212        0.54025169332316        1.33458415586357
H           -0.48334443792217       -1.39430312762647       -2.07984256316179
H           -0.81158705230237        0.29243425624613       -2.49855067045339
H            0.83990806007960       -0.22143279093212       -2.10149991693202
H            1.87890161084895       -2.03695852631424        0.05398934946551
H            4.33624957881068       -2.14500021354924       -0.08003995418829
H            5.67834425899801       -0.07333688012838        0.02269602911744
H            4.54293851707097        2.10729271711605        0.26649702815233
H            2.08464912158484        2.21461493367221        0.41221160869571
H           -2.76113093928566       -0.82875266003131       -1.69427855498071
H           -5.04170387047100       -0.67516932100045       -0.83985130278261
H           -5.47731266842047        0.25386160798787        1.40350193649604
H           -3.59023081606666        1.02989511963168        2.79668470909190
H           -1.27960107494417        0.87582739445511        1.93259163259664
28
 energy: -39.514618690119 gnorm: 0.000087862741 xtb: 6.7.1 (edcfbbe)
C           -0.21396922153396       -0.36260184154448       -1.86530307276147
C           -0.46168214406639       -0.05406703106385       -0.41315126922447
N            0.45928758597157        0.16841379543229        0.42927811940657
C            1.81741585270979        0.09861276582926        0.22996583668274
C            2.46841111623733       -1.13072828055903        0.09121448294706
C            3.84695464899140       -1.18594333105452        0.02358465640999
C            4.60093157692204       -0.02532696921087        0.08226545768315
C            3.96211524287917        1.19713231222861        0.22134002657602
C            2.58592498649553        1.26368016576909        0.30556258652128
C           -1.85201121214568        0.02316110278856        0.06326400677752
C           -2.92627969139261       -0.41177325841226       -0.71279266052044
C           -4.21978863970296       -0.32979953647019       -0.22889862516760
C           -4.46511696990856        0.18916669454022        1.03145041826979
C           -3.40525347726107        0.62375996618641        1.81269584174112
C           -2.11270909388564        0.53980562889477        1.33472547476338
H           -0.48504981080032       -1.39600721828429       -2.07890666900112
H           -0.81060820024182        0.29093040439303       -2.49886689838787
H            0.83999106986649       -0.22513633230593       -2.10119378222944
H            1.87906266467135       -2.03640980748315        0.05174976122120
H            4.33636039543057       -2.14425070792153       -0.08208528361638
H            5.67843897942640       -0.07265494936578        0.02284729848213
H            4.54293937059261        2.10771337293093        0.26871308604268
H            2.08466283942864        2.21482895869770        0.41424061732774
H           -2.76149749716288       -0.82733896643109       -1.69485414284827
H           -5.04192812236116       -0.67350093631446       -0.84038935970409
H           -5.47727611116468        0.25423291650274        1.40358121576758
H           -3.58992987447284        1.02922091504525        2.79705178174690
H           -1.27939626352176        0.87488016698348        1.93291109519542
28
 energy: -39.514618786280 gnorm: 0.000063055067 xtb: 6.7.1 (edcfbbe)
C           -0.21392734306084       -0.36406296989127       -1.86497723183311
C           -0.46164146539759       -0.05440646804600       -0.41307073678466
N            0.45927933355536        0.16887635693090        0.42922485299705
C            1.81741952860980        0.09896805888422        0.22994797868164
C            2.46838908120894       -1.13028030077790        0.09027449134084
C            3.84693994271800       -1.18546612316247        0.02262263854776
C            4.60093605444539       -0.02491274230484        0.08214438487413
C            3.96214531760475        1.19745030408149        0.22219444135200
C            2.58596003794277        1.26395094143425        0.30651384506017
C           -1.85199751962462        0.02316333263324        0.06322444132808
C           -2.92635959566738       -0.41120913812898       -0.71302200869785
C           -4.21986793552133       -0.32910216709098       -0.22914322939855
C           -4.46514138256576        0.18945444838855        1.03138267419531
C           -3.40520024568599        0.62355967884243        1.81279327123395
C           -2.11266188083876        0.53950311653865        1.33482212742038
H           -0.48617866633358       -1.39723738129151       -2.07808630398021
H           -0.80965430820964        0.28982446672562       -2.49902574335239
H            0.84021125423278       -0.22793316699264       -2.10075787244718
H            1.87905367871277       -2.03594071639256        0.05015115469013
H            4.33630741127097       -2.14370057925268       -0.08392384519330
H            5.67843558607450       -0.07220644107726        0.02256945238909
H            4.54297583555380        2.10798850405156        0.27029283128624
H            2.08472197005839        2.21501784523978        0.41598416484710
H           -2.76171973663243       -0.82634518120678       -1.69528661428991
H           -5.04205008854472       -0.67236207038628       -0.84082731019999
H           -5.47728846709399        0.25442476925253        1.40355976537245
H           -3.58977944343849        1.02873194809224        2.79728698480371
H           -1.27930695337254        0.87425167470760        1.93313139585826
